[2025-03-03T15:44:54.510+0000][7][gc,init] CardTable entry size: 512
[2025-03-03T15:44:54.510+0000][7][gc     ] Using G1
[2025-03-03T15:44:55.684+0000][7][gc,init] Version: 22.0.2+9-70 (release)
[2025-03-03T15:44:55.686+0000][7][gc,init] CPUs: 16 total, 16 available
[2025-03-03T15:44:55.687+0000][7][gc,init] Memory: 16241M
[2025-03-03T15:44:55.690+0000][7][gc,init] Large Page Support: Disabled
[2025-03-03T15:44:55.691+0000][7][gc,init] NUMA Support: Disabled
[2025-03-03T15:44:55.692+0000][7][gc,init] Compressed Oops: Enabled (32-bit)
[2025-03-03T15:44:55.693+0000][7][gc,init] Heap Region Size: 4M
[2025-03-03T15:44:55.693+0000][7][gc,init] Heap Min Capacity: 2G
[2025-03-03T15:44:55.694+0000][7][gc,init] Heap Initial Capacity: 2G
[2025-03-03T15:44:55.695+0000][7][gc,init] Heap Max Capacity: 2G
[2025-03-03T15:44:55.695+0000][7][gc,init] Pre-touch: Enabled
[2025-03-03T15:44:55.696+0000][7][gc,init] Parallel Workers: 13
[2025-03-03T15:44:55.697+0000][7][gc,init] Concurrent Workers: 3
[2025-03-03T15:44:55.697+0000][7][gc,init] Concurrent Refinement Workers: 13
[2025-03-03T15:44:55.698+0000][7][gc,init] Periodic GC: Disabled
[2025-03-03T15:44:55.735+0000][7][gc,metaspace] CDS archive(s) mapped at: [0x00007f16de000000-0x00007f16dec78000-0x00007f16dec78000), size 13074432, SharedBaseAddress: 0x00007f16de000000, ArchiveRelocationMode: 1.
[2025-03-03T15:44:55.739+0000][7][gc,metaspace] Compressed class space mapped at: 0x00007f16df000000-0x00007f171f000000, reserved size: 1073741824
[2025-03-03T15:44:55.739+0000][7][gc,metaspace] Narrow klass base: 0x00007f16de000000, Narrow klass shift: 0, Narrow klass range: 0x100000000
[2025-03-03T15:44:56.919+0000][7][safepoint   ] Safepoint "ICBufferFull", Time since last: 1157475899 ns, Reaching safepoint: 5739 ns, Cleanup: 100874 ns, At safepoint: 10256 ns, Total: 116869 ns
[2025-03-03T15:44:58.117+0000][7][safepoint   ] Safepoint "ICBufferFull", Time since last: 1196536554 ns, Reaching safepoint: 1014966 ns, Cleanup: 165366 ns, At safepoint: 19991 ns, Total: 1200323 ns
[2025-03-03T15:44:59.119+0000][7][safepoint   ] Safepoint "Cleanup", Time since last: 1001863707 ns, Reaching safepoint: 3590 ns, Cleanup: 101520 ns, At safepoint: 6111 ns, Total: 111221 ns
[2025-03-03T15:45:00.215+0000][7][safepoint   ] Safepoint "Cleanup", Time since last: 1095825648 ns, Reaching safepoint: 6370 ns, Cleanup: 95440 ns, At safepoint: 41456 ns, Total: 143266 ns
[2025-03-03T15:45:00.726+0000][7][gc,start    ] GC(0) Pause Young (Normal) (G1 Evacuation Pause)
[2025-03-03T15:45:00.727+0000][7][gc,task     ] GC(0) Using 13 workers of 13 for evacuation
[2025-03-03T15:45:00.728+0000][7][gc,age      ] GC(0) Desired survivor size 8388608 bytes, new threshold 15 (max threshold 15)
[2025-03-03T15:45:00.749+0000][7][gc,phases   ] GC(0)   Pre Evacuate Collection Set: 0.59ms
[2025-03-03T15:45:00.749+0000][7][gc,phases   ] GC(0)   Merge Heap Roots: 0.36ms
[2025-03-03T15:45:00.749+0000][7][gc,phases   ] GC(0)   Evacuate Collection Set: 14.88ms
[2025-03-03T15:45:00.750+0000][7][gc,phases   ] GC(0)   Post Evacuate Collection Set: 5.12ms
[2025-03-03T15:45:00.750+0000][7][gc,phases   ] GC(0)   Other: 0.52ms
[2025-03-03T15:45:00.751+0000][7][gc,age      ] GC(0) Age table with threshold 15 (max threshold 15)
[2025-03-03T15:45:00.751+0000][7][gc,age      ] GC(0) - age   1:    7690944 bytes,    7690944 total
[2025-03-03T15:45:00.751+0000][7][gc,heap     ] GC(0) Eden regions: 25->0(23)
[2025-03-03T15:45:00.751+0000][7][gc,heap     ] GC(0) Survivor regions: 0->2(4)
[2025-03-03T15:45:00.751+0000][7][gc,heap     ] GC(0) Old regions: 1->1
[2025-03-03T15:45:00.752+0000][7][gc,heap     ] GC(0) Humongous regions: 0->0
[2025-03-03T15:45:00.752+0000][7][gc,metaspace] GC(0) Metaspace: 15954K(16320K)->15954K(16320K) NonClass: 14100K(14272K)->14100K(14272K) Class: 1854K(2048K)->1854K(2048K)
[2025-03-03T15:45:00.752+0000][7][gc          ] GC(0) Pause Young (Normal) (G1 Evacuation Pause) 101M->8M(2048M) 26.313ms
[2025-03-03T15:45:00.753+0000][7][gc,cpu      ] GC(0) User=0.06s Sys=0.00s Real=0.03s
[2025-03-03T15:45:00.753+0000][7][safepoint   ] Safepoint "G1CollectForAllocation", Time since last: 510948091 ns, Reaching safepoint: 6118 ns, Cleanup: 32598 ns, At safepoint: 27349418 ns, Total: 27388134 ns
[2025-03-03T15:45:01.701+0000][7][gc,start    ] GC(1) Pause Young (Normal) (G1 Evacuation Pause)
[2025-03-03T15:45:01.702+0000][7][gc,task     ] GC(1) Using 13 workers of 13 for evacuation
[2025-03-03T15:45:01.702+0000][7][gc,age      ] GC(1) Desired survivor size 8388608 bytes, new threshold 15 (max threshold 15)
[2025-03-03T15:45:01.724+0000][7][gc,phases   ] GC(1)   Pre Evacuate Collection Set: 0.60ms
[2025-03-03T15:45:01.725+0000][7][gc,phases   ] GC(1)   Merge Heap Roots: 0.15ms
[2025-03-03T15:45:01.725+0000][7][gc,phases   ] GC(1)   Evacuate Collection Set: 19.32ms
[2025-03-03T15:45:01.725+0000][7][gc,phases   ] GC(1)   Post Evacuate Collection Set: 1.87ms
[2025-03-03T15:45:01.725+0000][7][gc,phases   ] GC(1)   Other: 0.55ms
[2025-03-03T15:45:01.725+0000][7][gc,age      ] GC(1) Age table with threshold 15 (max threshold 15)
[2025-03-03T15:45:01.726+0000][7][gc,age      ] GC(1) - age   1:    3394536 bytes,    3394536 total
[2025-03-03T15:45:01.726+0000][7][gc,age      ] GC(1) - age   2:    7553288 bytes,   10947824 total
[2025-03-03T15:45:01.726+0000][7][gc,heap     ] GC(1) Eden regions: 23->0(28)
[2025-03-03T15:45:01.726+0000][7][gc,heap     ] GC(1) Survivor regions: 2->3(4)
[2025-03-03T15:45:01.726+0000][7][gc,heap     ] GC(1) Old regions: 1->1
[2025-03-03T15:45:01.726+0000][7][gc,heap     ] GC(1) Humongous regions: 0->0
[2025-03-03T15:45:01.727+0000][7][gc,metaspace] GC(1) Metaspace: 18084K(18496K)->18084K(18496K) NonClass: 15973K(16192K)->15973K(16192K) Class: 2111K(2304K)->2111K(2304K)
[2025-03-03T15:45:01.727+0000][7][gc          ] GC(1) Pause Young (Normal) (G1 Evacuation Pause) 100M->12M(2048M) 26.042ms
[2025-03-03T15:45:01.727+0000][7][gc,cpu      ] GC(1) User=0.07s Sys=0.00s Real=0.02s
[2025-03-03T15:45:01.727+0000][7][safepoint   ] Safepoint "G1CollectForAllocation", Time since last: 947701825 ns, Reaching safepoint: 8867 ns, Cleanup: 130843 ns, At safepoint: 26520921 ns, Total: 26660631 ns
[2025-03-03T15:45:02.348+0000][7][gc,start    ] GC(2) Pause Young (Normal) (G1 Evacuation Pause)
[2025-03-03T15:45:02.349+0000][7][gc,task     ] GC(2) Using 13 workers of 13 for evacuation
[2025-03-03T15:45:02.350+0000][7][gc,age      ] GC(2) Desired survivor size 8388608 bytes, new threshold 2 (max threshold 15)
[2025-03-03T15:45:02.362+0000][7][gc,phases   ] GC(2)   Pre Evacuate Collection Set: 0.32ms
[2025-03-03T15:45:02.362+0000][7][gc,phases   ] GC(2)   Merge Heap Roots: 0.11ms
[2025-03-03T15:45:02.362+0000][7][gc,phases   ] GC(2)   Evacuate Collection Set: 9.08ms
[2025-03-03T15:45:02.364+0000][7][gc,phases   ] GC(2)   Post Evacuate Collection Set: 2.36ms
[2025-03-03T15:45:02.364+0000][7][gc,phases   ] GC(2)   Other: 1.11ms
[2025-03-03T15:45:02.368+0000][7][gc,age      ] GC(2) Age table with threshold 2 (max threshold 15)
[2025-03-03T15:45:02.368+0000][7][gc,age      ] GC(2) - age   1:    2515352 bytes,    2515352 total
[2025-03-03T15:45:02.368+0000][7][gc,age      ] GC(2) - age   2:    1929520 bytes,    4444872 total
[2025-03-03T15:45:02.369+0000][7][gc,heap     ] GC(2) Eden regions: 28->0(305)
[2025-03-03T15:45:02.369+0000][7][gc,heap     ] GC(2) Survivor regions: 3->2(4)
[2025-03-03T15:45:02.369+0000][7][gc,heap     ] GC(2) Old regions: 1->3
[2025-03-03T15:45:02.369+0000][7][gc,heap     ] GC(2) Humongous regions: 0->0
[2025-03-03T15:45:02.369+0000][7][gc,metaspace] GC(2) Metaspace: 18748K(19200K)->18748K(19200K) NonClass: 16521K(16768K)->16521K(16768K) Class: 2226K(2432K)->2226K(2432K)
[2025-03-03T15:45:02.369+0000][7][gc          ] GC(2) Pause Young (Normal) (G1 Evacuation Pause) 124M->13M(2048M) 21.076ms
[2025-03-03T15:45:02.370+0000][7][gc,cpu      ] GC(2) User=0.04s Sys=0.01s Real=0.02s
[2025-03-03T15:45:02.370+0000][7][safepoint   ] Safepoint "G1CollectForAllocation", Time since last: 620905046 ns, Reaching safepoint: 7174 ns, Cleanup: 66285 ns, At safepoint: 21854980 ns, Total: 21928439 ns
[2025-03-03T15:45:03.373+0000][7][safepoint   ] Safepoint "Cleanup", Time since last: 1001301104 ns, Reaching safepoint: 1114326 ns, Cleanup: 57677 ns, At safepoint: 62819 ns, Total: 1234822 ns
[2025-03-03T15:45:04.032+0000][7][gc,start    ] GC(3) Pause Young (Concurrent Start) (Metadata GC Threshold)
[2025-03-03T15:45:04.033+0000][7][gc,task     ] GC(3) Using 13 workers of 13 for evacuation
[2025-03-03T15:45:04.033+0000][7][gc,age      ] GC(3) Desired survivor size 81788928 bytes, new threshold 15 (max threshold 15)
[2025-03-03T15:45:04.045+0000][7][gc,phases   ] GC(3)   Pre Evacuate Collection Set: 0.84ms
[2025-03-03T15:45:04.045+0000][7][gc,phases   ] GC(3)   Merge Heap Roots: 0.40ms
[2025-03-03T15:45:04.045+0000][7][gc,phases   ] GC(3)   Evacuate Collection Set: 8.42ms
[2025-03-03T15:45:04.045+0000][7][gc,phases   ] GC(3)   Post Evacuate Collection Set: 1.98ms
[2025-03-03T15:45:04.046+0000][7][gc,phases   ] GC(3)   Other: 0.58ms
[2025-03-03T15:45:04.046+0000][7][gc,age      ] GC(3) Age table with threshold 15 (max threshold 15)
[2025-03-03T15:45:04.046+0000][7][gc,age      ] GC(3) - age   1:    6089160 bytes,    6089160 total
[2025-03-03T15:45:04.046+0000][7][gc,age      ] GC(3) - age   2:    1901696 bytes,    7990856 total
[2025-03-03T15:45:04.047+0000][7][gc,age      ] GC(3) - age   3:    1925384 bytes,    9916240 total
[2025-03-03T15:45:04.047+0000][7][gc,heap     ] GC(3) Eden regions: 165->0(304)
[2025-03-03T15:45:04.047+0000][7][gc,heap     ] GC(3) Survivor regions: 2->3(39)
[2025-03-03T15:45:04.047+0000][7][gc,heap     ] GC(3) Old regions: 3->3
[2025-03-03T15:45:04.047+0000][7][gc,heap     ] GC(3) Humongous regions: 0->0
[2025-03-03T15:45:04.048+0000][7][gc,metaspace] GC(3) Metaspace: 20995K(21504K)->20995K(21504K) NonClass: 18441K(18752K)->18441K(18752K) Class: 2553K(2752K)->2553K(2752K)
[2025-03-03T15:45:04.048+0000][7][gc          ] GC(3) Pause Young (Concurrent Start) (Metadata GC Threshold) 671M->18M(2048M) 15.798ms
[2025-03-03T15:45:04.048+0000][7][gc,cpu      ] GC(3) User=0.02s Sys=0.00s Real=0.01s
[2025-03-03T15:45:04.052+0000][7][safepoint   ] Safepoint "CollectForMetadataAllocation", Time since last: 659400698 ns, Reaching safepoint: 5096 ns, Cleanup: 35692 ns, At safepoint: 19527774 ns, Total: 19568562 ns
[2025-03-03T15:45:04.052+0000][7][gc          ] GC(4) Concurrent Mark Cycle
[2025-03-03T15:45:04.055+0000][7][gc,marking  ] GC(4) Concurrent Scan Root Regions
[2025-03-03T15:45:04.062+0000][7][gc,marking  ] GC(4) Concurrent Scan Root Regions 6.310ms
[2025-03-03T15:45:04.062+0000][7][gc,marking  ] GC(4) Concurrent Mark
[2025-03-03T15:45:04.062+0000][7][gc,marking  ] GC(4) Concurrent Mark From Roots
[2025-03-03T15:45:04.062+0000][7][gc,task     ] GC(4) Using 3 workers of 3 for marking
[2025-03-03T15:45:04.078+0000][7][gc,marking  ] GC(4) Concurrent Mark From Roots 15.419ms
[2025-03-03T15:45:04.078+0000][7][gc,marking  ] GC(4) Concurrent Preclean
[2025-03-03T15:45:04.078+0000][7][gc,marking  ] GC(4) Concurrent Preclean 0.194ms
[2025-03-03T15:45:04.083+0000][7][gc,start    ] GC(4) Pause Remark
[2025-03-03T15:45:04.094+0000][7][gc          ] GC(4) Pause Remark 22M->22M(2048M) 11.351ms
[2025-03-03T15:45:04.094+0000][7][gc,cpu      ] GC(4) User=0.03s Sys=0.01s Real=0.01s
[2025-03-03T15:45:04.094+0000][7][safepoint   ] Safepoint "G1PauseRemark", Time since last: 29884946 ns, Reaching safepoint: 980204 ns, Cleanup: 10712 ns, At safepoint: 11892644 ns, Total: 12883560 ns
[2025-03-03T15:45:04.098+0000][7][gc,marking  ] GC(4) Concurrent Mark 35.626ms
[2025-03-03T15:45:04.098+0000][7][gc,marking  ] GC(4) Concurrent Rebuild Remembered Sets and Scrub Regions
[2025-03-03T15:45:04.103+0000][7][gc,marking  ] GC(4) Concurrent Rebuild Remembered Sets and Scrub Regions 5.286ms
[2025-03-03T15:45:04.105+0000][7][gc,start    ] GC(4) Pause Cleanup
[2025-03-03T15:45:04.105+0000][7][gc          ] GC(4) Pause Cleanup 22M->22M(2048M) 0.535ms
[2025-03-03T15:45:04.105+0000][7][gc,cpu      ] GC(4) User=0.00s Sys=0.00s Real=0.00s
[2025-03-03T15:45:04.106+0000][7][safepoint   ] Safepoint "G1PauseCleanup", Time since last: 9267683 ns, Reaching safepoint: 835005 ns, Cleanup: 5844 ns, At safepoint: 1049888 ns, Total: 1890737 ns
[2025-03-03T15:45:04.106+0000][7][gc,marking  ] GC(4) Concurrent Clear Claimed Marks
[2025-03-03T15:45:04.106+0000][7][gc,marking  ] GC(4) Concurrent Clear Claimed Marks 0.228ms
[2025-03-03T15:45:04.107+0000][7][gc,marking  ] GC(4) Concurrent Cleanup for Next Mark
[2025-03-03T15:45:04.109+0000][7][gc,marking  ] GC(4) Concurrent Cleanup for Next Mark 2.688ms
[2025-03-03T15:45:04.110+0000][7][gc          ] GC(4) Concurrent Mark Cycle 58.057ms
[2025-03-03T15:45:05.146+0000][7][safepoint   ] Safepoint "Cleanup", Time since last: 1031165356 ns, Reaching safepoint: 9142529 ns, Cleanup: 47897 ns, At safepoint: 50439 ns, Total: 9240865 ns
[2025-03-03T15:45:06.482+0000][7][safepoint   ] Safepoint "Cleanup", Time since last: 1336130789 ns, Reaching safepoint: 4130 ns, Cleanup: 114226 ns, At safepoint: 6433 ns, Total: 124789 ns
[2025-03-03T15:45:07.545+0000][7][safepoint   ] Safepoint "Cleanup", Time since last: 1061405000 ns, Reaching safepoint: 863058 ns, Cleanup: 75023 ns, At safepoint: 150626 ns, Total: 1088707 ns
[2025-03-03T15:45:08.551+0000][7][safepoint   ] Safepoint "Cleanup", Time since last: 1005056476 ns, Reaching safepoint: 652913 ns, Cleanup: 41788 ns, At safepoint: 12149 ns, Total: 706850 ns
[2025-03-03T15:45:09.557+0000][7][safepoint   ] Safepoint "Cleanup", Time since last: 1005990775 ns, Reaching safepoint: 7224 ns, Cleanup: 27552 ns, At safepoint: 11743 ns, Total: 46519 ns
[2025-03-03T15:45:10.560+0000][7][gc,start    ] GC(5) Pause Young (Prepare Mixed) (Metadata GC Threshold)
[2025-03-03T15:45:10.561+0000][7][gc,task     ] GC(5) Using 13 workers of 13 for evacuation
[2025-03-03T15:45:10.561+0000][7][gc,age      ] GC(5) Desired survivor size 81788928 bytes, new threshold 15 (max threshold 15)
[2025-03-03T15:45:10.640+0000][7][gc,phases   ] GC(5)   Pre Evacuate Collection Set: 0.45ms
[2025-03-03T15:45:10.640+0000][7][gc,phases   ] GC(5)   Merge Heap Roots: 0.33ms
[2025-03-03T15:45:10.642+0000][7][gc,phases   ] GC(5)   Evacuate Collection Set: 70.73ms
[2025-03-03T15:45:10.642+0000][7][gc,phases   ] GC(5)   Post Evacuate Collection Set: 6.56ms
[2025-03-03T15:45:10.642+0000][7][gc,phases   ] GC(5)   Other: 0.66ms
[2025-03-03T15:45:10.643+0000][7][gc,age      ] GC(5) Age table with threshold 15 (max threshold 15)
[2025-03-03T15:45:10.645+0000][7][gc,age      ] GC(5) - age   1:   28878680 bytes,   28878680 total
[2025-03-03T15:45:10.645+0000][7][gc,age      ] GC(5) - age   2:    5974640 bytes,   34853320 total
[2025-03-03T15:45:10.645+0000][7][gc,age      ] GC(5) - age   3:    1887080 bytes,   36740400 total
[2025-03-03T15:45:10.645+0000][7][gc,age      ] GC(5) - age   4:    1849584 bytes,   38589984 total
[2025-03-03T15:45:10.645+0000][7][gc,heap     ] GC(5) Eden regions: 173->0(222)
[2025-03-03T15:45:10.645+0000][7][gc,heap     ] GC(5) Survivor regions: 3->10(39)
[2025-03-03T15:45:10.645+0000][7][gc,heap     ] GC(5) Old regions: 3->3
[2025-03-03T15:45:10.645+0000][7][gc,heap     ] GC(5) Humongous regions: 0->0
[2025-03-03T15:45:10.645+0000][7][gc,metaspace] GC(5) Metaspace: 35298K(36288K)->35298K(36288K) NonClass: 30646K(31232K)->30646K(31232K) Class: 4651K(5056K)->4651K(5056K)
[2025-03-03T15:45:10.646+0000][7][gc          ] GC(5) Pause Young (Prepare Mixed) (Metadata GC Threshold) 710M->47M(2048M) 85.808ms
[2025-03-03T15:45:10.647+0000][7][gc,cpu      ] GC(5) User=0.15s Sys=0.00s Real=0.08s
[2025-03-03T15:45:10.647+0000][7][safepoint   ] Safepoint "CollectForMetadataAllocation", Time since last: 1001969530 ns, Reaching safepoint: 1142008 ns, Cleanup: 65169 ns, At safepoint: 87624369 ns, Total: 88831546 ns
[2025-03-03T15:45:10.682+0000][7][gc,start    ] GC(6) Pause Young (Mixed) (Metadata GC Threshold)
[2025-03-03T15:45:10.682+0000][7][gc,task     ] GC(6) Using 13 workers of 13 for evacuation
[2025-03-03T15:45:10.682+0000][7][gc,age      ] GC(6) Desired survivor size 60817408 bytes, new threshold 15 (max threshold 15)
[2025-03-03T15:45:10.713+0000][7][gc,phases   ] GC(6)   Pre Evacuate Collection Set: 0.35ms
[2025-03-03T15:45:10.713+0000][7][gc,phases   ] GC(6)   Merge Heap Roots: 0.18ms
[2025-03-03T15:45:10.714+0000][7][gc,phases   ] GC(6)   Evacuate Collection Set: 26.30ms
[2025-03-03T15:45:10.714+0000][7][gc,phases   ] GC(6)   Post Evacuate Collection Set: 3.39ms
[2025-03-03T15:45:10.714+0000][7][gc,phases   ] GC(6)   Other: 0.41ms
[2025-03-03T15:45:10.714+0000][7][gc,age      ] GC(6) Age table with threshold 15 (max threshold 15)
[2025-03-03T15:45:10.714+0000][7][gc,age      ] GC(6) - age   1:     143832 bytes,     143832 total
[2025-03-03T15:45:10.714+0000][7][gc,age      ] GC(6) - age   2:   28665408 bytes,   28809240 total
[2025-03-03T15:45:10.715+0000][7][gc,age      ] GC(6) - age   3:    5974608 bytes,   34783848 total
[2025-03-03T15:45:10.716+0000][7][gc,age      ] GC(6) - age   4:    1887080 bytes,   36670928 total
[2025-03-03T15:45:10.716+0000][7][gc,age      ] GC(6) - age   5:    1849584 bytes,   38520512 total
[2025-03-03T15:45:10.717+0000][7][gc,heap     ] GC(6) Eden regions: 2->0(44)
[2025-03-03T15:45:10.717+0000][7][gc,heap     ] GC(6) Survivor regions: 10->11(29)
[2025-03-03T15:45:10.717+0000][7][gc,heap     ] GC(6) Old regions: 3->3
[2025-03-03T15:45:10.717+0000][7][gc,heap     ] GC(6) Humongous regions: 0->0
[2025-03-03T15:45:10.717+0000][7][gc,metaspace] GC(6) Metaspace: 35595K(36608K)->35595K(36608K) NonClass: 30904K(31488K)->30904K(31488K) Class: 4690K(5120K)->4690K(5120K)
[2025-03-03T15:45:10.717+0000][7][gc          ] GC(6) Pause Young (Mixed) (Metadata GC Threshold) 53M->49M(2048M) 35.546ms
[2025-03-03T15:45:10.718+0000][7][gc,cpu      ] GC(6) User=0.12s Sys=0.01s Real=0.03s
[2025-03-03T15:45:10.718+0000][7][safepoint   ] Safepoint "CollectForMetadataAllocation", Time since last: 34414447 ns, Reaching safepoint: 6633 ns, Cleanup: 21085 ns, At safepoint: 36358423 ns, Total: 36386141 ns
[2025-03-03T15:45:10.751+0000][7][gc,start    ] GC(7) Pause Young (Concurrent Start) (Metadata GC Threshold)
[2025-03-03T15:45:10.751+0000][7][gc,task     ] GC(7) Using 13 workers of 13 for evacuation
[2025-03-03T15:45:10.751+0000][7][gc,age      ] GC(7) Desired survivor size 14680064 bytes, new threshold 2 (max threshold 15)
[2025-03-03T15:45:10.781+0000][7][gc,phases   ] GC(7)   Pre Evacuate Collection Set: 0.39ms
[2025-03-03T15:45:10.781+0000][7][gc,phases   ] GC(7)   Merge Heap Roots: 0.33ms
[2025-03-03T15:45:10.781+0000][7][gc,phases   ] GC(7)   Evacuate Collection Set: 25.50ms
[2025-03-03T15:45:10.781+0000][7][gc,phases   ] GC(7)   Post Evacuate Collection Set: 2.30ms
[2025-03-03T15:45:10.781+0000][7][gc,phases   ] GC(7)   Other: 0.94ms
[2025-03-03T15:45:10.782+0000][7][gc,age      ] GC(7) Age table with threshold 2 (max threshold 15)
[2025-03-03T15:45:10.782+0000][7][gc,age      ] GC(7) - age   1:     161464 bytes,     161464 total
[2025-03-03T15:45:10.782+0000][7][gc,age      ] GC(7) - age   2:      53312 bytes,     214776 total
[2025-03-03T15:45:10.782+0000][7][gc,heap     ] GC(7) Eden regions: 1->0(305)
[2025-03-03T15:45:10.782+0000][7][gc,heap     ] GC(7) Survivor regions: 11->2(7)
[2025-03-03T15:45:10.783+0000][7][gc,heap     ] GC(7) Old regions: 3->12
[2025-03-03T15:45:10.783+0000][7][gc,heap     ] GC(7) Humongous regions: 0->0
[2025-03-03T15:45:10.783+0000][7][gc,metaspace] GC(7) Metaspace: 35921K(36928K)->35921K(36928K) NonClass: 31203K(31808K)->31203K(31808K) Class: 4717K(5120K)->4717K(5120K)
[2025-03-03T15:45:10.783+0000][7][gc          ] GC(7) Pause Young (Concurrent Start) (Metadata GC Threshold) 53M->52M(2048M) 32.430ms
[2025-03-03T15:45:10.783+0000][7][gc,cpu      ] GC(7) User=0.10s Sys=0.02s Real=0.03s
[2025-03-03T15:45:10.783+0000][7][gc          ] GC(8) Concurrent Mark Cycle
[2025-03-03T15:45:10.784+0000][7][safepoint   ] Safepoint "CollectForMetadataAllocation", Time since last: 32474049 ns, Reaching safepoint: 5435 ns, Cleanup: 16752 ns, At safepoint: 33236676 ns, Total: 33258863 ns
[2025-03-03T15:45:10.784+0000][7][gc,marking  ] GC(8) Concurrent Scan Root Regions
[2025-03-03T15:45:10.814+0000][7][safepoint   ] Safepoint "CollectForMetadataAllocation", Time since last: 30031696 ns, Reaching safepoint: 5822 ns, Cleanup: 3096 ns, At safepoint: 176367 ns, Total: 185285 ns
[2025-03-03T15:45:10.821+0000][7][gc,marking  ] GC(8) Concurrent Scan Root Regions 37.175ms
[2025-03-03T15:45:10.825+0000][7][gc,marking  ] GC(8) Concurrent Mark
[2025-03-03T15:45:10.829+0000][7][gc,marking  ] GC(8) Concurrent Mark From Roots
[2025-03-03T15:45:10.830+0000][7][gc,task     ] GC(8) Using 3 workers of 3 for marking
[2025-03-03T15:45:10.850+0000][7][gc,marking  ] GC(8) Concurrent Mark From Roots 20.925ms
[2025-03-03T15:45:10.850+0000][7][gc,marking  ] GC(8) Concurrent Preclean
[2025-03-03T15:45:10.851+0000][7][gc,marking  ] GC(8) Concurrent Preclean 0.439ms
[2025-03-03T15:45:10.855+0000][7][gc,start    ] GC(8) Pause Remark
[2025-03-03T15:45:10.869+0000][7][gc          ] GC(8) Pause Remark 56M->56M(2048M) 14.285ms
[2025-03-03T15:45:10.869+0000][7][gc,cpu      ] GC(8) User=0.01s Sys=0.01s Real=0.02s
[2025-03-03T15:45:10.875+0000][7][safepoint   ] Safepoint "G1PauseRemark", Time since last: 37520228 ns, Reaching safepoint: 2986233 ns, Cleanup: 28198 ns, At safepoint: 20284434 ns, Total: 23298865 ns
[2025-03-03T15:45:10.879+0000][7][gc,marking  ] GC(8) Concurrent Mark 54.147ms
[2025-03-03T15:45:10.883+0000][7][gc,marking  ] GC(8) Concurrent Rebuild Remembered Sets and Scrub Regions
[2025-03-03T15:45:10.901+0000][7][gc,marking  ] GC(8) Concurrent Rebuild Remembered Sets and Scrub Regions 17.341ms
[2025-03-03T15:45:10.908+0000][7][gc,start    ] GC(8) Pause Cleanup
[2025-03-03T15:45:10.908+0000][7][gc          ] GC(8) Pause Cleanup 60M->60M(2048M) 0.235ms
[2025-03-03T15:45:10.908+0000][7][gc,cpu      ] GC(8) User=0.00s Sys=0.00s Real=0.00s
[2025-03-03T15:45:10.908+0000][7][safepoint   ] Safepoint "G1PauseCleanup", Time since last: 25908577 ns, Reaching safepoint: 6725599 ns, Cleanup: 29427 ns, At safepoint: 566269 ns, Total: 7321295 ns
[2025-03-03T15:45:10.908+0000][7][gc,marking  ] GC(8) Concurrent Clear Claimed Marks
[2025-03-03T15:45:10.909+0000][7][gc,marking  ] GC(8) Concurrent Clear Claimed Marks 0.175ms
[2025-03-03T15:45:10.913+0000][7][gc,marking  ] GC(8) Concurrent Cleanup for Next Mark
[2025-03-03T15:45:10.919+0000][7][gc,marking  ] GC(8) Concurrent Cleanup for Next Mark 6.885ms
[2025-03-03T15:45:10.920+0000][7][gc          ] GC(8) Concurrent Mark Cycle 136.286ms
[2025-03-03T15:45:12.732+0000][7][safepoint   ] Safepoint "Cleanup", Time since last: 1822431934 ns, Reaching safepoint: 1077884 ns, Cleanup: 95611 ns, At safepoint: 56324 ns, Total: 1229819 ns
[2025-03-03T15:45:14.025+0000][7][safepoint   ] Safepoint "Cleanup", Time since last: 1291652605 ns, Reaching safepoint: 981131 ns, Cleanup: 198601 ns, At safepoint: 66535 ns, Total: 1246267 ns
[2025-03-03T15:45:15.029+0000][7][safepoint   ] Safepoint "Cleanup", Time since last: 1003261041 ns, Reaching safepoint: 1069395 ns, Cleanup: 25802 ns, At safepoint: 18517 ns, Total: 1113714 ns
[2025-03-03T15:45:16.061+0000][7][safepoint   ] Safepoint "Cleanup", Time since last: 1032144099 ns, Reaching safepoint: 3978 ns, Cleanup: 156636 ns, At safepoint: 7130 ns, Total: 167744 ns
[2025-03-03T15:45:17.096+0000][7][safepoint   ] Safepoint "Cleanup", Time since last: 1033098988 ns, Reaching safepoint: 983401 ns, Cleanup: 41555 ns, At safepoint: 80567 ns, Total: 1105523 ns
[2025-03-03T15:45:17.904+0000][7][gc,start    ] GC(9) Pause Young (Concurrent Start) (Metadata GC Threshold)
[2025-03-03T15:45:17.908+0000][7][gc,task     ] GC(9) Using 13 workers of 13 for evacuation
[2025-03-03T15:45:17.908+0000][7][gc,age      ] GC(9) Desired survivor size 81788928 bytes, new threshold 15 (max threshold 15)
[2025-03-03T15:45:17.922+0000][7][gc,phases   ] GC(9)   Pre Evacuate Collection Set: 0.70ms
[2025-03-03T15:45:17.922+0000][7][gc,phases   ] GC(9)   Merge Heap Roots: 0.52ms
[2025-03-03T15:45:17.922+0000][7][gc,phases   ] GC(9)   Evacuate Collection Set: 7.69ms
[2025-03-03T15:45:17.922+0000][7][gc,phases   ] GC(9)   Post Evacuate Collection Set: 3.87ms
[2025-03-03T15:45:17.922+0000][7][gc,phases   ] GC(9)   Other: 1.26ms
[2025-03-03T15:45:17.923+0000][7][gc,age      ] GC(9) Age table with threshold 15 (max threshold 15)
[2025-03-03T15:45:17.923+0000][7][gc,age      ] GC(9) - age   1:   12651056 bytes,   12651056 total
[2025-03-03T15:45:17.923+0000][7][gc,age      ] GC(9) - age   2:      76696 bytes,   12727752 total
[2025-03-03T15:45:17.924+0000][7][gc,age      ] GC(9) - age   3:      52968 bytes,   12780720 total
[2025-03-03T15:45:17.924+0000][7][gc,heap     ] GC(9) Eden regions: 119->0(303)
[2025-03-03T15:45:17.924+0000][7][gc,heap     ] GC(9) Survivor regions: 2->4(39)
[2025-03-03T15:45:17.924+0000][7][gc,heap     ] GC(9) Old regions: 12->12
[2025-03-03T15:45:17.924+0000][7][gc,heap     ] GC(9) Humongous regions: 0->0
[2025-03-03T15:45:17.925+0000][7][gc,metaspace] GC(9) Metaspace: 61023K(62336K)->61023K(62336K) NonClass: 52642K(53440K)->52642K(53440K) Class: 8381K(8896K)->8381K(8896K)
[2025-03-03T15:45:17.925+0000][7][gc          ] GC(9) Pause Young (Concurrent Start) (Metadata GC Threshold) 528M->61M(2048M) 20.505ms
[2025-03-03T15:45:17.925+0000][7][gc,cpu      ] GC(9) User=0.05s Sys=0.02s Real=0.02s
[2025-03-03T15:45:17.925+0000][7][gc          ] GC(10) Concurrent Mark Cycle
[2025-03-03T15:45:17.926+0000][7][gc,marking  ] GC(10) Concurrent Scan Root Regions
[2025-03-03T15:45:17.926+0000][7][safepoint   ] Safepoint "CollectForMetadataAllocation", Time since last: 808559078 ns, Reaching safepoint: 5214 ns, Cleanup: 70852 ns, At safepoint: 21549701 ns, Total: 21625767 ns
[2025-03-03T15:45:17.932+0000][7][gc,marking  ] GC(10) Concurrent Scan Root Regions 6.411ms
[2025-03-03T15:45:17.932+0000][7][gc,marking  ] GC(10) Concurrent Mark
[2025-03-03T15:45:17.933+0000][7][gc,marking  ] GC(10) Concurrent Mark From Roots
[2025-03-03T15:45:17.933+0000][7][gc,task     ] GC(10) Using 3 workers of 3 for marking
[2025-03-03T15:45:17.972+0000][7][safepoint   ] Safepoint "CollectForMetadataAllocation", Time since last: 45588850 ns, Reaching safepoint: 318197 ns, Cleanup: 4254 ns, At safepoint: 256419 ns, Total: 578870 ns
[2025-03-03T15:45:17.972+0000][7][gc,marking  ] GC(10) Concurrent Mark From Roots 39.485ms
[2025-03-03T15:45:17.973+0000][7][gc,marking  ] GC(10) Concurrent Preclean
[2025-03-03T15:45:17.973+0000][7][gc,marking  ] GC(10) Concurrent Preclean 0.419ms
[2025-03-03T15:45:17.975+0000][7][gc,start    ] GC(10) Pause Remark
[2025-03-03T15:45:17.984+0000][7][gc          ] GC(10) Pause Remark 69M->69M(2048M) 9.620ms
[2025-03-03T15:45:17.985+0000][7][gc,cpu      ] GC(10) User=0.02s Sys=0.01s Real=0.01s
[2025-03-03T15:45:17.986+0000][7][safepoint   ] Safepoint "G1PauseRemark", Time since last: 1351055 ns, Reaching safepoint: 1303283 ns, Cleanup: 5268 ns, At safepoint: 11104308 ns, Total: 12412859 ns
[2025-03-03T15:45:17.987+0000][7][gc,marking  ] GC(10) Concurrent Mark 54.627ms
[2025-03-03T15:45:17.987+0000][7][gc,marking  ] GC(10) Concurrent Rebuild Remembered Sets and Scrub Regions
[2025-03-03T15:45:18.004+0000][7][gc,marking  ] GC(10) Concurrent Rebuild Remembered Sets and Scrub Regions 17.052ms
[2025-03-03T15:45:18.005+0000][7][gc,start    ] GC(10) Pause Cleanup
[2025-03-03T15:45:18.006+0000][7][gc          ] GC(10) Pause Cleanup 69M->69M(2048M) 0.852ms
[2025-03-03T15:45:18.006+0000][7][gc,cpu      ] GC(10) User=0.00s Sys=0.00s Real=0.00s
[2025-03-03T15:45:18.006+0000][7][safepoint   ] Safepoint "G1PauseCleanup", Time since last: 19077769 ns, Reaching safepoint: 7631 ns, Cleanup: 10065 ns, At safepoint: 1386297 ns, Total: 1403993 ns
[2025-03-03T15:45:18.007+0000][7][gc,marking  ] GC(10) Concurrent Clear Claimed Marks
[2025-03-03T15:45:18.007+0000][7][gc,marking  ] GC(10) Concurrent Clear Claimed Marks 0.370ms
[2025-03-03T15:45:18.008+0000][7][gc,marking  ] GC(10) Concurrent Cleanup for Next Mark
[2025-03-03T15:45:18.010+0000][7][gc,marking  ] GC(10) Concurrent Cleanup for Next Mark 1.959ms
[2025-03-03T15:45:18.010+0000][7][gc          ] GC(10) Concurrent Mark Cycle 84.843ms
[2025-03-03T15:45:19.008+0000][7][safepoint   ] Safepoint "Cleanup", Time since last: 1001401687 ns, Reaching safepoint: 1077063 ns, Cleanup: 24458 ns, At safepoint: 19059 ns, Total: 1120580 ns
[2025-03-03T15:45:20.150+0000][7][safepoint   ] Safepoint "ICBufferFull", Time since last: 1141925345 ns, Reaching safepoint: 6390 ns, Cleanup: 118671 ns, At safepoint: 32872 ns, Total: 157933 ns
[2025-03-03T15:45:21.392+0000][7][safepoint   ] Safepoint "Cleanup", Time since last: 1239852575 ns, Reaching safepoint: 944578 ns, Cleanup: 324841 ns, At safepoint: 258133 ns, Total: 1527552 ns
[2025-03-03T15:45:22.426+0000][7][safepoint   ] Safepoint "Cleanup", Time since last: 1033842369 ns, Reaching safepoint: 4896 ns, Cleanup: 108053 ns, At safepoint: 39840 ns, Total: 152789 ns
[2025-03-03T15:45:23.535+0000][7][safepoint   ] Safepoint "Cleanup", Time since last: 1109315807 ns, Reaching safepoint: 14038 ns, Cleanup: 72327 ns, At safepoint: 12893 ns, Total: 99258 ns
[2025-03-03T15:45:24.538+0000][7][safepoint   ] Safepoint "Cleanup", Time since last: 1001662400 ns, Reaching safepoint: 1309817 ns, Cleanup: 101692 ns, At safepoint: 44052 ns, Total: 1455561 ns
[2025-03-03T15:45:25.539+0000][7][safepoint   ] Safepoint "Cleanup", Time since last: 1000892727 ns, Reaching safepoint: 13356 ns, Cleanup: 36963 ns, At safepoint: 9114 ns, Total: 59433 ns
[2025-03-03T15:45:27.127+0000][7][safepoint   ] Safepoint "Cleanup", Time since last: 1587848193 ns, Reaching safepoint: 9341 ns, Cleanup: 28522 ns, At safepoint: 6834 ns, Total: 44697 ns
[2025-03-03T15:45:28.129+0000][7][safepoint   ] Safepoint "Cleanup", Time since last: 1001337780 ns, Reaching safepoint: 548767 ns, Cleanup: 15877 ns, At safepoint: 74363 ns, Total: 639007 ns
[2025-03-03T15:45:29.130+0000][7][safepoint   ] Safepoint "Cleanup", Time since last: 1000984095 ns, Reaching safepoint: 14259 ns, Cleanup: 32345 ns, At safepoint: 12010 ns, Total: 58614 ns
[2025-03-03T15:45:30.131+0000][7][safepoint   ] Safepoint "Cleanup", Time since last: 1001157572 ns, Reaching safepoint: 14134 ns, Cleanup: 35730 ns, At safepoint: 11774 ns, Total: 61638 ns
[2025-03-03T15:45:31.731+0000][7][safepoint   ] Safepoint "Cleanup", Time since last: 1599676082 ns, Reaching safepoint: 15231 ns, Cleanup: 105822 ns, At safepoint: 33989 ns, Total: 155042 ns
[2025-03-03T15:45:32.732+0000][7][safepoint   ] Safepoint "Cleanup", Time since last: 1000801083 ns, Reaching safepoint: 14836 ns, Cleanup: 24389 ns, At safepoint: 8642 ns, Total: 47867 ns
[2025-03-03T15:45:33.734+0000][7][safepoint   ] Safepoint "Cleanup", Time since last: 1002041044 ns, Reaching safepoint: 15638 ns, Cleanup: 39497 ns, At safepoint: 70621 ns, Total: 125756 ns
[2025-03-03T15:45:34.735+0000][7][safepoint   ] Safepoint "Cleanup", Time since last: 1000945913 ns, Reaching safepoint: 14444 ns, Cleanup: 18037 ns, At safepoint: 9014 ns, Total: 41495 ns
[2025-03-03T15:45:35.736+0000][7][safepoint   ] Safepoint "Cleanup", Time since last: 1001027732 ns, Reaching safepoint: 14437 ns, Cleanup: 24770 ns, At safepoint: 9339 ns, Total: 48546 ns
[2025-03-03T15:45:36.738+0000][7][safepoint   ] Safepoint "Cleanup", Time since last: 1001997442 ns, Reaching safepoint: 15939 ns, Cleanup: 27379 ns, At safepoint: 9675 ns, Total: 52993 ns
[2025-03-03T15:45:37.750+0000][7][safepoint   ] Safepoint "Cleanup", Time since last: 1011827040 ns, Reaching safepoint: 32534 ns, Cleanup: 15659 ns, At safepoint: 7323 ns, Total: 55516 ns
[2025-03-03T15:45:38.751+0000][7][safepoint   ] Safepoint "Cleanup", Time since last: 1000896958 ns, Reaching safepoint: 10965 ns, Cleanup: 24447 ns, At safepoint: 6175 ns, Total: 41587 ns
[2025-03-03T15:45:40.766+0000][7][safepoint   ] Safepoint "Cleanup", Time since last: 2015053446 ns, Reaching safepoint: 12716 ns, Cleanup: 10413 ns, At safepoint: 9628 ns, Total: 32757 ns
[2025-03-03T15:45:41.767+0000][7][safepoint   ] Safepoint "Cleanup", Time since last: 1000845049 ns, Reaching safepoint: 10992 ns, Cleanup: 10142 ns, At safepoint: 6285 ns, Total: 27419 ns
[2025-03-03T15:45:43.769+0000][7][safepoint   ] Safepoint "Cleanup", Time since last: 2001847811 ns, Reaching safepoint: 9361 ns, Cleanup: 9273 ns, At safepoint: 7426 ns, Total: 26060 ns
[2025-03-03T15:45:44.770+0000][7][safepoint   ] Safepoint "Cleanup", Time since last: 1001183143 ns, Reaching safepoint: 12439 ns, Cleanup: 16430 ns, At safepoint: 12166 ns, Total: 41035 ns
[2025-03-03T15:45:46.772+0000][7][safepoint   ] Safepoint "Cleanup", Time since last: 2002035778 ns, Reaching safepoint: 13016 ns, Cleanup: 29291 ns, At safepoint: 11800 ns, Total: 54107 ns
[2025-03-03T15:45:48.772+0000][7][safepoint   ] Safepoint "Cleanup", Time since last: 2002810752 ns, Reaching safepoint: 10105 ns, Cleanup: 14442 ns, At safepoint: 6914 ns, Total: 31461 ns
[2025-03-03T15:45:49.773+0000][7][safepoint   ] Safepoint "Cleanup", Time since last: 1000878437 ns, Reaching safepoint: 10043 ns, Cleanup: 19508 ns, At safepoint: 8299 ns, Total: 37850 ns
[2025-03-03T15:45:50.774+0000][7][safepoint   ] Safepoint "Cleanup", Time since last: 1001094739 ns, Reaching safepoint: 13078 ns, Cleanup: 21727 ns, At safepoint: 11677 ns, Total: 46482 ns
[2025-03-03T15:45:51.775+0000][7][safepoint   ] Safepoint "Cleanup", Time since last: 1001129287 ns, Reaching safepoint: 18128 ns, Cleanup: 20528 ns, At safepoint: 16653 ns, Total: 55309 ns
[2025-03-03T15:45:52.777+0000][7][safepoint   ] Safepoint "Cleanup", Time since last: 1001943635 ns, Reaching safepoint: 53909 ns, Cleanup: 22836 ns, At safepoint: 15663 ns, Total: 92408 ns
[2025-03-03T15:45:53.779+0000][7][safepoint   ] Safepoint "Cleanup", Time since last: 1001553542 ns, Reaching safepoint: 11197 ns, Cleanup: 16417 ns, At safepoint: 8731 ns, Total: 36345 ns
[2025-03-03T15:45:55.575+0000][7][safepoint   ] Safepoint "Cleanup", Time since last: 1795912665 ns, Reaching safepoint: 8782 ns, Cleanup: 41246 ns, At safepoint: 7483 ns, Total: 57511 ns
[2025-03-03T15:45:56.576+0000][7][safepoint   ] Safepoint "Cleanup", Time since last: 1001062767 ns, Reaching safepoint: 10059 ns, Cleanup: 24774 ns, At safepoint: 7492 ns, Total: 42325 ns
[2025-03-03T15:45:58.578+0000][7][safepoint   ] Safepoint "Cleanup", Time since last: 2002181938 ns, Reaching safepoint: 17367 ns, Cleanup: 24827 ns, At safepoint: 17042 ns, Total: 59236 ns
[2025-03-03T15:46:03.584+0000][7][safepoint   ] Safepoint "Cleanup", Time since last: 5005820063 ns, Reaching safepoint: 10716 ns, Cleanup: 14871 ns, At safepoint: 6724 ns, Total: 32311 ns
[2025-03-03T15:46:06.587+0000][7][safepoint   ] Safepoint "Cleanup", Time since last: 3002871092 ns, Reaching safepoint: 15675 ns, Cleanup: 18025 ns, At safepoint: 10783 ns, Total: 44483 ns
[2025-03-03T15:46:07.588+0000][7][safepoint   ] Safepoint "Cleanup", Time since last: 1001021017 ns, Reaching safepoint: 10735 ns, Cleanup: 15020 ns, At safepoint: 7204 ns, Total: 32959 ns
[2025-03-03T15:46:08.589+0000][7][safepoint   ] Safepoint "Cleanup", Time since last: 1000828118 ns, Reaching safepoint: 31839 ns, Cleanup: 14975 ns, At safepoint: 6975 ns, Total: 53789 ns
[2025-03-03T15:46:11.593+0000][7][safepoint   ] Safepoint "Cleanup", Time since last: 3002957581 ns, Reaching safepoint: 1096697 ns, Cleanup: 9848 ns, At safepoint: 108982 ns, Total: 1215527 ns
[2025-03-03T15:46:12.595+0000][7][safepoint   ] Safepoint "Cleanup", Time since last: 1001827617 ns, Reaching safepoint: 20173 ns, Cleanup: 14313 ns, At safepoint: 9477 ns, Total: 43963 ns
[2025-03-03T15:46:13.602+0000][7][safepoint   ] Safepoint "Cleanup", Time since last: 1007385093 ns, Reaching safepoint: 12518 ns, Cleanup: 12876 ns, At safepoint: 9396 ns, Total: 34790 ns
[2025-03-03T15:46:16.612+0000][7][safepoint   ] Safepoint "Cleanup", Time since last: 3009495598 ns, Reaching safepoint: 24492 ns, Cleanup: 24687 ns, At safepoint: 18704 ns, Total: 67883 ns
[2025-03-03T15:46:18.615+0000][7][safepoint   ] Safepoint "Cleanup", Time since last: 2003944687 ns, Reaching safepoint: 14329 ns, Cleanup: 18958 ns, At safepoint: 11744 ns, Total: 45031 ns
[2025-03-03T15:46:20.618+0000][7][safepoint   ] Safepoint "Cleanup", Time since last: 2001988844 ns, Reaching safepoint: 9254 ns, Cleanup: 10310 ns, At safepoint: 6678 ns, Total: 26242 ns
[2025-03-03T15:46:22.620+0000][7][safepoint   ] Safepoint "Cleanup", Time since last: 2001990925 ns, Reaching safepoint: 8845 ns, Cleanup: 9473 ns, At safepoint: 6388 ns, Total: 24706 ns
[2025-03-03T15:46:25.623+0000][7][safepoint   ] Safepoint "Cleanup", Time since last: 3003158857 ns, Reaching safepoint: 22145 ns, Cleanup: 7829 ns, At safepoint: 5629 ns, Total: 35603 ns
[2025-03-03T15:46:26.623+0000][7][safepoint   ] Safepoint "Cleanup", Time since last: 1000676870 ns, Reaching safepoint: 7537 ns, Cleanup: 7608 ns, At safepoint: 5820 ns, Total: 20965 ns
[2025-03-03T15:46:28.626+0000][7][safepoint   ] Safepoint "Cleanup", Time since last: 2002236658 ns, Reaching safepoint: 23956 ns, Cleanup: 8898 ns, At safepoint: 6278 ns, Total: 39132 ns
[2025-03-03T15:46:29.627+0000][7][safepoint   ] Safepoint "Cleanup", Time since last: 1000891699 ns, Reaching safepoint: 9966 ns, Cleanup: 14916 ns, At safepoint: 8520 ns, Total: 33402 ns
[2025-03-03T15:46:36.635+0000][7][safepoint   ] Safepoint "Cleanup", Time since last: 7007965217 ns, Reaching safepoint: 24434 ns, Cleanup: 108349 ns, At safepoint: 23461 ns, Total: 156244 ns
[2025-03-03T15:46:42.643+0000][7][safepoint   ] Safepoint "Cleanup", Time since last: 6007829951 ns, Reaching safepoint: 33195 ns, Cleanup: 13661 ns, At safepoint: 6794 ns, Total: 53650 ns
[2025-03-03T15:46:43.643+0000][7][safepoint   ] Safepoint "Cleanup", Time since last: 1000782107 ns, Reaching safepoint: 9612 ns, Cleanup: 14543 ns, At safepoint: 6806 ns, Total: 30961 ns
[2025-03-03T15:46:44.644+0000][7][safepoint   ] Safepoint "Cleanup", Time since last: 1001003659 ns, Reaching safepoint: 11370 ns, Cleanup: 11851 ns, At safepoint: 8293 ns, Total: 31514 ns
[2025-03-03T15:46:45.646+0000][7][safepoint   ] Safepoint "Cleanup", Time since last: 1001320334 ns, Reaching safepoint: 18533 ns, Cleanup: 20732 ns, At safepoint: 11069 ns, Total: 50334 ns
[2025-03-03T15:46:46.648+0000][7][safepoint   ] Safepoint "Cleanup", Time since last: 1001698471 ns, Reaching safepoint: 21297 ns, Cleanup: 17442 ns, At safepoint: 9196 ns, Total: 47935 ns
[2025-03-03T15:46:47.649+0000][7][safepoint   ] Safepoint "Cleanup", Time since last: 1000953984 ns, Reaching safepoint: 37367 ns, Cleanup: 181328 ns, At safepoint: 41165 ns, Total: 259860 ns
[2025-03-03T15:46:48.652+0000][7][safepoint   ] Safepoint "Cleanup", Time since last: 1002997494 ns, Reaching safepoint: 21870 ns, Cleanup: 41304 ns, At safepoint: 24052 ns, Total: 87226 ns
[2025-03-03T15:46:50.656+0000][7][safepoint   ] Safepoint "Cleanup", Time since last: 2003657913 ns, Reaching safepoint: 23144 ns, Cleanup: 21201 ns, At safepoint: 7431 ns, Total: 51776 ns
[2025-03-03T15:46:51.657+0000][7][safepoint   ] Safepoint "Cleanup", Time since last: 1000931151 ns, Reaching safepoint: 12707 ns, Cleanup: 21708 ns, At safepoint: 7406 ns, Total: 41821 ns
[2025-03-03T15:46:52.659+0000][7][safepoint   ] Safepoint "Cleanup", Time since last: 1001090986 ns, Reaching safepoint: 883410 ns, Cleanup: 13463 ns, At safepoint: 44944 ns, Total: 941817 ns
[2025-03-03T15:46:56.592+0000][7][safepoint   ] Safepoint "Cleanup", Time since last: 3932863511 ns, Reaching safepoint: 13333 ns, Cleanup: 12795 ns, At safepoint: 6738 ns, Total: 32866 ns
[2025-03-03T15:47:00.230+0000][7][safepoint   ] Safepoint "Cleanup", Time since last: 3638334191 ns, Reaching safepoint: 4578 ns, Cleanup: 18392 ns, At safepoint: 3711 ns, Total: 26681 ns
[2025-03-03T15:47:01.298+0000][7][safepoint   ] Safepoint "Cleanup", Time since last: 1067782988 ns, Reaching safepoint: 10346 ns, Cleanup: 47024 ns, At safepoint: 6496 ns, Total: 63866 ns
[2025-03-03T15:47:02.299+0000][7][safepoint   ] Safepoint "Cleanup", Time since last: 1000680674 ns, Reaching safepoint: 10523 ns, Cleanup: 14248 ns, At safepoint: 7700 ns, Total: 32471 ns
[2025-03-03T15:47:11.308+0000][7][safepoint   ] Safepoint "Cleanup", Time since last: 9009130080 ns, Reaching safepoint: 45552 ns, Cleanup: 25397 ns, At safepoint: 5793 ns, Total: 76742 ns
[2025-03-03T15:47:13.310+0000][7][safepoint   ] Safepoint "Cleanup", Time since last: 2001797868 ns, Reaching safepoint: 10303 ns, Cleanup: 11540 ns, At safepoint: 7836 ns, Total: 29679 ns
[2025-03-03T15:47:15.315+0000][7][safepoint   ] Safepoint "Cleanup", Time since last: 2005370741 ns, Reaching safepoint: 10816 ns, Cleanup: 13284 ns, At safepoint: 7823 ns, Total: 31923 ns
[2025-03-03T15:47:20.323+0000][7][safepoint   ] Safepoint "Cleanup", Time since last: 5005844981 ns, Reaching safepoint: 8080 ns, Cleanup: 12074 ns, At safepoint: 7022 ns, Total: 27176 ns
[2025-03-03T15:47:22.326+0000][7][safepoint   ] Safepoint "Cleanup", Time since last: 2002714190 ns, Reaching safepoint: 7960 ns, Cleanup: 10841 ns, At safepoint: 5328 ns, Total: 24129 ns
[2025-03-03T15:47:26.330+0000][7][safepoint   ] Safepoint "Cleanup", Time since last: 4004076406 ns, Reaching safepoint: 24035 ns, Cleanup: 12432 ns, At safepoint: 10726 ns, Total: 47193 ns
[2025-03-03T15:47:28.332+0000][7][safepoint   ] Safepoint "Cleanup", Time since last: 2001953147 ns, Reaching safepoint: 8607 ns, Cleanup: 11811 ns, At safepoint: 20318 ns, Total: 40736 ns
[2025-03-03T15:47:29.333+0000][7][safepoint   ] Safepoint "Cleanup", Time since last: 1000996456 ns, Reaching safepoint: 10027 ns, Cleanup: 15087 ns, At safepoint: 7456 ns, Total: 32570 ns
[2025-03-03T15:47:34.338+0000][7][safepoint   ] Safepoint "Cleanup", Time since last: 5004838944 ns, Reaching safepoint: 21644 ns, Cleanup: 8848 ns, At safepoint: 4797 ns, Total: 35289 ns
[2025-03-03T15:47:35.339+0000][7][safepoint   ] Safepoint "Cleanup", Time since last: 1001094225 ns, Reaching safepoint: 8120 ns, Cleanup: 10034 ns, At safepoint: 5132 ns, Total: 23286 ns
[2025-03-03T15:47:39.343+0000][7][safepoint   ] Safepoint "Cleanup", Time since last: 4003868591 ns, Reaching safepoint: 11505 ns, Cleanup: 36149 ns, At safepoint: 7256 ns, Total: 54910 ns
[2025-03-03T15:47:40.344+0000][7][safepoint   ] Safepoint "Cleanup", Time since last: 1001053621 ns, Reaching safepoint: 22486 ns, Cleanup: 12547 ns, At safepoint: 6364 ns, Total: 41397 ns
[2025-03-03T15:47:41.346+0000][7][safepoint   ] Safepoint "Cleanup", Time since last: 1001812723 ns, Reaching safepoint: 9125 ns, Cleanup: 12407 ns, At safepoint: 6070 ns, Total: 27602 ns
[2025-03-03T15:47:48.353+0000][7][safepoint   ] Safepoint "Cleanup", Time since last: 7007118263 ns, Reaching safepoint: 8840 ns, Cleanup: 14036 ns, At safepoint: 28270 ns, Total: 51146 ns
[2025-03-03T15:47:51.367+0000][7][safepoint   ] Safepoint "Cleanup", Time since last: 3013854908 ns, Reaching safepoint: 38995 ns, Cleanup: 14438 ns, At safepoint: 9867 ns, Total: 63300 ns
[2025-03-03T15:47:59.375+0000][7][safepoint   ] Safepoint "Cleanup", Time since last: 8008157280 ns, Reaching safepoint: 41395 ns, Cleanup: 19119 ns, At safepoint: 10951 ns, Total: 71465 ns
[2025-03-03T15:48:02.379+0000][7][safepoint   ] Safepoint "Cleanup", Time since last: 3003632740 ns, Reaching safepoint: 10204 ns, Cleanup: 12053 ns, At safepoint: 6631 ns, Total: 28888 ns
[2025-03-03T15:48:06.383+0000][7][safepoint   ] Safepoint "Cleanup", Time since last: 4004081203 ns, Reaching safepoint: 12395 ns, Cleanup: 15128 ns, At safepoint: 11790 ns, Total: 39313 ns
[2025-03-03T15:48:09.386+0000][7][safepoint   ] Safepoint "Cleanup", Time since last: 3002933104 ns, Reaching safepoint: 15108 ns, Cleanup: 19527 ns, At safepoint: 11832 ns, Total: 46467 ns
[2025-03-03T15:48:12.391+0000][7][safepoint   ] Safepoint "Cleanup", Time since last: 3004944761 ns, Reaching safepoint: 11321 ns, Cleanup: 12149 ns, At safepoint: 7588 ns, Total: 31058 ns
[2025-03-03T15:48:14.393+0000][7][safepoint   ] Safepoint "Cleanup", Time since last: 2002078753 ns, Reaching safepoint: 9066 ns, Cleanup: 16663 ns, At safepoint: 6663 ns, Total: 32392 ns
[2025-03-03T15:48:25.405+0000][7][safepoint   ] Safepoint "Cleanup", Time since last: 11010748788 ns, Reaching safepoint: 10002 ns, Cleanup: 13490 ns, At safepoint: 9121 ns, Total: 32613 ns
[2025-03-03T15:48:26.406+0000][7][safepoint   ] Safepoint "Cleanup", Time since last: 1000996374 ns, Reaching safepoint: 26287 ns, Cleanup: 11057 ns, At safepoint: 7685 ns, Total: 45029 ns
[2025-03-03T15:48:30.410+0000][7][safepoint   ] Safepoint "Cleanup", Time since last: 4004195065 ns, Reaching safepoint: 9574 ns, Cleanup: 24708 ns, At safepoint: 21400 ns, Total: 55682 ns
[2025-03-03T15:48:33.413+0000][7][safepoint   ] Safepoint "Cleanup", Time since last: 3002967000 ns, Reaching safepoint: 9267 ns, Cleanup: 13952 ns, At safepoint: 8821 ns, Total: 32040 ns
[2025-03-03T15:48:34.415+0000][7][safepoint   ] Safepoint "Cleanup", Time since last: 1001873486 ns, Reaching safepoint: 8618 ns, Cleanup: 13870 ns, At safepoint: 5944 ns, Total: 28432 ns
[2025-03-03T15:48:46.427+0000][7][safepoint   ] Safepoint "Cleanup", Time since last: 12011943363 ns, Reaching safepoint: 31117 ns, Cleanup: 27393 ns, At safepoint: 6333 ns, Total: 64843 ns
[2025-03-03T15:48:51.436+0000][7][safepoint   ] Safepoint "Cleanup", Time since last: 5007847405 ns, Reaching safepoint: 9967 ns, Cleanup: 12141 ns, At safepoint: 6984 ns, Total: 29092 ns
[2025-03-03T15:48:58.443+0000][7][safepoint   ] Safepoint "Cleanup", Time since last: 7007063528 ns, Reaching safepoint: 32913 ns, Cleanup: 16528 ns, At safepoint: 6794 ns, Total: 56235 ns
[2025-03-03T15:49:01.447+0000][7][safepoint   ] Safepoint "Cleanup", Time since last: 3003989833 ns, Reaching safepoint: 10428 ns, Cleanup: 10903 ns, At safepoint: 22627 ns, Total: 43958 ns
[2025-03-03T15:49:04.450+0000][7][safepoint   ] Safepoint "Cleanup", Time since last: 3002760172 ns, Reaching safepoint: 10309 ns, Cleanup: 25849 ns, At safepoint: 11137 ns, Total: 47295 ns
[2025-03-03T15:49:05.451+0000][7][safepoint   ] Safepoint "Cleanup", Time since last: 1001149193 ns, Reaching safepoint: 8624 ns, Cleanup: 14153 ns, At safepoint: 33217 ns, Total: 55994 ns
[2025-03-03T15:49:10.455+0000][7][safepoint   ] Safepoint "Cleanup", Time since last: 5003886076 ns, Reaching safepoint: 9146 ns, Cleanup: 11239 ns, At safepoint: 21187 ns, Total: 41572 ns
[2025-03-03T15:49:12.457+0000][7][safepoint   ] Safepoint "Cleanup", Time since last: 2001844778 ns, Reaching safepoint: 40746 ns, Cleanup: 28984 ns, At safepoint: 23388 ns, Total: 93118 ns
[2025-03-03T15:49:21.466+0000][7][safepoint   ] Safepoint "Cleanup", Time since last: 9010013032 ns, Reaching safepoint: 10657 ns, Cleanup: 12325 ns, At safepoint: 7314 ns, Total: 30296 ns
[2025-03-03T15:49:24.470+0000][7][safepoint   ] Safepoint "Cleanup", Time since last: 3003899624 ns, Reaching safepoint: 8418 ns, Cleanup: 10693 ns, At safepoint: 5600 ns, Total: 24711 ns
[2025-03-03T15:49:26.472+0000][7][safepoint   ] Safepoint "Cleanup", Time since last: 2002088624 ns, Reaching safepoint: 8229 ns, Cleanup: 10401 ns, At safepoint: 5652 ns, Total: 24282 ns
[2025-03-03T15:49:49.497+0000][7][safepoint   ] Safepoint "Cleanup", Time since last: 23022886708 ns, Reaching safepoint: 52724 ns, Cleanup: 13033 ns, At safepoint: 12388 ns, Total: 78145 ns
[2025-03-03T15:49:51.500+0000][7][safepoint   ] Safepoint "Cleanup", Time since last: 2003073214 ns, Reaching safepoint: 9918 ns, Cleanup: 12396 ns, At safepoint: 7246 ns, Total: 29560 ns
[2025-03-03T15:50:06.515+0000][7][safepoint   ] Safepoint "Cleanup", Time since last: 15014958642 ns, Reaching safepoint: 51680 ns, Cleanup: 14211 ns, At safepoint: 7191 ns, Total: 73082 ns
[2025-03-03T15:50:11.527+0000][7][safepoint   ] Safepoint "Cleanup", Time since last: 5011792547 ns, Reaching safepoint: 10760 ns, Cleanup: 13454 ns, At safepoint: 7815 ns, Total: 32029 ns
[2025-03-03T15:50:12.528+0000][7][safepoint   ] Safepoint "Cleanup", Time since last: 1000979809 ns, Reaching safepoint: 8710 ns, Cleanup: 10593 ns, At safepoint: 5114 ns, Total: 24417 ns
[2025-03-03T15:50:16.531+0000][7][safepoint   ] Safepoint "Cleanup", Time since last: 4003125347 ns, Reaching safepoint: 47536 ns, Cleanup: 48651 ns, At safepoint: 17786 ns, Total: 113973 ns
[2025-03-03T15:50:19.536+0000][7][safepoint   ] Safepoint "Cleanup", Time since last: 3003681571 ns, Reaching safepoint: 13304 ns, Cleanup: 13179 ns, At safepoint: 8945 ns, Total: 35428 ns
[2025-03-03T15:50:26.542+0000][7][safepoint   ] Safepoint "Cleanup", Time since last: 7005955097 ns, Reaching safepoint: 13126 ns, Cleanup: 15723 ns, At safepoint: 8958 ns, Total: 37807 ns
[2025-03-03T15:50:36.552+0000][7][safepoint   ] Safepoint "Cleanup", Time since last: 10009953198 ns, Reaching safepoint: 42586 ns, Cleanup: 24266 ns, At safepoint: 8339 ns, Total: 75191 ns
[2025-03-03T15:50:37.553+0000][7][safepoint   ] Safepoint "Cleanup", Time since last: 1000940859 ns, Reaching safepoint: 9254 ns, Cleanup: 29940 ns, At safepoint: 7193 ns, Total: 46387 ns
[2025-03-03T15:50:39.555+0000][7][safepoint   ] Safepoint "Cleanup", Time since last: 2002150342 ns, Reaching safepoint: 10551 ns, Cleanup: 13283 ns, At safepoint: 8498 ns, Total: 32332 ns
[2025-03-03T15:50:41.557+0000][7][safepoint   ] Safepoint "Cleanup", Time since last: 2001806340 ns, Reaching safepoint: 8980 ns, Cleanup: 14413 ns, At safepoint: 7026 ns, Total: 30419 ns
[2025-03-03T15:50:44.560+0000][7][safepoint   ] Safepoint "Cleanup", Time since last: 3003141757 ns, Reaching safepoint: 16752 ns, Cleanup: 21717 ns, At safepoint: 9804 ns, Total: 48273 ns
[2025-03-03T15:50:46.562+0000][7][safepoint   ] Safepoint "Cleanup", Time since last: 2001781442 ns, Reaching safepoint: 16936 ns, Cleanup: 16846 ns, At safepoint: 8740 ns, Total: 42522 ns
[2025-03-03T15:50:51.568+0000][7][safepoint   ] Safepoint "Cleanup", Time since last: 5005092027 ns, Reaching safepoint: 9426 ns, Cleanup: 12433 ns, At safepoint: 6998 ns, Total: 28857 ns
[2025-03-03T15:50:54.571+0000][7][safepoint   ] Safepoint "Cleanup", Time since last: 3003833581 ns, Reaching safepoint: 8958 ns, Cleanup: 10464 ns, At safepoint: 6230 ns, Total: 25652 ns
[2025-03-03T15:50:56.862+0000][7][safepoint   ] Safepoint "Cleanup", Time since last: 2290937224 ns, Reaching safepoint: 11561 ns, Cleanup: 11810 ns, At safepoint: 6372 ns, Total: 29743 ns
[2025-03-03T15:51:11.878+0000][7][safepoint   ] Safepoint "Cleanup", Time since last: 15015017319 ns, Reaching safepoint: 37406 ns, Cleanup: 13250 ns, At safepoint: 6826 ns, Total: 57482 ns
[2025-03-03T15:51:17.885+0000][7][safepoint   ] Safepoint "Cleanup", Time since last: 6006979825 ns, Reaching safepoint: 15408 ns, Cleanup: 12318 ns, At safepoint: 6146 ns, Total: 33872 ns
[2025-03-03T15:51:18.886+0000][7][safepoint   ] Safepoint "Cleanup", Time since last: 1001140938 ns, Reaching safepoint: 11554 ns, Cleanup: 13582 ns, At safepoint: 8452 ns, Total: 33588 ns
[2025-03-03T15:51:26.895+0000][7][safepoint   ] Safepoint "Cleanup", Time since last: 8008707390 ns, Reaching safepoint: 11875 ns, Cleanup: 13169 ns, At safepoint: 9182 ns, Total: 34226 ns
[2025-03-03T15:51:27.896+0000][7][safepoint   ] Safepoint "Cleanup", Time since last: 1001144662 ns, Reaching safepoint: 16351 ns, Cleanup: 21386 ns, At safepoint: 15485 ns, Total: 53222 ns
[2025-03-03T15:51:30.900+0000][7][safepoint   ] Safepoint "Cleanup", Time since last: 3003940968 ns, Reaching safepoint: 27143 ns, Cleanup: 10593 ns, At safepoint: 7227 ns, Total: 44963 ns
[2025-03-03T15:51:43.932+0000][7][safepoint   ] Safepoint "Cleanup", Time since last: 13031915997 ns, Reaching safepoint: 10898 ns, Cleanup: 13195 ns, At safepoint: 6992 ns, Total: 31085 ns
[2025-03-03T15:51:44.933+0000][7][safepoint   ] Safepoint "Cleanup", Time since last: 1000809726 ns, Reaching safepoint: 10172 ns, Cleanup: 11239 ns, At safepoint: 7323 ns, Total: 28734 ns
[2025-03-03T15:51:46.935+0000][7][safepoint   ] Safepoint "Cleanup", Time since last: 2002001059 ns, Reaching safepoint: 10799 ns, Cleanup: 12478 ns, At safepoint: 8089 ns, Total: 31366 ns
[2025-03-03T15:51:52.942+0000][7][safepoint   ] Safepoint "Cleanup", Time since last: 6006005702 ns, Reaching safepoint: 11553 ns, Cleanup: 11279 ns, At safepoint: 7834 ns, Total: 30666 ns
[2025-03-03T15:51:53.943+0000][7][safepoint   ] Safepoint "Cleanup", Time since last: 1001092268 ns, Reaching safepoint: 13715 ns, Cleanup: 19672 ns, At safepoint: 15537 ns, Total: 48924 ns
[2025-03-03T15:52:31.982+0000][7][safepoint   ] Safepoint "Cleanup", Time since last: 38041841312 ns, Reaching safepoint: 35694 ns, Cleanup: 14107 ns, At safepoint: 8627 ns, Total: 58428 ns
[2025-03-03T15:52:35.987+0000][7][safepoint   ] Safepoint "Cleanup", Time since last: 4004047837 ns, Reaching safepoint: 16045 ns, Cleanup: 15996 ns, At safepoint: 10779 ns, Total: 42820 ns
[2025-03-03T15:52:38.990+0000][7][safepoint   ] Safepoint "Cleanup", Time since last: 3002922711 ns, Reaching safepoint: 22696 ns, Cleanup: 10278 ns, At safepoint: 5408 ns, Total: 38382 ns
[2025-03-03T15:52:52.000+0000][7][safepoint   ] Safepoint "Cleanup", Time since last: 13012008800 ns, Reaching safepoint: 13424 ns, Cleanup: 19591 ns, At safepoint: 9033 ns, Total: 42048 ns
[2025-03-03T15:52:59.353+0000][7][safepoint   ] Safepoint "Cleanup", Time since last: 7353757032 ns, Reaching safepoint: 10098 ns, Cleanup: 16291 ns, At safepoint: 7486 ns, Total: 33875 ns
[2025-03-03T15:53:03.358+0000][7][safepoint   ] Safepoint "Cleanup", Time since last: 4004183225 ns, Reaching safepoint: 38826 ns, Cleanup: 13519 ns, At safepoint: 10542 ns, Total: 62887 ns
[2025-03-03T15:53:04.358+0000][7][safepoint   ] Safepoint "Cleanup", Time since last: 1000808394 ns, Reaching safepoint: 12026 ns, Cleanup: 13598 ns, At safepoint: 11582 ns, Total: 37206 ns
[2025-03-03T15:53:08.363+0000][7][safepoint   ] Safepoint "Cleanup", Time since last: 4004133926 ns, Reaching safepoint: 10815 ns, Cleanup: 12874 ns, At safepoint: 10685 ns, Total: 34374 ns
[2025-03-03T15:53:12.366+0000][7][safepoint   ] Safepoint "Cleanup", Time since last: 4003775234 ns, Reaching safepoint: 11030 ns, Cleanup: 11877 ns, At safepoint: 9164 ns, Total: 32071 ns
[2025-03-03T15:53:16.371+0000][7][safepoint   ] Safepoint "Cleanup", Time since last: 4004117011 ns, Reaching safepoint: 11532 ns, Cleanup: 13376 ns, At safepoint: 8432 ns, Total: 33340 ns
[2025-03-03T15:53:19.373+0000][7][safepoint   ] Safepoint "Cleanup", Time since last: 3002057985 ns, Reaching safepoint: 14755 ns, Cleanup: 14175 ns, At safepoint: 9514 ns, Total: 38444 ns
[2025-03-03T15:53:26.381+0000][7][safepoint   ] Safepoint "Cleanup", Time since last: 7007743507 ns, Reaching safepoint: 14491 ns, Cleanup: 16358 ns, At safepoint: 9745 ns, Total: 40594 ns
[2025-03-03T15:53:54.408+0000][7][safepoint   ] Safepoint "Cleanup", Time since last: 28026865392 ns, Reaching safepoint: 57744 ns, Cleanup: 11758 ns, At safepoint: 6002 ns, Total: 75504 ns
[2025-03-03T15:54:06.424+0000][7][safepoint   ] Safepoint "Cleanup", Time since last: 12016000221 ns, Reaching safepoint: 65625 ns, Cleanup: 15817 ns, At safepoint: 6876 ns, Total: 88318 ns
[2025-03-03T15:54:07.425+0000][7][safepoint   ] Safepoint "Cleanup", Time since last: 1000824630 ns, Reaching safepoint: 11029 ns, Cleanup: 12417 ns, At safepoint: 7729 ns, Total: 31175 ns
[2025-03-03T15:54:44.461+0000][7][safepoint   ] Safepoint "Cleanup", Time since last: 37035035705 ns, Reaching safepoint: 92277 ns, Cleanup: 29346 ns, At safepoint: 7042 ns, Total: 128665 ns
[2025-03-03T15:55:02.848+0000][7][safepoint   ] Safepoint "Cleanup", Time since last: 18386227724 ns, Reaching safepoint: 23506 ns, Cleanup: 20069 ns, At safepoint: 15750 ns, Total: 59325 ns
[2025-03-03T15:55:06.853+0000][7][safepoint   ] Safepoint "Cleanup", Time since last: 4004512550 ns, Reaching safepoint: 26043 ns, Cleanup: 9668 ns, At safepoint: 5769 ns, Total: 41480 ns
[2025-03-03T15:55:17.864+0000][7][safepoint   ] Safepoint "Cleanup", Time since last: 11011165131 ns, Reaching safepoint: 14630 ns, Cleanup: 22223 ns, At safepoint: 7531 ns, Total: 44384 ns
[2025-03-03T15:55:18.867+0000][7][safepoint   ] Safepoint "Cleanup", Time since last: 1001794739 ns, Reaching safepoint: 15821 ns, Cleanup: 110517 ns, At safepoint: 18332 ns, Total: 144670 ns
[2025-03-03T15:55:21.870+0000][7][safepoint   ] Safepoint "Cleanup", Time since last: 3003185343 ns, Reaching safepoint: 14366 ns, Cleanup: 13745 ns, At safepoint: 39540 ns, Total: 67651 ns
[2025-03-03T15:55:41.890+0000][7][safepoint   ] Safepoint "Cleanup", Time since last: 20019700575 ns, Reaching safepoint: 31639 ns, Cleanup: 12421 ns, At safepoint: 7345 ns, Total: 51405 ns
[2025-03-03T15:55:46.895+0000][7][safepoint   ] Safepoint "Cleanup", Time since last: 5005091712 ns, Reaching safepoint: 24722 ns, Cleanup: 21473 ns, At safepoint: 17887 ns, Total: 64082 ns
[2025-03-03T15:55:48.897+0000][7][safepoint   ] Safepoint "Cleanup", Time since last: 2002700824 ns, Reaching safepoint: 13911 ns, Cleanup: 14289 ns, At safepoint: 8587 ns, Total: 36787 ns
[2025-03-03T15:55:50.900+0000][7][safepoint   ] Safepoint "Cleanup", Time since last: 2002102391 ns, Reaching safepoint: 11258 ns, Cleanup: 11662 ns, At safepoint: 8127 ns, Total: 31047 ns
[2025-03-03T15:55:53.903+0000][7][safepoint   ] Safepoint "Cleanup", Time since last: 3002843314 ns, Reaching safepoint: 16677 ns, Cleanup: 51432 ns, At safepoint: 17243 ns, Total: 85352 ns
[2025-03-03T15:56:02.089+0000][7][safepoint   ] Safepoint "Cleanup", Time since last: 8186444635 ns, Reaching safepoint: 68564 ns, Cleanup: 68640 ns, At safepoint: 34006 ns, Total: 171210 ns
[2025-03-03T15:56:09.098+0000][7][safepoint   ] Safepoint "Cleanup", Time since last: 7008271684 ns, Reaching safepoint: 47730 ns, Cleanup: 16735 ns, At safepoint: 73700 ns, Total: 138165 ns
[2025-03-03T15:56:20.107+0000][7][safepoint   ] Safepoint "Cleanup", Time since last: 11010960849 ns, Reaching safepoint: 10710 ns, Cleanup: 13886 ns, At safepoint: 7505 ns, Total: 32101 ns
[2025-03-03T15:56:30.118+0000][7][safepoint   ] Safepoint "Cleanup", Time since last: 10011002246 ns, Reaching safepoint: 103693 ns, Cleanup: 15504 ns, At safepoint: 10209 ns, Total: 129406 ns
[2025-03-03T15:56:32.121+0000][7][safepoint   ] Safepoint "Cleanup", Time since last: 2002760233 ns, Reaching safepoint: 13645 ns, Cleanup: 15019 ns, At safepoint: 9432 ns, Total: 38096 ns
[2025-03-03T15:56:42.131+0000][7][safepoint   ] Safepoint "Cleanup", Time since last: 10010094697 ns, Reaching safepoint: 79677 ns, Cleanup: 18859 ns, At safepoint: 12578 ns, Total: 111114 ns
[2025-03-03T15:56:45.135+0000][7][safepoint   ] Safepoint "Cleanup", Time since last: 3003838361 ns, Reaching safepoint: 47870 ns, Cleanup: 26383 ns, At safepoint: 20129 ns, Total: 94382 ns
[2025-03-03T15:57:17.168+0000][7][safepoint   ] Safepoint "Cleanup", Time since last: 32031801807 ns, Reaching safepoint: 33219 ns, Cleanup: 12265 ns, At safepoint: 6329 ns, Total: 51813 ns
[2025-03-03T15:57:20.172+0000][7][safepoint   ] Safepoint "Cleanup", Time since last: 3003234339 ns, Reaching safepoint: 50077 ns, Cleanup: 216743 ns, At safepoint: 31861 ns, Total: 298681 ns
[2025-03-03T15:57:22.174+0000][7][safepoint   ] Safepoint "Cleanup", Time since last: 2002519776 ns, Reaching safepoint: 14193 ns, Cleanup: 13886 ns, At safepoint: 8781 ns, Total: 36860 ns
[2025-03-03T15:57:32.185+0000][7][safepoint   ] Safepoint "Cleanup", Time since last: 10010848415 ns, Reaching safepoint: 13053 ns, Cleanup: 13831 ns, At safepoint: 8761 ns, Total: 35645 ns
[2025-03-03T15:58:12.367+0000][7][safepoint   ] Safepoint "Cleanup", Time since last: 40181199933 ns, Reaching safepoint: 97579 ns, Cleanup: 12929 ns, At safepoint: 10818 ns, Total: 121326 ns
[2025-03-03T15:58:14.370+0000][7][safepoint   ] Safepoint "Cleanup", Time since last: 2002840011 ns, Reaching safepoint: 12109 ns, Cleanup: 15190 ns, At safepoint: 8351 ns, Total: 35650 ns
[2025-03-03T15:58:42.397+0000][7][safepoint   ] Safepoint "Cleanup", Time since last: 28026046474 ns, Reaching safepoint: 117487 ns, Cleanup: 32665 ns, At safepoint: 20967 ns, Total: 171119 ns
[2025-03-03T15:58:54.410+0000][7][safepoint   ] Safepoint "Cleanup", Time since last: 12011645695 ns, Reaching safepoint: 13073 ns, Cleanup: 12037 ns, At safepoint: 6746 ns, Total: 31856 ns
[2025-03-03T15:59:12.428+0000][7][safepoint   ] Safepoint "Cleanup", Time since last: 18017895656 ns, Reaching safepoint: 38940 ns, Cleanup: 11436 ns, At safepoint: 5646 ns, Total: 56022 ns
[2025-03-03T15:59:26.442+0000][7][safepoint   ] Safepoint "Cleanup", Time since last: 14014001249 ns, Reaching safepoint: 13299 ns, Cleanup: 12689 ns, At safepoint: 7698 ns, Total: 33686 ns
[2025-03-03T15:59:33.450+0000][7][safepoint   ] Safepoint "Cleanup", Time since last: 7007916212 ns, Reaching safepoint: 11090 ns, Cleanup: 11187 ns, At safepoint: 6762 ns, Total: 29039 ns
[2025-03-03T15:59:34.451+0000][7][safepoint   ] Safepoint "Cleanup", Time since last: 1001000649 ns, Reaching safepoint: 16616 ns, Cleanup: 29794 ns, At safepoint: 9333 ns, Total: 55743 ns
[2025-03-03T15:59:36.453+0000][7][safepoint   ] Safepoint "Cleanup", Time since last: 2001997523 ns, Reaching safepoint: 21638 ns, Cleanup: 29919 ns, At safepoint: 12315 ns, Total: 63872 ns
[2025-03-03T15:59:42.459+0000][7][safepoint   ] Safepoint "Cleanup", Time since last: 6005773749 ns, Reaching safepoint: 29675 ns, Cleanup: 11474 ns, At safepoint: 7283 ns, Total: 48432 ns
[2025-03-03T16:00:20.630+0000][7][safepoint   ] Safepoint "Cleanup", Time since last: 38168999725 ns, Reaching safepoint: 13207 ns, Cleanup: 13887 ns, At safepoint: 8393 ns, Total: 35487 ns
[2025-03-03T16:00:51.662+0000][7][safepoint   ] Safepoint "Cleanup", Time since last: 31031118243 ns, Reaching safepoint: 35415 ns, Cleanup: 13089 ns, At safepoint: 7289 ns, Total: 55793 ns
[2025-03-03T16:01:26.697+0000][7][safepoint   ] Safepoint "Cleanup", Time since last: 35035109408 ns, Reaching safepoint: 34438 ns, Cleanup: 39626 ns, At safepoint: 7574 ns, Total: 81638 ns
[2025-03-03T16:01:29.701+0000][7][safepoint   ] Safepoint "Cleanup", Time since last: 3003750968 ns, Reaching safepoint: 10923 ns, Cleanup: 11699 ns, At safepoint: 6423 ns, Total: 29045 ns
[2025-03-03T16:01:41.714+0000][7][safepoint   ] Safepoint "Cleanup", Time since last: 12012615695 ns, Reaching safepoint: 11898 ns, Cleanup: 12306 ns, At safepoint: 8529 ns, Total: 32733 ns
[2025-03-03T16:02:04.853+0000][7][safepoint   ] Safepoint "Cleanup", Time since last: 23138180750 ns, Reaching safepoint: 20109 ns, Cleanup: 12646 ns, At safepoint: 8019 ns, Total: 40774 ns
[2025-03-03T16:02:19.869+0000][7][safepoint   ] Safepoint "Cleanup", Time since last: 15015973673 ns, Reaching safepoint: 13488 ns, Cleanup: 12296 ns, At safepoint: 8623 ns, Total: 34407 ns
[2025-03-03T16:02:21.871+0000][7][safepoint   ] Safepoint "Cleanup", Time since last: 2001168881 ns, Reaching safepoint: 13144 ns, Cleanup: 13699 ns, At safepoint: 9567 ns, Total: 36410 ns
[2025-03-03T16:02:23.872+0000][7][safepoint   ] Safepoint "Cleanup", Time since last: 2001830776 ns, Reaching safepoint: 15055 ns, Cleanup: 12370 ns, At safepoint: 10893 ns, Total: 38318 ns
[2025-03-03T16:03:13.921+0000][7][safepoint   ] Safepoint "Cleanup", Time since last: 50048086043 ns, Reaching safepoint: 13096 ns, Cleanup: 13308 ns, At safepoint: 9353 ns, Total: 35757 ns
[2025-03-03T16:03:19.929+0000][7][safepoint   ] Safepoint "Cleanup", Time since last: 6006905007 ns, Reaching safepoint: 11187 ns, Cleanup: 11645 ns, At safepoint: 7351 ns, Total: 30183 ns
[2025-03-03T16:03:20.930+0000][7][safepoint   ] Safepoint "Cleanup", Time since last: 1000929501 ns, Reaching safepoint: 16517 ns, Cleanup: 13869 ns, At safepoint: 9917 ns, Total: 40303 ns
[2025-03-03T16:03:22.932+0000][7][safepoint   ] Safepoint "Cleanup", Time since last: 2001868391 ns, Reaching safepoint: 14285 ns, Cleanup: 15642 ns, At safepoint: 7791 ns, Total: 37718 ns
[2025-03-03T16:03:34.944+0000][7][safepoint   ] Safepoint "Cleanup", Time since last: 12011967435 ns, Reaching safepoint: 16512 ns, Cleanup: 14073 ns, At safepoint: 7915 ns, Total: 38500 ns
[2025-03-03T16:03:58.968+0000][7][safepoint   ] Safepoint "Cleanup", Time since last: 24023104917 ns, Reaching safepoint: 24866 ns, Cleanup: 181842 ns, At safepoint: 19343 ns, Total: 226051 ns
[2025-03-03T16:05:42.395+0000][7][safepoint   ] Safepoint "Cleanup", Time since last: 103424897575 ns, Reaching safepoint: 68359 ns, Cleanup: 20213 ns, At safepoint: 13976 ns, Total: 102548 ns
[2025-03-03T16:06:01.416+0000][7][safepoint   ] Safepoint "Cleanup", Time since last: 19020569016 ns, Reaching safepoint: 12296 ns, Cleanup: 12208 ns, At safepoint: 7979 ns, Total: 32483 ns
[2025-03-03T16:06:26.437+0000][7][safepoint   ] Safepoint "Cleanup", Time since last: 25025093478 ns, Reaching safepoint: 46683 ns, Cleanup: 15307 ns, At safepoint: 10412 ns, Total: 72402 ns
[2025-03-03T16:07:09.612+0000][7][safepoint   ] Safepoint "Cleanup", Time since last: 43176933908 ns, Reaching safepoint: 11399 ns, Cleanup: 13390 ns, At safepoint: 8146 ns, Total: 32935 ns
[2025-03-03T16:07:36.729+0000][7][safepoint   ] Safepoint "Cleanup", Time since last: 27027158388 ns, Reaching safepoint: 73376 ns, Cleanup: 20011 ns, At safepoint: 8132 ns, Total: 101519 ns
[2025-03-03T16:07:56.749+0000][7][safepoint   ] Safepoint "Cleanup", Time since last: 20018734571 ns, Reaching safepoint: 59865 ns, Cleanup: 21680 ns, At safepoint: 8803 ns, Total: 90348 ns
[2025-03-03T16:08:18.772+0000][7][safepoint   ] Safepoint "Cleanup", Time since last: 22021791518 ns, Reaching safepoint: 13323 ns, Cleanup: 11443 ns, At safepoint: 7429 ns, Total: 32195 ns
[2025-03-03T16:08:52.806+0000][7][safepoint   ] Safepoint "Cleanup", Time since last: 34033117933 ns, Reaching safepoint: 63376 ns, Cleanup: 15425 ns, At safepoint: 11076 ns, Total: 89877 ns
[2025-03-03T16:08:54.809+0000][7][safepoint   ] Safepoint "Cleanup", Time since last: 2002764694 ns, Reaching safepoint: 14982 ns, Cleanup: 11008 ns, At safepoint: 7704 ns, Total: 33694 ns
[2025-03-03T16:09:09.960+0000][7][safepoint   ] Safepoint "Cleanup", Time since last: 15151092663 ns, Reaching safepoint: 12883 ns, Cleanup: 13428 ns, At safepoint: 8012 ns, Total: 34323 ns
[2025-03-03T16:10:55.066+0000][7][safepoint   ] Safepoint "Cleanup", Time since last: 105102829604 ns, Reaching safepoint: 12454 ns, Cleanup: 13265 ns, At safepoint: 8147 ns, Total: 33866 ns
[2025-03-03T16:12:22.383+0000][7][safepoint   ] Safepoint "Cleanup", Time since last: 87314037187 ns, Reaching safepoint: 13122 ns, Cleanup: 12144 ns, At safepoint: 7924 ns, Total: 33190 ns
[2025-03-03T16:12:40.402+0000][7][safepoint   ] Safepoint "Cleanup", Time since last: 18019052241 ns, Reaching safepoint: 33228 ns, Cleanup: 11526 ns, At safepoint: 6701 ns, Total: 51455 ns
[2025-03-03T16:12:41.403+0000][7][safepoint   ] Safepoint "Cleanup", Time since last: 1000935665 ns, Reaching safepoint: 11524 ns, Cleanup: 11330 ns, At safepoint: 5981 ns, Total: 28835 ns
[2025-03-03T16:12:49.412+0000][7][safepoint   ] Safepoint "Cleanup", Time since last: 8008027623 ns, Reaching safepoint: 62053 ns, Cleanup: 46956 ns, At safepoint: 38993 ns, Total: 148002 ns
[2025-03-03T16:13:33.597+0000][7][safepoint   ] Safepoint "Cleanup", Time since last: 44183868313 ns, Reaching safepoint: 84346 ns, Cleanup: 34530 ns, At safepoint: 24404 ns, Total: 143280 ns
[2025-03-03T16:13:50.616+0000][7][safepoint   ] Safepoint "Cleanup", Time since last: 17017849332 ns, Reaching safepoint: 12334 ns, Cleanup: 18031 ns, At safepoint: 9315 ns, Total: 39680 ns
[2025-03-03T16:14:01.581+0000][7][safepoint   ] Safepoint "Cleanup", Time since last: 10963932178 ns, Reaching safepoint: 875883 ns, Cleanup: 70271 ns, At safepoint: 72938 ns, Total: 1019092 ns
[2025-03-03T16:14:01.599+0000][7][gc,heap,exit] Heap
[2025-03-03T16:14:01.599+0000][7][gc,heap,exit]  garbage-first heap   total reserved 2097152K, committed 2097152K, used 1016948K [0x0000000080000000, 0x0000000100000000)
[2025-03-03T16:14:01.599+0000][7][gc,heap,exit]   region size 4096K, 237 young (970752K), 4 survivors (16384K)
[2025-03-03T16:14:01.599+0000][7][gc,heap,exit]  Metaspace       used 94221K, committed 96832K, reserved 1179648K
[2025-03-03T16:14:01.600+0000][7][gc,heap,exit]   class space    used 13353K, committed 14464K, reserved 1048576K
