[2025-03-04T03:57:36.454+0000][7][gc,init] CardTable entry size: 512
[2025-03-04T03:57:36.455+0000][7][gc     ] Using G1
[2025-03-04T03:57:38.674+0000][7][gc,init] Version: 22.0.2+9-70 (release)
[2025-03-04T03:57:38.675+0000][7][gc,init] CPUs: 16 total, 16 available
[2025-03-04T03:57:38.675+0000][7][gc,init] Memory: 16241M
[2025-03-04T03:57:38.675+0000][7][gc,init] Large Page Support: Disabled
[2025-03-04T03:57:38.676+0000][7][gc,init] NUMA Support: Disabled
[2025-03-04T03:57:38.676+0000][7][gc,init] Compressed Oops: Enabled (32-bit)
[2025-03-04T03:57:38.676+0000][7][gc,init] Heap Region Size: 4M
[2025-03-04T03:57:38.677+0000][7][gc,init] Heap Min Capacity: 2G
[2025-03-04T03:57:38.677+0000][7][gc,init] Heap Initial Capacity: 2G
[2025-03-04T03:57:38.677+0000][7][gc,init] Heap Max Capacity: 2G
[2025-03-04T03:57:38.677+0000][7][gc,init] Pre-touch: Enabled
[2025-03-04T03:57:38.678+0000][7][gc,init] Parallel Workers: 13
[2025-03-04T03:57:38.678+0000][7][gc,init] Concurrent Workers: 3
[2025-03-04T03:57:38.678+0000][7][gc,init] Concurrent Refinement Workers: 13
[2025-03-04T03:57:38.679+0000][7][gc,init] Periodic GC: Disabled
[2025-03-04T03:57:38.733+0000][7][gc,metaspace] CDS archive(s) mapped at: [0x00007fd172000000-0x00007fd172c78000-0x00007fd172c78000), size 13074432, SharedBaseAddress: 0x00007fd172000000, ArchiveRelocationMode: 1.
[2025-03-04T03:57:38.734+0000][7][gc,metaspace] Compressed class space mapped at: 0x00007fd173000000-0x00007fd1b3000000, reserved size: 1073741824
[2025-03-04T03:57:38.734+0000][7][gc,metaspace] Narrow klass base: 0x00007fd172000000, Narrow klass shift: 0, Narrow klass range: 0x100000000
[2025-03-04T03:57:39.434+0000][7][safepoint   ] Safepoint "ICBufferFull", Time since last: 689576357 ns, Reaching safepoint: 5665 ns, Cleanup: 85740 ns, At safepoint: 72561 ns, Total: 163966 ns
[2025-03-04T03:57:40.012+0000][7][safepoint   ] Safepoint "ICBufferFull", Time since last: 577931964 ns, Reaching safepoint: 3313 ns, Cleanup: 101344 ns, At safepoint: 6673 ns, Total: 111330 ns
[2025-03-04T03:57:40.809+0000][7][safepoint   ] Safepoint "ICBufferFull", Time since last: 796728581 ns, Reaching safepoint: 6892 ns, Cleanup: 101607 ns, At safepoint: 9997 ns, Total: 118496 ns
[2025-03-04T03:57:41.843+0000][7][safepoint   ] Safepoint "Cleanup", Time since last: 1031897750 ns, Reaching safepoint: 894252 ns, Cleanup: 86221 ns, At safepoint: 1097817 ns, Total: 2078290 ns
[2025-03-04T03:57:42.125+0000][7][gc,start    ] GC(0) Pause Young (Normal) (G1 Evacuation Pause)
[2025-03-04T03:57:42.125+0000][7][gc,task     ] GC(0) Using 13 workers of 13 for evacuation
[2025-03-04T03:57:42.126+0000][7][gc,age      ] GC(0) Desired survivor size 8388608 bytes, new threshold 15 (max threshold 15)
[2025-03-04T03:57:42.136+0000][7][gc,phases   ] GC(0)   Pre Evacuate Collection Set: 0.73ms
[2025-03-04T03:57:42.137+0000][7][gc,phases   ] GC(0)   Merge Heap Roots: 0.59ms
[2025-03-04T03:57:42.137+0000][7][gc,phases   ] GC(0)   Evacuate Collection Set: 5.52ms
[2025-03-04T03:57:42.137+0000][7][gc,phases   ] GC(0)   Post Evacuate Collection Set: 3.57ms
[2025-03-04T03:57:42.137+0000][7][gc,phases   ] GC(0)   Other: 0.59ms
[2025-03-04T03:57:42.138+0000][7][gc,age      ] GC(0) Age table with threshold 15 (max threshold 15)
[2025-03-04T03:57:42.138+0000][7][gc,age      ] GC(0) - age   1:    7689064 bytes,    7689064 total
[2025-03-04T03:57:42.138+0000][7][gc,heap     ] GC(0) Eden regions: 25->0(23)
[2025-03-04T03:57:42.138+0000][7][gc,heap     ] GC(0) Survivor regions: 0->2(4)
[2025-03-04T03:57:42.139+0000][7][gc,heap     ] GC(0) Old regions: 1->1
[2025-03-04T03:57:42.139+0000][7][gc,heap     ] GC(0) Humongous regions: 0->0
[2025-03-04T03:57:42.139+0000][7][gc,metaspace] GC(0) Metaspace: 16055K(16384K)->16055K(16384K) NonClass: 14195K(14336K)->14195K(14336K) Class: 1859K(2048K)->1859K(2048K)
[2025-03-04T03:57:42.139+0000][7][gc          ] GC(0) Pause Young (Normal) (G1 Evacuation Pause) 101M->8M(2048M) 14.346ms
[2025-03-04T03:57:42.140+0000][7][gc,cpu      ] GC(0) User=0.04s Sys=0.00s Real=0.01s
[2025-03-04T03:57:42.140+0000][7][safepoint   ] Safepoint "G1CollectForAllocation", Time since last: 281802367 ns, Reaching safepoint: 4270 ns, Cleanup: 19012 ns, At safepoint: 15098284 ns, Total: 15121566 ns
[2025-03-04T03:57:42.850+0000][7][gc,start    ] GC(1) Pause Young (Normal) (G1 Evacuation Pause)
[2025-03-04T03:57:42.850+0000][7][gc,task     ] GC(1) Using 13 workers of 13 for evacuation
[2025-03-04T03:57:42.850+0000][7][gc,age      ] GC(1) Desired survivor size 8388608 bytes, new threshold 15 (max threshold 15)
[2025-03-04T03:57:42.863+0000][7][gc,phases   ] GC(1)   Pre Evacuate Collection Set: 0.53ms
[2025-03-04T03:57:42.864+0000][7][gc,phases   ] GC(1)   Merge Heap Roots: 0.79ms
[2025-03-04T03:57:42.864+0000][7][gc,phases   ] GC(1)   Evacuate Collection Set: 8.63ms
[2025-03-04T03:57:42.864+0000][7][gc,phases   ] GC(1)   Post Evacuate Collection Set: 2.71ms
[2025-03-04T03:57:42.864+0000][7][gc,phases   ] GC(1)   Other: 0.50ms
[2025-03-04T03:57:42.865+0000][7][gc,age      ] GC(1) Age table with threshold 15 (max threshold 15)
[2025-03-04T03:57:42.865+0000][7][gc,age      ] GC(1) - age   1:    2781584 bytes,    2781584 total
[2025-03-04T03:57:42.865+0000][7][gc,age      ] GC(1) - age   2:    7563296 bytes,   10344880 total
[2025-03-04T03:57:42.866+0000][7][gc,heap     ] GC(1) Eden regions: 23->0(28)
[2025-03-04T03:57:42.866+0000][7][gc,heap     ] GC(1) Survivor regions: 2->3(4)
[2025-03-04T03:57:42.866+0000][7][gc,heap     ] GC(1) Old regions: 1->1
[2025-03-04T03:57:42.867+0000][7][gc,heap     ] GC(1) Humongous regions: 0->0
[2025-03-04T03:57:42.867+0000][7][gc,metaspace] GC(1) Metaspace: 18166K(18496K)->18166K(18496K) NonClass: 16051K(16192K)->16051K(16192K) Class: 2115K(2304K)->2115K(2304K)
[2025-03-04T03:57:42.867+0000][7][gc          ] GC(1) Pause Young (Normal) (G1 Evacuation Pause) 100M->11M(2048M) 17.279ms
[2025-03-04T03:57:42.867+0000][7][gc,cpu      ] GC(1) User=0.09s Sys=0.00s Real=0.02s
[2025-03-04T03:57:42.869+0000][7][safepoint   ] Safepoint "G1CollectForAllocation", Time since last: 709475120 ns, Reaching safepoint: 5140 ns, Cleanup: 163129 ns, At safepoint: 19634173 ns, Total: 19802442 ns
[2025-03-04T03:57:43.447+0000][7][gc,start    ] GC(2) Pause Young (Normal) (G1 Evacuation Pause)
[2025-03-04T03:57:43.448+0000][7][gc,task     ] GC(2) Using 13 workers of 13 for evacuation
[2025-03-04T03:57:43.448+0000][7][gc,age      ] GC(2) Desired survivor size 8388608 bytes, new threshold 2 (max threshold 15)
[2025-03-04T03:57:43.463+0000][7][gc,phases   ] GC(2)   Pre Evacuate Collection Set: 0.39ms
[2025-03-04T03:57:43.464+0000][7][gc,phases   ] GC(2)   Merge Heap Roots: 0.16ms
[2025-03-04T03:57:43.465+0000][7][gc,phases   ] GC(2)   Evacuate Collection Set: 12.15ms
[2025-03-04T03:57:43.465+0000][7][gc,phases   ] GC(2)   Post Evacuate Collection Set: 1.85ms
[2025-03-04T03:57:43.465+0000][7][gc,phases   ] GC(2)   Other: 0.59ms
[2025-03-04T03:57:43.466+0000][7][gc,age      ] GC(2) Age table with threshold 2 (max threshold 15)
[2025-03-04T03:57:43.466+0000][7][gc,age      ] GC(2) - age   1:    2573896 bytes,    2573896 total
[2025-03-04T03:57:43.466+0000][7][gc,age      ] GC(2) - age   2:    1929232 bytes,    4503128 total
[2025-03-04T03:57:43.466+0000][7][gc,heap     ] GC(2) Eden regions: 28->0(305)
[2025-03-04T03:57:43.467+0000][7][gc,heap     ] GC(2) Survivor regions: 3->2(4)
[2025-03-04T03:57:43.467+0000][7][gc,heap     ] GC(2) Old regions: 1->3
[2025-03-04T03:57:43.467+0000][7][gc,heap     ] GC(2) Humongous regions: 0->0
[2025-03-04T03:57:43.467+0000][7][gc,metaspace] GC(2) Metaspace: 18835K(19200K)->18835K(19200K) NonClass: 16605K(16768K)->16605K(16768K) Class: 2230K(2432K)->2230K(2432K)
[2025-03-04T03:57:43.468+0000][7][gc          ] GC(2) Pause Young (Normal) (G1 Evacuation Pause) 123M->13M(2048M) 20.181ms
[2025-03-04T03:57:43.468+0000][7][gc,cpu      ] GC(2) User=0.13s Sys=0.00s Real=0.02s
[2025-03-04T03:57:43.468+0000][7][safepoint   ] Safepoint "G1CollectForAllocation", Time since last: 577947325 ns, Reaching safepoint: 6637 ns, Cleanup: 62364 ns, At safepoint: 20907760 ns, Total: 20976761 ns
[2025-03-04T03:57:44.471+0000][7][safepoint   ] Safepoint "Cleanup", Time since last: 1001981909 ns, Reaching safepoint: 761893 ns, Cleanup: 107845 ns, At safepoint: 37123 ns, Total: 906861 ns
[2025-03-04T03:57:44.818+0000][7][gc,start    ] GC(3) Pause Young (Concurrent Start) (Metadata GC Threshold)
[2025-03-04T03:57:44.818+0000][7][gc,task     ] GC(3) Using 13 workers of 13 for evacuation
[2025-03-04T03:57:44.818+0000][7][gc,age      ] GC(3) Desired survivor size 81788928 bytes, new threshold 15 (max threshold 15)
[2025-03-04T03:57:44.827+0000][7][gc,phases   ] GC(3)   Pre Evacuate Collection Set: 1.11ms
[2025-03-04T03:57:44.827+0000][7][gc,phases   ] GC(3)   Merge Heap Roots: 0.18ms
[2025-03-04T03:57:44.827+0000][7][gc,phases   ] GC(3)   Evacuate Collection Set: 4.93ms
[2025-03-04T03:57:44.828+0000][7][gc,phases   ] GC(3)   Post Evacuate Collection Set: 1.77ms
[2025-03-04T03:57:44.828+0000][7][gc,phases   ] GC(3)   Other: 0.61ms
[2025-03-04T03:57:44.828+0000][7][gc,age      ] GC(3) Age table with threshold 15 (max threshold 15)
[2025-03-04T03:57:44.828+0000][7][gc,age      ] GC(3) - age   1:    6079184 bytes,    6079184 total
[2025-03-04T03:57:44.829+0000][7][gc,age      ] GC(3) - age   2:    1901816 bytes,    7981000 total
[2025-03-04T03:57:44.829+0000][7][gc,age      ] GC(3) - age   3:    1925064 bytes,    9906064 total
[2025-03-04T03:57:44.829+0000][7][gc,heap     ] GC(3) Eden regions: 166->0(304)
[2025-03-04T03:57:44.829+0000][7][gc,heap     ] GC(3) Survivor regions: 2->3(39)
[2025-03-04T03:57:44.829+0000][7][gc,heap     ] GC(3) Old regions: 3->3
[2025-03-04T03:57:44.830+0000][7][gc,heap     ] GC(3) Humongous regions: 0->0
[2025-03-04T03:57:44.830+0000][7][gc,metaspace] GC(3) Metaspace: 21025K(21504K)->21025K(21504K) NonClass: 18471K(18752K)->18471K(18752K) Class: 2553K(2752K)->2553K(2752K)
[2025-03-04T03:57:44.830+0000][7][gc          ] GC(3) Pause Young (Concurrent Start) (Metadata GC Threshold) 677M->18M(2048M) 12.128ms
[2025-03-04T03:57:44.830+0000][7][gc,cpu      ] GC(3) User=0.03s Sys=0.00s Real=0.01s
[2025-03-04T03:57:44.830+0000][7][gc          ] GC(4) Concurrent Mark Cycle
[2025-03-04T03:57:44.831+0000][7][gc,marking  ] GC(4) Concurrent Scan Root Regions
[2025-03-04T03:57:44.831+0000][7][safepoint   ] Safepoint "CollectForMetadataAllocation", Time since last: 346823606 ns, Reaching safepoint: 5033 ns, Cleanup: 25351 ns, At safepoint: 12799359 ns, Total: 12829743 ns
[2025-03-04T03:57:44.833+0000][7][gc,marking  ] GC(4) Concurrent Scan Root Regions 2.580ms
[2025-03-04T03:57:44.834+0000][7][gc,marking  ] GC(4) Concurrent Mark
[2025-03-04T03:57:44.834+0000][7][gc,marking  ] GC(4) Concurrent Mark From Roots
[2025-03-04T03:57:44.834+0000][7][gc,task     ] GC(4) Using 3 workers of 3 for marking
[2025-03-04T03:57:44.842+0000][7][gc,marking  ] GC(4) Concurrent Mark From Roots 7.863ms
[2025-03-04T03:57:44.842+0000][7][gc,marking  ] GC(4) Concurrent Preclean
[2025-03-04T03:57:44.842+0000][7][gc,marking  ] GC(4) Concurrent Preclean 0.285ms
[2025-03-04T03:57:44.843+0000][7][gc,start    ] GC(4) Pause Remark
[2025-03-04T03:57:44.847+0000][7][gc          ] GC(4) Pause Remark 22M->22M(2048M) 4.577ms
[2025-03-04T03:57:44.848+0000][7][gc,cpu      ] GC(4) User=0.02s Sys=0.00s Real=0.00s
[2025-03-04T03:57:44.848+0000][7][safepoint   ] Safepoint "G1PauseRemark", Time since last: 11821881 ns, Reaching safepoint: 247722 ns, Cleanup: 6769 ns, At safepoint: 5022085 ns, Total: 5276576 ns
[2025-03-04T03:57:44.848+0000][7][gc,marking  ] GC(4) Concurrent Mark 14.453ms
[2025-03-04T03:57:44.848+0000][7][gc,marking  ] GC(4) Concurrent Rebuild Remembered Sets and Scrub Regions
[2025-03-04T03:57:44.851+0000][7][gc,marking  ] GC(4) Concurrent Rebuild Remembered Sets and Scrub Regions 2.807ms
[2025-03-04T03:57:44.851+0000][7][gc,start    ] GC(4) Pause Cleanup
[2025-03-04T03:57:44.852+0000][7][gc          ] GC(4) Pause Cleanup 22M->22M(2048M) 0.700ms
[2025-03-04T03:57:44.852+0000][7][gc,cpu      ] GC(4) User=0.00s Sys=0.00s Real=0.01s
[2025-03-04T03:57:44.852+0000][7][safepoint   ] Safepoint "G1PauseCleanup", Time since last: 3472650 ns, Reaching safepoint: 3178 ns, Cleanup: 2515 ns, At safepoint: 1079756 ns, Total: 1085449 ns
[2025-03-04T03:57:44.853+0000][7][gc,marking  ] GC(4) Concurrent Clear Claimed Marks
[2025-03-04T03:57:44.853+0000][7][gc,marking  ] GC(4) Concurrent Clear Claimed Marks 0.219ms
[2025-03-04T03:57:44.853+0000][7][gc,marking  ] GC(4) Concurrent Cleanup for Next Mark
[2025-03-04T03:57:44.855+0000][7][gc,marking  ] GC(4) Concurrent Cleanup for Next Mark 1.449ms
[2025-03-04T03:57:44.855+0000][7][gc          ] GC(4) Concurrent Mark Cycle 24.782ms
[2025-03-04T03:57:45.982+0000][7][safepoint   ] Safepoint "Cleanup", Time since last: 1129006110 ns, Reaching safepoint: 3289 ns, Cleanup: 100457 ns, At safepoint: 36006 ns, Total: 139752 ns
[2025-03-04T03:57:46.984+0000][7][safepoint   ] Safepoint "ICBufferFull", Time since last: 1001499741 ns, Reaching safepoint: 876134 ns, Cleanup: 133942 ns, At safepoint: 86618 ns, Total: 1096694 ns
[2025-03-04T03:57:48.000+0000][7][safepoint   ] Safepoint "Cleanup", Time since last: 1009883624 ns, Reaching safepoint: 927553 ns, Cleanup: 74324 ns, At safepoint: 4869902 ns, Total: 5871779 ns
[2025-03-04T03:57:49.017+0000][7][safepoint   ] Safepoint "Cleanup", Time since last: 1016072445 ns, Reaching safepoint: 1041608 ns, Cleanup: 48509 ns, At safepoint: 52932 ns, Total: 1143049 ns
[2025-03-04T03:57:49.455+0000][7][gc,start    ] GC(5) Pause Young (Prepare Mixed) (Metadata GC Threshold)
[2025-03-04T03:57:49.455+0000][7][gc,task     ] GC(5) Using 13 workers of 13 for evacuation
[2025-03-04T03:57:49.456+0000][7][gc,age      ] GC(5) Desired survivor size 81788928 bytes, new threshold 15 (max threshold 15)
[2025-03-04T03:57:49.476+0000][7][gc,phases   ] GC(5)   Pre Evacuate Collection Set: 0.61ms
[2025-03-04T03:57:49.476+0000][7][gc,phases   ] GC(5)   Merge Heap Roots: 0.30ms
[2025-03-04T03:57:49.476+0000][7][gc,phases   ] GC(5)   Evacuate Collection Set: 16.01ms
[2025-03-04T03:57:49.476+0000][7][gc,phases   ] GC(5)   Post Evacuate Collection Set: 2.83ms
[2025-03-04T03:57:49.477+0000][7][gc,phases   ] GC(5)   Other: 0.53ms
[2025-03-04T03:57:49.477+0000][7][gc,age      ] GC(5) Age table with threshold 15 (max threshold 15)
[2025-03-04T03:57:49.477+0000][7][gc,age      ] GC(5) - age   1:   28755720 bytes,   28755720 total
[2025-03-04T03:57:49.477+0000][7][gc,age      ] GC(5) - age   2:    5970080 bytes,   34725800 total
[2025-03-04T03:57:49.477+0000][7][gc,age      ] GC(5) - age   3:    1887192 bytes,   36612992 total
[2025-03-04T03:57:49.478+0000][7][gc,age      ] GC(5) - age   4:    1849136 bytes,   38462128 total
[2025-03-04T03:57:49.478+0000][7][gc,heap     ] GC(5) Eden regions: 174->0(244)
[2025-03-04T03:57:49.478+0000][7][gc,heap     ] GC(5) Survivor regions: 3->10(39)
[2025-03-04T03:57:49.478+0000][7][gc,heap     ] GC(5) Old regions: 3->3
[2025-03-04T03:57:49.478+0000][7][gc,heap     ] GC(5) Humongous regions: 0->0
[2025-03-04T03:57:49.479+0000][7][gc,metaspace] GC(5) Metaspace: 35124K(36096K)->35124K(36096K) NonClass: 30496K(31040K)->30496K(31040K) Class: 4627K(5056K)->4627K(5056K)
[2025-03-04T03:57:49.479+0000][7][gc          ] GC(5) Pause Young (Prepare Mixed) (Metadata GC Threshold) 712M->47M(2048M) 23.995ms
[2025-03-04T03:57:49.479+0000][7][gc,cpu      ] GC(5) User=0.16s Sys=0.00s Real=0.02s
[2025-03-04T03:57:49.480+0000][7][safepoint   ] Safepoint "CollectForMetadataAllocation", Time since last: 437372901 ns, Reaching safepoint: 497788 ns, Cleanup: 28304 ns, At safepoint: 24899844 ns, Total: 25425936 ns
[2025-03-04T03:57:49.512+0000][7][gc,start    ] GC(6) Pause Young (Mixed) (Metadata GC Threshold)
[2025-03-04T03:57:49.513+0000][7][gc,task     ] GC(6) Using 13 workers of 13 for evacuation
[2025-03-04T03:57:49.513+0000][7][gc,age      ] GC(6) Desired survivor size 67108864 bytes, new threshold 15 (max threshold 15)
[2025-03-04T03:57:49.532+0000][7][gc,phases   ] GC(6)   Pre Evacuate Collection Set: 0.95ms
[2025-03-04T03:57:49.532+0000][7][gc,phases   ] GC(6)   Merge Heap Roots: 0.62ms
[2025-03-04T03:57:49.532+0000][7][gc,phases   ] GC(6)   Evacuate Collection Set: 14.78ms
[2025-03-04T03:57:49.532+0000][7][gc,phases   ] GC(6)   Post Evacuate Collection Set: 2.21ms
[2025-03-04T03:57:49.533+0000][7][gc,phases   ] GC(6)   Other: 0.62ms
[2025-03-04T03:57:49.533+0000][7][gc,age      ] GC(6) Age table with threshold 15 (max threshold 15)
[2025-03-04T03:57:49.533+0000][7][gc,age      ] GC(6) - age   1:      72096 bytes,      72096 total
[2025-03-04T03:57:49.533+0000][7][gc,age      ] GC(6) - age   2:   28598672 bytes,   28670768 total
[2025-03-04T03:57:49.534+0000][7][gc,age      ] GC(6) - age   3:    5970048 bytes,   34640816 total
[2025-03-04T03:57:49.534+0000][7][gc,age      ] GC(6) - age   4:    1887192 bytes,   36528008 total
[2025-03-04T03:57:49.534+0000][7][gc,age      ] GC(6) - age   5:    1849136 bytes,   38377144 total
[2025-03-04T03:57:49.534+0000][7][gc,heap     ] GC(6) Eden regions: 2->0(59)
[2025-03-04T03:57:49.534+0000][7][gc,heap     ] GC(6) Survivor regions: 10->11(32)
[2025-03-04T03:57:49.535+0000][7][gc,heap     ] GC(6) Old regions: 3->3
[2025-03-04T03:57:49.535+0000][7][gc,heap     ] GC(6) Humongous regions: 0->0
[2025-03-04T03:57:49.535+0000][7][gc,metaspace] GC(6) Metaspace: 35483K(36416K)->35483K(36416K) NonClass: 30813K(31360K)->30813K(31360K) Class: 4669K(5056K)->4669K(5056K)
[2025-03-04T03:57:49.535+0000][7][gc          ] GC(6) Pause Young (Mixed) (Metadata GC Threshold) 53M->49M(2048M) 22.978ms
[2025-03-04T03:57:49.535+0000][7][gc,cpu      ] GC(6) User=0.15s Sys=0.00s Real=0.02s
[2025-03-04T03:57:49.536+0000][7][safepoint   ] Safepoint "CollectForMetadataAllocation", Time since last: 32186350 ns, Reaching safepoint: 6733 ns, Cleanup: 14652 ns, At safepoint: 23733833 ns, Total: 23755218 ns
[2025-03-04T03:57:49.550+0000][7][gc,start    ] GC(7) Pause Young (Concurrent Start) (Metadata GC Threshold)
[2025-03-04T03:57:49.550+0000][7][gc,task     ] GC(7) Using 13 workers of 13 for evacuation
[2025-03-04T03:57:49.550+0000][7][gc,age      ] GC(7) Desired survivor size 18874368 bytes, new threshold 2 (max threshold 15)
[2025-03-04T03:57:49.566+0000][7][gc,phases   ] GC(7)   Pre Evacuate Collection Set: 0.85ms
[2025-03-04T03:57:49.566+0000][7][gc,phases   ] GC(7)   Merge Heap Roots: 0.52ms
[2025-03-04T03:57:49.566+0000][7][gc,phases   ] GC(7)   Evacuate Collection Set: 12.07ms
[2025-03-04T03:57:49.566+0000][7][gc,phases   ] GC(7)   Post Evacuate Collection Set: 1.39ms
[2025-03-04T03:57:49.566+0000][7][gc,phases   ] GC(7)   Other: 0.80ms
[2025-03-04T03:57:49.567+0000][7][gc,age      ] GC(7) Age table with threshold 2 (max threshold 15)
[2025-03-04T03:57:49.567+0000][7][gc,age      ] GC(7) - age   1:      68272 bytes,      68272 total
[2025-03-04T03:57:49.567+0000][7][gc,age      ] GC(7) - age   2:      58976 bytes,     127248 total
[2025-03-04T03:57:49.567+0000][7][gc,heap     ] GC(7) Eden regions: 1->0(305)
[2025-03-04T03:57:49.567+0000][7][gc,heap     ] GC(7) Survivor regions: 11->2(9)
[2025-03-04T03:57:49.568+0000][7][gc,heap     ] GC(7) Old regions: 3->12
[2025-03-04T03:57:49.568+0000][7][gc,heap     ] GC(7) Humongous regions: 0->0
[2025-03-04T03:57:49.568+0000][7][gc,metaspace] GC(7) Metaspace: 35755K(36736K)->35755K(36736K) NonClass: 31064K(31616K)->31064K(31616K) Class: 4690K(5120K)->4690K(5120K)
[2025-03-04T03:57:49.568+0000][7][gc          ] GC(7) Pause Young (Concurrent Start) (Metadata GC Threshold) 53M->51M(2048M) 18.411ms
[2025-03-04T03:57:49.568+0000][7][gc,cpu      ] GC(7) User=0.13s Sys=0.00s Real=0.02s
[2025-03-04T03:57:49.568+0000][7][gc          ] GC(8) Concurrent Mark Cycle
[2025-03-04T03:57:49.569+0000][7][gc,marking  ] GC(8) Concurrent Scan Root Regions
[2025-03-04T03:57:49.569+0000][7][safepoint   ] Safepoint "CollectForMetadataAllocation", Time since last: 13784376 ns, Reaching safepoint: 4459 ns, Cleanup: 8544 ns, At safepoint: 19070329 ns, Total: 19083332 ns
[2025-03-04T03:57:49.580+0000][7][gc,marking  ] GC(8) Concurrent Scan Root Regions 10.753ms
[2025-03-04T03:57:49.580+0000][7][gc,marking  ] GC(8) Concurrent Mark
[2025-03-04T03:57:49.580+0000][7][gc,marking  ] GC(8) Concurrent Mark From Roots
[2025-03-04T03:57:49.580+0000][7][gc,task     ] GC(8) Using 3 workers of 3 for marking
[2025-03-04T03:57:49.587+0000][7][gc,marking  ] GC(8) Concurrent Mark From Roots 7.406ms
[2025-03-04T03:57:49.588+0000][7][gc,marking  ] GC(8) Concurrent Preclean
[2025-03-04T03:57:49.588+0000][7][gc,marking  ] GC(8) Concurrent Preclean 0.245ms
[2025-03-04T03:57:49.589+0000][7][gc,start    ] GC(8) Pause Remark
[2025-03-04T03:57:49.598+0000][7][gc          ] GC(8) Pause Remark 53M->53M(2048M) 8.445ms
[2025-03-04T03:57:49.599+0000][7][gc,cpu      ] GC(8) User=0.03s Sys=0.00s Real=0.01s
[2025-03-04T03:57:49.599+0000][7][safepoint   ] Safepoint "G1PauseRemark", Time since last: 19681131 ns, Reaching safepoint: 645456 ns, Cleanup: 10077 ns, At safepoint: 9897741 ns, Total: 10553274 ns
[2025-03-04T03:57:49.599+0000][7][gc,marking  ] GC(8) Concurrent Mark 19.509ms
[2025-03-04T03:57:49.599+0000][7][gc,marking  ] GC(8) Concurrent Rebuild Remembered Sets and Scrub Regions
[2025-03-04T03:57:49.612+0000][7][gc,marking  ] GC(8) Concurrent Rebuild Remembered Sets and Scrub Regions 12.370ms
[2025-03-04T03:57:49.613+0000][7][gc,start    ] GC(8) Pause Cleanup
[2025-03-04T03:57:49.614+0000][7][gc          ] GC(8) Pause Cleanup 53M->53M(2048M) 0.654ms
[2025-03-04T03:57:49.614+0000][7][gc,cpu      ] GC(8) User=0.00s Sys=0.00s Real=0.00s
[2025-03-04T03:57:49.614+0000][7][safepoint   ] Safepoint "G1PauseCleanup", Time since last: 13143603 ns, Reaching safepoint: 821763 ns, Cleanup: 10514 ns, At safepoint: 1285376 ns, Total: 2117653 ns
[2025-03-04T03:57:49.615+0000][7][gc,marking  ] GC(8) Concurrent Clear Claimed Marks
[2025-03-04T03:57:49.615+0000][7][gc,marking  ] GC(8) Concurrent Clear Claimed Marks 0.293ms
[2025-03-04T03:57:49.615+0000][7][gc,marking  ] GC(8) Concurrent Cleanup for Next Mark
[2025-03-04T03:57:49.617+0000][7][gc,marking  ] GC(8) Concurrent Cleanup for Next Mark 2.267ms
[2025-03-04T03:57:49.618+0000][7][gc          ] GC(8) Concurrent Mark Cycle 49.202ms
[2025-03-04T03:57:51.110+0000][7][safepoint   ] Safepoint "Cleanup", Time since last: 1495840935 ns, Reaching safepoint: 4312 ns, Cleanup: 111580 ns, At safepoint: 7076 ns, Total: 122968 ns
[2025-03-04T03:57:52.172+0000][7][safepoint   ] Safepoint "Cleanup", Time since last: 1052761656 ns, Reaching safepoint: 8972595 ns, Cleanup: 155192 ns, At safepoint: 97208 ns, Total: 9224995 ns
[2025-03-04T03:57:53.177+0000][7][safepoint   ] Safepoint "Cleanup", Time since last: 1001926124 ns, Reaching safepoint: 2902713 ns, Cleanup: 46029 ns, At safepoint: 25821 ns, Total: 2974563 ns
[2025-03-04T03:57:54.620+0000][7][safepoint   ] Safepoint "ICBufferFull", Time since last: 1442764848 ns, Reaching safepoint: 8066 ns, Cleanup: 199433 ns, At safepoint: 18073 ns, Total: 225572 ns
[2025-03-04T03:57:55.275+0000][7][gc,start    ] GC(9) Pause Young (Concurrent Start) (Metadata GC Threshold)
[2025-03-04T03:57:55.275+0000][7][gc,task     ] GC(9) Using 13 workers of 13 for evacuation
[2025-03-04T03:57:55.275+0000][7][gc,age      ] GC(9) Desired survivor size 81788928 bytes, new threshold 15 (max threshold 15)
[2025-03-04T03:57:55.290+0000][7][gc,phases   ] GC(9)   Pre Evacuate Collection Set: 0.60ms
[2025-03-04T03:57:55.291+0000][7][gc,phases   ] GC(9)   Merge Heap Roots: 0.47ms
[2025-03-04T03:57:55.291+0000][7][gc,phases   ] GC(9)   Evacuate Collection Set: 10.19ms
[2025-03-04T03:57:55.291+0000][7][gc,phases   ] GC(9)   Post Evacuate Collection Set: 3.37ms
[2025-03-04T03:57:55.291+0000][7][gc,phases   ] GC(9)   Other: 0.91ms
[2025-03-04T03:57:55.292+0000][7][gc,age      ] GC(9) Age table with threshold 15 (max threshold 15)
[2025-03-04T03:57:55.292+0000][7][gc,age      ] GC(9) - age   1:   12484464 bytes,   12484464 total
[2025-03-04T03:57:55.292+0000][7][gc,age      ] GC(9) - age   2:      27640 bytes,   12512104 total
[2025-03-04T03:57:55.292+0000][7][gc,age      ] GC(9) - age   3:      57120 bytes,   12569224 total
[2025-03-04T03:57:55.293+0000][7][gc,heap     ] GC(9) Eden regions: 117->0(303)
[2025-03-04T03:57:55.293+0000][7][gc,heap     ] GC(9) Survivor regions: 2->4(39)
[2025-03-04T03:57:55.293+0000][7][gc,heap     ] GC(9) Old regions: 12->12
[2025-03-04T03:57:55.293+0000][7][gc,heap     ] GC(9) Humongous regions: 0->0
[2025-03-04T03:57:55.294+0000][7][gc,metaspace] GC(9) Metaspace: 60292K(61568K)->60292K(61568K) NonClass: 52082K(52864K)->52082K(52864K) Class: 8210K(8704K)->8210K(8704K)
[2025-03-04T03:57:55.294+0000][7][gc          ] GC(9) Pause Young (Concurrent Start) (Metadata GC Threshold) 517M->59M(2048M) 19.602ms
[2025-03-04T03:57:55.294+0000][7][gc,cpu      ] GC(9) User=0.11s Sys=0.00s Real=0.02s
[2025-03-04T03:57:55.294+0000][7][gc          ] GC(10) Concurrent Mark Cycle
[2025-03-04T03:57:55.295+0000][7][gc,marking  ] GC(10) Concurrent Scan Root Regions
[2025-03-04T03:57:55.295+0000][7][safepoint   ] Safepoint "CollectForMetadataAllocation", Time since last: 654275275 ns, Reaching safepoint: 6521 ns, Cleanup: 120931 ns, At safepoint: 20771387 ns, Total: 20898839 ns
[2025-03-04T03:57:55.302+0000][7][gc,marking  ] GC(10) Concurrent Scan Root Regions 6.652ms
[2025-03-04T03:57:55.302+0000][7][gc,marking  ] GC(10) Concurrent Mark
[2025-03-04T03:57:55.302+0000][7][gc,marking  ] GC(10) Concurrent Mark From Roots
[2025-03-04T03:57:55.302+0000][7][gc,task     ] GC(10) Using 3 workers of 3 for marking
[2025-03-04T03:57:55.348+0000][7][gc,marking  ] GC(10) Concurrent Mark From Roots 46.237ms
[2025-03-04T03:57:55.349+0000][7][gc,marking  ] GC(10) Concurrent Preclean
[2025-03-04T03:57:55.349+0000][7][gc,marking  ] GC(10) Concurrent Preclean 0.385ms
[2025-03-04T03:57:55.349+0000][7][gc,start    ] GC(10) Pause Remark
[2025-03-04T03:57:55.358+0000][7][gc          ] GC(10) Pause Remark 63M->63M(2048M) 8.091ms
[2025-03-04T03:57:55.358+0000][7][gc,cpu      ] GC(10) User=0.03s Sys=0.00s Real=0.01s
[2025-03-04T03:57:55.358+0000][7][safepoint   ] Safepoint "G1PauseRemark", Time since last: 54158344 ns, Reaching safepoint: 5103 ns, Cleanup: 2346 ns, At safepoint: 8472072 ns, Total: 8479521 ns
[2025-03-04T03:57:55.358+0000][7][gc,marking  ] GC(10) Concurrent Mark 56.472ms
[2025-03-04T03:57:55.359+0000][7][gc,marking  ] GC(10) Concurrent Rebuild Remembered Sets and Scrub Regions
[2025-03-04T03:57:55.374+0000][7][gc,marking  ] GC(10) Concurrent Rebuild Remembered Sets and Scrub Regions 15.232ms
[2025-03-04T03:57:55.375+0000][7][gc,start    ] GC(10) Pause Cleanup
[2025-03-04T03:57:55.376+0000][7][gc          ] GC(10) Pause Cleanup 65M->65M(2048M) 0.823ms
[2025-03-04T03:57:55.376+0000][7][gc,cpu      ] GC(10) User=0.00s Sys=0.00s Real=0.00s
[2025-03-04T03:57:55.376+0000][7][safepoint   ] Safepoint "G1PauseCleanup", Time since last: 16328057 ns, Reaching safepoint: 654686 ns, Cleanup: 10328 ns, At safepoint: 1319557 ns, Total: 1984571 ns
[2025-03-04T03:57:55.377+0000][7][gc,marking  ] GC(10) Concurrent Clear Claimed Marks
[2025-03-04T03:57:55.377+0000][7][gc,marking  ] GC(10) Concurrent Clear Claimed Marks 0.247ms
[2025-03-04T03:57:55.377+0000][7][gc,marking  ] GC(10) Concurrent Cleanup for Next Mark
[2025-03-04T03:57:55.379+0000][7][gc,marking  ] GC(10) Concurrent Cleanup for Next Mark 2.031ms
[2025-03-04T03:57:55.379+0000][7][gc          ] GC(10) Concurrent Mark Cycle 84.938ms
[2025-03-04T03:57:56.512+0000][7][safepoint   ] Safepoint "Cleanup", Time since last: 1135194250 ns, Reaching safepoint: 2399 ns, Cleanup: 80675 ns, At safepoint: 49998 ns, Total: 133072 ns
[2025-03-04T03:57:57.625+0000][7][safepoint   ] Safepoint "ICBufferFull", Time since last: 1113759821 ns, Reaching safepoint: 4746 ns, Cleanup: 111434 ns, At safepoint: 6711 ns, Total: 122891 ns
[2025-03-04T03:57:58.574+0000][7][safepoint   ] Safepoint "ICBufferFull", Time since last: 946566086 ns, Reaching safepoint: 1311262 ns, Cleanup: 112274 ns, At safepoint: 215366 ns, Total: 1638902 ns
[2025-03-04T03:57:58.909+0000][7][safepoint   ] Safepoint "ICBufferFull", Time since last: 334814461 ns, Reaching safepoint: 630533 ns, Cleanup: 235487 ns, At safepoint: 60841 ns, Total: 926861 ns
[2025-03-04T03:58:00.034+0000][7][safepoint   ] Safepoint "Cleanup", Time since last: 1124630892 ns, Reaching safepoint: 15885 ns, Cleanup: 118232 ns, At safepoint: 17318 ns, Total: 151435 ns
[2025-03-04T03:58:01.211+0000][7][safepoint   ] Safepoint "Cleanup", Time since last: 1175850893 ns, Reaching safepoint: 984741 ns, Cleanup: 104822 ns, At safepoint: 122366 ns, Total: 1211929 ns
[2025-03-04T03:58:02.218+0000][7][safepoint   ] Safepoint "Cleanup", Time since last: 1005765775 ns, Reaching safepoint: 901489 ns, Cleanup: 207875 ns, At safepoint: 135932 ns, Total: 1245296 ns
[2025-03-04T03:58:03.219+0000][7][safepoint   ] Safepoint "Cleanup", Time since last: 1000778684 ns, Reaching safepoint: 19057 ns, Cleanup: 83756 ns, At safepoint: 13256 ns, Total: 116069 ns
[2025-03-04T03:58:04.669+0000][7][safepoint   ] Safepoint "ICBufferFull", Time since last: 1449494291 ns, Reaching safepoint: 16590 ns, Cleanup: 150879 ns, At safepoint: 12058 ns, Total: 179527 ns
[2025-03-04T03:58:05.343+0000][7][safepoint   ] Safepoint "ICBufferFull", Time since last: 673497127 ns, Reaching safepoint: 17359 ns, Cleanup: 180014 ns, At safepoint: 21639 ns, Total: 219012 ns
[2025-03-04T03:58:05.814+0000][7][safepoint   ] Safepoint "ICBufferFull", Time since last: 469152587 ns, Reaching safepoint: 1248056 ns, Cleanup: 161951 ns, At safepoint: 984088 ns, Total: 2394095 ns
[2025-03-04T03:58:06.373+0000][7][safepoint   ] Safepoint "ICBufferFull", Time since last: 557725668 ns, Reaching safepoint: 1331930 ns, Cleanup: 188026 ns, At safepoint: 128178 ns, Total: 1648134 ns
[2025-03-04T03:58:07.211+0000][7][safepoint   ] Safepoint "ICBufferFull", Time since last: 837326706 ns, Reaching safepoint: 129764 ns, Cleanup: 143234 ns, At safepoint: 255883 ns, Total: 528881 ns
[2025-03-04T03:58:08.213+0000][7][safepoint   ] Safepoint "Cleanup", Time since last: 1001560571 ns, Reaching safepoint: 16685 ns, Cleanup: 54818 ns, At safepoint: 7313 ns, Total: 78816 ns
[2025-03-04T03:58:09.219+0000][7][safepoint   ] Safepoint "Cleanup", Time since last: 1000923073 ns, Reaching safepoint: 13183 ns, Cleanup: 26391 ns, At safepoint: 6201 ns, Total: 45775 ns
[2025-03-04T03:58:10.220+0000][7][safepoint   ] Safepoint "Cleanup", Time since last: 1001130405 ns, Reaching safepoint: 13624 ns, Cleanup: 31753 ns, At safepoint: 7826 ns, Total: 53203 ns
[2025-03-04T03:58:10.487+0000][7][gc,start    ] GC(11) Pause Young (Concurrent Start) (Metadata GC Threshold)
[2025-03-04T03:58:10.488+0000][7][gc,task     ] GC(11) Using 13 workers of 13 for evacuation
[2025-03-04T03:58:10.488+0000][7][gc,age      ] GC(11) Desired survivor size 81788928 bytes, new threshold 15 (max threshold 15)
[2025-03-04T03:58:10.537+0000][7][gc,phases   ] GC(11)   Pre Evacuate Collection Set: 0.71ms
[2025-03-04T03:58:10.537+0000][7][gc,phases   ] GC(11)   Merge Heap Roots: 0.85ms
[2025-03-04T03:58:10.538+0000][7][gc,phases   ] GC(11)   Evacuate Collection Set: 39.58ms
[2025-03-04T03:58:10.538+0000][7][gc,phases   ] GC(11)   Post Evacuate Collection Set: 7.50ms
[2025-03-04T03:58:10.538+0000][7][gc,phases   ] GC(11)   Other: 0.81ms
[2025-03-04T03:58:10.538+0000][7][gc,age      ] GC(11) Age table with threshold 15 (max threshold 15)
[2025-03-04T03:58:10.539+0000][7][gc,age      ] GC(11) - age   1:   72261472 bytes,   72261472 total
[2025-03-04T03:58:10.539+0000][7][gc,age      ] GC(11) - age   2:   11739616 bytes,   84001088 total
[2025-03-04T03:58:10.539+0000][7][gc,age      ] GC(11) - age   3:      27272 bytes,   84028360 total
[2025-03-04T03:58:10.540+0000][7][gc,age      ] GC(11) - age   4:      56272 bytes,   84084632 total
[2025-03-04T03:58:10.540+0000][7][gc,heap     ] GC(11) Eden regions: 161->0(195)
[2025-03-04T03:58:10.540+0000][7][gc,heap     ] GC(11) Survivor regions: 4->22(39)
[2025-03-04T03:58:10.541+0000][7][gc,heap     ] GC(11) Old regions: 12->12
[2025-03-04T03:58:10.541+0000][7][gc,heap     ] GC(11) Humongous regions: 2->2
[2025-03-04T03:58:10.541+0000][7][gc,metaspace] GC(11) Metaspace: 100523K(103168K)->100523K(103168K) NonClass: 86227K(87744K)->86227K(87744K) Class: 14296K(15424K)->14296K(15424K)
[2025-03-04T03:58:10.542+0000][7][gc          ] GC(11) Pause Young (Concurrent Start) (Metadata GC Threshold) 711M->139M(2048M) 54.586ms
[2025-03-04T03:58:10.542+0000][7][gc,cpu      ] GC(11) User=0.29s Sys=0.00s Real=0.05s
[2025-03-04T03:58:10.542+0000][7][gc          ] GC(12) Concurrent Mark Cycle
[2025-03-04T03:58:10.543+0000][7][gc,marking  ] GC(12) Concurrent Scan Root Regions
[2025-03-04T03:58:10.543+0000][7][safepoint   ] Safepoint "CollectForMetadataAllocation", Time since last: 265989146 ns, Reaching safepoint: 964134 ns, Cleanup: 55561 ns, At safepoint: 56254996 ns, Total: 57274691 ns
[2025-03-04T03:58:10.571+0000][7][gc,marking  ] GC(12) Concurrent Scan Root Regions 28.410ms
[2025-03-04T03:58:10.571+0000][7][gc,marking  ] GC(12) Concurrent Mark
[2025-03-04T03:58:10.572+0000][7][gc,marking  ] GC(12) Concurrent Mark From Roots
[2025-03-04T03:58:10.572+0000][7][gc,task     ] GC(12) Using 3 workers of 3 for marking
[2025-03-04T03:58:10.581+0000][7][safepoint   ] Safepoint "CollectForMetadataAllocation", Time since last: 37169796 ns, Reaching safepoint: 137891 ns, Cleanup: 16228 ns, At safepoint: 485014 ns, Total: 639133 ns
[2025-03-04T03:58:10.583+0000][7][safepoint   ] Safepoint "CollectForMetadataAllocation", Time since last: 1161758 ns, Reaching safepoint: 201351 ns, Cleanup: 4753 ns, At safepoint: 132884 ns, Total: 338988 ns
[2025-03-04T03:58:10.628+0000][7][gc,marking  ] GC(12) Concurrent Mark From Roots 55.832ms
[2025-03-04T03:58:10.628+0000][7][gc,marking  ] GC(12) Concurrent Preclean
[2025-03-04T03:58:10.628+0000][7][gc,marking  ] GC(12) Concurrent Preclean 0.587ms
[2025-03-04T03:58:10.631+0000][7][gc,start    ] GC(12) Pause Remark
[2025-03-04T03:58:10.643+0000][7][gc          ] GC(12) Pause Remark 167M->167M(2048M) 11.513ms
[2025-03-04T03:58:10.643+0000][7][gc,cpu      ] GC(12) User=0.04s Sys=0.01s Real=0.01s
[2025-03-04T03:58:10.643+0000][7][safepoint   ] Safepoint "G1PauseRemark", Time since last: 46382114 ns, Reaching safepoint: 1880049 ns, Cleanup: 57699 ns, At safepoint: 12379248 ns, Total: 14316996 ns
[2025-03-04T03:58:10.644+0000][7][gc,marking  ] GC(12) Concurrent Mark 72.295ms
[2025-03-04T03:58:10.644+0000][7][gc,marking  ] GC(12) Concurrent Rebuild Remembered Sets and Scrub Regions
[2025-03-04T03:58:10.665+0000][7][gc,marking  ] GC(12) Concurrent Rebuild Remembered Sets and Scrub Regions 21.181ms
[2025-03-04T03:58:10.666+0000][7][gc,start    ] GC(12) Pause Cleanup
[2025-03-04T03:58:10.667+0000][7][gc          ] GC(12) Pause Cleanup 170M->170M(2048M) 1.026ms
[2025-03-04T03:58:10.667+0000][7][gc,cpu      ] GC(12) User=0.00s Sys=0.00s Real=0.01s
[2025-03-04T03:58:10.668+0000][7][safepoint   ] Safepoint "G1PauseCleanup", Time since last: 22129435 ns, Reaching safepoint: 591256 ns, Cleanup: 21968 ns, At safepoint: 1799741 ns, Total: 2412965 ns
[2025-03-04T03:58:10.668+0000][7][gc,marking  ] GC(12) Concurrent Clear Claimed Marks
[2025-03-04T03:58:10.669+0000][7][gc,marking  ] GC(12) Concurrent Clear Claimed Marks 0.444ms
[2025-03-04T03:58:10.669+0000][7][gc,marking  ] GC(12) Concurrent Cleanup for Next Mark
[2025-03-04T03:58:10.671+0000][7][gc,marking  ] GC(12) Concurrent Cleanup for Next Mark 2.305ms
[2025-03-04T03:58:10.672+0000][7][gc          ] GC(12) Concurrent Mark Cycle 129.578ms
[2025-03-04T03:58:11.669+0000][7][safepoint   ] Safepoint "Cleanup", Time since last: 1000991582 ns, Reaching safepoint: 16392 ns, Cleanup: 30763 ns, At safepoint: 8289 ns, Total: 55444 ns
[2025-03-04T03:58:12.670+0000][7][safepoint   ] Safepoint "Cleanup", Time since last: 1000991541 ns, Reaching safepoint: 18705 ns, Cleanup: 20151 ns, At safepoint: 9235 ns, Total: 48091 ns
[2025-03-04T03:58:13.671+0000][7][safepoint   ] Safepoint "Cleanup", Time since last: 1001010866 ns, Reaching safepoint: 19889 ns, Cleanup: 35323 ns, At safepoint: 9531 ns, Total: 64743 ns
[2025-03-04T03:58:14.923+0000][7][safepoint   ] Safepoint "Cleanup", Time since last: 1251958806 ns, Reaching safepoint: 15838 ns, Cleanup: 101846 ns, At safepoint: 9445 ns, Total: 127129 ns
[2025-03-04T03:58:15.924+0000][7][safepoint   ] Safepoint "Cleanup", Time since last: 1000914438 ns, Reaching safepoint: 21748 ns, Cleanup: 142529 ns, At safepoint: 11848 ns, Total: 176125 ns
[2025-03-04T03:58:16.925+0000][7][safepoint   ] Safepoint "Cleanup", Time since last: 1000627744 ns, Reaching safepoint: 18361 ns, Cleanup: 87551 ns, At safepoint: 7417 ns, Total: 113329 ns
[2025-03-04T03:58:17.926+0000][7][safepoint   ] Safepoint "Cleanup", Time since last: 1001157976 ns, Reaching safepoint: 23341 ns, Cleanup: 41387 ns, At safepoint: 14863 ns, Total: 79591 ns
[2025-03-04T03:58:18.927+0000][7][safepoint   ] Safepoint "Cleanup", Time since last: 1000928953 ns, Reaching safepoint: 50643 ns, Cleanup: 27670 ns, At safepoint: 12911 ns, Total: 91224 ns
[2025-03-04T03:58:19.929+0000][7][safepoint   ] Safepoint "Cleanup", Time since last: 1000657970 ns, Reaching safepoint: 925290 ns, Cleanup: 45976 ns, At safepoint: 44977 ns, Total: 1016243 ns
[2025-03-04T03:58:20.930+0000][7][safepoint   ] Safepoint "Cleanup", Time since last: 1001107012 ns, Reaching safepoint: 16374 ns, Cleanup: 20670 ns, At safepoint: 8560 ns, Total: 45604 ns
[2025-03-04T03:58:21.931+0000][7][safepoint   ] Safepoint "Cleanup", Time since last: 1000978218 ns, Reaching safepoint: 22413 ns, Cleanup: 15614 ns, At safepoint: 14536 ns, Total: 52563 ns
[2025-03-04T03:58:22.932+0000][7][safepoint   ] Safepoint "Cleanup", Time since last: 1000881555 ns, Reaching safepoint: 22395 ns, Cleanup: 35507 ns, At safepoint: 60525 ns, Total: 118427 ns
[2025-03-04T03:58:23.933+0000][7][safepoint   ] Safepoint "Cleanup", Time since last: 1000902099 ns, Reaching safepoint: 22369 ns, Cleanup: 16476 ns, At safepoint: 13528 ns, Total: 52373 ns
[2025-03-04T03:58:24.934+0000][7][safepoint   ] Safepoint "Cleanup", Time since last: 1000876615 ns, Reaching safepoint: 35984 ns, Cleanup: 12122 ns, At safepoint: 8006 ns, Total: 56112 ns
[2025-03-04T03:58:25.935+0000][7][safepoint   ] Safepoint "Cleanup", Time since last: 1001305842 ns, Reaching safepoint: 27292 ns, Cleanup: 50728 ns, At safepoint: 19564 ns, Total: 97584 ns
[2025-03-04T03:58:26.937+0000][7][safepoint   ] Safepoint "Cleanup", Time since last: 1001851083 ns, Reaching safepoint: 27042 ns, Cleanup: 17580 ns, At safepoint: 11117 ns, Total: 55739 ns
[2025-03-04T03:58:28.939+0000][7][safepoint   ] Safepoint "Cleanup", Time since last: 2001766412 ns, Reaching safepoint: 15836 ns, Cleanup: 41545 ns, At safepoint: 7523 ns, Total: 64904 ns
[2025-03-04T03:58:29.940+0000][7][safepoint   ] Safepoint "Cleanup", Time since last: 1000935486 ns, Reaching safepoint: 17841 ns, Cleanup: 43478 ns, At safepoint: 7063 ns, Total: 68382 ns
[2025-03-04T03:58:30.941+0000][7][safepoint   ] Safepoint "Cleanup", Time since last: 1000790487 ns, Reaching safepoint: 16145 ns, Cleanup: 14676 ns, At safepoint: 7372 ns, Total: 38193 ns
[2025-03-04T03:58:32.943+0000][7][safepoint   ] Safepoint "Cleanup", Time since last: 2002011025 ns, Reaching safepoint: 20962 ns, Cleanup: 32527 ns, At safepoint: 12728 ns, Total: 66217 ns
[2025-03-04T03:58:33.944+0000][7][safepoint   ] Safepoint "Cleanup", Time since last: 1000833762 ns, Reaching safepoint: 17189 ns, Cleanup: 8232 ns, At safepoint: 6893 ns, Total: 32314 ns
[2025-03-04T03:58:34.945+0000][7][safepoint   ] Safepoint "Cleanup", Time since last: 1001004507 ns, Reaching safepoint: 46301 ns, Cleanup: 14756 ns, At safepoint: 11933 ns, Total: 72990 ns
[2025-03-04T03:58:37.498+0000][7][safepoint   ] Safepoint "Cleanup", Time since last: 2552846477 ns, Reaching safepoint: 18573 ns, Cleanup: 36847 ns, At safepoint: 9972 ns, Total: 65392 ns
[2025-03-04T03:58:38.496+0000][7][safepoint   ] Safepoint "Cleanup", Time since last: 1001142654 ns, Reaching safepoint: 15946 ns, Cleanup: 9907 ns, At safepoint: 7062 ns, Total: 32915 ns
[2025-03-04T03:58:40.498+0000][7][safepoint   ] Safepoint "Cleanup", Time since last: 2001881091 ns, Reaching safepoint: 14904 ns, Cleanup: 39352 ns, At safepoint: 7711 ns, Total: 61967 ns
[2025-03-04T03:58:41.499+0000][7][safepoint   ] Safepoint "Cleanup", Time since last: 1000885304 ns, Reaching safepoint: 16046 ns, Cleanup: 9896 ns, At safepoint: 7066 ns, Total: 33008 ns
[2025-03-04T03:58:42.500+0000][7][safepoint   ] Safepoint "Cleanup", Time since last: 1001111806 ns, Reaching safepoint: 19788 ns, Cleanup: 12117 ns, At safepoint: 9039 ns, Total: 40944 ns
[2025-03-04T03:58:43.503+0000][7][safepoint   ] Safepoint "Cleanup", Time since last: 1002893701 ns, Reaching safepoint: 18862 ns, Cleanup: 22501 ns, At safepoint: 11705 ns, Total: 53068 ns
[2025-03-04T03:58:44.504+0000][7][safepoint   ] Safepoint "Cleanup", Time since last: 1000871979 ns, Reaching safepoint: 16515 ns, Cleanup: 8024 ns, At safepoint: 6177 ns, Total: 30716 ns
[2025-03-04T03:58:45.505+0000][7][safepoint   ] Safepoint "Cleanup", Time since last: 1001257970 ns, Reaching safepoint: 29066 ns, Cleanup: 24729 ns, At safepoint: 21654 ns, Total: 75449 ns
[2025-03-04T03:58:49.510+0000][7][safepoint   ] Safepoint "Cleanup", Time since last: 4004595433 ns, Reaching safepoint: 14835 ns, Cleanup: 72789 ns, At safepoint: 6580 ns, Total: 94204 ns
[2025-03-04T03:58:50.511+0000][7][safepoint   ] Safepoint "Cleanup", Time since last: 1001187013 ns, Reaching safepoint: 39274 ns, Cleanup: 16736 ns, At safepoint: 21462 ns, Total: 77472 ns
[2025-03-04T03:58:51.512+0000][7][safepoint   ] Safepoint "Cleanup", Time since last: 1000781153 ns, Reaching safepoint: 16912 ns, Cleanup: 11632 ns, At safepoint: 6803 ns, Total: 35347 ns
[2025-03-04T03:58:52.513+0000][7][safepoint   ] Safepoint "Cleanup", Time since last: 1000930909 ns, Reaching safepoint: 21535 ns, Cleanup: 12421 ns, At safepoint: 9189 ns, Total: 43145 ns
[2025-03-04T03:58:53.514+0000][7][safepoint   ] Safepoint "Cleanup", Time since last: 1001038311 ns, Reaching safepoint: 17374 ns, Cleanup: 22452 ns, At safepoint: 7609 ns, Total: 47435 ns
[2025-03-04T03:58:55.516+0000][7][safepoint   ] Safepoint "Cleanup", Time since last: 2001962134 ns, Reaching safepoint: 122415 ns, Cleanup: 34378 ns, At safepoint: 36723 ns, Total: 193516 ns
[2025-03-04T03:58:56.517+0000][7][safepoint   ] Safepoint "Cleanup", Time since last: 1000756154 ns, Reaching safepoint: 14916 ns, Cleanup: 13885 ns, At safepoint: 6962 ns, Total: 35763 ns
[2025-03-04T03:58:58.519+0000][7][safepoint   ] Safepoint "Cleanup", Time since last: 2001749054 ns, Reaching safepoint: 13907 ns, Cleanup: 10491 ns, At safepoint: 5424 ns, Total: 29822 ns
[2025-03-04T03:58:59.520+0000][7][safepoint   ] Safepoint "Cleanup", Time since last: 1001193516 ns, Reaching safepoint: 38379 ns, Cleanup: 46316 ns, At safepoint: 25445 ns, Total: 110140 ns
[2025-03-04T03:59:01.522+0000][7][safepoint   ] Safepoint "Cleanup", Time since last: 2001883457 ns, Reaching safepoint: 16109 ns, Cleanup: 15420 ns, At safepoint: 6825 ns, Total: 38354 ns
[2025-03-04T03:59:02.523+0000][7][safepoint   ] Safepoint "Cleanup", Time since last: 1001022738 ns, Reaching safepoint: 13755 ns, Cleanup: 21201 ns, At safepoint: 79089 ns, Total: 114045 ns
[2025-03-04T03:59:04.525+0000][7][safepoint   ] Safepoint "Cleanup", Time since last: 2001958983 ns, Reaching safepoint: 76063 ns, Cleanup: 108902 ns, At safepoint: 24835 ns, Total: 209800 ns
[2025-03-04T03:59:05.526+0000][7][safepoint   ] Safepoint "Cleanup", Time since last: 1000522494 ns, Reaching safepoint: 32461 ns, Cleanup: 24140 ns, At safepoint: 5897 ns, Total: 62498 ns
[2025-03-04T03:59:07.528+0000][7][safepoint   ] Safepoint "Cleanup", Time since last: 2001917997 ns, Reaching safepoint: 13371 ns, Cleanup: 11673 ns, At safepoint: 6501 ns, Total: 31545 ns
[2025-03-04T03:59:08.529+0000][7][safepoint   ] Safepoint "Cleanup", Time since last: 1001099700 ns, Reaching safepoint: 20022 ns, Cleanup: 21088 ns, At safepoint: 9429 ns, Total: 50539 ns
[2025-03-04T03:59:09.530+0000][7][safepoint   ] Safepoint "Cleanup", Time since last: 1000873425 ns, Reaching safepoint: 40115 ns, Cleanup: 10101 ns, At safepoint: 7848 ns, Total: 58064 ns
[2025-03-04T03:59:10.531+0000][7][safepoint   ] Safepoint "Cleanup", Time since last: 1000894301 ns, Reaching safepoint: 19655 ns, Cleanup: 28050 ns, At safepoint: 9691 ns, Total: 57396 ns
[2025-03-04T03:59:13.534+0000][7][safepoint   ] Safepoint "Cleanup", Time since last: 3002888969 ns, Reaching safepoint: 14796 ns, Cleanup: 20905 ns, At safepoint: 6899 ns, Total: 42600 ns
[2025-03-04T03:59:14.535+0000][7][safepoint   ] Safepoint "Cleanup", Time since last: 1001087610 ns, Reaching safepoint: 59463 ns, Cleanup: 68837 ns, At safepoint: 22230 ns, Total: 150530 ns
[2025-03-04T03:59:16.537+0000][7][safepoint   ] Safepoint "Cleanup", Time since last: 2001793148 ns, Reaching safepoint: 15831 ns, Cleanup: 32829 ns, At safepoint: 30157 ns, Total: 78817 ns
[2025-03-04T03:59:17.538+0000][7][safepoint   ] Safepoint "Cleanup", Time since last: 1000914143 ns, Reaching safepoint: 14885 ns, Cleanup: 42420 ns, At safepoint: 21862 ns, Total: 79167 ns
[2025-03-04T03:59:19.540+0000][7][safepoint   ] Safepoint "Cleanup", Time since last: 2002062898 ns, Reaching safepoint: 17511 ns, Cleanup: 28420 ns, At safepoint: 7223 ns, Total: 53154 ns
[2025-03-04T03:59:20.541+0000][7][safepoint   ] Safepoint "Cleanup", Time since last: 1000810394 ns, Reaching safepoint: 15258 ns, Cleanup: 47735 ns, At safepoint: 28011 ns, Total: 91004 ns
[2025-03-04T03:59:21.542+0000][7][safepoint   ] Safepoint "Cleanup", Time since last: 1001089176 ns, Reaching safepoint: 13317 ns, Cleanup: 13485 ns, At safepoint: 6218 ns, Total: 33020 ns
[2025-03-04T03:59:22.543+0000][7][safepoint   ] Safepoint "Cleanup", Time since last: 1000842487 ns, Reaching safepoint: 16693 ns, Cleanup: 11532 ns, At safepoint: 6927 ns, Total: 35152 ns
[2025-03-04T03:59:23.544+0000][7][safepoint   ] Safepoint "Cleanup", Time since last: 1001001075 ns, Reaching safepoint: 18973 ns, Cleanup: 13965 ns, At safepoint: 8664 ns, Total: 41602 ns
[2025-03-04T03:59:25.546+0000][7][safepoint   ] Safepoint "Cleanup", Time since last: 2001875953 ns, Reaching safepoint: 15147 ns, Cleanup: 19997 ns, At safepoint: 7214 ns, Total: 42358 ns
[2025-03-04T03:59:26.547+0000][7][safepoint   ] Safepoint "Cleanup", Time since last: 1001026175 ns, Reaching safepoint: 17103 ns, Cleanup: 16296 ns, At safepoint: 8176 ns, Total: 41575 ns
[2025-03-04T03:59:28.549+0000][7][safepoint   ] Safepoint "Cleanup", Time since last: 2001917276 ns, Reaching safepoint: 19828 ns, Cleanup: 24637 ns, At safepoint: 8781 ns, Total: 53246 ns
[2025-03-04T03:59:29.551+0000][7][safepoint   ] Safepoint "Cleanup", Time since last: 1001690106 ns, Reaching safepoint: 52111 ns, Cleanup: 36375 ns, At safepoint: 40506 ns, Total: 128992 ns
[2025-03-04T03:59:31.554+0000][7][safepoint   ] Safepoint "Cleanup", Time since last: 2003283731 ns, Reaching safepoint: 14435 ns, Cleanup: 18847 ns, At safepoint: 6226 ns, Total: 39508 ns
[2025-03-04T03:59:32.555+0000][7][safepoint   ] Safepoint "Cleanup", Time since last: 1000847706 ns, Reaching safepoint: 14242 ns, Cleanup: 10411 ns, At safepoint: 5577 ns, Total: 30230 ns
[2025-03-04T03:59:33.557+0000][7][safepoint   ] Safepoint "Cleanup", Time since last: 1001941627 ns, Reaching safepoint: 26030 ns, Cleanup: 5446 ns, At safepoint: 5334 ns, Total: 36810 ns
[2025-03-04T03:59:34.558+0000][7][safepoint   ] Safepoint "Cleanup", Time since last: 1000923194 ns, Reaching safepoint: 15491 ns, Cleanup: 14283 ns, At safepoint: 6513 ns, Total: 36287 ns
[2025-03-04T03:59:37.744+0000][7][safepoint   ] Safepoint "Cleanup", Time since last: 3186146165 ns, Reaching safepoint: 17746 ns, Cleanup: 45473 ns, At safepoint: 7669 ns, Total: 70888 ns
[2025-03-04T03:59:40.746+0000][7][safepoint   ] Safepoint "Cleanup", Time since last: 3002777927 ns, Reaching safepoint: 17329 ns, Cleanup: 41780 ns, At safepoint: 10572 ns, Total: 69681 ns
[2025-03-04T03:59:41.748+0000][7][safepoint   ] Safepoint "Cleanup", Time since last: 1001165787 ns, Reaching safepoint: 21208 ns, Cleanup: 25699 ns, At safepoint: 12854 ns, Total: 59761 ns
[2025-03-04T03:59:43.750+0000][7][safepoint   ] Safepoint "Cleanup", Time since last: 2001940543 ns, Reaching safepoint: 20664 ns, Cleanup: 29635 ns, At safepoint: 13340 ns, Total: 63639 ns
[2025-03-04T03:59:44.750+0000][7][safepoint   ] Safepoint "Cleanup", Time since last: 1000834146 ns, Reaching safepoint: 20827 ns, Cleanup: 29747 ns, At safepoint: 13445 ns, Total: 64019 ns
[2025-03-04T03:59:46.752+0000][7][safepoint   ] Safepoint "Cleanup", Time since last: 2001998077 ns, Reaching safepoint: 19863 ns, Cleanup: 32591 ns, At safepoint: 12802 ns, Total: 65256 ns
[2025-03-04T03:59:48.754+0000][7][safepoint   ] Safepoint "Cleanup", Time since last: 2001929472 ns, Reaching safepoint: 20499 ns, Cleanup: 15963 ns, At safepoint: 12904 ns, Total: 49366 ns
[2025-03-04T03:59:49.755+0000][7][safepoint   ] Safepoint "Cleanup", Time since last: 1000811666 ns, Reaching safepoint: 15225 ns, Cleanup: 19601 ns, At safepoint: 8268 ns, Total: 43094 ns
[2025-03-04T03:59:52.759+0000][7][safepoint   ] Safepoint "Cleanup", Time since last: 3003141928 ns, Reaching safepoint: 98782 ns, Cleanup: 38052 ns, At safepoint: 14419 ns, Total: 151253 ns
[2025-03-04T03:59:55.766+0000][7][safepoint   ] Safepoint "Cleanup", Time since last: 3007716752 ns, Reaching safepoint: 13946 ns, Cleanup: 32514 ns, At safepoint: 25469 ns, Total: 71929 ns
[2025-03-04T03:59:56.767+0000][7][safepoint   ] Safepoint "Cleanup", Time since last: 1000933541 ns, Reaching safepoint: 22772 ns, Cleanup: 39020 ns, At safepoint: 13802 ns, Total: 75594 ns
[2025-03-04T03:59:57.768+0000][7][safepoint   ] Safepoint "Cleanup", Time since last: 1000837554 ns, Reaching safepoint: 32449 ns, Cleanup: 18671 ns, At safepoint: 15995 ns, Total: 67115 ns
[2025-03-04T03:59:58.769+0000][7][safepoint   ] Safepoint "Cleanup", Time since last: 1000960662 ns, Reaching safepoint: 42537 ns, Cleanup: 24427 ns, At safepoint: 21984 ns, Total: 88948 ns
[2025-03-04T04:00:00.773+0000][7][safepoint   ] Safepoint "Cleanup", Time since last: 2003807457 ns, Reaching safepoint: 19316 ns, Cleanup: 13991 ns, At safepoint: 8991 ns, Total: 42298 ns
[2025-03-04T04:00:01.774+0000][7][safepoint   ] Safepoint "Cleanup", Time since last: 1001016785 ns, Reaching safepoint: 16523 ns, Cleanup: 20699 ns, At safepoint: 6536 ns, Total: 43758 ns
[2025-03-04T04:00:02.775+0000][7][safepoint   ] Safepoint "Cleanup", Time since last: 1001081626 ns, Reaching safepoint: 19104 ns, Cleanup: 27154 ns, At safepoint: 8461 ns, Total: 54719 ns
[2025-03-04T04:00:04.777+0000][7][safepoint   ] Safepoint "Cleanup", Time since last: 2001834093 ns, Reaching safepoint: 15735 ns, Cleanup: 19665 ns, At safepoint: 8501 ns, Total: 43901 ns
[2025-03-04T04:00:05.778+0000][7][safepoint   ] Safepoint "Cleanup", Time since last: 1000875021 ns, Reaching safepoint: 15732 ns, Cleanup: 9589 ns, At safepoint: 7155 ns, Total: 32476 ns
[2025-03-04T04:00:06.779+0000][7][safepoint   ] Safepoint "Cleanup", Time since last: 1001058931 ns, Reaching safepoint: 40754 ns, Cleanup: 13570 ns, At safepoint: 10292 ns, Total: 64616 ns
[2025-03-04T04:00:07.780+0000][7][safepoint   ] Safepoint "Cleanup", Time since last: 1000860446 ns, Reaching safepoint: 21712 ns, Cleanup: 19539 ns, At safepoint: 6649 ns, Total: 47900 ns
[2025-03-04T04:00:08.782+0000][7][safepoint   ] Safepoint "Cleanup", Time since last: 1001072484 ns, Reaching safepoint: 18203 ns, Cleanup: 12078 ns, At safepoint: 7167 ns, Total: 37448 ns
[2025-03-04T04:00:10.783+0000][7][safepoint   ] Safepoint "Cleanup", Time since last: 2001819731 ns, Reaching safepoint: 18448 ns, Cleanup: 11986 ns, At safepoint: 7866 ns, Total: 38300 ns
[2025-03-04T04:00:13.786+0000][7][safepoint   ] Safepoint "Cleanup", Time since last: 3002986325 ns, Reaching safepoint: 13897 ns, Cleanup: 17407 ns, At safepoint: 6535 ns, Total: 37839 ns
[2025-03-04T04:00:14.788+0000][7][safepoint   ] Safepoint "Cleanup", Time since last: 1001145511 ns, Reaching safepoint: 17476 ns, Cleanup: 11913 ns, At safepoint: 9693 ns, Total: 39082 ns
[2025-03-04T04:00:15.789+0000][7][safepoint   ] Safepoint "Cleanup", Time since last: 1000920223 ns, Reaching safepoint: 19607 ns, Cleanup: 13564 ns, At safepoint: 9697 ns, Total: 42868 ns
[2025-03-04T04:00:16.789+0000][7][safepoint   ] Safepoint "Cleanup", Time since last: 1000834230 ns, Reaching safepoint: 15843 ns, Cleanup: 24433 ns, At safepoint: 7102 ns, Total: 47378 ns
[2025-03-04T04:00:18.791+0000][7][safepoint   ] Safepoint "Cleanup", Time since last: 2002033819 ns, Reaching safepoint: 14778 ns, Cleanup: 16733 ns, At safepoint: 7751 ns, Total: 39262 ns
[2025-03-04T04:00:19.793+0000][7][safepoint   ] Safepoint "Cleanup", Time since last: 1001107821 ns, Reaching safepoint: 15052 ns, Cleanup: 19553 ns, At safepoint: 8574 ns, Total: 43179 ns
[2025-03-04T04:00:20.794+0000][7][safepoint   ] Safepoint "Cleanup", Time since last: 1000954729 ns, Reaching safepoint: 15563 ns, Cleanup: 14765 ns, At safepoint: 8740 ns, Total: 39068 ns
[2025-03-04T04:00:22.796+0000][7][safepoint   ] Safepoint "Cleanup", Time since last: 2001782864 ns, Reaching safepoint: 929622 ns, Cleanup: 13130 ns, At safepoint: 42467 ns, Total: 985219 ns
[2025-03-04T04:00:24.798+0000][7][safepoint   ] Safepoint "Cleanup", Time since last: 2001974399 ns, Reaching safepoint: 16213 ns, Cleanup: 21231 ns, At safepoint: 10961 ns, Total: 48405 ns
[2025-03-04T04:00:25.800+0000][7][safepoint   ] Safepoint "Cleanup", Time since last: 1001184329 ns, Reaching safepoint: 22140 ns, Cleanup: 36740 ns, At safepoint: 13516 ns, Total: 72396 ns
[2025-03-04T04:00:26.800+0000][7][safepoint   ] Safepoint "Cleanup", Time since last: 1000766408 ns, Reaching safepoint: 19851 ns, Cleanup: 16095 ns, At safepoint: 9796 ns, Total: 45742 ns
[2025-03-04T04:00:27.801+0000][7][safepoint   ] Safepoint "Cleanup", Time since last: 1000798337 ns, Reaching safepoint: 14517 ns, Cleanup: 7921 ns, At safepoint: 7417 ns, Total: 29855 ns
[2025-03-04T04:00:28.803+0000][7][safepoint   ] Safepoint "Cleanup", Time since last: 1001139490 ns, Reaching safepoint: 21435 ns, Cleanup: 29431 ns, At safepoint: 11443 ns, Total: 62309 ns
[2025-03-04T04:00:29.099+0000][7][gc,start    ] GC(13) Pause Young (Normal) (G1 Evacuation Pause)
[2025-03-04T04:00:29.100+0000][7][gc,task     ] GC(13) Using 13 workers of 13 for evacuation
[2025-03-04T04:00:29.100+0000][7][gc,age      ] GC(13) Desired survivor size 52428800 bytes, new threshold 1 (max threshold 15)
[2025-03-04T04:00:29.121+0000][7][gc,phases   ] GC(13)   Pre Evacuate Collection Set: 0.51ms
[2025-03-04T04:00:29.121+0000][7][gc,phases   ] GC(13)   Merge Heap Roots: 0.37ms
[2025-03-04T04:00:29.121+0000][7][gc,phases   ] GC(13)   Evacuate Collection Set: 17.92ms
[2025-03-04T04:00:29.121+0000][7][gc,phases   ] GC(13)   Post Evacuate Collection Set: 2.06ms
[2025-03-04T04:00:29.121+0000][7][gc,phases   ] GC(13)   Other: 0.34ms
[2025-03-04T04:00:29.122+0000][7][gc,age      ] GC(13) Age table with threshold 1 (max threshold 15)
[2025-03-04T04:00:29.122+0000][7][gc,age      ] GC(13) - age   1:    3143984 bytes,    3143984 total
[2025-03-04T04:00:29.122+0000][7][gc,heap     ] GC(13) Eden regions: 176->0(304)
[2025-03-04T04:00:29.122+0000][7][gc,heap     ] GC(13) Survivor regions: 22->3(25)
[2025-03-04T04:00:29.122+0000][7][gc,heap     ] GC(13) Old regions: 12->33
[2025-03-04T04:00:29.122+0000][7][gc,heap     ] GC(13) Humongous regions: 2->2
[2025-03-04T04:00:29.122+0000][7][gc,metaspace] GC(13) Metaspace: 104992K(107840K)->104992K(107840K) NonClass: 90284K(91904K)->90284K(91904K) Class: 14708K(15936K)->14708K(15936K)
[2025-03-04T04:00:29.123+0000][7][gc          ] GC(13) Pause Young (Normal) (G1 Evacuation Pause) 843M->148M(2048M) 23.173ms
[2025-03-04T04:00:29.123+0000][7][gc,cpu      ] GC(13) User=0.25s Sys=0.00s Real=0.02s
[2025-03-04T04:00:29.123+0000][7][safepoint   ] Safepoint "G1CollectForAllocation", Time since last: 296625077 ns, Reaching safepoint: 165364 ns, Cleanup: 10961 ns, At safepoint: 23542172 ns, Total: 23718497 ns
[2025-03-04T04:00:30.123+0000][7][safepoint   ] Safepoint "Cleanup", Time since last: 1000547684 ns, Reaching safepoint: 16773 ns, Cleanup: 22658 ns, At safepoint: 9332 ns, Total: 48763 ns
[2025-03-04T04:00:31.125+0000][7][safepoint   ] Safepoint "Cleanup", Time since last: 1001012279 ns, Reaching safepoint: 15641 ns, Cleanup: 13055 ns, At safepoint: 7250 ns, Total: 35946 ns
[2025-03-04T04:00:32.125+0000][7][safepoint   ] Safepoint "Cleanup", Time since last: 1000921746 ns, Reaching safepoint: 21053 ns, Cleanup: 21900 ns, At safepoint: 7016 ns, Total: 49969 ns
[2025-03-04T04:00:33.127+0000][7][safepoint   ] Safepoint "Cleanup", Time since last: 1001051110 ns, Reaching safepoint: 17828 ns, Cleanup: 27711 ns, At safepoint: 8594 ns, Total: 54133 ns
[2025-03-04T04:00:34.128+0000][7][safepoint   ] Safepoint "Cleanup", Time since last: 1001094502 ns, Reaching safepoint: 19101 ns, Cleanup: 15655 ns, At safepoint: 9249 ns, Total: 44005 ns
[2025-03-04T04:00:35.129+0000][7][safepoint   ] Safepoint "Cleanup", Time since last: 1000806648 ns, Reaching safepoint: 20388 ns, Cleanup: 18181 ns, At safepoint: 13664 ns, Total: 52233 ns
[2025-03-04T04:00:37.980+0000][7][safepoint   ] Safepoint "Cleanup", Time since last: 2851037702 ns, Reaching safepoint: 19558 ns, Cleanup: 22503 ns, At safepoint: 10695 ns, Total: 52756 ns
[2025-03-04T04:00:40.982+0000][7][safepoint   ] Safepoint "Cleanup", Time since last: 3002664944 ns, Reaching safepoint: 16839 ns, Cleanup: 20349 ns, At safepoint: 7069 ns, Total: 44257 ns
[2025-03-04T04:00:42.984+0000][7][safepoint   ] Safepoint "Cleanup", Time since last: 2001971449 ns, Reaching safepoint: 60628 ns, Cleanup: 26950 ns, At safepoint: 6200 ns, Total: 93778 ns
[2025-03-04T04:00:43.985+0000][7][safepoint   ] Safepoint "Cleanup", Time since last: 1000959569 ns, Reaching safepoint: 32684 ns, Cleanup: 30611 ns, At safepoint: 17359 ns, Total: 80654 ns
[2025-03-04T04:00:44.986+0000][7][safepoint   ] Safepoint "Cleanup", Time since last: 1000911867 ns, Reaching safepoint: 20046 ns, Cleanup: 19675 ns, At safepoint: 11817 ns, Total: 51538 ns
[2025-03-04T04:00:49.991+0000][7][safepoint   ] Safepoint "Cleanup", Time since last: 5004979800 ns, Reaching safepoint: 15699 ns, Cleanup: 28143 ns, At safepoint: 6881 ns, Total: 50723 ns
[2025-03-04T04:00:50.993+0000][7][safepoint   ] Safepoint "Cleanup", Time since last: 1001020428 ns, Reaching safepoint: 20607 ns, Cleanup: 35983 ns, At safepoint: 13410 ns, Total: 70000 ns
[2025-03-04T04:00:51.993+0000][7][safepoint   ] Safepoint "Cleanup", Time since last: 1000825330 ns, Reaching safepoint: 16371 ns, Cleanup: 7822 ns, At safepoint: 5792 ns, Total: 29985 ns
[2025-03-04T04:00:52.994+0000][7][safepoint   ] Safepoint "Cleanup", Time since last: 1000983818 ns, Reaching safepoint: 33581 ns, Cleanup: 18361 ns, At safepoint: 7090 ns, Total: 59032 ns
[2025-03-04T04:00:53.995+0000][7][safepoint   ] Safepoint "Cleanup", Time since last: 1000835165 ns, Reaching safepoint: 16446 ns, Cleanup: 9366 ns, At safepoint: 6864 ns, Total: 32676 ns
[2025-03-04T04:00:55.997+0000][7][safepoint   ] Safepoint "Cleanup", Time since last: 2002132397 ns, Reaching safepoint: 16304 ns, Cleanup: 19346 ns, At safepoint: 9640 ns, Total: 45290 ns
[2025-03-04T04:00:57.999+0000][7][safepoint   ] Safepoint "Cleanup", Time since last: 2001954463 ns, Reaching safepoint: 17174 ns, Cleanup: 13740 ns, At safepoint: 8529 ns, Total: 39443 ns
[2025-03-04T04:00:59.001+0000][7][safepoint   ] Safepoint "Cleanup", Time since last: 1001076434 ns, Reaching safepoint: 17097 ns, Cleanup: 11616 ns, At safepoint: 7225 ns, Total: 35938 ns
[2025-03-04T04:01:00.001+0000][7][safepoint   ] Safepoint "Cleanup", Time since last: 1000730957 ns, Reaching safepoint: 19870 ns, Cleanup: 11467 ns, At safepoint: 7840 ns, Total: 39177 ns
[2025-03-04T04:01:02.003+0000][7][safepoint   ] Safepoint "Cleanup", Time since last: 2001952300 ns, Reaching safepoint: 14914 ns, Cleanup: 17595 ns, At safepoint: 6302 ns, Total: 38811 ns
[2025-03-04T04:01:03.004+0000][7][safepoint   ] Safepoint "Cleanup", Time since last: 1001050081 ns, Reaching safepoint: 19721 ns, Cleanup: 18244 ns, At safepoint: 10303 ns, Total: 48268 ns
[2025-03-04T04:01:05.006+0000][7][safepoint   ] Safepoint "Cleanup", Time since last: 2001832859 ns, Reaching safepoint: 14302 ns, Cleanup: 36416 ns, At safepoint: 6141 ns, Total: 56859 ns
[2025-03-04T04:01:08.009+0000][7][safepoint   ] Safepoint "Cleanup", Time since last: 3003008865 ns, Reaching safepoint: 22162 ns, Cleanup: 10889 ns, At safepoint: 26850 ns, Total: 59901 ns
[2025-03-04T04:01:09.010+0000][7][safepoint   ] Safepoint "Cleanup", Time since last: 1001107382 ns, Reaching safepoint: 21953 ns, Cleanup: 18676 ns, At safepoint: 25029 ns, Total: 65658 ns
[2025-03-04T04:01:11.012+0000][7][safepoint   ] Safepoint "Cleanup", Time since last: 2001842030 ns, Reaching safepoint: 18568 ns, Cleanup: 48118 ns, At safepoint: 11327 ns, Total: 78013 ns
[2025-03-04T04:01:14.016+0000][7][safepoint   ] Safepoint "Cleanup", Time since last: 3003975963 ns, Reaching safepoint: 18371 ns, Cleanup: 8905 ns, At safepoint: 6263 ns, Total: 33539 ns
[2025-03-04T04:01:18.019+0000][7][safepoint   ] Safepoint "Cleanup", Time since last: 4002985267 ns, Reaching safepoint: 18873 ns, Cleanup: 10924 ns, At safepoint: 8980 ns, Total: 38777 ns
[2025-03-04T04:01:20.022+0000][7][safepoint   ] Safepoint "Cleanup", Time since last: 2002821583 ns, Reaching safepoint: 15748 ns, Cleanup: 10712 ns, At safepoint: 5735 ns, Total: 32195 ns
[2025-03-04T04:01:21.023+0000][7][safepoint   ] Safepoint "Cleanup", Time since last: 1000957004 ns, Reaching safepoint: 18599 ns, Cleanup: 12207 ns, At safepoint: 6660 ns, Total: 37466 ns
[2025-03-04T04:01:23.025+0000][7][safepoint   ] Safepoint "Cleanup", Time since last: 2001917301 ns, Reaching safepoint: 16276 ns, Cleanup: 14860 ns, At safepoint: 5991 ns, Total: 37127 ns
[2025-03-04T04:01:26.028+0000][7][safepoint   ] Safepoint "Cleanup", Time since last: 3003155085 ns, Reaching safepoint: 46276 ns, Cleanup: 31890 ns, At safepoint: 13143 ns, Total: 91309 ns
[2025-03-04T04:01:27.029+0000][7][safepoint   ] Safepoint "Cleanup", Time since last: 1000818680 ns, Reaching safepoint: 20322 ns, Cleanup: 13319 ns, At safepoint: 10830 ns, Total: 44471 ns
[2025-03-04T04:01:29.031+0000][7][safepoint   ] Safepoint "Cleanup", Time since last: 2001983898 ns, Reaching safepoint: 16597 ns, Cleanup: 19097 ns, At safepoint: 8552 ns, Total: 44246 ns
[2025-03-04T04:01:30.032+0000][7][safepoint   ] Safepoint "Cleanup", Time since last: 1000912221 ns, Reaching safepoint: 17388 ns, Cleanup: 14094 ns, At safepoint: 9860 ns, Total: 41342 ns
[2025-03-04T04:01:32.034+0000][7][safepoint   ] Safepoint "Cleanup", Time since last: 2002032077 ns, Reaching safepoint: 12917 ns, Cleanup: 20139 ns, At safepoint: 5556 ns, Total: 38612 ns
[2025-03-04T04:01:33.035+0000][7][safepoint   ] Safepoint "Cleanup", Time since last: 1000840374 ns, Reaching safepoint: 15249 ns, Cleanup: 18837 ns, At safepoint: 6801 ns, Total: 40887 ns
[2025-03-04T04:01:36.038+0000][7][safepoint   ] Safepoint "Cleanup", Time since last: 3003110274 ns, Reaching safepoint: 17620 ns, Cleanup: 10600 ns, At safepoint: 7052 ns, Total: 35272 ns
[2025-03-04T04:01:38.213+0000][7][safepoint   ] Safepoint "Cleanup", Time since last: 2174933137 ns, Reaching safepoint: 19094 ns, Cleanup: 26717 ns, At safepoint: 9934 ns, Total: 55745 ns
[2025-03-04T04:01:41.217+0000][7][safepoint   ] Safepoint "Cleanup", Time since last: 3002796970 ns, Reaching safepoint: 37697 ns, Cleanup: 24882 ns, At safepoint: 9181 ns, Total: 71760 ns
[2025-03-04T04:01:44.220+0000][7][safepoint   ] Safepoint "Cleanup", Time since last: 3003065586 ns, Reaching safepoint: 19638 ns, Cleanup: 18859 ns, At safepoint: 10220 ns, Total: 48717 ns
[2025-03-04T04:01:50.226+0000][7][safepoint   ] Safepoint "Cleanup", Time since last: 6005814898 ns, Reaching safepoint: 14303 ns, Cleanup: 10456 ns, At safepoint: 5818 ns, Total: 30577 ns
