[2025-03-03T15:44:52.643+0000][180][gc,init] CardTable entry size: 512
[2025-03-03T15:44:52.644+0000][180][gc     ] Using G1
[2025-03-03T15:44:52.670+0000][180][gc,init] Version: 22.0.2+9-70 (release)
[2025-03-03T15:44:52.670+0000][180][gc,init] CPUs: 16 total, 16 available
[2025-03-03T15:44:52.670+0000][180][gc,init] Memory: 16241M
[2025-03-03T15:44:52.671+0000][180][gc,init] Large Page Support: Disabled
[2025-03-03T15:44:52.671+0000][180][gc,init] NUMA Support: Disabled
[2025-03-03T15:44:52.671+0000][180][gc,init] Compressed Oops: Enabled (32-bit)
[2025-03-03T15:44:52.672+0000][180][gc,init] Heap Region Size: 1M
[2025-03-03T15:44:52.672+0000][180][gc,init] Heap Min Capacity: 2G
[2025-03-03T15:44:52.673+0000][180][gc,init] Heap Initial Capacity: 2G
[2025-03-03T15:44:52.673+0000][180][gc,init] Heap Max Capacity: 2G
[2025-03-03T15:44:52.674+0000][180][gc,init] Pre-touch: Disabled
[2025-03-03T15:44:52.674+0000][180][gc,init] Parallel Workers: 13
[2025-03-03T15:44:52.675+0000][180][gc,init] Concurrent Workers: 3
[2025-03-03T15:44:52.675+0000][180][gc,init] Concurrent Refinement Workers: 13
[2025-03-03T15:44:52.675+0000][180][gc,init] Periodic GC: Disabled
[2025-03-03T15:44:52.676+0000][180][gc,metaspace] CDS archive(s) not mapped
[2025-03-03T15:44:52.676+0000][180][gc,metaspace] Compressed class space mapped at: 0x0000000038000000-0x0000000078000000, reserved size: 1073741824
[2025-03-03T15:44:52.676+0000][180][gc,metaspace] Narrow klass base: 0x0000000000000000, Narrow klass shift: 0, Narrow klass range: 0x78000000
[2025-03-03T15:44:52.856+0000][180][gc,heap,exit] Heap
[2025-03-03T15:44:52.857+0000][180][gc,heap,exit]  garbage-first heap   total reserved 2097152K, committed 2097152K, used 3072K [0x0000000080000000, 0x0000000100000000)
[2025-03-03T15:44:52.857+0000][180][gc,heap,exit]   region size 1024K, 3 young (3072K), 0 survivors (0K)
[2025-03-03T15:44:52.859+0000][180][gc,heap,exit]  Metaspace       used 4005K, committed 4032K, reserved 1114112K
[2025-03-03T15:44:52.859+0000][180][gc,heap,exit]   class space    used 315K, committed 320K, reserved 1048576K
