[2025-03-03T15:44:51.744+0000][7][gc,init] CardTable entry size: 512
[2025-03-03T15:44:51.747+0000][7][gc     ] Using G1
[2025-03-03T15:44:51.917+0000][7][gc,init] Version: 22.0.2+9-70 (release)
[2025-03-03T15:44:51.918+0000][7][gc,init] CPUs: 16 total, 16 available
[2025-03-03T15:44:51.918+0000][7][gc,init] Memory: 16241M
[2025-03-03T15:44:51.918+0000][7][gc,init] Large Page Support: Disabled
[2025-03-03T15:44:51.919+0000][7][gc,init] NUMA Support: Disabled
[2025-03-03T15:44:51.919+0000][7][gc,init] Compressed Oops: Enabled (32-bit)
[2025-03-03T15:44:51.920+0000][7][gc,init] Heap Region Size: 4M
[2025-03-03T15:44:51.920+0000][7][gc,init] Heap Min Capacity: 2G
[2025-03-03T15:44:51.921+0000][7][gc,init] Heap Initial Capacity: 2G
[2025-03-03T15:44:51.921+0000][7][gc,init] Heap Max Capacity: 2G
[2025-03-03T15:44:51.921+0000][7][gc,init] Pre-touch: Enabled
[2025-03-03T15:44:51.922+0000][7][gc,init] Parallel Workers: 13
[2025-03-03T15:44:51.922+0000][7][gc,init] Concurrent Workers: 3
[2025-03-03T15:44:51.922+0000][7][gc,init] Concurrent Refinement Workers: 13
[2025-03-03T15:44:51.923+0000][7][gc,init] Periodic GC: Disabled
[2025-03-03T15:44:51.939+0000][7][gc,metaspace] CDS archive(s) mapped at: [0x00007efd16000000-0x00007efd16c78000-0x00007efd16c78000), size 13074432, SharedBaseAddress: 0x00007efd16000000, ArchiveRelocationMode: 1.
[2025-03-03T15:44:51.940+0000][7][gc,metaspace] Compressed class space mapped at: 0x00007efd17000000-0x00007efd57000000, reserved size: 1073741824
[2025-03-03T15:44:51.941+0000][7][gc,metaspace] Narrow klass base: 0x00007efd16000000, Narrow klass shift: 0, Narrow klass range: 0x100000000
[2025-03-03T15:44:52.758+0000][7][safepoint   ] Safepoint "ICBufferFull", Time since last: 808377317 ns, Reaching safepoint: 421815 ns, Cleanup: 135976 ns, At safepoint: 50430 ns, Total: 608221 ns
[2025-03-03T15:44:53.689+0000][7][safepoint   ] Safepoint "ICBufferFull", Time since last: 930914416 ns, Reaching safepoint: 5144 ns, Cleanup: 125051 ns, At safepoint: 8959 ns, Total: 139154 ns
[2025-03-03T15:44:54.556+0000][7][safepoint   ] Safepoint "ICBufferFull", Time since last: 867036791 ns, Reaching safepoint: 4863 ns, Cleanup: 101465 ns, At safepoint: 6920 ns, Total: 113248 ns
[2025-03-03T15:44:55.561+0000][7][safepoint   ] Safepoint "Cleanup", Time since last: 1000563399 ns, Reaching safepoint: 4367348 ns, Cleanup: 132180 ns, At safepoint: 205780 ns, Total: 4705308 ns
[2025-03-03T15:44:56.115+0000][7][gc,start    ] GC(0) Pause Young (Normal) (G1 Evacuation Pause)
[2025-03-03T15:44:56.115+0000][7][gc,task     ] GC(0) Using 13 workers of 13 for evacuation
[2025-03-03T15:44:56.115+0000][7][gc,age      ] GC(0) Desired survivor size 8388608 bytes, new threshold 15 (max threshold 15)
[2025-03-03T15:44:56.154+0000][7][gc,phases   ] GC(0)   Pre Evacuate Collection Set: 4.50ms
[2025-03-03T15:44:56.155+0000][7][gc,phases   ] GC(0)   Merge Heap Roots: 0.51ms
[2025-03-03T15:44:56.156+0000][7][gc,phases   ] GC(0)   Evacuate Collection Set: 24.33ms
[2025-03-03T15:44:56.156+0000][7][gc,phases   ] GC(0)   Post Evacuate Collection Set: 9.03ms
[2025-03-03T15:44:56.156+0000][7][gc,phases   ] GC(0)   Other: 0.67ms
[2025-03-03T15:44:56.156+0000][7][gc,age      ] GC(0) Age table with threshold 15 (max threshold 15)
[2025-03-03T15:44:56.157+0000][7][gc,age      ] GC(0) - age   1:    7680640 bytes,    7680640 total
[2025-03-03T15:44:56.162+0000][7][gc,heap     ] GC(0) Eden regions: 25->0(23)
[2025-03-03T15:44:56.162+0000][7][gc,heap     ] GC(0) Survivor regions: 0->2(4)
[2025-03-03T15:44:56.162+0000][7][gc,heap     ] GC(0) Old regions: 1->1
[2025-03-03T15:44:56.163+0000][7][gc,heap     ] GC(0) Humongous regions: 0->0
[2025-03-03T15:44:56.163+0000][7][gc,metaspace] GC(0) Metaspace: 16041K(16384K)->16041K(16384K) NonClass: 14181K(14336K)->14181K(14336K) Class: 1859K(2048K)->1859K(2048K)
[2025-03-03T15:44:56.163+0000][7][gc          ] GC(0) Pause Young (Normal) (G1 Evacuation Pause) 101M->8M(2048M) 48.627ms
[2025-03-03T15:44:56.164+0000][7][gc,cpu      ] GC(0) User=0.06s Sys=0.00s Real=0.05s
[2025-03-03T15:44:56.172+0000][7][safepoint   ] Safepoint "G1CollectForAllocation", Time since last: 553479859 ns, Reaching safepoint: 5158 ns, Cleanup: 26025 ns, At safepoint: 56738287 ns, Total: 56769470 ns
[2025-03-03T15:44:57.175+0000][7][safepoint   ] Safepoint "Cleanup", Time since last: 1001968563 ns, Reaching safepoint: 1266799 ns, Cleanup: 109461 ns, At safepoint: 27155 ns, Total: 1403415 ns
[2025-03-03T15:44:57.229+0000][7][gc,start    ] GC(1) Pause Young (Normal) (G1 Evacuation Pause)
[2025-03-03T15:44:57.230+0000][7][gc,task     ] GC(1) Using 13 workers of 13 for evacuation
[2025-03-03T15:44:57.230+0000][7][gc,age      ] GC(1) Desired survivor size 8388608 bytes, new threshold 15 (max threshold 15)
[2025-03-03T15:44:57.273+0000][7][gc,phases   ] GC(1)   Pre Evacuate Collection Set: 0.37ms
[2025-03-03T15:44:57.274+0000][7][gc,phases   ] GC(1)   Merge Heap Roots: 0.13ms
[2025-03-03T15:44:57.274+0000][7][gc,phases   ] GC(1)   Evacuate Collection Set: 36.63ms
[2025-03-03T15:44:57.274+0000][7][gc,phases   ] GC(1)   Post Evacuate Collection Set: 5.40ms
[2025-03-03T15:44:57.274+0000][7][gc,phases   ] GC(1)   Other: 0.60ms
[2025-03-03T15:44:57.275+0000][7][gc,age      ] GC(1) Age table with threshold 15 (max threshold 15)
[2025-03-03T15:44:57.275+0000][7][gc,age      ] GC(1) - age   1:    3259800 bytes,    3259800 total
[2025-03-03T15:44:57.275+0000][7][gc,age      ] GC(1) - age   2:    7563224 bytes,   10823024 total
[2025-03-03T15:44:57.275+0000][7][gc,heap     ] GC(1) Eden regions: 23->0(27)
[2025-03-03T15:44:57.275+0000][7][gc,heap     ] GC(1) Survivor regions: 2->3(4)
[2025-03-03T15:44:57.278+0000][7][gc,heap     ] GC(1) Old regions: 1->1
[2025-03-03T15:44:57.278+0000][7][gc,heap     ] GC(1) Humongous regions: 0->0
[2025-03-03T15:44:57.278+0000][7][gc,metaspace] GC(1) Metaspace: 18154K(18496K)->18154K(18496K) NonClass: 16039K(16192K)->16039K(16192K) Class: 2115K(2304K)->2115K(2304K)
[2025-03-03T15:44:57.279+0000][7][gc          ] GC(1) Pause Young (Normal) (G1 Evacuation Pause) 100M->12M(2048M) 49.720ms
[2025-03-03T15:44:57.279+0000][7][gc,cpu      ] GC(1) User=0.12s Sys=0.00s Real=0.06s
[2025-03-03T15:44:57.280+0000][7][safepoint   ] Safepoint "G1CollectForAllocation", Time since last: 53890885 ns, Reaching safepoint: 6977 ns, Cleanup: 18943 ns, At safepoint: 50966879 ns, Total: 50992799 ns
[2025-03-03T15:44:58.026+0000][7][gc,start    ] GC(2) Pause Young (Normal) (G1 Evacuation Pause)
[2025-03-03T15:44:58.026+0000][7][gc,task     ] GC(2) Using 13 workers of 13 for evacuation
[2025-03-03T15:44:58.028+0000][7][gc,age      ] GC(2) Desired survivor size 8388608 bytes, new threshold 2 (max threshold 15)
[2025-03-03T15:44:58.061+0000][7][gc,phases   ] GC(2)   Pre Evacuate Collection Set: 2.85ms
[2025-03-03T15:44:58.061+0000][7][gc,phases   ] GC(2)   Merge Heap Roots: 0.17ms
[2025-03-03T15:44:58.062+0000][7][gc,phases   ] GC(2)   Evacuate Collection Set: 28.64ms
[2025-03-03T15:44:58.062+0000][7][gc,phases   ] GC(2)   Post Evacuate Collection Set: 1.17ms
[2025-03-03T15:44:58.065+0000][7][gc,phases   ] GC(2)   Other: 1.75ms
[2025-03-03T15:44:58.065+0000][7][gc,age      ] GC(2) Age table with threshold 2 (max threshold 15)
[2025-03-03T15:44:58.065+0000][7][gc,age      ] GC(2) - age   1:    2483400 bytes,    2483400 total
[2025-03-03T15:44:58.065+0000][7][gc,age      ] GC(2) - age   2:    1929208 bytes,    4412608 total
[2025-03-03T15:44:58.065+0000][7][gc,heap     ] GC(2) Eden regions: 27->0(305)
[2025-03-03T15:44:58.066+0000][7][gc,heap     ] GC(2) Survivor regions: 3->2(4)
[2025-03-03T15:44:58.066+0000][7][gc,heap     ] GC(2) Old regions: 1->3
[2025-03-03T15:44:58.066+0000][7][gc,heap     ] GC(2) Humongous regions: 0->0
[2025-03-03T15:44:58.066+0000][7][gc,metaspace] GC(2) Metaspace: 18815K(19200K)->18815K(19200K) NonClass: 16585K(16768K)->16585K(16768K) Class: 2230K(2432K)->2230K(2432K)
[2025-03-03T15:44:58.067+0000][7][gc          ] GC(2) Pause Young (Normal) (G1 Evacuation Pause) 120M->13M(2048M) 40.637ms
[2025-03-03T15:44:58.067+0000][7][gc,cpu      ] GC(2) User=0.07s Sys=0.00s Real=0.04s
[2025-03-03T15:44:58.067+0000][7][safepoint   ] Safepoint "G1CollectForAllocation", Time since last: 746094646 ns, Reaching safepoint: 8937 ns, Cleanup: 67926 ns, At safepoint: 41239054 ns, Total: 41315917 ns
[2025-03-03T15:44:59.076+0000][7][safepoint   ] Safepoint "Cleanup", Time since last: 1007318508 ns, Reaching safepoint: 970169 ns, Cleanup: 53155 ns, At safepoint: 67737 ns, Total: 1091061 ns
[2025-03-03T15:45:00.081+0000][7][safepoint   ] Safepoint "Cleanup", Time since last: 1004034212 ns, Reaching safepoint: 943888 ns, Cleanup: 56383 ns, At safepoint: 23203 ns, Total: 1023474 ns
[2025-03-03T15:45:00.559+0000][7][gc,start    ] GC(3) Pause Young (Concurrent Start) (Metadata GC Threshold)
[2025-03-03T15:45:00.559+0000][7][gc,task     ] GC(3) Using 13 workers of 13 for evacuation
[2025-03-03T15:45:00.559+0000][7][gc,age      ] GC(3) Desired survivor size 81788928 bytes, new threshold 15 (max threshold 15)
[2025-03-03T15:45:00.576+0000][7][gc,phases   ] GC(3)   Pre Evacuate Collection Set: 0.65ms
[2025-03-03T15:45:00.577+0000][7][gc,phases   ] GC(3)   Merge Heap Roots: 0.23ms
[2025-03-03T15:45:00.577+0000][7][gc,phases   ] GC(3)   Evacuate Collection Set: 10.83ms
[2025-03-03T15:45:00.577+0000][7][gc,phases   ] GC(3)   Post Evacuate Collection Set: 5.18ms
[2025-03-03T15:45:00.577+0000][7][gc,phases   ] GC(3)   Other: 0.51ms
[2025-03-03T15:45:00.577+0000][7][gc,age      ] GC(3) Age table with threshold 15 (max threshold 15)
[2025-03-03T15:45:00.578+0000][7][gc,age      ] GC(3) - age   1:    6079248 bytes,    6079248 total
[2025-03-03T15:45:00.578+0000][7][gc,age      ] GC(3) - age   2:    1901376 bytes,    7980624 total
[2025-03-03T15:45:00.578+0000][7][gc,age      ] GC(3) - age   3:    1925040 bytes,    9905664 total
[2025-03-03T15:45:00.579+0000][7][gc,heap     ] GC(3) Eden regions: 166->0(304)
[2025-03-03T15:45:00.579+0000][7][gc,heap     ] GC(3) Survivor regions: 2->3(39)
[2025-03-03T15:45:00.579+0000][7][gc,heap     ] GC(3) Old regions: 3->3
[2025-03-03T15:45:00.579+0000][7][gc,heap     ] GC(3) Humongous regions: 0->0
[2025-03-03T15:45:00.579+0000][7][gc,metaspace] GC(3) Metaspace: 21011K(21504K)->21011K(21504K) NonClass: 18457K(18752K)->18457K(18752K) Class: 2553K(2752K)->2553K(2752K)
[2025-03-03T15:45:00.580+0000][7][gc          ] GC(3) Pause Young (Concurrent Start) (Metadata GC Threshold) 675M->18M(2048M) 20.955ms
[2025-03-03T15:45:00.580+0000][7][gc,cpu      ] GC(3) User=0.02s Sys=0.01s Real=0.02s
[2025-03-03T15:45:00.580+0000][7][gc          ] GC(4) Concurrent Mark Cycle
[2025-03-03T15:45:00.580+0000][7][gc,marking  ] GC(4) Concurrent Scan Root Regions
[2025-03-03T15:45:00.580+0000][7][safepoint   ] Safepoint "CollectForMetadataAllocation", Time since last: 477865744 ns, Reaching safepoint: 6211 ns, Cleanup: 20958 ns, At safepoint: 21726429 ns, Total: 21753598 ns
[2025-03-03T15:45:00.586+0000][7][gc,marking  ] GC(4) Concurrent Scan Root Regions 5.472ms
[2025-03-03T15:45:00.586+0000][7][gc,marking  ] GC(4) Concurrent Mark
[2025-03-03T15:45:00.586+0000][7][gc,marking  ] GC(4) Concurrent Mark From Roots
[2025-03-03T15:45:00.586+0000][7][gc,task     ] GC(4) Using 3 workers of 3 for marking
[2025-03-03T15:45:00.597+0000][7][gc,marking  ] GC(4) Concurrent Mark From Roots 10.970ms
[2025-03-03T15:45:00.597+0000][7][gc,marking  ] GC(4) Concurrent Preclean
[2025-03-03T15:45:00.598+0000][7][gc,marking  ] GC(4) Concurrent Preclean 0.355ms
[2025-03-03T15:45:00.600+0000][7][gc,start    ] GC(4) Pause Remark
[2025-03-03T15:45:00.618+0000][7][gc          ] GC(4) Pause Remark 22M->22M(2048M) 18.215ms
[2025-03-03T15:45:00.618+0000][7][gc,cpu      ] GC(4) User=0.02s Sys=0.00s Real=0.01s
[2025-03-03T15:45:00.618+0000][7][safepoint   ] Safepoint "G1PauseRemark", Time since last: 18335983 ns, Reaching safepoint: 1004970 ns, Cleanup: 6644 ns, At safepoint: 18763175 ns, Total: 19774789 ns
[2025-03-03T15:45:00.619+0000][7][gc,marking  ] GC(4) Concurrent Mark 33.377ms
[2025-03-03T15:45:00.623+0000][7][gc,marking  ] GC(4) Concurrent Rebuild Remembered Sets and Scrub Regions
[2025-03-03T15:45:00.634+0000][7][gc,marking  ] GC(4) Concurrent Rebuild Remembered Sets and Scrub Regions 11.557ms
[2025-03-03T15:45:00.635+0000][7][gc,start    ] GC(4) Pause Cleanup
[2025-03-03T15:45:00.637+0000][7][gc          ] GC(4) Pause Cleanup 22M->22M(2048M) 2.024ms
[2025-03-03T15:45:00.638+0000][7][gc,cpu      ] GC(4) User=0.00s Sys=0.00s Real=0.00s
[2025-03-03T15:45:00.638+0000][7][safepoint   ] Safepoint "G1PauseCleanup", Time since last: 16816456 ns, Reaching safepoint: 5746 ns, Cleanup: 3909 ns, At safepoint: 2663883 ns, Total: 2673538 ns
[2025-03-03T15:45:00.639+0000][7][gc,marking  ] GC(4) Concurrent Clear Claimed Marks
[2025-03-03T15:45:00.639+0000][7][gc,marking  ] GC(4) Concurrent Clear Claimed Marks 0.325ms
[2025-03-03T15:45:00.639+0000][7][gc,marking  ] GC(4) Concurrent Cleanup for Next Mark
[2025-03-03T15:45:00.642+0000][7][gc,marking  ] GC(4) Concurrent Cleanup for Next Mark 2.837ms
[2025-03-03T15:45:00.642+0000][7][gc          ] GC(4) Concurrent Mark Cycle 62.341ms
[2025-03-03T15:45:01.744+0000][7][safepoint   ] Safepoint "Cleanup", Time since last: 1104825077 ns, Reaching safepoint: 1088694 ns, Cleanup: 36628 ns, At safepoint: 112483 ns, Total: 1237805 ns
[2025-03-03T15:45:03.092+0000][7][safepoint   ] Safepoint "Cleanup", Time since last: 1347888099 ns, Reaching safepoint: 3777 ns, Cleanup: 133606 ns, At safepoint: 37474 ns, Total: 174857 ns
[2025-03-03T15:45:04.137+0000][7][safepoint   ] Safepoint "Cleanup", Time since last: 1044026679 ns, Reaching safepoint: 634149 ns, Cleanup: 101811 ns, At safepoint: 45691 ns, Total: 781651 ns
[2025-03-03T15:45:05.147+0000][7][safepoint   ] Safepoint "Cleanup", Time since last: 1009019020 ns, Reaching safepoint: 647011 ns, Cleanup: 38548 ns, At safepoint: 79201 ns, Total: 764760 ns
[2025-03-03T15:45:06.149+0000][7][safepoint   ] Safepoint "Cleanup", Time since last: 1001118992 ns, Reaching safepoint: 937474 ns, Cleanup: 54563 ns, At safepoint: 54080 ns, Total: 1046117 ns
[2025-03-03T15:45:06.659+0000][7][gc,start    ] GC(5) Pause Young (Prepare Mixed) (Metadata GC Threshold)
[2025-03-03T15:45:06.660+0000][7][gc,task     ] GC(5) Using 13 workers of 13 for evacuation
[2025-03-03T15:45:06.661+0000][7][gc,age      ] GC(5) Desired survivor size 81788928 bytes, new threshold 15 (max threshold 15)
[2025-03-03T15:45:06.760+0000][7][gc,phases   ] GC(5)   Pre Evacuate Collection Set: 0.40ms
[2025-03-03T15:45:06.760+0000][7][gc,phases   ] GC(5)   Merge Heap Roots: 4.35ms
[2025-03-03T15:45:06.761+0000][7][gc,phases   ] GC(5)   Evacuate Collection Set: 83.23ms
[2025-03-03T15:45:06.761+0000][7][gc,phases   ] GC(5)   Post Evacuate Collection Set: 11.41ms
[2025-03-03T15:45:06.762+0000][7][gc,phases   ] GC(5)   Other: 0.64ms
[2025-03-03T15:45:06.763+0000][7][gc,age      ] GC(5) Age table with threshold 15 (max threshold 15)
[2025-03-03T15:45:06.764+0000][7][gc,age      ] GC(5) - age   1:   28798304 bytes,   28798304 total
[2025-03-03T15:45:06.765+0000][7][gc,age      ] GC(5) - age   2:    5964864 bytes,   34763168 total
[2025-03-03T15:45:06.766+0000][7][gc,age      ] GC(5) - age   3:    1886848 bytes,   36650016 total
[2025-03-03T15:45:06.767+0000][7][gc,age      ] GC(5) - age   4:    1849208 bytes,   38499224 total
[2025-03-03T15:45:06.768+0000][7][gc,heap     ] GC(5) Eden regions: 172->0(209)
[2025-03-03T15:45:06.768+0000][7][gc,heap     ] GC(5) Survivor regions: 3->10(39)
[2025-03-03T15:45:06.769+0000][7][gc,heap     ] GC(5) Old regions: 3->3
[2025-03-03T15:45:06.769+0000][7][gc,heap     ] GC(5) Humongous regions: 0->0
[2025-03-03T15:45:06.769+0000][7][gc,metaspace] GC(5) Metaspace: 34952K(35968K)->34952K(35968K) NonClass: 30335K(30912K)->30335K(30912K) Class: 4617K(5056K)->4617K(5056K)
[2025-03-03T15:45:06.770+0000][7][gc          ] GC(5) Pause Young (Prepare Mixed) (Metadata GC Threshold) 706M->47M(2048M) 110.338ms
[2025-03-03T15:45:06.770+0000][7][gc,cpu      ] GC(5) User=0.15s Sys=0.01s Real=0.11s
[2025-03-03T15:45:06.771+0000][7][safepoint   ] Safepoint "CollectForMetadataAllocation", Time since last: 510386112 ns, Reaching safepoint: 8397 ns, Cleanup: 34013 ns, At safepoint: 111741489 ns, Total: 111783899 ns
[2025-03-03T15:45:06.841+0000][7][gc,start    ] GC(6) Pause Young (Mixed) (Metadata GC Threshold)
[2025-03-03T15:45:06.842+0000][7][gc,task     ] GC(6) Using 13 workers of 13 for evacuation
[2025-03-03T15:45:06.842+0000][7][gc,age      ] GC(6) Desired survivor size 58720256 bytes, new threshold 15 (max threshold 15)
[2025-03-03T15:45:06.904+0000][7][gc,phases   ] GC(6)   Pre Evacuate Collection Set: 0.42ms
[2025-03-03T15:45:06.904+0000][7][gc,phases   ] GC(6)   Merge Heap Roots: 0.28ms
[2025-03-03T15:45:06.904+0000][7][gc,phases   ] GC(6)   Evacuate Collection Set: 55.48ms
[2025-03-03T15:45:06.904+0000][7][gc,phases   ] GC(6)   Post Evacuate Collection Set: 5.04ms
[2025-03-03T15:45:06.904+0000][7][gc,phases   ] GC(6)   Other: 0.53ms
[2025-03-03T15:45:06.904+0000][7][gc,age      ] GC(6) Age table with threshold 15 (max threshold 15)
[2025-03-03T15:45:06.905+0000][7][gc,age      ] GC(6) - age   1:      57512 bytes,      57512 total
[2025-03-03T15:45:06.905+0000][7][gc,age      ] GC(6) - age   2:   28614648 bytes,   28672160 total
[2025-03-03T15:45:06.905+0000][7][gc,age      ] GC(6) - age   3:    5964832 bytes,   34636992 total
[2025-03-03T15:45:06.905+0000][7][gc,age      ] GC(6) - age   4:    1886848 bytes,   36523840 total
[2025-03-03T15:45:06.905+0000][7][gc,age      ] GC(6) - age   5:    1849208 bytes,   38373048 total
[2025-03-03T15:45:06.905+0000][7][gc,heap     ] GC(6) Eden regions: 1->0(25)
[2025-03-03T15:45:06.907+0000][7][gc,heap     ] GC(6) Survivor regions: 10->10(28)
[2025-03-03T15:45:06.907+0000][7][gc,heap     ] GC(6) Old regions: 3->3
[2025-03-03T15:45:06.907+0000][7][gc,heap     ] GC(6) Humongous regions: 0->0
[2025-03-03T15:45:06.907+0000][7][gc,metaspace] GC(6) Metaspace: 35249K(36288K)->35249K(36288K) NonClass: 30597K(31232K)->30597K(31232K) Class: 4652K(5056K)->4652K(5056K)
[2025-03-03T15:45:06.908+0000][7][gc          ] GC(6) Pause Young (Mixed) (Metadata GC Threshold) 51M->48M(2048M) 67.179ms
[2025-03-03T15:45:06.908+0000][7][gc,cpu      ] GC(6) User=0.16s Sys=0.01s Real=0.06s
[2025-03-03T15:45:06.909+0000][7][safepoint   ] Safepoint "CollectForMetadataAllocation", Time since last: 68044942 ns, Reaching safepoint: 1834917 ns, Cleanup: 17723 ns, At safepoint: 67760714 ns, Total: 69613354 ns
[2025-03-03T15:45:06.975+0000][7][gc,start    ] GC(7) Pause Young (Concurrent Start) (Metadata GC Threshold)
[2025-03-03T15:45:06.975+0000][7][gc,task     ] GC(7) Using 13 workers of 13 for evacuation
[2025-03-03T15:45:06.977+0000][7][gc,age      ] GC(7) Desired survivor size 10485760 bytes, new threshold 2 (max threshold 15)
[2025-03-03T15:45:07.012+0000][7][gc,phases   ] GC(7)   Pre Evacuate Collection Set: 0.30ms
[2025-03-03T15:45:07.012+0000][7][gc,phases   ] GC(7)   Merge Heap Roots: 0.06ms
[2025-03-03T15:45:07.013+0000][7][gc,phases   ] GC(7)   Evacuate Collection Set: 30.58ms
[2025-03-03T15:45:07.013+0000][7][gc,phases   ] GC(7)   Post Evacuate Collection Set: 4.10ms
[2025-03-03T15:45:07.013+0000][7][gc,phases   ] GC(7)   Other: 1.79ms
[2025-03-03T15:45:07.013+0000][7][gc,age      ] GC(7) Age table with threshold 2 (max threshold 15)
[2025-03-03T15:45:07.014+0000][7][gc,age      ] GC(7) - age   1:      58424 bytes,      58424 total
[2025-03-03T15:45:07.014+0000][7][gc,age      ] GC(7) - age   2:      48368 bytes,     106792 total
[2025-03-03T15:45:07.014+0000][7][gc,heap     ] GC(7) Eden regions: 1->0(305)
[2025-03-03T15:45:07.014+0000][7][gc,heap     ] GC(7) Survivor regions: 10->2(5)
[2025-03-03T15:45:07.015+0000][7][gc,heap     ] GC(7) Old regions: 3->12
[2025-03-03T15:45:07.017+0000][7][gc,heap     ] GC(7) Humongous regions: 0->0
[2025-03-03T15:45:07.018+0000][7][gc,metaspace] GC(7) Metaspace: 35611K(36608K)->35611K(36608K) NonClass: 30916K(31488K)->30916K(31488K) Class: 4695K(5120K)->4695K(5120K)
[2025-03-03T15:45:07.018+0000][7][gc          ] GC(7) Pause Young (Concurrent Start) (Metadata GC Threshold) 51M->50M(2048M) 43.108ms
[2025-03-03T15:45:07.018+0000][7][gc,cpu      ] GC(7) User=0.13s Sys=0.00s Real=0.04s
[2025-03-03T15:45:07.019+0000][7][safepoint   ] Safepoint "CollectForMetadataAllocation", Time since last: 66311020 ns, Reaching safepoint: 6984 ns, Cleanup: 13992 ns, At safepoint: 43885261 ns, Total: 43906237 ns
[2025-03-03T15:45:07.018+0000][7][gc          ] GC(8) Concurrent Mark Cycle
[2025-03-03T15:45:07.020+0000][7][gc,marking  ] GC(8) Concurrent Scan Root Regions
[2025-03-03T15:45:07.041+0000][7][gc,marking  ] GC(8) Concurrent Scan Root Regions 21.065ms
[2025-03-03T15:45:07.042+0000][7][gc,marking  ] GC(8) Concurrent Mark
[2025-03-03T15:45:07.043+0000][7][gc,marking  ] GC(8) Concurrent Mark From Roots
[2025-03-03T15:45:07.043+0000][7][gc,task     ] GC(8) Using 3 workers of 3 for marking
[2025-03-03T15:45:07.060+0000][7][gc,marking  ] GC(8) Concurrent Mark From Roots 17.351ms
[2025-03-03T15:45:07.062+0000][7][gc,marking  ] GC(8) Concurrent Preclean
[2025-03-03T15:45:07.062+0000][7][gc,marking  ] GC(8) Concurrent Preclean 0.849ms
[2025-03-03T15:45:07.068+0000][7][gc,start    ] GC(8) Pause Remark
[2025-03-03T15:45:07.086+0000][7][gc          ] GC(8) Pause Remark 53M->53M(2048M) 17.962ms
[2025-03-03T15:45:07.088+0000][7][gc,cpu      ] GC(8) User=0.02s Sys=0.00s Real=0.02s
[2025-03-03T15:45:07.095+0000][7][safepoint   ] Safepoint "G1PauseRemark", Time since last: 48005905 ns, Reaching safepoint: 1135105 ns, Cleanup: 17787 ns, At safepoint: 27051285 ns, Total: 28204177 ns
[2025-03-03T15:45:07.095+0000][7][gc,marking  ] GC(8) Concurrent Mark 53.333ms
[2025-03-03T15:45:07.096+0000][7][gc,marking  ] GC(8) Concurrent Rebuild Remembered Sets and Scrub Regions
[2025-03-03T15:45:07.120+0000][7][gc,marking  ] GC(8) Concurrent Rebuild Remembered Sets and Scrub Regions 23.742ms
[2025-03-03T15:45:07.127+0000][7][gc,start    ] GC(8) Pause Cleanup
[2025-03-03T15:45:07.131+0000][7][gc          ] GC(8) Pause Cleanup 53M->53M(2048M) 3.740ms
[2025-03-03T15:45:07.134+0000][7][gc,cpu      ] GC(8) User=0.00s Sys=0.00s Real=0.01s
[2025-03-03T15:45:07.137+0000][7][safepoint   ] Safepoint "G1PauseCleanup", Time since last: 31938270 ns, Reaching safepoint: 7230 ns, Cleanup: 13654 ns, At safepoint: 10235119 ns, Total: 10256003 ns
[2025-03-03T15:45:07.139+0000][7][gc,marking  ] GC(8) Concurrent Clear Claimed Marks
[2025-03-03T15:45:07.143+0000][7][gc,marking  ] GC(8) Concurrent Clear Claimed Marks 4.642ms
[2025-03-03T15:45:07.144+0000][7][gc,marking  ] GC(8) Concurrent Cleanup for Next Mark
[2025-03-03T15:45:07.154+0000][7][gc,marking  ] GC(8) Concurrent Cleanup for Next Mark 10.341ms
[2025-03-03T15:45:07.155+0000][7][gc          ] GC(8) Concurrent Mark Cycle 136.787ms
[2025-03-03T15:45:08.143+0000][7][safepoint   ] Safepoint "Cleanup", Time since last: 1004456084 ns, Reaching safepoint: 933487 ns, Cleanup: 88080 ns, At safepoint: 19647 ns, Total: 1041214 ns
[2025-03-03T15:45:09.324+0000][7][safepoint   ] Safepoint "Cleanup", Time since last: 1179929480 ns, Reaching safepoint: 911616 ns, Cleanup: 29693 ns, At safepoint: 17701 ns, Total: 959010 ns
[2025-03-03T15:45:10.898+0000][7][safepoint   ] Safepoint "Cleanup", Time since last: 1573128074 ns, Reaching safepoint: 918472 ns, Cleanup: 150420 ns, At safepoint: 54570 ns, Total: 1123462 ns
[2025-03-03T15:45:11.903+0000][7][safepoint   ] Safepoint "Cleanup", Time since last: 1002697349 ns, Reaching safepoint: 2305957 ns, Cleanup: 36538 ns, At safepoint: 120143 ns, Total: 2462638 ns
[2025-03-03T15:45:12.909+0000][7][safepoint   ] Safepoint "Cleanup", Time since last: 1006094093 ns, Reaching safepoint: 4031 ns, Cleanup: 160066 ns, At safepoint: 7291 ns, Total: 171388 ns
[2025-03-03T15:45:13.913+0000][7][safepoint   ] Safepoint "Cleanup", Time since last: 1001197624 ns, Reaching safepoint: 2654575 ns, Cleanup: 52533 ns, At safepoint: 57868 ns, Total: 2764976 ns
[2025-03-03T15:45:15.356+0000][7][safepoint   ] Safepoint "Cleanup", Time since last: 1438709933 ns, Reaching safepoint: 8832 ns, Cleanup: 3746736 ns, At safepoint: 19882 ns, Total: 3775450 ns
[2025-03-03T15:45:15.513+0000][7][gc,start    ] GC(9) Pause Young (Concurrent Start) (Metadata GC Threshold)
[2025-03-03T15:45:15.514+0000][7][gc,task     ] GC(9) Using 13 workers of 13 for evacuation
[2025-03-03T15:45:15.514+0000][7][gc,age      ] GC(9) Desired survivor size 81788928 bytes, new threshold 15 (max threshold 15)
[2025-03-03T15:45:15.551+0000][7][gc,phases   ] GC(9)   Pre Evacuate Collection Set: 0.77ms
[2025-03-03T15:45:15.555+0000][7][gc,phases   ] GC(9)   Merge Heap Roots: 0.35ms
[2025-03-03T15:45:15.556+0000][7][gc,phases   ] GC(9)   Evacuate Collection Set: 23.61ms
[2025-03-03T15:45:15.556+0000][7][gc,phases   ] GC(9)   Post Evacuate Collection Set: 11.37ms
[2025-03-03T15:45:15.556+0000][7][gc,phases   ] GC(9)   Other: 0.78ms
[2025-03-03T15:45:15.557+0000][7][gc,age      ] GC(9) Age table with threshold 15 (max threshold 15)
[2025-03-03T15:45:15.557+0000][7][gc,age      ] GC(9) - age   1:   12471504 bytes,   12471504 total
[2025-03-03T15:45:15.557+0000][7][gc,age      ] GC(9) - age   2:      53544 bytes,   12525048 total
[2025-03-03T15:45:15.557+0000][7][gc,age      ] GC(9) - age   3:      48272 bytes,   12573320 total
[2025-03-03T15:45:15.557+0000][7][gc,heap     ] GC(9) Eden regions: 117->0(303)
[2025-03-03T15:45:15.558+0000][7][gc,heap     ] GC(9) Survivor regions: 2->4(39)
[2025-03-03T15:45:15.558+0000][7][gc,heap     ] GC(9) Old regions: 12->12
[2025-03-03T15:45:15.558+0000][7][gc,heap     ] GC(9) Humongous regions: 0->0
[2025-03-03T15:45:15.559+0000][7][gc,metaspace] GC(9) Metaspace: 60084K(61248K)->60084K(61248K) NonClass: 51828K(52544K)->51828K(52544K) Class: 8255K(8704K)->8255K(8704K)
[2025-03-03T15:45:15.559+0000][7][gc          ] GC(9) Pause Young (Concurrent Start) (Metadata GC Threshold) 518M->59M(2048M) 45.652ms
[2025-03-03T15:45:15.560+0000][7][gc,cpu      ] GC(9) User=0.07s Sys=0.00s Real=0.05s
[2025-03-03T15:45:15.560+0000][7][gc          ] GC(10) Concurrent Mark Cycle
[2025-03-03T15:45:15.560+0000][7][gc,marking  ] GC(10) Concurrent Scan Root Regions
[2025-03-03T15:45:15.560+0000][7][safepoint   ] Safepoint "CollectForMetadataAllocation", Time since last: 157521390 ns, Reaching safepoint: 8600 ns, Cleanup: 11335 ns, At safepoint: 46931478 ns, Total: 46951413 ns
[2025-03-03T15:45:15.573+0000][7][gc,marking  ] GC(10) Concurrent Scan Root Regions 13.323ms
[2025-03-03T15:45:15.574+0000][7][gc,marking  ] GC(10) Concurrent Mark
[2025-03-03T15:45:15.574+0000][7][gc,marking  ] GC(10) Concurrent Mark From Roots
[2025-03-03T15:45:15.574+0000][7][gc,task     ] GC(10) Using 3 workers of 3 for marking
[2025-03-03T15:45:15.631+0000][7][gc,marking  ] GC(10) Concurrent Mark From Roots 56.736ms
[2025-03-03T15:45:15.631+0000][7][gc,marking  ] GC(10) Concurrent Preclean
[2025-03-03T15:45:15.632+0000][7][gc,marking  ] GC(10) Concurrent Preclean 1.014ms
[2025-03-03T15:45:15.633+0000][7][gc,start    ] GC(10) Pause Remark
[2025-03-03T15:45:15.643+0000][7][gc          ] GC(10) Pause Remark 65M->65M(2048M) 9.990ms
[2025-03-03T15:45:15.644+0000][7][gc,cpu      ] GC(10) User=0.02s Sys=0.00s Real=0.01s
[2025-03-03T15:45:15.645+0000][7][safepoint   ] Safepoint "G1PauseRemark", Time since last: 71882463 ns, Reaching safepoint: 457020 ns, Cleanup: 17654 ns, At safepoint: 12185388 ns, Total: 12660062 ns
[2025-03-03T15:45:15.646+0000][7][gc,marking  ] GC(10) Concurrent Mark 72.087ms
[2025-03-03T15:45:15.647+0000][7][gc,marking  ] GC(10) Concurrent Rebuild Remembered Sets and Scrub Regions
[2025-03-03T15:45:15.691+0000][7][gc,marking  ] GC(10) Concurrent Rebuild Remembered Sets and Scrub Regions 44.441ms
[2025-03-03T15:45:15.693+0000][7][gc,start    ] GC(10) Pause Cleanup
[2025-03-03T15:45:15.694+0000][7][gc          ] GC(10) Pause Cleanup 67M->67M(2048M) 1.096ms
[2025-03-03T15:45:15.694+0000][7][gc,cpu      ] GC(10) User=0.00s Sys=0.00s Real=0.00s
[2025-03-03T15:45:15.695+0000][7][safepoint   ] Safepoint "G1PauseCleanup", Time since last: 46836188 ns, Reaching safepoint: 1084074 ns, Cleanup: 13246 ns, At safepoint: 1902683 ns, Total: 3000003 ns
[2025-03-03T15:45:15.695+0000][7][gc,marking  ] GC(10) Concurrent Clear Claimed Marks
[2025-03-03T15:45:15.695+0000][7][gc,marking  ] GC(10) Concurrent Clear Claimed Marks 0.285ms
[2025-03-03T15:45:15.695+0000][7][gc,marking  ] GC(10) Concurrent Cleanup for Next Mark
[2025-03-03T15:45:15.698+0000][7][gc,marking  ] GC(10) Concurrent Cleanup for Next Mark 2.389ms
[2025-03-03T15:45:15.698+0000][7][gc          ] GC(10) Concurrent Mark Cycle 138.429ms
[2025-03-03T15:45:16.697+0000][7][safepoint   ] Safepoint "Cleanup", Time since last: 1001080836 ns, Reaching safepoint: 1004468 ns, Cleanup: 25618 ns, At safepoint: 44303 ns, Total: 1074389 ns
[2025-03-03T15:45:17.733+0000][7][safepoint   ] Safepoint "ICBufferFull", Time since last: 1035561194 ns, Reaching safepoint: 7596 ns, Cleanup: 261537 ns, At safepoint: 45537 ns, Total: 314670 ns
[2025-03-03T15:45:19.140+0000][7][safepoint   ] Safepoint "Cleanup", Time since last: 1407420280 ns, Reaching safepoint: 637624 ns, Cleanup: 141500 ns, At safepoint: 15670 ns, Total: 794794 ns
[2025-03-03T15:45:20.299+0000][7][safepoint   ] Safepoint "Cleanup", Time since last: 1158156328 ns, Reaching safepoint: 583120 ns, Cleanup: 78708 ns, At safepoint: 75308 ns, Total: 737136 ns
[2025-03-03T15:45:20.826+0000][7][safepoint   ] Safepoint "ICBufferFull", Time since last: 526186351 ns, Reaching safepoint: 647423 ns, Cleanup: 119424 ns, At safepoint: 163581 ns, Total: 930428 ns
[2025-03-03T15:45:21.622+0000][7][safepoint   ] Safepoint "ICBufferFull", Time since last: 794938341 ns, Reaching safepoint: 1025346 ns, Cleanup: 120542 ns, At safepoint: 98424 ns, Total: 1244312 ns
[2025-03-03T15:45:22.398+0000][7][safepoint   ] Safepoint "ICBufferFull", Time since last: 774634959 ns, Reaching safepoint: 1001311 ns, Cleanup: 133526 ns, At safepoint: 56678 ns, Total: 1191515 ns
[2025-03-03T15:45:23.155+0000][7][safepoint   ] Safepoint "ICBufferFull", Time since last: 756252184 ns, Reaching safepoint: 16831 ns, Cleanup: 151576 ns, At safepoint: 22166 ns, Total: 190573 ns
[2025-03-03T15:45:23.766+0000][7][safepoint   ] Safepoint "ICBufferFull", Time since last: 611471027 ns, Reaching safepoint: 12285 ns, Cleanup: 118409 ns, At safepoint: 84189 ns, Total: 214883 ns
[2025-03-03T15:45:24.132+0000][7][safepoint   ] Safepoint "ICBufferFull", Time since last: 365122800 ns, Reaching safepoint: 7526 ns, Cleanup: 84022 ns, At safepoint: 56750 ns, Total: 148298 ns
[2025-03-03T15:45:25.137+0000][7][safepoint   ] Safepoint "Cleanup", Time since last: 1004338976 ns, Reaching safepoint: 1017985 ns, Cleanup: 135200 ns, At safepoint: 63637 ns, Total: 1216822 ns
[2025-03-03T15:45:26.095+0000][7][safepoint   ] Safepoint "ICBufferFull", Time since last: 957043347 ns, Reaching safepoint: 709722 ns, Cleanup: 118599 ns, At safepoint: 325137 ns, Total: 1153458 ns
[2025-03-03T15:45:27.098+0000][7][safepoint   ] Safepoint "Cleanup", Time since last: 1001515975 ns, Reaching safepoint: 982787 ns, Cleanup: 122206 ns, At safepoint: 340862 ns, Total: 1445855 ns
[2025-03-03T15:45:28.099+0000][7][safepoint   ] Safepoint "Cleanup", Time since last: 1000636411 ns, Reaching safepoint: 16215 ns, Cleanup: 180616 ns, At safepoint: 64208 ns, Total: 261039 ns
[2025-03-03T15:45:29.102+0000][7][safepoint   ] Safepoint "Cleanup", Time since last: 1001799892 ns, Reaching safepoint: 884333 ns, Cleanup: 88566 ns, At safepoint: 122361 ns, Total: 1095260 ns
[2025-03-03T15:45:30.104+0000][7][safepoint   ] Safepoint "Cleanup", Time since last: 1000695954 ns, Reaching safepoint: 999010 ns, Cleanup: 73420 ns, At safepoint: 61485 ns, Total: 1133915 ns
[2025-03-03T15:45:31.106+0000][7][safepoint   ] Safepoint "Cleanup", Time since last: 1001059708 ns, Reaching safepoint: 1015042 ns, Cleanup: 146369 ns, At safepoint: 101638 ns, Total: 1263049 ns
[2025-03-03T15:45:32.711+0000][7][safepoint   ] Safepoint "Cleanup", Time since last: 1604569130 ns, Reaching safepoint: 13247 ns, Cleanup: 93896 ns, At safepoint: 7928 ns, Total: 115071 ns
[2025-03-03T15:45:33.667+0000][7][safepoint   ] Safepoint "ICBufferFull", Time since last: 955003033 ns, Reaching safepoint: 942777 ns, Cleanup: 186566 ns, At safepoint: 113472 ns, Total: 1242815 ns
[2025-03-03T15:45:33.679+0000][7][safepoint   ] Safepoint "ICBufferFull", Time since last: 10580224 ns, Reaching safepoint: 822754 ns, Cleanup: 25439 ns, At safepoint: 357235 ns, Total: 1205428 ns
[2025-03-03T15:45:34.685+0000][7][safepoint   ] Safepoint "Cleanup", Time since last: 1005814524 ns, Reaching safepoint: 17948 ns, Cleanup: 173673 ns, At safepoint: 45904 ns, Total: 237525 ns
[2025-03-03T15:45:35.588+0000][7][gc,start    ] GC(11) Pause Young (Concurrent Start) (Metadata GC Threshold)
[2025-03-03T15:45:35.588+0000][7][gc,task     ] GC(11) Using 13 workers of 13 for evacuation
[2025-03-03T15:45:35.588+0000][7][gc,age      ] GC(11) Desired survivor size 81788928 bytes, new threshold 15 (max threshold 15)
[2025-03-03T15:45:35.617+0000][7][gc,phases   ] GC(11)   Pre Evacuate Collection Set: 0.76ms
[2025-03-03T15:45:35.617+0000][7][gc,phases   ] GC(11)   Merge Heap Roots: 0.62ms
[2025-03-03T15:45:35.617+0000][7][gc,phases   ] GC(11)   Evacuate Collection Set: 21.29ms
[2025-03-03T15:45:35.617+0000][7][gc,phases   ] GC(11)   Post Evacuate Collection Set: 5.21ms
[2025-03-03T15:45:35.618+0000][7][gc,phases   ] GC(11)   Other: 0.61ms
[2025-03-03T15:45:35.618+0000][7][gc,age      ] GC(11) Age table with threshold 15 (max threshold 15)
[2025-03-03T15:45:35.618+0000][7][gc,age      ] GC(11) - age   1:   69156000 bytes,   69156000 total
[2025-03-03T15:45:35.618+0000][7][gc,age      ] GC(11) - age   2:   11830152 bytes,   80986152 total
[2025-03-03T15:45:35.618+0000][7][gc,age      ] GC(11) - age   3:      52376 bytes,   81038528 total
[2025-03-03T15:45:35.619+0000][7][gc,age      ] GC(11) - age   4:      47488 bytes,   81086016 total
[2025-03-03T15:45:35.619+0000][7][gc,heap     ] GC(11) Eden regions: 188->0(173)
[2025-03-03T15:45:35.619+0000][7][gc,heap     ] GC(11) Survivor regions: 4->22(39)
[2025-03-03T15:45:35.619+0000][7][gc,heap     ] GC(11) Old regions: 12->12
[2025-03-03T15:45:35.619+0000][7][gc,heap     ] GC(11) Humongous regions: 2->2
[2025-03-03T15:45:35.620+0000][7][gc,metaspace] GC(11) Metaspace: 100123K(102656K)->100123K(102656K) NonClass: 85915K(87296K)->85915K(87296K) Class: 14207K(15360K)->14207K(15360K)
[2025-03-03T15:45:35.620+0000][7][gc          ] GC(11) Pause Young (Concurrent Start) (Metadata GC Threshold) 819M->139M(2048M) 31.815ms
[2025-03-03T15:45:35.620+0000][7][gc,cpu      ] GC(11) User=0.27s Sys=0.01s Real=0.03s
[2025-03-03T15:45:35.620+0000][7][gc          ] GC(12) Concurrent Mark Cycle
[2025-03-03T15:45:35.621+0000][7][gc,marking  ] GC(12) Concurrent Scan Root Regions
[2025-03-03T15:45:35.621+0000][7][safepoint   ] Safepoint "CollectForMetadataAllocation", Time since last: 902176389 ns, Reaching safepoint: 603080 ns, Cleanup: 101779 ns, At safepoint: 32800713 ns, Total: 33505572 ns
[2025-03-03T15:45:35.639+0000][7][gc,marking  ] GC(12) Concurrent Scan Root Regions 18.014ms
[2025-03-03T15:45:35.639+0000][7][gc,marking  ] GC(12) Concurrent Mark
[2025-03-03T15:45:35.639+0000][7][gc,marking  ] GC(12) Concurrent Mark From Roots
[2025-03-03T15:45:35.639+0000][7][gc,task     ] GC(12) Using 3 workers of 3 for marking
[2025-03-03T15:45:35.672+0000][7][gc,marking  ] GC(12) Concurrent Mark From Roots 32.925ms
[2025-03-03T15:45:35.672+0000][7][gc,marking  ] GC(12) Concurrent Preclean
[2025-03-03T15:45:35.673+0000][7][gc,marking  ] GC(12) Concurrent Preclean 0.546ms
[2025-03-03T15:45:35.673+0000][7][gc,start    ] GC(12) Pause Remark
[2025-03-03T15:45:35.684+0000][7][gc          ] GC(12) Pause Remark 159M->159M(2048M) 11.131ms
[2025-03-03T15:45:35.685+0000][7][gc,cpu      ] GC(12) User=0.04s Sys=0.01s Real=0.01s
[2025-03-03T15:45:35.685+0000][7][safepoint   ] Safepoint "G1PauseRemark", Time since last: 52440187 ns, Reaching safepoint: 13217 ns, Cleanup: 33697 ns, At safepoint: 12075906 ns, Total: 12122820 ns
[2025-03-03T15:45:35.686+0000][7][gc,marking  ] GC(12) Concurrent Mark 46.846ms
[2025-03-03T15:45:35.686+0000][7][gc,marking  ] GC(12) Concurrent Rebuild Remembered Sets and Scrub Regions
[2025-03-03T15:45:35.703+0000][7][gc,marking  ] GC(12) Concurrent Rebuild Remembered Sets and Scrub Regions 16.558ms
[2025-03-03T15:45:35.703+0000][7][gc,start    ] GC(12) Pause Cleanup
[2025-03-03T15:45:35.705+0000][7][gc          ] GC(12) Pause Cleanup 159M->159M(2048M) 1.194ms
[2025-03-03T15:45:35.705+0000][7][gc,cpu      ] GC(12) User=0.00s Sys=0.00s Real=0.00s
[2025-03-03T15:45:35.705+0000][7][safepoint   ] Safepoint "G1PauseCleanup", Time since last: 18088741 ns, Reaching safepoint: 15505 ns, Cleanup: 9603 ns, At safepoint: 1981289 ns, Total: 2006397 ns
[2025-03-03T15:45:35.706+0000][7][gc,marking  ] GC(12) Concurrent Clear Claimed Marks
[2025-03-03T15:45:35.707+0000][7][gc,marking  ] GC(12) Concurrent Clear Claimed Marks 0.432ms
[2025-03-03T15:45:35.707+0000][7][gc,marking  ] GC(12) Concurrent Cleanup for Next Mark
[2025-03-03T15:45:35.709+0000][7][gc,marking  ] GC(12) Concurrent Cleanup for Next Mark 2.080ms
[2025-03-03T15:45:35.709+0000][7][gc          ] GC(12) Concurrent Mark Cycle 89.090ms
[2025-03-03T15:45:36.485+0000][7][safepoint   ] Safepoint "ICBufferFull", Time since last: 779220293 ns, Reaching safepoint: 14679 ns, Cleanup: 392317 ns, At safepoint: 20662 ns, Total: 427658 ns
[2025-03-03T15:45:36.487+0000][7][safepoint   ] Safepoint "ICBufferFull", Time since last: 795395 ns, Reaching safepoint: 1143024 ns, Cleanup: 6525 ns, At safepoint: 72395 ns, Total: 1221944 ns
[2025-03-03T15:45:37.489+0000][7][safepoint   ] Safepoint "Cleanup", Time since last: 1000918160 ns, Reaching safepoint: 944979 ns, Cleanup: 192232 ns, At safepoint: 133577 ns, Total: 1270788 ns
[2025-03-03T15:45:38.490+0000][7][safepoint   ] Safepoint "Cleanup", Time since last: 1000752879 ns, Reaching safepoint: 16688 ns, Cleanup: 87889 ns, At safepoint: 12455 ns, Total: 117032 ns
[2025-03-03T15:45:39.672+0000][7][safepoint   ] Safepoint "Cleanup", Time since last: 1181804035 ns, Reaching safepoint: 5346 ns, Cleanup: 68565 ns, At safepoint: 4756 ns, Total: 78667 ns
[2025-03-03T15:45:40.674+0000][7][safepoint   ] Safepoint "Cleanup", Time since last: 1002091026 ns, Reaching safepoint: 17739 ns, Cleanup: 208991 ns, At safepoint: 78573 ns, Total: 305303 ns
[2025-03-03T15:45:41.676+0000][7][safepoint   ] Safepoint "Cleanup", Time since last: 1001622437 ns, Reaching safepoint: 12894 ns, Cleanup: 73592 ns, At safepoint: 8469 ns, Total: 94955 ns
[2025-03-03T15:45:42.677+0000][7][safepoint   ] Safepoint "Cleanup", Time since last: 1000821168 ns, Reaching safepoint: 12489 ns, Cleanup: 19500 ns, At safepoint: 6282 ns, Total: 38271 ns
[2025-03-03T15:45:43.678+0000][7][safepoint   ] Safepoint "Cleanup", Time since last: 1001157873 ns, Reaching safepoint: 18072 ns, Cleanup: 133010 ns, At safepoint: 13673 ns, Total: 164755 ns
[2025-03-03T15:45:44.680+0000][7][safepoint   ] Safepoint "Cleanup", Time since last: 1001801499 ns, Reaching safepoint: 23836 ns, Cleanup: 27492 ns, At safepoint: 16611 ns, Total: 67939 ns
[2025-03-03T15:45:45.682+0000][7][safepoint   ] Safepoint "Cleanup", Time since last: 1001854717 ns, Reaching safepoint: 14656 ns, Cleanup: 21379 ns, At safepoint: 9860 ns, Total: 45895 ns
[2025-03-03T15:45:46.683+0000][7][safepoint   ] Safepoint "Cleanup", Time since last: 1001015532 ns, Reaching safepoint: 17053 ns, Cleanup: 120611 ns, At safepoint: 23006 ns, Total: 160670 ns
[2025-03-03T15:45:47.685+0000][7][safepoint   ] Safepoint "Cleanup", Time since last: 1001597521 ns, Reaching safepoint: 14557 ns, Cleanup: 12755 ns, At safepoint: 9005 ns, Total: 36317 ns
[2025-03-03T15:45:48.683+0000][7][safepoint   ] Safepoint "Cleanup", Time since last: 1001093930 ns, Reaching safepoint: 12365 ns, Cleanup: 13469 ns, At safepoint: 28976 ns, Total: 54810 ns
[2025-03-03T15:45:49.684+0000][7][safepoint   ] Safepoint "Cleanup", Time since last: 1001099832 ns, Reaching safepoint: 23063 ns, Cleanup: 33536 ns, At safepoint: 17711 ns, Total: 74310 ns
[2025-03-03T15:45:50.686+0000][7][safepoint   ] Safepoint "Cleanup", Time since last: 1001900356 ns, Reaching safepoint: 23234 ns, Cleanup: 19991 ns, At safepoint: 16791 ns, Total: 60016 ns
[2025-03-03T15:45:51.687+0000][7][safepoint   ] Safepoint "Cleanup", Time since last: 1000971447 ns, Reaching safepoint: 16195 ns, Cleanup: 56365 ns, At safepoint: 13112 ns, Total: 85672 ns
[2025-03-03T15:45:52.816+0000][7][safepoint   ] Safepoint "Cleanup", Time since last: 1128806276 ns, Reaching safepoint: 43160 ns, Cleanup: 65244 ns, At safepoint: 19896 ns, Total: 128300 ns
[2025-03-03T15:45:53.817+0000][7][safepoint   ] Safepoint "Cleanup", Time since last: 1000903433 ns, Reaching safepoint: 17521 ns, Cleanup: 24328 ns, At safepoint: 11934 ns, Total: 53783 ns
[2025-03-03T15:45:54.819+0000][7][safepoint   ] Safepoint "Cleanup", Time since last: 1001697340 ns, Reaching safepoint: 73796 ns, Cleanup: 47036 ns, At safepoint: 8130 ns, Total: 128962 ns
[2025-03-03T15:45:55.820+0000][7][safepoint   ] Safepoint "Cleanup", Time since last: 1001003287 ns, Reaching safepoint: 12013 ns, Cleanup: 30849 ns, At safepoint: 8164 ns, Total: 51026 ns
[2025-03-03T15:45:56.821+0000][7][safepoint   ] Safepoint "Cleanup", Time since last: 1000815234 ns, Reaching safepoint: 11904 ns, Cleanup: 15661 ns, At safepoint: 6944 ns, Total: 34509 ns
[2025-03-03T15:45:57.822+0000][7][safepoint   ] Safepoint "Cleanup", Time since last: 1001213290 ns, Reaching safepoint: 10951 ns, Cleanup: 15296 ns, At safepoint: 5443 ns, Total: 31690 ns
[2025-03-03T15:45:58.823+0000][7][safepoint   ] Safepoint "Cleanup", Time since last: 1000940322 ns, Reaching safepoint: 16987 ns, Cleanup: 18592 ns, At safepoint: 12859 ns, Total: 48438 ns
[2025-03-03T15:46:00.825+0000][7][safepoint   ] Safepoint "Cleanup", Time since last: 2001876902 ns, Reaching safepoint: 24172 ns, Cleanup: 30547 ns, At safepoint: 14263 ns, Total: 68982 ns
[2025-03-03T15:46:01.826+0000][7][safepoint   ] Safepoint "Cleanup", Time since last: 1000829157 ns, Reaching safepoint: 14491 ns, Cleanup: 16235 ns, At safepoint: 7550 ns, Total: 38276 ns
[2025-03-03T15:46:03.828+0000][7][safepoint   ] Safepoint "Cleanup", Time since last: 2002118857 ns, Reaching safepoint: 18198 ns, Cleanup: 22291 ns, At safepoint: 11014 ns, Total: 51503 ns
[2025-03-03T15:46:04.829+0000][7][safepoint   ] Safepoint "Cleanup", Time since last: 1000927582 ns, Reaching safepoint: 16498 ns, Cleanup: 14155 ns, At safepoint: 9312 ns, Total: 39965 ns
[2025-03-03T15:46:05.830+0000][7][safepoint   ] Safepoint "Cleanup", Time since last: 1000808457 ns, Reaching safepoint: 19705 ns, Cleanup: 20500 ns, At safepoint: 12832 ns, Total: 53037 ns
[2025-03-03T15:46:06.831+0000][7][safepoint   ] Safepoint "Cleanup", Time since last: 1001080789 ns, Reaching safepoint: 26257 ns, Cleanup: 23143 ns, At safepoint: 35519 ns, Total: 84919 ns
[2025-03-03T15:46:07.832+0000][7][safepoint   ] Safepoint "Cleanup", Time since last: 1000877075 ns, Reaching safepoint: 21344 ns, Cleanup: 21484 ns, At safepoint: 12583 ns, Total: 55411 ns
[2025-03-03T15:46:08.833+0000][7][safepoint   ] Safepoint "Cleanup", Time since last: 1000853726 ns, Reaching safepoint: 68788 ns, Cleanup: 17889 ns, At safepoint: 66678 ns, Total: 153355 ns
[2025-03-03T15:46:09.834+0000][7][safepoint   ] Safepoint "Cleanup", Time since last: 1001023577 ns, Reaching safepoint: 19677 ns, Cleanup: 16473 ns, At safepoint: 9026 ns, Total: 45176 ns
[2025-03-03T15:46:12.837+0000][7][safepoint   ] Safepoint "Cleanup", Time since last: 3002868382 ns, Reaching safepoint: 19117 ns, Cleanup: 37169 ns, At safepoint: 18091 ns, Total: 74377 ns
[2025-03-03T15:46:13.840+0000][7][safepoint   ] Safepoint "Cleanup", Time since last: 1002232264 ns, Reaching safepoint: 57822 ns, Cleanup: 61188 ns, At safepoint: 30687 ns, Total: 149697 ns
[2025-03-03T15:46:15.843+0000][7][safepoint   ] Safepoint "Cleanup", Time since last: 2003313606 ns, Reaching safepoint: 19317 ns, Cleanup: 21330 ns, At safepoint: 10729 ns, Total: 51376 ns
[2025-03-03T15:46:16.845+0000][7][safepoint   ] Safepoint "Cleanup", Time since last: 1002385010 ns, Reaching safepoint: 18911 ns, Cleanup: 14553 ns, At safepoint: 11206 ns, Total: 44670 ns
[2025-03-03T15:46:18.848+0000][7][safepoint   ] Safepoint "Cleanup", Time since last: 2002813255 ns, Reaching safepoint: 19881 ns, Cleanup: 20745 ns, At safepoint: 10535 ns, Total: 51161 ns
[2025-03-03T15:46:19.849+0000][7][safepoint   ] Safepoint "Cleanup", Time since last: 1000838062 ns, Reaching safepoint: 24947 ns, Cleanup: 51195 ns, At safepoint: 16445 ns, Total: 92587 ns
[2025-03-03T15:46:20.850+0000][7][safepoint   ] Safepoint "Cleanup", Time since last: 1001028713 ns, Reaching safepoint: 12416 ns, Cleanup: 12010 ns, At safepoint: 7690 ns, Total: 32116 ns
[2025-03-03T15:46:21.866+0000][7][safepoint   ] Safepoint "Cleanup", Time since last: 1015945379 ns, Reaching safepoint: 27509 ns, Cleanup: 39537 ns, At safepoint: 15763 ns, Total: 82809 ns
[2025-03-03T15:46:23.867+0000][7][safepoint   ] Safepoint "Cleanup", Time since last: 2001775842 ns, Reaching safepoint: 40499 ns, Cleanup: 24980 ns, At safepoint: 7504 ns, Total: 72983 ns
[2025-03-03T15:46:24.869+0000][7][safepoint   ] Safepoint "Cleanup", Time since last: 1001079637 ns, Reaching safepoint: 11986 ns, Cleanup: 9285 ns, At safepoint: 5591 ns, Total: 26862 ns
[2025-03-03T15:46:27.872+0000][7][safepoint   ] Safepoint "Cleanup", Time since last: 3002924715 ns, Reaching safepoint: 13475 ns, Cleanup: 14032 ns, At safepoint: 7585 ns, Total: 35092 ns
[2025-03-03T15:46:29.874+0000][7][safepoint   ] Safepoint "Cleanup", Time since last: 2002013495 ns, Reaching safepoint: 12753 ns, Cleanup: 10789 ns, At safepoint: 7990 ns, Total: 31532 ns
[2025-03-03T15:46:30.875+0000][7][safepoint   ] Safepoint "Cleanup", Time since last: 1000866675 ns, Reaching safepoint: 12135 ns, Cleanup: 28366 ns, At safepoint: 5832 ns, Total: 46333 ns
[2025-03-03T15:46:33.877+0000][7][safepoint   ] Safepoint "Cleanup", Time since last: 3002892311 ns, Reaching safepoint: 9696 ns, Cleanup: 15244 ns, At safepoint: 6468 ns, Total: 31408 ns
[2025-03-03T15:46:35.879+0000][7][safepoint   ] Safepoint "Cleanup", Time since last: 2001998469 ns, Reaching safepoint: 17205 ns, Cleanup: 13616 ns, At safepoint: 10383 ns, Total: 41204 ns
[2025-03-03T15:46:36.882+0000][7][safepoint   ] Safepoint "Cleanup", Time since last: 1001061395 ns, Reaching safepoint: 845888 ns, Cleanup: 24963 ns, At safepoint: 126732 ns, Total: 997583 ns
[2025-03-03T15:46:38.884+0000][7][safepoint   ] Safepoint "Cleanup", Time since last: 2001965828 ns, Reaching safepoint: 33093 ns, Cleanup: 19066 ns, At safepoint: 25203 ns, Total: 77362 ns
[2025-03-03T15:46:41.886+0000][7][safepoint   ] Safepoint "Cleanup", Time since last: 3002842171 ns, Reaching safepoint: 15650 ns, Cleanup: 16925 ns, At safepoint: 8135 ns, Total: 40710 ns
[2025-03-03T15:46:42.888+0000][7][safepoint   ] Safepoint "Cleanup", Time since last: 1001188618 ns, Reaching safepoint: 17836 ns, Cleanup: 12880 ns, At safepoint: 7530 ns, Total: 38246 ns
[2025-03-03T15:46:45.891+0000][7][safepoint   ] Safepoint "Cleanup", Time since last: 3002804685 ns, Reaching safepoint: 18925 ns, Cleanup: 21940 ns, At safepoint: 10880 ns, Total: 51745 ns
[2025-03-03T15:46:46.892+0000][7][safepoint   ] Safepoint "Cleanup", Time since last: 1001134554 ns, Reaching safepoint: 60454 ns, Cleanup: 42344 ns, At safepoint: 13143 ns, Total: 115941 ns
[2025-03-03T15:46:47.899+0000][7][safepoint   ] Safepoint "Cleanup", Time since last: 1006930585 ns, Reaching safepoint: 17318 ns, Cleanup: 17823 ns, At safepoint: 9490 ns, Total: 44631 ns
[2025-03-03T15:46:48.900+0000][7][safepoint   ] Safepoint "Cleanup", Time since last: 1000787148 ns, Reaching safepoint: 55801 ns, Cleanup: 14022 ns, At safepoint: 10006 ns, Total: 79829 ns
[2025-03-03T15:46:49.902+0000][7][safepoint   ] Safepoint "Cleanup", Time since last: 1001783195 ns, Reaching safepoint: 21574 ns, Cleanup: 23127 ns, At safepoint: 9892 ns, Total: 54593 ns
[2025-03-03T15:46:51.821+0000][7][safepoint   ] Safepoint "Cleanup", Time since last: 1919188579 ns, Reaching safepoint: 5787 ns, Cleanup: 23337 ns, At safepoint: 4182 ns, Total: 33306 ns
[2025-03-03T15:46:53.823+0000][7][safepoint   ] Safepoint "Cleanup", Time since last: 2001746278 ns, Reaching safepoint: 19153 ns, Cleanup: 31879 ns, At safepoint: 12156 ns, Total: 63188 ns
[2025-03-03T15:46:54.824+0000][7][safepoint   ] Safepoint "Cleanup", Time since last: 1001042347 ns, Reaching safepoint: 50858 ns, Cleanup: 19916 ns, At safepoint: 12139 ns, Total: 82913 ns
[2025-03-03T15:46:55.825+0000][7][safepoint   ] Safepoint "Cleanup", Time since last: 1000830944 ns, Reaching safepoint: 15483 ns, Cleanup: 21589 ns, At safepoint: 9404 ns, Total: 46476 ns
[2025-03-03T15:46:57.827+0000][7][safepoint   ] Safepoint "Cleanup", Time since last: 2001953971 ns, Reaching safepoint: 20943 ns, Cleanup: 15083 ns, At safepoint: 10912 ns, Total: 46938 ns
[2025-03-03T15:46:58.828+0000][7][safepoint   ] Safepoint "Cleanup", Time since last: 1001104045 ns, Reaching safepoint: 14764 ns, Cleanup: 14158 ns, At safepoint: 7822 ns, Total: 36744 ns
[2025-03-03T15:46:59.829+0000][7][safepoint   ] Safepoint "Cleanup", Time since last: 1000918972 ns, Reaching safepoint: 14063 ns, Cleanup: 12714 ns, At safepoint: 8080 ns, Total: 34857 ns
[2025-03-03T15:47:00.831+0000][7][safepoint   ] Safepoint "Cleanup", Time since last: 1001131752 ns, Reaching safepoint: 718649 ns, Cleanup: 142225 ns, At safepoint: 62972 ns, Total: 923846 ns
[2025-03-03T15:47:01.832+0000][7][safepoint   ] Safepoint "Cleanup", Time since last: 1000991190 ns, Reaching safepoint: 12905 ns, Cleanup: 23483 ns, At safepoint: 7394 ns, Total: 43782 ns
[2025-03-03T15:47:06.836+0000][7][safepoint   ] Safepoint "Cleanup", Time since last: 5003845917 ns, Reaching safepoint: 9797 ns, Cleanup: 12111 ns, At safepoint: 5953 ns, Total: 27861 ns
[2025-03-03T15:47:07.838+0000][7][safepoint   ] Safepoint "Cleanup", Time since last: 1001958766 ns, Reaching safepoint: 11572 ns, Cleanup: 12280 ns, At safepoint: 6634 ns, Total: 30486 ns
[2025-03-03T15:47:08.839+0000][7][safepoint   ] Safepoint "Cleanup", Time since last: 1000890460 ns, Reaching safepoint: 15764 ns, Cleanup: 15760 ns, At safepoint: 5957 ns, Total: 37481 ns
[2025-03-03T15:47:09.840+0000][7][safepoint   ] Safepoint "Cleanup", Time since last: 1000960316 ns, Reaching safepoint: 52958 ns, Cleanup: 25637 ns, At safepoint: 6768 ns, Total: 85363 ns
[2025-03-03T15:47:16.847+0000][7][safepoint   ] Safepoint "Cleanup", Time since last: 7006992879 ns, Reaching safepoint: 26385 ns, Cleanup: 10163 ns, At safepoint: 6091 ns, Total: 42639 ns
[2025-03-03T15:47:17.849+0000][7][safepoint   ] Safepoint "Cleanup", Time since last: 1001989778 ns, Reaching safepoint: 15797 ns, Cleanup: 11107 ns, At safepoint: 7871 ns, Total: 34775 ns
[2025-03-03T15:47:21.855+0000][7][safepoint   ] Safepoint "Cleanup", Time since last: 4003981188 ns, Reaching safepoint: 12541 ns, Cleanup: 14274 ns, At safepoint: 7941 ns, Total: 34756 ns
[2025-03-03T15:47:23.857+0000][7][safepoint   ] Safepoint "Cleanup", Time since last: 2001930093 ns, Reaching safepoint: 13016 ns, Cleanup: 10682 ns, At safepoint: 7197 ns, Total: 30895 ns
[2025-03-03T15:47:24.857+0000][7][safepoint   ] Safepoint "Cleanup", Time since last: 1000789496 ns, Reaching safepoint: 28937 ns, Cleanup: 12381 ns, At safepoint: 7832 ns, Total: 49150 ns
[2025-03-03T15:47:25.859+0000][7][safepoint   ] Safepoint "Cleanup", Time since last: 1001097274 ns, Reaching safepoint: 13752 ns, Cleanup: 13559 ns, At safepoint: 6302 ns, Total: 33613 ns
[2025-03-03T15:47:26.860+0000][7][safepoint   ] Safepoint "Cleanup", Time since last: 1000894780 ns, Reaching safepoint: 11343 ns, Cleanup: 10393 ns, At safepoint: 5962 ns, Total: 27698 ns
[2025-03-03T15:47:27.860+0000][7][safepoint   ] Safepoint "Cleanup", Time since last: 1000889195 ns, Reaching safepoint: 9838 ns, Cleanup: 10827 ns, At safepoint: 4669 ns, Total: 25334 ns
[2025-03-03T15:47:28.861+0000][7][safepoint   ] Safepoint "Cleanup", Time since last: 1000998332 ns, Reaching safepoint: 13428 ns, Cleanup: 10227 ns, At safepoint: 7645 ns, Total: 31300 ns
[2025-03-03T15:47:30.865+0000][7][safepoint   ] Safepoint "Cleanup", Time since last: 2002138581 ns, Reaching safepoint: 1005602 ns, Cleanup: 29047 ns, At safepoint: 164928 ns, Total: 1199577 ns
[2025-03-03T15:47:33.869+0000][7][safepoint   ] Safepoint "Cleanup", Time since last: 3003784126 ns, Reaching safepoint: 25236 ns, Cleanup: 13904 ns, At safepoint: 6082 ns, Total: 45222 ns
[2025-03-03T15:47:36.872+0000][7][safepoint   ] Safepoint "Cleanup", Time since last: 3003014356 ns, Reaching safepoint: 10399 ns, Cleanup: 16146 ns, At safepoint: 5770 ns, Total: 32315 ns
[2025-03-03T15:47:37.873+0000][7][safepoint   ] Safepoint "Cleanup", Time since last: 1000984030 ns, Reaching safepoint: 12405 ns, Cleanup: 9482 ns, At safepoint: 5324 ns, Total: 27211 ns
[2025-03-03T15:47:38.874+0000][7][safepoint   ] Safepoint "Cleanup", Time since last: 1000833144 ns, Reaching safepoint: 9986 ns, Cleanup: 8537 ns, At safepoint: 5086 ns, Total: 23609 ns
[2025-03-03T15:47:39.874+0000][7][safepoint   ] Safepoint "Cleanup", Time since last: 1000862437 ns, Reaching safepoint: 11409 ns, Cleanup: 10777 ns, At safepoint: 6092 ns, Total: 28278 ns
[2025-03-03T15:47:41.877+0000][7][safepoint   ] Safepoint "Cleanup", Time since last: 2002207062 ns, Reaching safepoint: 29951 ns, Cleanup: 14348 ns, At safepoint: 7454 ns, Total: 51753 ns
[2025-03-03T15:47:42.879+0000][7][safepoint   ] Safepoint "Cleanup", Time since last: 1001788849 ns, Reaching safepoint: 10331 ns, Cleanup: 7662 ns, At safepoint: 4795 ns, Total: 22788 ns
[2025-03-03T15:47:43.880+0000][7][safepoint   ] Safepoint "Cleanup", Time since last: 1001105236 ns, Reaching safepoint: 29465 ns, Cleanup: 35774 ns, At safepoint: 23851 ns, Total: 89090 ns
[2025-03-03T15:47:46.883+0000][7][safepoint   ] Safepoint "Cleanup", Time since last: 3002916134 ns, Reaching safepoint: 21672 ns, Cleanup: 25801 ns, At safepoint: 68775 ns, Total: 116248 ns
[2025-03-03T15:47:48.885+0000][7][safepoint   ] Safepoint "Cleanup", Time since last: 2001757857 ns, Reaching safepoint: 13847 ns, Cleanup: 11262 ns, At safepoint: 7269 ns, Total: 32378 ns
[2025-03-03T15:47:49.886+0000][7][safepoint   ] Safepoint "Cleanup", Time since last: 1000946473 ns, Reaching safepoint: 13639 ns, Cleanup: 10188 ns, At safepoint: 6947 ns, Total: 30774 ns
[2025-03-03T15:47:51.888+0000][7][safepoint   ] Safepoint "Cleanup", Time since last: 2002087749 ns, Reaching safepoint: 56818 ns, Cleanup: 16549 ns, At safepoint: 11234 ns, Total: 84601 ns
[2025-03-03T15:47:53.066+0000][7][safepoint   ] Safepoint "Cleanup", Time since last: 1177964001 ns, Reaching safepoint: 12282 ns, Cleanup: 10576 ns, At safepoint: 6516 ns, Total: 29374 ns
[2025-03-03T15:47:55.068+0000][7][safepoint   ] Safepoint "Cleanup", Time since last: 2001976846 ns, Reaching safepoint: 11098 ns, Cleanup: 12087 ns, At safepoint: 5610 ns, Total: 28795 ns
[2025-03-03T15:47:57.069+0000][7][safepoint   ] Safepoint "Cleanup", Time since last: 2001079380 ns, Reaching safepoint: 61809 ns, Cleanup: 9655 ns, At safepoint: 6063 ns, Total: 77527 ns
[2025-03-03T15:47:59.072+0000][7][safepoint   ] Safepoint "Cleanup", Time since last: 2002642338 ns, Reaching safepoint: 26939 ns, Cleanup: 10783 ns, At safepoint: 6441 ns, Total: 44163 ns
[2025-03-03T15:48:01.074+0000][7][safepoint   ] Safepoint "Cleanup", Time since last: 2002102454 ns, Reaching safepoint: 11794 ns, Cleanup: 10101 ns, At safepoint: 5642 ns, Total: 27537 ns
[2025-03-03T15:48:04.077+0000][7][safepoint   ] Safepoint "Cleanup", Time since last: 3003027925 ns, Reaching safepoint: 12408 ns, Cleanup: 10254 ns, At safepoint: 6637 ns, Total: 29299 ns
[2025-03-03T15:48:06.242+0000][7][safepoint   ] Safepoint "Cleanup", Time since last: 2164379140 ns, Reaching safepoint: 536695 ns, Cleanup: 54976 ns, At safepoint: 84163 ns, Total: 675834 ns
[2025-03-03T15:48:07.247+0000][7][safepoint   ] Safepoint "Cleanup", Time since last: 1004028281 ns, Reaching safepoint: 18212 ns, Cleanup: 25322 ns, At safepoint: 12748 ns, Total: 56282 ns
[2025-03-03T15:48:09.248+0000][7][safepoint   ] Safepoint "Cleanup", Time since last: 2001619243 ns, Reaching safepoint: 14350 ns, Cleanup: 15584 ns, At safepoint: 7830 ns, Total: 37764 ns
[2025-03-03T15:48:10.249+0000][7][safepoint   ] Safepoint "Cleanup", Time since last: 1001031843 ns, Reaching safepoint: 17028 ns, Cleanup: 13438 ns, At safepoint: 7443 ns, Total: 37909 ns
[2025-03-03T15:48:11.250+0000][7][safepoint   ] Safepoint "Cleanup", Time since last: 1000999603 ns, Reaching safepoint: 77274 ns, Cleanup: 13083 ns, At safepoint: 49125 ns, Total: 139482 ns
[2025-03-03T15:48:13.252+0000][7][safepoint   ] Safepoint "Cleanup", Time since last: 2001804482 ns, Reaching safepoint: 14389 ns, Cleanup: 15157 ns, At safepoint: 6951 ns, Total: 36497 ns
[2025-03-03T15:48:16.255+0000][7][safepoint   ] Safepoint "Cleanup", Time since last: 3002937776 ns, Reaching safepoint: 35156 ns, Cleanup: 17447 ns, At safepoint: 7340 ns, Total: 59943 ns
[2025-03-03T15:48:17.256+0000][7][safepoint   ] Safepoint "Cleanup", Time since last: 1001007818 ns, Reaching safepoint: 14633 ns, Cleanup: 11139 ns, At safepoint: 6820 ns, Total: 32592 ns
[2025-03-03T15:48:19.259+0000][7][safepoint   ] Safepoint "Cleanup", Time since last: 2001942020 ns, Reaching safepoint: 13088 ns, Cleanup: 16407 ns, At safepoint: 7590 ns, Total: 37085 ns
[2025-03-03T15:48:21.261+0000][7][safepoint   ] Safepoint "Cleanup", Time since last: 2002146441 ns, Reaching safepoint: 31138 ns, Cleanup: 34986 ns, At safepoint: 6874 ns, Total: 72998 ns
[2025-03-03T15:48:22.262+0000][7][safepoint   ] Safepoint "Cleanup", Time since last: 1000687912 ns, Reaching safepoint: 22638 ns, Cleanup: 19934 ns, At safepoint: 8156 ns, Total: 50728 ns
[2025-03-03T15:48:24.265+0000][7][safepoint   ] Safepoint "Cleanup", Time since last: 2002442370 ns, Reaching safepoint: 20262 ns, Cleanup: 35003 ns, At safepoint: 19970 ns, Total: 75235 ns
[2025-03-03T15:48:31.271+0000][7][safepoint   ] Safepoint "Cleanup", Time since last: 7006431166 ns, Reaching safepoint: 36701 ns, Cleanup: 15121 ns, At safepoint: 6876 ns, Total: 58698 ns
[2025-03-03T15:48:34.276+0000][7][safepoint   ] Safepoint "Cleanup", Time since last: 3004979806 ns, Reaching safepoint: 32219 ns, Cleanup: 23983 ns, At safepoint: 7926 ns, Total: 64128 ns
[2025-03-03T15:48:37.279+0000][7][safepoint   ] Safepoint "Cleanup", Time since last: 3002903349 ns, Reaching safepoint: 14376 ns, Cleanup: 9887 ns, At safepoint: 6535 ns, Total: 30798 ns
[2025-03-03T15:48:40.282+0000][7][safepoint   ] Safepoint "Cleanup", Time since last: 3003099951 ns, Reaching safepoint: 21943 ns, Cleanup: 17876 ns, At safepoint: 9571 ns, Total: 49390 ns
[2025-03-03T15:48:43.286+0000][7][safepoint   ] Safepoint "Cleanup", Time since last: 3003787312 ns, Reaching safepoint: 33726 ns, Cleanup: 13550 ns, At safepoint: 7065 ns, Total: 54341 ns
[2025-03-03T15:48:46.289+0000][7][safepoint   ] Safepoint "Cleanup", Time since last: 3002940560 ns, Reaching safepoint: 11949 ns, Cleanup: 13240 ns, At safepoint: 5661 ns, Total: 30850 ns
[2025-03-03T15:48:48.292+0000][7][safepoint   ] Safepoint "Cleanup", Time since last: 2002133782 ns, Reaching safepoint: 14772 ns, Cleanup: 11423 ns, At safepoint: 7215 ns, Total: 33410 ns
[2025-03-03T15:48:49.293+0000][7][safepoint   ] Safepoint "Cleanup", Time since last: 1000973751 ns, Reaching safepoint: 37292 ns, Cleanup: 37171 ns, At safepoint: 5547 ns, Total: 80010 ns
[2025-03-03T15:48:50.294+0000][7][safepoint   ] Safepoint "Cleanup", Time since last: 1000785808 ns, Reaching safepoint: 13614 ns, Cleanup: 13453 ns, At safepoint: 7067 ns, Total: 34134 ns
[2025-03-03T15:48:52.296+0000][7][safepoint   ] Safepoint "Cleanup", Time since last: 2001953320 ns, Reaching safepoint: 11394 ns, Cleanup: 11364 ns, At safepoint: 5681 ns, Total: 28439 ns
[2025-03-03T15:48:55.311+0000][7][safepoint   ] Safepoint "Cleanup", Time since last: 3015236362 ns, Reaching safepoint: 13138 ns, Cleanup: 16138 ns, At safepoint: 7252 ns, Total: 36528 ns
[2025-03-03T15:49:01.317+0000][7][safepoint   ] Safepoint "Cleanup", Time since last: 6005857900 ns, Reaching safepoint: 31315 ns, Cleanup: 15740 ns, At safepoint: 4976 ns, Total: 52031 ns
[2025-03-03T15:49:02.319+0000][7][safepoint   ] Safepoint "Cleanup", Time since last: 1001922509 ns, Reaching safepoint: 15314 ns, Cleanup: 10905 ns, At safepoint: 26144 ns, Total: 52363 ns
[2025-03-03T15:49:04.321+0000][7][safepoint   ] Safepoint "Cleanup", Time since last: 2001789845 ns, Reaching safepoint: 15498 ns, Cleanup: 14727 ns, At safepoint: 7711 ns, Total: 37936 ns
[2025-03-03T15:49:06.323+0000][7][safepoint   ] Safepoint "Cleanup", Time since last: 2002104436 ns, Reaching safepoint: 13843 ns, Cleanup: 18422 ns, At safepoint: 6904 ns, Total: 39169 ns
[2025-03-03T15:49:07.324+0000][7][safepoint   ] Safepoint "Cleanup", Time since last: 1001181728 ns, Reaching safepoint: 20523 ns, Cleanup: 16743 ns, At safepoint: 10493 ns, Total: 47759 ns
[2025-03-03T15:49:09.326+0000][7][safepoint   ] Safepoint "Cleanup", Time since last: 2001678407 ns, Reaching safepoint: 11558 ns, Cleanup: 8548 ns, At safepoint: 5789 ns, Total: 25895 ns
[2025-03-03T15:49:10.327+0000][7][safepoint   ] Safepoint "Cleanup", Time since last: 1000958356 ns, Reaching safepoint: 12241 ns, Cleanup: 9341 ns, At safepoint: 5642 ns, Total: 27224 ns
[2025-03-03T15:49:11.328+0000][7][safepoint   ] Safepoint "Cleanup", Time since last: 1001020164 ns, Reaching safepoint: 18242 ns, Cleanup: 43921 ns, At safepoint: 8431 ns, Total: 70594 ns
[2025-03-03T15:49:13.330+0000][7][safepoint   ] Safepoint "Cleanup", Time since last: 2001798598 ns, Reaching safepoint: 22818 ns, Cleanup: 9041 ns, At safepoint: 5401 ns, Total: 37260 ns
[2025-03-03T15:49:16.333+0000][7][safepoint   ] Safepoint "Cleanup", Time since last: 3003225138 ns, Reaching safepoint: 13395 ns, Cleanup: 12631 ns, At safepoint: 7680 ns, Total: 33706 ns
[2025-03-03T15:49:18.335+0000][7][safepoint   ] Safepoint "Cleanup", Time since last: 2001971582 ns, Reaching safepoint: 11518 ns, Cleanup: 8314 ns, At safepoint: 5006 ns, Total: 24838 ns
[2025-03-03T15:49:19.335+0000][7][safepoint   ] Safepoint "Cleanup", Time since last: 1000795801 ns, Reaching safepoint: 20112 ns, Cleanup: 13448 ns, At safepoint: 9778 ns, Total: 43338 ns
[2025-03-03T15:49:25.342+0000][7][safepoint   ] Safepoint "Cleanup", Time since last: 6006075944 ns, Reaching safepoint: 14100 ns, Cleanup: 28039 ns, At safepoint: 32769 ns, Total: 74908 ns
[2025-03-03T15:49:28.345+0000][7][safepoint   ] Safepoint "Cleanup", Time since last: 3003836751 ns, Reaching safepoint: 31599 ns, Cleanup: 11245 ns, At safepoint: 7592 ns, Total: 50436 ns
[2025-03-03T15:49:31.349+0000][7][safepoint   ] Safepoint "Cleanup", Time since last: 3003030727 ns, Reaching safepoint: 12512 ns, Cleanup: 17503 ns, At safepoint: 7357 ns, Total: 37372 ns
[2025-03-03T15:49:34.351+0000][7][safepoint   ] Safepoint "Cleanup", Time since last: 3002899594 ns, Reaching safepoint: 10811 ns, Cleanup: 15095 ns, At safepoint: 4486 ns, Total: 30392 ns
[2025-03-03T15:49:37.355+0000][7][safepoint   ] Safepoint "Cleanup", Time since last: 3003928913 ns, Reaching safepoint: 31744 ns, Cleanup: 33383 ns, At safepoint: 21405 ns, Total: 86532 ns
[2025-03-03T15:49:42.360+0000][7][safepoint   ] Safepoint "Cleanup", Time since last: 5004924924 ns, Reaching safepoint: 16849 ns, Cleanup: 12691 ns, At safepoint: 8565 ns, Total: 38105 ns
[2025-03-03T15:49:43.363+0000][7][safepoint   ] Safepoint "Cleanup", Time since last: 1002172768 ns, Reaching safepoint: 35974 ns, Cleanup: 10813 ns, At safepoint: 8998 ns, Total: 55785 ns
[2025-03-03T15:49:48.369+0000][7][safepoint   ] Safepoint "Cleanup", Time since last: 5004630243 ns, Reaching safepoint: 13140 ns, Cleanup: 10288 ns, At safepoint: 6745 ns, Total: 30173 ns
[2025-03-03T15:49:49.370+0000][7][safepoint   ] Safepoint "Cleanup", Time since last: 1001136020 ns, Reaching safepoint: 14424 ns, Cleanup: 11821 ns, At safepoint: 9214 ns, Total: 35459 ns
[2025-03-03T15:49:51.372+0000][7][safepoint   ] Safepoint "Cleanup", Time since last: 2001953679 ns, Reaching safepoint: 20084 ns, Cleanup: 54954 ns, At safepoint: 18220 ns, Total: 93258 ns
[2025-03-03T15:49:53.319+0000][7][safepoint   ] Safepoint "Cleanup", Time since last: 1946849656 ns, Reaching safepoint: 37077 ns, Cleanup: 11517 ns, At safepoint: 6871 ns, Total: 55465 ns
[2025-03-03T15:49:57.323+0000][7][safepoint   ] Safepoint "Cleanup", Time since last: 4004024862 ns, Reaching safepoint: 12033 ns, Cleanup: 10432 ns, At safepoint: 7143 ns, Total: 29608 ns
[2025-03-03T15:49:58.324+0000][7][safepoint   ] Safepoint "Cleanup", Time since last: 1000986696 ns, Reaching safepoint: 17961 ns, Cleanup: 14066 ns, At safepoint: 10209 ns, Total: 42236 ns
[2025-03-03T15:50:01.327+0000][7][safepoint   ] Safepoint "Cleanup", Time since last: 3002858431 ns, Reaching safepoint: 31564 ns, Cleanup: 18216 ns, At safepoint: 5990 ns, Total: 55770 ns
[2025-03-03T15:50:04.330+0000][7][safepoint   ] Safepoint "Cleanup", Time since last: 3003115157 ns, Reaching safepoint: 52454 ns, Cleanup: 33630 ns, At safepoint: 24204 ns, Total: 110288 ns
[2025-03-03T15:50:06.332+0000][7][safepoint   ] Safepoint "Cleanup", Time since last: 2001706397 ns, Reaching safepoint: 15535 ns, Cleanup: 15309 ns, At safepoint: 7717 ns, Total: 38561 ns
[2025-03-03T15:50:07.333+0000][7][safepoint   ] Safepoint "Cleanup", Time since last: 1000929406 ns, Reaching safepoint: 13039 ns, Cleanup: 10686 ns, At safepoint: 7193 ns, Total: 30918 ns
[2025-03-03T15:50:09.335+0000][7][safepoint   ] Safepoint "Cleanup", Time since last: 2002215815 ns, Reaching safepoint: 33244 ns, Cleanup: 18329 ns, At safepoint: 9331 ns, Total: 60904 ns
[2025-03-03T15:50:10.337+0000][7][safepoint   ] Safepoint "Cleanup", Time since last: 1001778913 ns, Reaching safepoint: 13890 ns, Cleanup: 12570 ns, At safepoint: 7143 ns, Total: 33603 ns
[2025-03-03T15:50:11.338+0000][7][safepoint   ] Safepoint "Cleanup", Time since last: 1000952944 ns, Reaching safepoint: 46670 ns, Cleanup: 14604 ns, At safepoint: 13653 ns, Total: 74927 ns
[2025-03-03T15:50:13.340+0000][7][safepoint   ] Safepoint "Cleanup", Time since last: 2002055841 ns, Reaching safepoint: 31480 ns, Cleanup: 18177 ns, At safepoint: 7697 ns, Total: 57354 ns
[2025-03-03T15:50:14.341+0000][7][safepoint   ] Safepoint "Cleanup", Time since last: 1000921795 ns, Reaching safepoint: 12744 ns, Cleanup: 14018 ns, At safepoint: 7001 ns, Total: 33763 ns
[2025-03-03T15:50:16.344+0000][7][safepoint   ] Safepoint "Cleanup", Time since last: 2002064159 ns, Reaching safepoint: 453240 ns, Cleanup: 90367 ns, At safepoint: 89580 ns, Total: 633187 ns
[2025-03-03T15:50:19.350+0000][7][safepoint   ] Safepoint "Cleanup", Time since last: 3005096582 ns, Reaching safepoint: 13116 ns, Cleanup: 13291 ns, At safepoint: 6114 ns, Total: 32521 ns
[2025-03-03T15:50:22.353+0000][7][safepoint   ] Safepoint "Cleanup", Time since last: 3002962807 ns, Reaching safepoint: 11336 ns, Cleanup: 9694 ns, At safepoint: 4870 ns, Total: 25900 ns
[2025-03-03T15:50:28.359+0000][7][safepoint   ] Safepoint "Cleanup", Time since last: 6006065615 ns, Reaching safepoint: 11926 ns, Cleanup: 11570 ns, At safepoint: 5233 ns, Total: 28729 ns
[2025-03-03T15:50:29.360+0000][7][safepoint   ] Safepoint "Cleanup", Time since last: 1000954764 ns, Reaching safepoint: 15653 ns, Cleanup: 12169 ns, At safepoint: 5830 ns, Total: 33652 ns
[2025-03-03T15:50:31.362+0000][7][safepoint   ] Safepoint "Cleanup", Time since last: 2002580683 ns, Reaching safepoint: 19303 ns, Cleanup: 15550 ns, At safepoint: 12344 ns, Total: 47197 ns
[2025-03-03T15:50:34.367+0000][7][safepoint   ] Safepoint "Cleanup", Time since last: 3004494689 ns, Reaching safepoint: 15775 ns, Cleanup: 17203 ns, At safepoint: 6859 ns, Total: 39837 ns
[2025-03-03T15:50:36.369+0000][7][safepoint   ] Safepoint "Cleanup", Time since last: 2001823519 ns, Reaching safepoint: 18782 ns, Cleanup: 14981 ns, At safepoint: 9809 ns, Total: 43572 ns
[2025-03-03T15:50:36.994+0000][7][safepoint   ] Safepoint "ICBufferFull", Time since last: 624659575 ns, Reaching safepoint: 15632 ns, Cleanup: 274394 ns, At safepoint: 19440 ns, Total: 309466 ns
[2025-03-03T15:50:37.050+0000][7][safepoint   ] Safepoint "ICBufferFull", Time since last: 56321542 ns, Reaching safepoint: 70284 ns, Cleanup: 132357 ns, At safepoint: 12728 ns, Total: 215369 ns
[2025-03-03T15:50:37.052+0000][7][safepoint   ] Safepoint "ICBufferFull", Time since last: 896303 ns, Reaching safepoint: 547845 ns, Cleanup: 34612 ns, At safepoint: 146580 ns, Total: 729037 ns
[2025-03-03T15:50:37.054+0000][7][safepoint   ] Safepoint "ICBufferFull", Time since last: 1656900 ns, Reaching safepoint: 16409 ns, Cleanup: 162997 ns, At safepoint: 10635 ns, Total: 190041 ns
[2025-03-03T15:50:37.056+0000][7][safepoint   ] Safepoint "ICBufferFull", Time since last: 1260183 ns, Reaching safepoint: 747558 ns, Cleanup: 5061 ns, At safepoint: 155802 ns, Total: 908421 ns
[2025-03-03T15:50:37.057+0000][7][safepoint   ] Safepoint "ICBufferFull", Time since last: 540782 ns, Reaching safepoint: 252758 ns, Cleanup: 38872 ns, At safepoint: 513046 ns, Total: 804676 ns
[2025-03-03T15:50:37.059+0000][7][safepoint   ] Safepoint "ICBufferFull", Time since last: 896826 ns, Reaching safepoint: 581893 ns, Cleanup: 14020 ns, At safepoint: 206503 ns, Total: 802416 ns
[2025-03-03T15:50:37.251+0000][7][safepoint   ] Safepoint "ICBufferFull", Time since last: 190491184 ns, Reaching safepoint: 1362759 ns, Cleanup: 175121 ns, At safepoint: 233953 ns, Total: 1771833 ns
[2025-03-03T15:50:38.255+0000][7][safepoint   ] Safepoint "Cleanup", Time since last: 1003395576 ns, Reaching safepoint: 11832 ns, Cleanup: 82726 ns, At safepoint: 7875 ns, Total: 102433 ns
[2025-03-03T15:50:38.673+0000][7][safepoint   ] Safepoint "ICBufferFull", Time since last: 417743500 ns, Reaching safepoint: 12121 ns, Cleanup: 133979 ns, At safepoint: 8140 ns, Total: 154240 ns
[2025-03-03T15:50:39.674+0000][7][safepoint   ] Safepoint "Cleanup", Time since last: 1001032021 ns, Reaching safepoint: 19440 ns, Cleanup: 30867 ns, At safepoint: 6967 ns, Total: 57274 ns
[2025-03-03T15:50:40.675+0000][7][safepoint   ] Safepoint "Cleanup", Time since last: 1001044753 ns, Reaching safepoint: 19481 ns, Cleanup: 24563 ns, At safepoint: 9747 ns, Total: 53791 ns
[2025-03-03T15:50:41.676+0000][7][safepoint   ] Safepoint "Cleanup", Time since last: 1000846713 ns, Reaching safepoint: 18226 ns, Cleanup: 17075 ns, At safepoint: 7830 ns, Total: 43131 ns
[2025-03-03T15:50:42.677+0000][7][safepoint   ] Safepoint "Cleanup", Time since last: 1001061903 ns, Reaching safepoint: 13141 ns, Cleanup: 11330 ns, At safepoint: 6024 ns, Total: 30495 ns
[2025-03-03T15:50:43.678+0000][7][safepoint   ] Safepoint "Cleanup", Time since last: 1000904393 ns, Reaching safepoint: 10208 ns, Cleanup: 42304 ns, At safepoint: 5370 ns, Total: 57882 ns
[2025-03-03T15:50:44.679+0000][7][safepoint   ] Safepoint "Cleanup", Time since last: 1001054731 ns, Reaching safepoint: 35131 ns, Cleanup: 11217 ns, At safepoint: 9676 ns, Total: 56024 ns
[2025-03-03T15:50:46.681+0000][7][safepoint   ] Safepoint "Cleanup", Time since last: 2001979522 ns, Reaching safepoint: 24714 ns, Cleanup: 29851 ns, At safepoint: 6248 ns, Total: 60813 ns
[2025-03-03T15:50:49.684+0000][7][safepoint   ] Safepoint "Cleanup", Time since last: 3002773791 ns, Reaching safepoint: 12802 ns, Cleanup: 9782 ns, At safepoint: 5743 ns, Total: 28327 ns
[2025-03-03T15:50:50.685+0000][7][safepoint   ] Safepoint "Cleanup", Time since last: 1000975610 ns, Reaching safepoint: 30430 ns, Cleanup: 10410 ns, At safepoint: 7879 ns, Total: 48719 ns
[2025-03-03T15:50:51.687+0000][7][safepoint   ] Safepoint "Cleanup", Time since last: 1000971399 ns, Reaching safepoint: 11609 ns, Cleanup: 35703 ns, At safepoint: 8354 ns, Total: 55666 ns
[2025-03-03T15:50:53.558+0000][7][safepoint   ] Safepoint "Cleanup", Time since last: 1870991454 ns, Reaching safepoint: 12374 ns, Cleanup: 26580 ns, At safepoint: 4975 ns, Total: 43929 ns
[2025-03-03T15:50:54.559+0000][7][safepoint   ] Safepoint "Cleanup", Time since last: 1000902086 ns, Reaching safepoint: 13537 ns, Cleanup: 27860 ns, At safepoint: 5254 ns, Total: 46651 ns
[2025-03-03T15:50:55.560+0000][7][safepoint   ] Safepoint "Cleanup", Time since last: 1001092967 ns, Reaching safepoint: 14346 ns, Cleanup: 11280 ns, At safepoint: 7028 ns, Total: 32654 ns
[2025-03-03T15:50:56.560+0000][7][safepoint   ] Safepoint "Cleanup", Time since last: 1000819431 ns, Reaching safepoint: 14172 ns, Cleanup: 14048 ns, At safepoint: 6479 ns, Total: 34699 ns
[2025-03-03T15:50:58.563+0000][7][safepoint   ] Safepoint "Cleanup", Time since last: 2001941016 ns, Reaching safepoint: 12253 ns, Cleanup: 62718 ns, At safepoint: 7058 ns, Total: 82029 ns
[2025-03-03T15:50:59.564+0000][7][safepoint   ] Safepoint "Cleanup", Time since last: 1001026940 ns, Reaching safepoint: 19700 ns, Cleanup: 42196 ns, At safepoint: 9208 ns, Total: 71104 ns
[2025-03-03T15:51:01.565+0000][7][safepoint   ] Safepoint "Cleanup", Time since last: 2001826135 ns, Reaching safepoint: 14931 ns, Cleanup: 15689 ns, At safepoint: 6787 ns, Total: 37407 ns
[2025-03-03T15:51:03.568+0000][7][safepoint   ] Safepoint "Cleanup", Time since last: 2002115701 ns, Reaching safepoint: 12470 ns, Cleanup: 8194 ns, At safepoint: 5222 ns, Total: 25886 ns
[2025-03-03T15:51:04.568+0000][7][safepoint   ] Safepoint "Cleanup", Time since last: 1000845690 ns, Reaching safepoint: 14935 ns, Cleanup: 11845 ns, At safepoint: 6731 ns, Total: 33511 ns
[2025-03-03T15:51:06.571+0000][7][safepoint   ] Safepoint "Cleanup", Time since last: 2002127767 ns, Reaching safepoint: 15598 ns, Cleanup: 34633 ns, At safepoint: 8337 ns, Total: 58568 ns
[2025-03-03T15:51:07.571+0000][7][safepoint   ] Safepoint "Cleanup", Time since last: 1000687449 ns, Reaching safepoint: 16003 ns, Cleanup: 33689 ns, At safepoint: 7063 ns, Total: 56755 ns
[2025-03-03T15:51:09.574+0000][7][safepoint   ] Safepoint "Cleanup", Time since last: 2002199653 ns, Reaching safepoint: 36229 ns, Cleanup: 12556 ns, At safepoint: 22914 ns, Total: 71699 ns
[2025-03-03T15:51:13.577+0000][7][safepoint   ] Safepoint "Cleanup", Time since last: 4003650899 ns, Reaching safepoint: 12624 ns, Cleanup: 11902 ns, At safepoint: 6618 ns, Total: 31144 ns
[2025-03-03T15:51:16.581+0000][7][safepoint   ] Safepoint "Cleanup", Time since last: 3003072021 ns, Reaching safepoint: 31701 ns, Cleanup: 13359 ns, At safepoint: 7519 ns, Total: 52579 ns
[2025-03-03T15:51:18.583+0000][7][safepoint   ] Safepoint "Cleanup", Time since last: 2001917953 ns, Reaching safepoint: 17213 ns, Cleanup: 14870 ns, At safepoint: 9061 ns, Total: 41144 ns
[2025-03-03T15:51:19.584+0000][7][safepoint   ] Safepoint "Cleanup", Time since last: 1000985005 ns, Reaching safepoint: 20629 ns, Cleanup: 17081 ns, At safepoint: 8900 ns, Total: 46610 ns
[2025-03-03T15:51:21.587+0000][7][safepoint   ] Safepoint "Cleanup", Time since last: 2003045859 ns, Reaching safepoint: 13546 ns, Cleanup: 21966 ns, At safepoint: 6079 ns, Total: 41591 ns
[2025-03-03T15:51:22.644+0000][7][gc,start    ] GC(13) Pause Young (Normal) (G1 Evacuation Pause)
[2025-03-03T15:51:22.644+0000][7][gc,task     ] GC(13) Using 13 workers of 13 for evacuation
[2025-03-03T15:51:22.645+0000][7][gc,age      ] GC(13) Desired survivor size 48234496 bytes, new threshold 1 (max threshold 15)
[2025-03-03T15:51:22.669+0000][7][gc,phases   ] GC(13)   Pre Evacuate Collection Set: 1.29ms
[2025-03-03T15:51:22.670+0000][7][gc,phases   ] GC(13)   Merge Heap Roots: 0.46ms
[2025-03-03T15:51:22.670+0000][7][gc,phases   ] GC(13)   Evacuate Collection Set: 20.55ms
[2025-03-03T15:51:22.670+0000][7][gc,phases   ] GC(13)   Post Evacuate Collection Set: 2.29ms
[2025-03-03T15:51:22.670+0000][7][gc,phases   ] GC(13)   Other: 0.50ms
[2025-03-03T15:51:22.670+0000][7][gc,age      ] GC(13) Age table with threshold 1 (max threshold 15)
[2025-03-03T15:51:22.671+0000][7][gc,age      ] GC(13) - age   1:    3559032 bytes,    3559032 total
[2025-03-03T15:51:22.671+0000][7][gc,heap     ] GC(13) Eden regions: 162->0(304)
[2025-03-03T15:51:22.671+0000][7][gc,heap     ] GC(13) Survivor regions: 22->3(23)
[2025-03-03T15:51:22.671+0000][7][gc,heap     ] GC(13) Old regions: 12->32
[2025-03-03T15:51:22.671+0000][7][gc,heap     ] GC(13) Humongous regions: 2->2
[2025-03-03T15:51:22.671+0000][7][gc,metaspace] GC(13) Metaspace: 105839K(108672K)->105839K(108672K) NonClass: 91030K(92608K)->91030K(92608K) Class: 14809K(16064K)->14809K(16064K)
[2025-03-03T15:51:22.671+0000][7][gc          ] GC(13) Pause Young (Normal) (G1 Evacuation Pause) 787M->143M(2048M) 27.250ms
[2025-03-03T15:51:22.671+0000][7][gc,cpu      ] GC(13) User=0.27s Sys=0.00s Real=0.02s
[2025-03-03T15:51:22.672+0000][7][safepoint   ] Safepoint "G1CollectForAllocation", Time since last: 1057016343 ns, Reaching safepoint: 13798 ns, Cleanup: 3605 ns, At safepoint: 27646846 ns, Total: 27664249 ns
[2025-03-03T15:51:23.673+0000][7][safepoint   ] Safepoint "Cleanup", Time since last: 1001161966 ns, Reaching safepoint: 13371 ns, Cleanup: 9694 ns, At safepoint: 5249 ns, Total: 28314 ns
[2025-03-03T15:51:25.675+0000][7][safepoint   ] Safepoint "Cleanup", Time since last: 2002108585 ns, Reaching safepoint: 16493 ns, Cleanup: 10067 ns, At safepoint: 7902 ns, Total: 34462 ns
[2025-03-03T15:51:28.678+0000][7][safepoint   ] Safepoint "Cleanup", Time since last: 3002774148 ns, Reaching safepoint: 13332 ns, Cleanup: 14791 ns, At safepoint: 6339 ns, Total: 34462 ns
[2025-03-03T15:51:31.681+0000][7][safepoint   ] Safepoint "Cleanup", Time since last: 3003079568 ns, Reaching safepoint: 13822 ns, Cleanup: 27460 ns, At safepoint: 5127 ns, Total: 46409 ns
[2025-03-03T15:51:32.682+0000][7][safepoint   ] Safepoint "Cleanup", Time since last: 1001092277 ns, Reaching safepoint: 32632 ns, Cleanup: 5250 ns, At safepoint: 6295 ns, Total: 44177 ns
[2025-03-03T15:51:33.683+0000][7][safepoint   ] Safepoint "Cleanup", Time since last: 1000911884 ns, Reaching safepoint: 16442 ns, Cleanup: 50404 ns, At safepoint: 6449 ns, Total: 73295 ns
[2025-03-03T15:51:34.684+0000][7][safepoint   ] Safepoint "Cleanup", Time since last: 1001001972 ns, Reaching safepoint: 12756 ns, Cleanup: 10157 ns, At safepoint: 6518 ns, Total: 29431 ns
[2025-03-03T15:51:37.687+0000][7][safepoint   ] Safepoint "Cleanup", Time since last: 3002741271 ns, Reaching safepoint: 11132 ns, Cleanup: 11077 ns, At safepoint: 6286 ns, Total: 28495 ns
[2025-03-03T15:51:43.694+0000][7][safepoint   ] Safepoint "Cleanup", Time since last: 6005930994 ns, Reaching safepoint: 1249582 ns, Cleanup: 38931 ns, At safepoint: 144641 ns, Total: 1433154 ns
[2025-03-03T15:51:46.697+0000][7][safepoint   ] Safepoint "Cleanup", Time since last: 3002817479 ns, Reaching safepoint: 80037 ns, Cleanup: 32808 ns, At safepoint: 14007 ns, Total: 126852 ns
[2025-03-03T15:51:54.571+0000][7][safepoint   ] Safepoint "Cleanup", Time since last: 7872796222 ns, Reaching safepoint: 14881 ns, Cleanup: 12634 ns, At safepoint: 7485 ns, Total: 35000 ns
[2025-03-03T15:51:55.574+0000][7][safepoint   ] Safepoint "Cleanup", Time since last: 1002748894 ns, Reaching safepoint: 13297 ns, Cleanup: 22539 ns, At safepoint: 6453 ns, Total: 42289 ns
[2025-03-03T15:51:56.575+0000][7][safepoint   ] Safepoint "Cleanup", Time since last: 1001117223 ns, Reaching safepoint: 11828 ns, Cleanup: 23830 ns, At safepoint: 26608 ns, Total: 62266 ns
[2025-03-03T15:51:58.577+0000][7][safepoint   ] Safepoint "Cleanup", Time since last: 2001939407 ns, Reaching safepoint: 13385 ns, Cleanup: 16257 ns, At safepoint: 6995 ns, Total: 36637 ns
[2025-03-03T15:51:59.578+0000][7][safepoint   ] Safepoint "Cleanup", Time since last: 1000794829 ns, Reaching safepoint: 18006 ns, Cleanup: 11759 ns, At safepoint: 7087 ns, Total: 36852 ns
[2025-03-03T15:52:01.580+0000][7][safepoint   ] Safepoint "Cleanup", Time since last: 2002120580 ns, Reaching safepoint: 11912 ns, Cleanup: 12085 ns, At safepoint: 5914 ns, Total: 29911 ns
[2025-03-03T15:52:03.583+0000][7][safepoint   ] Safepoint "Cleanup", Time since last: 2003103353 ns, Reaching safepoint: 15403 ns, Cleanup: 12556 ns, At safepoint: 6911 ns, Total: 34870 ns
[2025-03-03T15:52:04.584+0000][7][safepoint   ] Safepoint "Cleanup", Time since last: 1000729454 ns, Reaching safepoint: 15107 ns, Cleanup: 15865 ns, At safepoint: 7591 ns, Total: 38563 ns
[2025-03-03T15:52:06.586+0000][7][safepoint   ] Safepoint "Cleanup", Time since last: 2002131817 ns, Reaching safepoint: 14378 ns, Cleanup: 60125 ns, At safepoint: 17268 ns, Total: 91771 ns
[2025-03-03T15:52:07.587+0000][7][safepoint   ] Safepoint "Cleanup", Time since last: 1000787392 ns, Reaching safepoint: 28309 ns, Cleanup: 9043 ns, At safepoint: 6316 ns, Total: 43668 ns
[2025-03-03T15:52:09.589+0000][7][safepoint   ] Safepoint "Cleanup", Time since last: 2001904230 ns, Reaching safepoint: 14040 ns, Cleanup: 17037 ns, At safepoint: 8605 ns, Total: 39682 ns
[2025-03-03T15:52:10.590+0000][7][safepoint   ] Safepoint "Cleanup", Time since last: 1001095581 ns, Reaching safepoint: 12966 ns, Cleanup: 12392 ns, At safepoint: 5852 ns, Total: 31210 ns
[2025-03-03T15:52:13.593+0000][7][safepoint   ] Safepoint "Cleanup", Time since last: 3002818808 ns, Reaching safepoint: 14492 ns, Cleanup: 17920 ns, At safepoint: 6736 ns, Total: 39148 ns
[2025-03-03T15:52:14.594+0000][7][safepoint   ] Safepoint "Cleanup", Time since last: 1000967215 ns, Reaching safepoint: 13764 ns, Cleanup: 19869 ns, At safepoint: 6461 ns, Total: 40094 ns
[2025-03-03T15:52:16.596+0000][7][safepoint   ] Safepoint "Cleanup", Time since last: 2002000988 ns, Reaching safepoint: 13130 ns, Cleanup: 9638 ns, At safepoint: 5600 ns, Total: 28368 ns
[2025-03-03T15:52:19.597+0000][7][safepoint   ] Safepoint "Cleanup", Time since last: 3003057643 ns, Reaching safepoint: 12103 ns, Cleanup: 8139 ns, At safepoint: 5096 ns, Total: 25338 ns
[2025-03-03T15:52:21.599+0000][7][safepoint   ] Safepoint "Cleanup", Time since last: 2001961853 ns, Reaching safepoint: 19067 ns, Cleanup: 12900 ns, At safepoint: 6645 ns, Total: 38612 ns
[2025-03-03T15:52:24.602+0000][7][safepoint   ] Safepoint "Cleanup", Time since last: 3003070934 ns, Reaching safepoint: 14154 ns, Cleanup: 10606 ns, At safepoint: 7093 ns, Total: 31853 ns
[2025-03-03T15:52:25.602+0000][7][safepoint   ] Safepoint "Cleanup", Time since last: 1000732681 ns, Reaching safepoint: 17226 ns, Cleanup: 11466 ns, At safepoint: 6393 ns, Total: 35085 ns
[2025-03-03T15:52:29.606+0000][7][safepoint   ] Safepoint "Cleanup", Time since last: 4003101538 ns, Reaching safepoint: 12731 ns, Cleanup: 12164 ns, At safepoint: 5475 ns, Total: 30370 ns
[2025-03-03T15:52:33.610+0000][7][safepoint   ] Safepoint "Cleanup", Time since last: 4004064469 ns, Reaching safepoint: 11853 ns, Cleanup: 24072 ns, At safepoint: 5400 ns, Total: 41325 ns
[2025-03-03T15:52:41.618+0000][7][safepoint   ] Safepoint "Cleanup", Time since last: 8007889599 ns, Reaching safepoint: 12480 ns, Cleanup: 9763 ns, At safepoint: 5552 ns, Total: 27795 ns
[2025-03-03T15:52:43.620+0000][7][safepoint   ] Safepoint "Cleanup", Time since last: 2002143867 ns, Reaching safepoint: 11226 ns, Cleanup: 23598 ns, At safepoint: 19146 ns, Total: 53970 ns
[2025-03-03T15:52:46.623+0000][7][safepoint   ] Safepoint "Cleanup", Time since last: 3002807770 ns, Reaching safepoint: 23105 ns, Cleanup: 19061 ns, At safepoint: 12922 ns, Total: 55088 ns
[2025-03-03T15:53:03.821+0000][7][safepoint   ] Safepoint "Cleanup", Time since last: 17200729070 ns, Reaching safepoint: 30859 ns, Cleanup: 13434 ns, At safepoint: 7549 ns, Total: 51842 ns
[2025-03-03T15:53:04.823+0000][7][safepoint   ] Safepoint "Cleanup", Time since last: 1001176237 ns, Reaching safepoint: 55222 ns, Cleanup: 50146 ns, At safepoint: 28123 ns, Total: 133491 ns
[2025-03-03T15:53:06.825+0000][7][safepoint   ] Safepoint "Cleanup", Time since last: 2002672821 ns, Reaching safepoint: 15736 ns, Cleanup: 19158 ns, At safepoint: 7618 ns, Total: 42512 ns
[2025-03-03T15:53:07.827+0000][7][safepoint   ] Safepoint "Cleanup", Time since last: 1001150238 ns, Reaching safepoint: 16576 ns, Cleanup: 15310 ns, At safepoint: 8475 ns, Total: 40361 ns
[2025-03-03T15:53:08.827+0000][7][safepoint   ] Safepoint "Cleanup", Time since last: 1000776491 ns, Reaching safepoint: 19256 ns, Cleanup: 17451 ns, At safepoint: 9468 ns, Total: 46175 ns
[2025-03-03T15:53:10.830+0000][7][safepoint   ] Safepoint "Cleanup", Time since last: 2002193798 ns, Reaching safepoint: 42552 ns, Cleanup: 37132 ns, At safepoint: 17062 ns, Total: 96746 ns
[2025-03-03T15:53:12.833+0000][7][safepoint   ] Safepoint "Cleanup", Time since last: 2002765244 ns, Reaching safepoint: 22428 ns, Cleanup: 14985 ns, At safepoint: 9651 ns, Total: 47064 ns
[2025-03-03T15:53:13.833+0000][7][safepoint   ] Safepoint "Cleanup", Time since last: 1000817985 ns, Reaching safepoint: 14436 ns, Cleanup: 9816 ns, At safepoint: 6539 ns, Total: 30791 ns
[2025-03-03T15:53:19.840+0000][7][safepoint   ] Safepoint "Cleanup", Time since last: 6006224171 ns, Reaching safepoint: 39351 ns, Cleanup: 11852 ns, At safepoint: 6695 ns, Total: 57898 ns
[2025-03-03T15:53:21.842+0000][7][safepoint   ] Safepoint "Cleanup", Time since last: 2001836978 ns, Reaching safepoint: 15513 ns, Cleanup: 15616 ns, At safepoint: 7703 ns, Total: 38832 ns
[2025-03-03T15:53:25.846+0000][7][safepoint   ] Safepoint "Cleanup", Time since last: 4003833849 ns, Reaching safepoint: 22396 ns, Cleanup: 14563 ns, At safepoint: 9779 ns, Total: 46738 ns
[2025-03-03T15:53:31.852+0000][7][safepoint   ] Safepoint "Cleanup", Time since last: 6006127968 ns, Reaching safepoint: 16795 ns, Cleanup: 14104 ns, At safepoint: 8575 ns, Total: 39474 ns
[2025-03-03T15:53:33.855+0000][7][safepoint   ] Safepoint "Cleanup", Time since last: 2002806255 ns, Reaching safepoint: 23216 ns, Cleanup: 22647 ns, At safepoint: 7231 ns, Total: 53094 ns
[2025-03-03T15:53:34.856+0000][7][safepoint   ] Safepoint "Cleanup", Time since last: 1000988676 ns, Reaching safepoint: 15458 ns, Cleanup: 12037 ns, At safepoint: 8228 ns, Total: 35723 ns
[2025-03-03T15:53:35.857+0000][7][safepoint   ] Safepoint "Cleanup", Time since last: 1001128357 ns, Reaching safepoint: 15773 ns, Cleanup: 12035 ns, At safepoint: 7780 ns, Total: 35588 ns
[2025-03-03T15:53:36.858+0000][7][safepoint   ] Safepoint "Cleanup", Time since last: 1000717586 ns, Reaching safepoint: 16123 ns, Cleanup: 27078 ns, At safepoint: 8044 ns, Total: 51245 ns
[2025-03-03T15:53:37.859+0000][7][safepoint   ] Safepoint "Cleanup", Time since last: 1000987466 ns, Reaching safepoint: 15669 ns, Cleanup: 10608 ns, At safepoint: 7447 ns, Total: 33724 ns
[2025-03-03T15:53:39.861+0000][7][safepoint   ] Safepoint "Cleanup", Time since last: 2001960220 ns, Reaching safepoint: 16810 ns, Cleanup: 13232 ns, At safepoint: 9707 ns, Total: 39749 ns
[2025-03-03T15:54:07.063+0000][7][safepoint   ] Safepoint "Cleanup", Time since last: 27201958261 ns, Reaching safepoint: 15850 ns, Cleanup: 13005 ns, At safepoint: 8040 ns, Total: 36895 ns
[2025-03-03T15:54:16.072+0000][7][safepoint   ] Safepoint "Cleanup", Time since last: 9008936756 ns, Reaching safepoint: 15641 ns, Cleanup: 14644 ns, At safepoint: 8199 ns, Total: 38484 ns
[2025-03-03T15:54:22.079+0000][7][safepoint   ] Safepoint "Cleanup", Time since last: 6006356187 ns, Reaching safepoint: 70734 ns, Cleanup: 23591 ns, At safepoint: 11430 ns, Total: 105755 ns
[2025-03-03T15:54:34.092+0000][7][safepoint   ] Safepoint "Cleanup", Time since last: 12012553389 ns, Reaching safepoint: 15214 ns, Cleanup: 18585 ns, At safepoint: 7881 ns, Total: 41680 ns
[2025-03-03T15:54:37.095+0000][7][safepoint   ] Safepoint "Cleanup", Time since last: 3003157744 ns, Reaching safepoint: 19963 ns, Cleanup: 13621 ns, At safepoint: 11104 ns, Total: 44688 ns
[2025-03-03T15:54:43.108+0000][7][safepoint   ] Safepoint "Cleanup", Time since last: 6012716807 ns, Reaching safepoint: 14537 ns, Cleanup: 11379 ns, At safepoint: 29909 ns, Total: 55825 ns
[2025-03-03T15:54:47.113+0000][7][safepoint   ] Safepoint "Cleanup", Time since last: 4005022198 ns, Reaching safepoint: 20119 ns, Cleanup: 14240 ns, At safepoint: 11091 ns, Total: 45450 ns
[2025-03-03T15:54:49.116+0000][7][safepoint   ] Safepoint "Cleanup", Time since last: 2002000184 ns, Reaching safepoint: 19365 ns, Cleanup: 13610 ns, At safepoint: 9124 ns, Total: 42099 ns
[2025-03-03T15:54:51.118+0000][7][safepoint   ] Safepoint "Cleanup", Time since last: 2001931240 ns, Reaching safepoint: 14958 ns, Cleanup: 15379 ns, At safepoint: 70006 ns, Total: 100343 ns
[2025-03-03T15:54:52.119+0000][7][safepoint   ] Safepoint "Cleanup", Time since last: 1000989294 ns, Reaching safepoint: 14216 ns, Cleanup: 15443 ns, At safepoint: 7113 ns, Total: 36772 ns
[2025-03-03T15:54:53.120+0000][7][safepoint   ] Safepoint "Cleanup", Time since last: 1000990361 ns, Reaching safepoint: 90439 ns, Cleanup: 23465 ns, At safepoint: 17089 ns, Total: 130993 ns
[2025-03-03T15:54:54.300+0000][7][safepoint   ] Safepoint "Cleanup", Time since last: 1179666450 ns, Reaching safepoint: 15281 ns, Cleanup: 12019 ns, At safepoint: 7045 ns, Total: 34345 ns
[2025-03-03T15:54:55.303+0000][7][safepoint   ] Safepoint "Cleanup", Time since last: 1003166232 ns, Reaching safepoint: 51310 ns, Cleanup: 41252 ns, At safepoint: 15056 ns, Total: 107618 ns
[2025-03-03T15:55:01.309+0000][7][safepoint   ] Safepoint "Cleanup", Time since last: 6005766990 ns, Reaching safepoint: 15311 ns, Cleanup: 21231 ns, At safepoint: 7316 ns, Total: 43858 ns
[2025-03-03T15:55:04.312+0000][7][safepoint   ] Safepoint "Cleanup", Time since last: 3003003555 ns, Reaching safepoint: 17008 ns, Cleanup: 14875 ns, At safepoint: 8024 ns, Total: 39907 ns
[2025-03-03T15:55:07.315+0000][7][safepoint   ] Safepoint "Cleanup", Time since last: 3002865883 ns, Reaching safepoint: 22791 ns, Cleanup: 24556 ns, At safepoint: 10748 ns, Total: 58095 ns
[2025-03-03T15:55:10.318+0000][7][safepoint   ] Safepoint "Cleanup", Time since last: 3003030871 ns, Reaching safepoint: 15723 ns, Cleanup: 13115 ns, At safepoint: 7063 ns, Total: 35901 ns
[2025-03-03T15:55:13.321+0000][7][safepoint   ] Safepoint "Cleanup", Time since last: 3002826048 ns, Reaching safepoint: 24427 ns, Cleanup: 17421 ns, At safepoint: 11079 ns, Total: 52927 ns
[2025-03-03T15:55:14.322+0000][7][safepoint   ] Safepoint "Cleanup", Time since last: 1001070420 ns, Reaching safepoint: 15972 ns, Cleanup: 12278 ns, At safepoint: 6735 ns, Total: 34985 ns
[2025-03-03T15:55:21.330+0000][7][safepoint   ] Safepoint "Cleanup", Time since last: 7007031577 ns, Reaching safepoint: 51132 ns, Cleanup: 18458 ns, At safepoint: 9617 ns, Total: 79207 ns
[2025-03-03T15:55:22.751+0000][7][safepoint   ] Safepoint "Cleanup", Time since last: 1420844848 ns, Reaching safepoint: 14475 ns, Cleanup: 46653 ns, At safepoint: 7983 ns, Total: 69111 ns
[2025-03-03T15:55:25.754+0000][7][safepoint   ] Safepoint "Cleanup", Time since last: 3002820380 ns, Reaching safepoint: 14855 ns, Cleanup: 11735 ns, At safepoint: 7468 ns, Total: 34058 ns
[2025-03-03T15:55:33.762+0000][7][safepoint   ] Safepoint "Cleanup", Time since last: 8008066920 ns, Reaching safepoint: 21842 ns, Cleanup: 17557 ns, At safepoint: 10366 ns, Total: 49765 ns
[2025-03-03T15:55:41.770+0000][7][safepoint   ] Safepoint "Cleanup", Time since last: 8008054768 ns, Reaching safepoint: 20211 ns, Cleanup: 34340 ns, At safepoint: 13381 ns, Total: 67932 ns
[2025-03-03T15:55:43.772+0000][7][safepoint   ] Safepoint "Cleanup", Time since last: 2001724157 ns, Reaching safepoint: 13735 ns, Cleanup: 11867 ns, At safepoint: 7184 ns, Total: 32786 ns
[2025-03-03T15:55:46.775+0000][7][safepoint   ] Safepoint "Cleanup", Time since last: 3003399590 ns, Reaching safepoint: 35017 ns, Cleanup: 21767 ns, At safepoint: 14728 ns, Total: 71512 ns
[2025-03-03T15:55:48.777+0000][7][safepoint   ] Safepoint "Cleanup", Time since last: 2002512530 ns, Reaching safepoint: 19281 ns, Cleanup: 10893 ns, At safepoint: 34808 ns, Total: 64982 ns
[2025-03-03T15:55:49.779+0000][7][safepoint   ] Safepoint "Cleanup", Time since last: 1001129386 ns, Reaching safepoint: 16576 ns, Cleanup: 16893 ns, At safepoint: 8740 ns, Total: 42209 ns
[2025-03-03T15:55:55.538+0000][7][safepoint   ] Safepoint "Cleanup", Time since last: 5759739497 ns, Reaching safepoint: 14605 ns, Cleanup: 12973 ns, At safepoint: 5611 ns, Total: 33189 ns
[2025-03-03T15:56:01.545+0000][7][safepoint   ] Safepoint "Cleanup", Time since last: 6006134575 ns, Reaching safepoint: 28412 ns, Cleanup: 40221 ns, At safepoint: 10887 ns, Total: 79520 ns
[2025-03-03T15:56:06.551+0000][7][safepoint   ] Safepoint "Cleanup", Time since last: 5005855484 ns, Reaching safepoint: 15838 ns, Cleanup: 12268 ns, At safepoint: 8313 ns, Total: 36419 ns
[2025-03-03T15:56:07.552+0000][7][safepoint   ] Safepoint "Cleanup", Time since last: 1000962796 ns, Reaching safepoint: 54396 ns, Cleanup: 40880 ns, At safepoint: 20647 ns, Total: 115923 ns
[2025-03-03T15:56:13.557+0000][7][safepoint   ] Safepoint "Cleanup", Time since last: 6005844960 ns, Reaching safepoint: 16268 ns, Cleanup: 14038 ns, At safepoint: 7955 ns, Total: 38261 ns
[2025-03-03T15:56:19.562+0000][7][safepoint   ] Safepoint "Cleanup", Time since last: 6006021701 ns, Reaching safepoint: 40702 ns, Cleanup: 28597 ns, At safepoint: 14289 ns, Total: 83588 ns
[2025-03-03T15:56:22.566+0000][7][safepoint   ] Safepoint "Cleanup", Time since last: 3004080651 ns, Reaching safepoint: 61184 ns, Cleanup: 15822 ns, At safepoint: 11741 ns, Total: 88747 ns
[2025-03-03T15:56:24.568+0000][7][safepoint   ] Safepoint "Cleanup", Time since last: 2001754130 ns, Reaching safepoint: 16346 ns, Cleanup: 12687 ns, At safepoint: 120809 ns, Total: 149842 ns
[2025-03-03T15:56:25.569+0000][7][safepoint   ] Safepoint "Cleanup", Time since last: 1000951828 ns, Reaching safepoint: 15239 ns, Cleanup: 11317 ns, At safepoint: 7514 ns, Total: 34070 ns
[2025-03-03T15:56:28.572+0000][7][safepoint   ] Safepoint "Cleanup", Time since last: 3003113895 ns, Reaching safepoint: 59354 ns, Cleanup: 40836 ns, At safepoint: 29396 ns, Total: 129586 ns
[2025-03-03T15:56:31.576+0000][7][safepoint   ] Safepoint "Cleanup", Time since last: 3003579957 ns, Reaching safepoint: 15371 ns, Cleanup: 14231 ns, At safepoint: 6869 ns, Total: 36471 ns
[2025-03-03T15:56:33.578+0000][7][safepoint   ] Safepoint "Cleanup", Time since last: 2002069421 ns, Reaching safepoint: 16922 ns, Cleanup: 13255 ns, At safepoint: 10324 ns, Total: 40501 ns
[2025-03-03T15:56:34.579+0000][7][safepoint   ] Safepoint "Cleanup", Time since last: 1000953962 ns, Reaching safepoint: 56240 ns, Cleanup: 36582 ns, At safepoint: 20517 ns, Total: 113339 ns
[2025-03-03T15:56:48.595+0000][7][safepoint   ] Safepoint "Cleanup", Time since last: 14014792227 ns, Reaching safepoint: 20888 ns, Cleanup: 15809 ns, At safepoint: 9604 ns, Total: 46301 ns
[2025-03-03T15:56:55.548+0000][7][safepoint   ] Safepoint "Cleanup", Time since last: 6952905557 ns, Reaching safepoint: 17429 ns, Cleanup: 17172 ns, At safepoint: 8277 ns, Total: 42878 ns
[2025-03-03T15:56:58.551+0000][7][safepoint   ] Safepoint "Cleanup", Time since last: 3003188366 ns, Reaching safepoint: 17336 ns, Cleanup: 16057 ns, At safepoint: 8448 ns, Total: 41841 ns
[2025-03-03T15:56:59.552+0000][7][safepoint   ] Safepoint "Cleanup", Time since last: 1000729291 ns, Reaching safepoint: 18008 ns, Cleanup: 16071 ns, At safepoint: 14386 ns, Total: 48465 ns
[2025-03-03T15:57:01.554+0000][7][safepoint   ] Safepoint "Cleanup", Time since last: 2001918080 ns, Reaching safepoint: 40099 ns, Cleanup: 12341 ns, At safepoint: 8064 ns, Total: 60504 ns
[2025-03-03T15:57:13.566+0000][7][safepoint   ] Safepoint "Cleanup", Time since last: 12012450338 ns, Reaching safepoint: 27736 ns, Cleanup: 24204 ns, At safepoint: 10517 ns, Total: 62457 ns
[2025-03-03T15:57:16.571+0000][7][safepoint   ] Safepoint "Cleanup", Time since last: 3004716141 ns, Reaching safepoint: 20094 ns, Cleanup: 16136 ns, At safepoint: 9399 ns, Total: 45629 ns
[2025-03-03T15:57:33.589+0000][7][safepoint   ] Safepoint "Cleanup", Time since last: 17017711674 ns, Reaching safepoint: 40802 ns, Cleanup: 17758 ns, At safepoint: 7506 ns, Total: 66066 ns
[2025-03-03T15:57:37.594+0000][7][safepoint   ] Safepoint "Cleanup", Time since last: 4004058538 ns, Reaching safepoint: 38262 ns, Cleanup: 13003 ns, At safepoint: 22088 ns, Total: 73353 ns
[2025-03-03T15:57:39.596+0000][7][safepoint   ] Safepoint "Cleanup", Time since last: 2001908839 ns, Reaching safepoint: 14422 ns, Cleanup: 11131 ns, At safepoint: 7437 ns, Total: 32990 ns
[2025-03-03T15:57:43.625+0000][7][safepoint   ] Safepoint "Cleanup", Time since last: 4029088409 ns, Reaching safepoint: 64890 ns, Cleanup: 35461 ns, At safepoint: 26116 ns, Total: 126467 ns
[2025-03-03T15:57:46.628+0000][7][safepoint   ] Safepoint "Cleanup", Time since last: 3002883569 ns, Reaching safepoint: 29294 ns, Cleanup: 10285 ns, At safepoint: 7441 ns, Total: 47020 ns
[2025-03-03T15:57:47.630+0000][7][safepoint   ] Safepoint "Cleanup", Time since last: 1001891478 ns, Reaching safepoint: 60727 ns, Cleanup: 38370 ns, At safepoint: 15329 ns, Total: 114426 ns
[2025-03-03T15:58:03.584+0000][7][safepoint   ] Safepoint "Cleanup", Time since last: 15953059489 ns, Reaching safepoint: 106780 ns, Cleanup: 26495 ns, At safepoint: 14889 ns, Total: 148164 ns
[2025-03-03T15:58:04.585+0000][7][safepoint   ] Safepoint "Cleanup", Time since last: 1001616826 ns, Reaching safepoint: 14622 ns, Cleanup: 10898 ns, At safepoint: 6670 ns, Total: 32190 ns
[2025-03-03T15:58:07.588+0000][7][safepoint   ] Safepoint "Cleanup", Time since last: 3002909982 ns, Reaching safepoint: 13709 ns, Cleanup: 12681 ns, At safepoint: 7074 ns, Total: 33464 ns
[2025-03-03T15:58:10.591+0000][7][safepoint   ] Safepoint "Cleanup", Time since last: 3002990066 ns, Reaching safepoint: 16781 ns, Cleanup: 20093 ns, At safepoint: 8737 ns, Total: 45611 ns
[2025-03-03T15:58:13.594+0000][7][safepoint   ] Safepoint "Cleanup", Time since last: 3002864238 ns, Reaching safepoint: 17956 ns, Cleanup: 14028 ns, At safepoint: 8634 ns, Total: 40618 ns
[2025-03-03T15:58:16.597+0000][7][safepoint   ] Safepoint "Cleanup", Time since last: 3002912054 ns, Reaching safepoint: 25261 ns, Cleanup: 11681 ns, At safepoint: 8448 ns, Total: 45390 ns
[2025-03-03T15:58:19.602+0000][7][safepoint   ] Safepoint "Cleanup", Time since last: 3003471341 ns, Reaching safepoint: 60743 ns, Cleanup: 38506 ns, At safepoint: 23709 ns, Total: 122958 ns
[2025-03-03T15:58:25.608+0000][7][safepoint   ] Safepoint "Cleanup", Time since last: 6006330265 ns, Reaching safepoint: 34989 ns, Cleanup: 11051 ns, At safepoint: 10046 ns, Total: 56086 ns
[2025-03-03T15:58:33.616+0000][7][safepoint   ] Safepoint "Cleanup", Time since last: 8008176997 ns, Reaching safepoint: 22774 ns, Cleanup: 27221 ns, At safepoint: 15631 ns, Total: 65626 ns
[2025-03-03T15:58:43.626+0000][7][safepoint   ] Safepoint "Cleanup", Time since last: 10009853747 ns, Reaching safepoint: 27514 ns, Cleanup: 20966 ns, At safepoint: 9449 ns, Total: 57929 ns
[2025-03-03T15:58:49.634+0000][7][safepoint   ] Safepoint "Cleanup", Time since last: 6006867486 ns, Reaching safepoint: 19424 ns, Cleanup: 13209 ns, At safepoint: 8935 ns, Total: 41568 ns
[2025-03-03T15:59:02.594+0000][7][safepoint   ] Safepoint "Cleanup", Time since last: 12960226702 ns, Reaching safepoint: 44954 ns, Cleanup: 36709 ns, At safepoint: 9453 ns, Total: 91116 ns
[2025-03-03T15:59:03.596+0000][7][safepoint   ] Safepoint "Cleanup", Time since last: 1001643292 ns, Reaching safepoint: 19839 ns, Cleanup: 19335 ns, At safepoint: 7725 ns, Total: 46899 ns
[2025-03-03T15:59:04.596+0000][7][safepoint   ] Safepoint "Cleanup", Time since last: 1000897556 ns, Reaching safepoint: 14724 ns, Cleanup: 9793 ns, At safepoint: 5163 ns, Total: 29680 ns
[2025-03-03T15:59:13.605+0000][7][safepoint   ] Safepoint "Cleanup", Time since last: 9008966657 ns, Reaching safepoint: 15235 ns, Cleanup: 10773 ns, At safepoint: 7800 ns, Total: 33808 ns
[2025-03-03T15:59:16.610+0000][7][safepoint   ] Safepoint "Cleanup", Time since last: 3004043754 ns, Reaching safepoint: 18217 ns, Cleanup: 44366 ns, At safepoint: 26701 ns, Total: 89284 ns
[2025-03-03T15:59:19.613+0000][7][safepoint   ] Safepoint "Cleanup", Time since last: 3002961610 ns, Reaching safepoint: 15837 ns, Cleanup: 10894 ns, At safepoint: 7682 ns, Total: 34413 ns
[2025-03-03T15:59:25.621+0000][7][safepoint   ] Safepoint "Cleanup", Time since last: 6007072595 ns, Reaching safepoint: 25240 ns, Cleanup: 17215 ns, At safepoint: 8966 ns, Total: 51421 ns
[2025-03-03T15:59:31.626+0000][7][safepoint   ] Safepoint "Cleanup", Time since last: 6005927081 ns, Reaching safepoint: 18076 ns, Cleanup: 14780 ns, At safepoint: 9438 ns, Total: 42294 ns
[2025-03-03T15:59:37.633+0000][7][safepoint   ] Safepoint "Cleanup", Time since last: 6006744087 ns, Reaching safepoint: 14176 ns, Cleanup: 9526 ns, At safepoint: 8828 ns, Total: 32530 ns
[2025-03-03T15:59:43.639+0000][7][safepoint   ] Safepoint "Cleanup", Time since last: 6006105707 ns, Reaching safepoint: 22061 ns, Cleanup: 14894 ns, At safepoint: 8846 ns, Total: 45801 ns
[2025-03-03T15:59:52.651+0000][7][safepoint   ] Safepoint "Cleanup", Time since last: 9011016359 ns, Reaching safepoint: 14698 ns, Cleanup: 12438 ns, At safepoint: 7618 ns, Total: 34754 ns
[2025-03-03T16:00:09.608+0000][7][safepoint   ] Safepoint "Cleanup", Time since last: 16956751608 ns, Reaching safepoint: 21983 ns, Cleanup: 11237 ns, At safepoint: 7928 ns, Total: 41148 ns
[2025-03-03T16:00:10.624+0000][7][safepoint   ] Safepoint "Cleanup", Time since last: 1015991983 ns, Reaching safepoint: 20432 ns, Cleanup: 12656 ns, At safepoint: 8149 ns, Total: 41237 ns
[2025-03-03T16:00:16.630+0000][7][safepoint   ] Safepoint "Cleanup", Time since last: 6006125954 ns, Reaching safepoint: 18598 ns, Cleanup: 13990 ns, At safepoint: 6933 ns, Total: 39521 ns
[2025-03-03T16:00:19.634+0000][7][safepoint   ] Safepoint "Cleanup", Time since last: 3002922208 ns, Reaching safepoint: 25373 ns, Cleanup: 15008 ns, At safepoint: 8412 ns, Total: 48793 ns
[2025-03-03T16:00:25.640+0000][7][safepoint   ] Safepoint "Cleanup", Time since last: 6005895720 ns, Reaching safepoint: 28966 ns, Cleanup: 22569 ns, At safepoint: 17389 ns, Total: 68924 ns
[2025-03-03T16:00:52.669+0000][7][safepoint   ] Safepoint "Cleanup", Time since last: 27027928198 ns, Reaching safepoint: 35067 ns, Cleanup: 11557 ns, At safepoint: 6937 ns, Total: 53561 ns
[2025-03-03T16:01:16.621+0000][7][safepoint   ] Safepoint "Cleanup", Time since last: 23951949918 ns, Reaching safepoint: 34531 ns, Cleanup: 12329 ns, At safepoint: 6983 ns, Total: 53843 ns
[2025-03-03T16:01:17.622+0000][7][safepoint   ] Safepoint "Cleanup", Time since last: 1001156186 ns, Reaching safepoint: 16348 ns, Cleanup: 13026 ns, At safepoint: 8029 ns, Total: 37403 ns
[2025-03-03T16:01:19.624+0000][7][safepoint   ] Safepoint "Cleanup", Time since last: 2001800741 ns, Reaching safepoint: 16102 ns, Cleanup: 12986 ns, At safepoint: 8580 ns, Total: 37668 ns
[2025-03-03T16:01:20.625+0000][7][safepoint   ] Safepoint "Cleanup", Time since last: 1000970367 ns, Reaching safepoint: 15682 ns, Cleanup: 11463 ns, At safepoint: 8424 ns, Total: 35569 ns
[2025-03-03T16:01:24.629+0000][7][safepoint   ] Safepoint "Cleanup", Time since last: 4003893405 ns, Reaching safepoint: 36722 ns, Cleanup: 12185 ns, At safepoint: 7078 ns, Total: 55985 ns
[2025-03-03T16:01:25.631+0000][7][safepoint   ] Safepoint "Cleanup", Time since last: 1002008404 ns, Reaching safepoint: 14948 ns, Cleanup: 8881 ns, At safepoint: 7536 ns, Total: 31365 ns
[2025-03-03T16:01:33.639+0000][7][safepoint   ] Safepoint "Cleanup", Time since last: 8008117381 ns, Reaching safepoint: 55012 ns, Cleanup: 17597 ns, At safepoint: 8204 ns, Total: 80813 ns
[2025-03-03T16:01:34.640+0000][7][safepoint   ] Safepoint "Cleanup", Time since last: 1000654947 ns, Reaching safepoint: 18829 ns, Cleanup: 16898 ns, At safepoint: 8267 ns, Total: 43994 ns
[2025-03-03T16:01:43.649+0000][7][safepoint   ] Safepoint "Cleanup", Time since last: 9009004784 ns, Reaching safepoint: 15814 ns, Cleanup: 10822 ns, At safepoint: 6996 ns, Total: 33632 ns
[2025-03-03T16:01:49.657+0000][7][safepoint   ] Safepoint "Cleanup", Time since last: 6006946997 ns, Reaching safepoint: 14836 ns, Cleanup: 10512 ns, At safepoint: 7153 ns, Total: 32501 ns
[2025-03-03T16:01:52.660+0000][7][safepoint   ] Safepoint "Cleanup", Time since last: 3003150448 ns, Reaching safepoint: 20799 ns, Cleanup: 11623 ns, At safepoint: 8540 ns, Total: 40962 ns
[2025-03-03T16:02:01.842+0000][7][safepoint   ] Safepoint "Cleanup", Time since last: 9181924419 ns, Reaching safepoint: 40175 ns, Cleanup: 13661 ns, At safepoint: 9135 ns, Total: 62971 ns
[2025-03-03T16:02:04.846+0000][7][safepoint   ] Safepoint "Cleanup", Time since last: 3003791381 ns, Reaching safepoint: 16969 ns, Cleanup: 13013 ns, At safepoint: 7948 ns, Total: 37930 ns
[2025-03-03T16:02:07.849+0000][7][safepoint   ] Safepoint "Cleanup", Time since last: 3003028823 ns, Reaching safepoint: 15682 ns, Cleanup: 13095 ns, At safepoint: 7685 ns, Total: 36462 ns
[2025-03-03T16:02:19.862+0000][7][safepoint   ] Safepoint "Cleanup", Time since last: 12012007153 ns, Reaching safepoint: 15673 ns, Cleanup: 11338 ns, At safepoint: 11627 ns, Total: 38638 ns
[2025-03-03T16:02:21.863+0000][7][safepoint   ] Safepoint "Cleanup", Time since last: 2001790834 ns, Reaching safepoint: 15639 ns, Cleanup: 11911 ns, At safepoint: 7560 ns, Total: 35110 ns
[2025-03-03T16:02:22.864+0000][7][safepoint   ] Safepoint "Cleanup", Time since last: 1000998460 ns, Reaching safepoint: 15351 ns, Cleanup: 11643 ns, At safepoint: 8096 ns, Total: 35090 ns
[2025-03-03T16:02:24.866+0000][7][safepoint   ] Safepoint "Cleanup", Time since last: 2001981629 ns, Reaching safepoint: 17129 ns, Cleanup: 10736 ns, At safepoint: 7033 ns, Total: 34898 ns
[2025-03-03T16:02:25.868+0000][7][safepoint   ] Safepoint "Cleanup", Time since last: 1001154633 ns, Reaching safepoint: 14989 ns, Cleanup: 39227 ns, At safepoint: 33799 ns, Total: 88015 ns
[2025-03-03T16:02:26.868+0000][7][safepoint   ] Safepoint "Cleanup", Time since last: 1000728990 ns, Reaching safepoint: 17131 ns, Cleanup: 15375 ns, At safepoint: 8083 ns, Total: 40589 ns
[2025-03-03T16:02:33.875+0000][7][safepoint   ] Safepoint "Cleanup", Time since last: 7006936440 ns, Reaching safepoint: 16920 ns, Cleanup: 20379 ns, At safepoint: 8302 ns, Total: 45601 ns
[2025-03-03T16:02:43.886+0000][7][safepoint   ] Safepoint "Cleanup", Time since last: 10010890278 ns, Reaching safepoint: 14722 ns, Cleanup: 10396 ns, At safepoint: 6677 ns, Total: 31795 ns
[2025-03-03T16:02:51.895+0000][7][safepoint   ] Safepoint "Cleanup", Time since last: 8008304168 ns, Reaching safepoint: 17244 ns, Cleanup: 11409 ns, At safepoint: 9189 ns, Total: 37842 ns
[2025-03-03T16:03:02.098+0000][7][safepoint   ] Safepoint "Cleanup", Time since last: 10202017171 ns, Reaching safepoint: 49371 ns, Cleanup: 25994 ns, At safepoint: 13656 ns, Total: 89021 ns
[2025-03-03T16:03:07.109+0000][7][safepoint   ] Safepoint "Cleanup", Time since last: 5009647246 ns, Reaching safepoint: 1349366 ns, Cleanup: 47291 ns, At safepoint: 118256 ns, Total: 1514913 ns
[2025-03-03T16:03:14.117+0000][7][safepoint   ] Safepoint "Cleanup", Time since last: 7007493782 ns, Reaching safepoint: 880014 ns, Cleanup: 18568 ns, At safepoint: 59058 ns, Total: 957640 ns
[2025-03-03T16:03:19.123+0000][7][safepoint   ] Safepoint "Cleanup", Time since last: 5005030826 ns, Reaching safepoint: 14013 ns, Cleanup: 11648 ns, At safepoint: 30966 ns, Total: 56627 ns
[2025-03-03T16:03:22.127+0000][7][safepoint   ] Safepoint "Cleanup", Time since last: 3003147698 ns, Reaching safepoint: 775049 ns, Cleanup: 17599 ns, At safepoint: 52873 ns, Total: 845521 ns
[2025-03-03T16:03:29.135+0000][7][safepoint   ] Safepoint "Cleanup", Time since last: 7008096157 ns, Reaching safepoint: 48870 ns, Cleanup: 23080 ns, At safepoint: 19859 ns, Total: 91809 ns
[2025-03-03T16:03:32.139+0000][7][safepoint   ] Safepoint "Cleanup", Time since last: 3003814803 ns, Reaching safepoint: 15422 ns, Cleanup: 13974 ns, At safepoint: 7070 ns, Total: 36466 ns
[2025-03-03T16:03:34.142+0000][7][safepoint   ] Safepoint "Cleanup", Time since last: 2001870541 ns, Reaching safepoint: 1045763 ns, Cleanup: 53439 ns, At safepoint: 119836 ns, Total: 1219038 ns
[2025-03-03T16:04:13.108+0000][7][safepoint   ] Safepoint "Cleanup", Time since last: 38964848797 ns, Reaching safepoint: 11463 ns, Cleanup: 6458 ns, At safepoint: 6247 ns, Total: 24168 ns
[2025-03-03T16:04:17.113+0000][7][safepoint   ] Safepoint "Cleanup", Time since last: 4004993729 ns, Reaching safepoint: 68442 ns, Cleanup: 20009 ns, At safepoint: 11768 ns, Total: 100219 ns
[2025-03-03T16:04:19.115+0000][7][safepoint   ] Safepoint "Cleanup", Time since last: 2001747198 ns, Reaching safepoint: 12643 ns, Cleanup: 7843 ns, At safepoint: 7572 ns, Total: 28058 ns
[2025-03-03T16:04:28.125+0000][7][safepoint   ] Safepoint "Cleanup", Time since last: 9010180119 ns, Reaching safepoint: 16228 ns, Cleanup: 17572 ns, At safepoint: 20548 ns, Total: 54348 ns
[2025-03-03T16:04:31.131+0000][7][safepoint   ] Safepoint "Cleanup", Time since last: 3005751329 ns, Reaching safepoint: 14263 ns, Cleanup: 8184 ns, At safepoint: 6526 ns, Total: 28973 ns
[2025-03-03T16:04:34.134+0000][7][safepoint   ] Safepoint "Cleanup", Time since last: 3003004673 ns, Reaching safepoint: 24652 ns, Cleanup: 18556 ns, At safepoint: 38669 ns, Total: 81877 ns
[2025-03-03T16:04:35.135+0000][7][safepoint   ] Safepoint "Cleanup", Time since last: 1001043296 ns, Reaching safepoint: 33123 ns, Cleanup: 19364 ns, At safepoint: 15053 ns, Total: 67540 ns
[2025-03-03T16:04:37.143+0000][7][safepoint   ] Safepoint "Cleanup", Time since last: 2008072288 ns, Reaching safepoint: 16567 ns, Cleanup: 16442 ns, At safepoint: 8139 ns, Total: 41148 ns
[2025-03-03T16:04:38.144+0000][7][safepoint   ] Safepoint "Cleanup", Time since last: 1000793369 ns, Reaching safepoint: 22442 ns, Cleanup: 12298 ns, At safepoint: 11330 ns, Total: 46070 ns
[2025-03-03T16:04:39.145+0000][7][safepoint   ] Safepoint "Cleanup", Time since last: 1001031864 ns, Reaching safepoint: 37808 ns, Cleanup: 22683 ns, At safepoint: 12475 ns, Total: 72966 ns
[2025-03-03T16:04:41.149+0000][7][safepoint   ] Safepoint "Cleanup", Time since last: 2003713982 ns, Reaching safepoint: 15922 ns, Cleanup: 11098 ns, At safepoint: 7962 ns, Total: 34982 ns
[2025-03-03T16:04:43.151+0000][7][safepoint   ] Safepoint "Cleanup", Time since last: 2002123437 ns, Reaching safepoint: 23660 ns, Cleanup: 12509 ns, At safepoint: 6931 ns, Total: 43100 ns
[2025-03-03T16:04:44.152+0000][7][safepoint   ] Safepoint "Cleanup", Time since last: 1000851213 ns, Reaching safepoint: 23875 ns, Cleanup: 12732 ns, At safepoint: 7064 ns, Total: 43671 ns
[2025-03-03T16:05:07.345+0000][7][safepoint   ] Safepoint "Cleanup", Time since last: 23192263918 ns, Reaching safepoint: 157130 ns, Cleanup: 49303 ns, At safepoint: 30590 ns, Total: 237023 ns
[2025-03-03T16:05:13.352+0000][7][safepoint   ] Safepoint "Cleanup", Time since last: 6006413315 ns, Reaching safepoint: 19073 ns, Cleanup: 11479 ns, At safepoint: 7425 ns, Total: 37977 ns
[2025-03-03T16:05:14.353+0000][7][safepoint   ] Safepoint "Cleanup", Time since last: 1001286974 ns, Reaching safepoint: 23835 ns, Cleanup: 19995 ns, At safepoint: 11888 ns, Total: 55718 ns
[2025-03-03T16:05:22.362+0000][7][safepoint   ] Safepoint "Cleanup", Time since last: 8007787822 ns, Reaching safepoint: 17915 ns, Cleanup: 20592 ns, At safepoint: 9395 ns, Total: 47902 ns
[2025-03-03T16:05:26.366+0000][7][safepoint   ] Safepoint "Cleanup", Time since last: 4003821609 ns, Reaching safepoint: 19633 ns, Cleanup: 15181 ns, At safepoint: 7119 ns, Total: 41933 ns
[2025-03-03T16:05:34.374+0000][7][safepoint   ] Safepoint "Cleanup", Time since last: 8007989363 ns, Reaching safepoint: 55042 ns, Cleanup: 9925 ns, At safepoint: 6591 ns, Total: 71558 ns
[2025-03-03T16:05:37.377+0000][7][safepoint   ] Safepoint "Cleanup", Time since last: 3002954813 ns, Reaching safepoint: 41859 ns, Cleanup: 20272 ns, At safepoint: 10784 ns, Total: 72915 ns
[2025-03-03T16:05:52.395+0000][7][safepoint   ] Safepoint "Cleanup", Time since last: 15017101838 ns, Reaching safepoint: 17500 ns, Cleanup: 15405 ns, At safepoint: 10490 ns, Total: 43395 ns
[2025-03-03T16:06:07.590+0000][7][safepoint   ] Safepoint "Cleanup", Time since last: 15194822147 ns, Reaching safepoint: 41558 ns, Cleanup: 13841 ns, At safepoint: 7886 ns, Total: 63285 ns
[2025-03-03T16:06:17.602+0000][7][safepoint   ] Safepoint "Cleanup", Time since last: 10011946594 ns, Reaching safepoint: 15158 ns, Cleanup: 11714 ns, At safepoint: 8230 ns, Total: 35102 ns
[2025-03-03T16:06:31.623+0000][7][safepoint   ] Safepoint "Cleanup", Time since last: 14026306949 ns, Reaching safepoint: 33226 ns, Cleanup: 17732 ns, At safepoint: 14987 ns, Total: 65945 ns
[2025-03-03T16:06:44.636+0000][7][safepoint   ] Safepoint "Cleanup", Time since last: 13012397847 ns, Reaching safepoint: 37112 ns, Cleanup: 10351 ns, At safepoint: 6738 ns, Total: 54201 ns
[2025-03-03T16:06:52.642+0000][7][safepoint   ] Safepoint "Cleanup", Time since last: 8008074559 ns, Reaching safepoint: 17197 ns, Cleanup: 12591 ns, At safepoint: 8677 ns, Total: 38465 ns
[2025-03-03T16:06:54.588+0000][7][safepoint   ] Safepoint "Cleanup", Time since last: 1946245893 ns, Reaching safepoint: 6895 ns, Cleanup: 12085 ns, At safepoint: 4173 ns, Total: 23153 ns
[2025-03-03T16:07:22.705+0000][7][safepoint   ] Safepoint "Cleanup", Time since last: 28027624606 ns, Reaching safepoint: 36241 ns, Cleanup: 15726 ns, At safepoint: 9867 ns, Total: 61834 ns
[2025-03-03T16:07:31.716+0000][7][safepoint   ] Safepoint "Cleanup", Time since last: 9009982029 ns, Reaching safepoint: 18675 ns, Cleanup: 12862 ns, At safepoint: 7073 ns, Total: 38610 ns
[2025-03-03T16:07:33.718+0000][7][safepoint   ] Safepoint "Cleanup", Time since last: 2001986359 ns, Reaching safepoint: 17063 ns, Cleanup: 13551 ns, At safepoint: 7698 ns, Total: 38312 ns
[2025-03-03T16:07:49.735+0000][7][safepoint   ] Safepoint "Cleanup", Time since last: 16015927874 ns, Reaching safepoint: 14889 ns, Cleanup: 12157 ns, At safepoint: 6420 ns, Total: 33466 ns
[2025-03-03T16:08:24.719+0000][7][safepoint   ] Safepoint "Cleanup", Time since last: 34983246416 ns, Reaching safepoint: 35775 ns, Cleanup: 13713 ns, At safepoint: 26621 ns, Total: 76109 ns
[2025-03-03T16:08:33.728+0000][7][safepoint   ] Safepoint "Cleanup", Time since last: 9008643490 ns, Reaching safepoint: 15156 ns, Cleanup: 9407 ns, At safepoint: 6811 ns, Total: 31374 ns
[2025-03-03T16:08:52.747+0000][7][safepoint   ] Safepoint "Cleanup", Time since last: 19017954975 ns, Reaching safepoint: 15974 ns, Cleanup: 13144 ns, At safepoint: 9108 ns, Total: 38226 ns
[2025-03-03T16:08:55.931+0000][7][safepoint   ] Safepoint "Cleanup", Time since last: 3184092471 ns, Reaching safepoint: 15520 ns, Cleanup: 12356 ns, At safepoint: 6892 ns, Total: 34768 ns
[2025-03-03T16:09:07.949+0000][7][safepoint   ] Safepoint "Cleanup", Time since last: 12017936388 ns, Reaching safepoint: 16015 ns, Cleanup: 12318 ns, At safepoint: 7488 ns, Total: 35821 ns
[2025-03-03T16:09:09.951+0000][7][safepoint   ] Safepoint "Cleanup", Time since last: 2002104162 ns, Reaching safepoint: 24633 ns, Cleanup: 12139 ns, At safepoint: 9103 ns, Total: 45875 ns
[2025-03-03T16:09:14.956+0000][7][safepoint   ] Safepoint "Cleanup", Time since last: 5004655911 ns, Reaching safepoint: 14392 ns, Cleanup: 11889 ns, At safepoint: 7120 ns, Total: 33401 ns
[2025-03-03T16:09:16.912+0000][7][safepoint   ] Safepoint "Cleanup", Time since last: 1956002968 ns, Reaching safepoint: 17064 ns, Cleanup: 15069 ns, At safepoint: 7253 ns, Total: 39386 ns
[2025-03-03T16:09:19.916+0000][7][safepoint   ] Safepoint "Cleanup", Time since last: 3002924545 ns, Reaching safepoint: 15762 ns, Cleanup: 15939 ns, At safepoint: 8938 ns, Total: 40639 ns
[2025-03-03T16:09:26.923+0000][7][safepoint   ] Safepoint "Cleanup", Time since last: 7007118024 ns, Reaching safepoint: 17610 ns, Cleanup: 17428 ns, At safepoint: 8105 ns, Total: 43143 ns
[2025-03-03T16:09:27.924+0000][7][safepoint   ] Safepoint "Cleanup", Time since last: 1000904429 ns, Reaching safepoint: 17821 ns, Cleanup: 12843 ns, At safepoint: 28320 ns, Total: 58984 ns
[2025-03-03T16:09:28.925+0000][7][safepoint   ] Safepoint "Cleanup", Time since last: 1001048208 ns, Reaching safepoint: 17344 ns, Cleanup: 17624 ns, At safepoint: 10063 ns, Total: 45031 ns
[2025-03-03T16:09:31.928+0000][7][safepoint   ] Safepoint "Cleanup", Time since last: 3002953281 ns, Reaching safepoint: 18183 ns, Cleanup: 19256 ns, At safepoint: 7118 ns, Total: 44557 ns
[2025-03-03T16:09:33.930+0000][7][safepoint   ] Safepoint "Cleanup", Time since last: 2001904067 ns, Reaching safepoint: 21264 ns, Cleanup: 110065 ns, At safepoint: 25820 ns, Total: 157149 ns
[2025-03-03T16:09:52.949+0000][7][safepoint   ] Safepoint "Cleanup", Time since last: 19017746734 ns, Reaching safepoint: 15033 ns, Cleanup: 14292 ns, At safepoint: 7215 ns, Total: 36540 ns
[2025-03-03T16:09:56.171+0000][7][safepoint   ] Safepoint "Cleanup", Time since last: 3221847901 ns, Reaching safepoint: 73862 ns, Cleanup: 18361 ns, At safepoint: 21362 ns, Total: 113585 ns
[2025-03-03T16:10:00.175+0000][7][safepoint   ] Safepoint "Cleanup", Time since last: 4003974029 ns, Reaching safepoint: 17554 ns, Cleanup: 9560 ns, At safepoint: 7277 ns, Total: 34391 ns
[2025-03-03T16:10:17.192+0000][7][safepoint   ] Safepoint "Cleanup", Time since last: 17017074720 ns, Reaching safepoint: 15824 ns, Cleanup: 34449 ns, At safepoint: 6960 ns, Total: 57233 ns
[2025-03-03T16:10:23.199+0000][7][safepoint   ] Safepoint "Cleanup", Time since last: 6006025500 ns, Reaching safepoint: 16226 ns, Cleanup: 14009 ns, At safepoint: 7484 ns, Total: 37719 ns
[2025-03-03T16:10:27.203+0000][7][safepoint   ] Safepoint "Cleanup", Time since last: 4003931529 ns, Reaching safepoint: 265200 ns, Cleanup: 20018 ns, At safepoint: 37904 ns, Total: 323122 ns
[2025-03-03T16:10:32.208+0000][7][safepoint   ] Safepoint "Cleanup", Time since last: 5005541589 ns, Reaching safepoint: 15110 ns, Cleanup: 19843 ns, At safepoint: 7403 ns, Total: 42356 ns
[2025-03-03T16:10:34.210+0000][7][safepoint   ] Safepoint "Cleanup", Time since last: 2001901927 ns, Reaching safepoint: 15318 ns, Cleanup: 14265 ns, At safepoint: 6528 ns, Total: 36111 ns
[2025-03-03T16:10:38.215+0000][7][safepoint   ] Safepoint "Cleanup", Time since last: 4004208938 ns, Reaching safepoint: 16830 ns, Cleanup: 10661 ns, At safepoint: 6549 ns, Total: 34040 ns
[2025-03-03T16:10:44.220+0000][7][safepoint   ] Safepoint "Cleanup", Time since last: 6004990640 ns, Reaching safepoint: 80740 ns, Cleanup: 21287 ns, At safepoint: 22718 ns, Total: 124745 ns
[2025-03-03T16:10:47.224+0000][7][safepoint   ] Safepoint "Cleanup", Time since last: 3003759445 ns, Reaching safepoint: 18259 ns, Cleanup: 11610 ns, At safepoint: 5340 ns, Total: 35209 ns
[2025-03-03T16:10:52.229+0000][7][safepoint   ] Safepoint "Cleanup", Time since last: 5004907608 ns, Reaching safepoint: 14686 ns, Cleanup: 12216 ns, At safepoint: 6996 ns, Total: 33898 ns
[2025-03-03T16:10:54.229+0000][7][gc,start    ] GC(14) Pause Young (Normal) (G1 Evacuation Pause)
[2025-03-03T16:10:54.229+0000][7][gc,task     ] GC(14) Using 13 workers of 13 for evacuation
[2025-03-03T16:10:54.229+0000][7][gc,age      ] GC(14) Desired survivor size 81788928 bytes, new threshold 15 (max threshold 15)
[2025-03-03T16:10:54.236+0000][7][gc,phases   ] GC(14)   Pre Evacuate Collection Set: 0.77ms
[2025-03-03T16:10:54.237+0000][7][gc,phases   ] GC(14)   Merge Heap Roots: 0.43ms
[2025-03-03T16:10:54.237+0000][7][gc,phases   ] GC(14)   Evacuate Collection Set: 3.69ms
[2025-03-03T16:10:54.237+0000][7][gc,phases   ] GC(14)   Post Evacuate Collection Set: 1.72ms
[2025-03-03T16:10:54.237+0000][7][gc,phases   ] GC(14)   Other: 0.78ms
[2025-03-03T16:10:54.237+0000][7][gc,age      ] GC(14) Age table with threshold 15 (max threshold 15)
[2025-03-03T16:10:54.237+0000][7][gc,age      ] GC(14) - age   1:    1044584 bytes,    1044584 total
[2025-03-03T16:10:54.237+0000][7][gc,age      ] GC(14) - age   2:    3225056 bytes,    4269640 total
[2025-03-03T16:10:54.237+0000][7][gc,heap     ] GC(14) Eden regions: 304->0(305)
[2025-03-03T16:10:54.237+0000][7][gc,heap     ] GC(14) Survivor regions: 3->2(39)
[2025-03-03T16:10:54.238+0000][7][gc,heap     ] GC(14) Old regions: 32->32
[2025-03-03T16:10:54.238+0000][7][gc,heap     ] GC(14) Humongous regions: 2->2
[2025-03-03T16:10:54.238+0000][7][gc,metaspace] GC(14) Metaspace: 106930K(109760K)->106930K(109760K) NonClass: 92054K(93568K)->92054K(93568K) Class: 14875K(16192K)->14875K(16192K)
[2025-03-03T16:10:54.238+0000][7][gc          ] GC(14) Pause Young (Normal) (G1 Evacuation Pause) 1359M->139M(2048M) 9.411ms
[2025-03-03T16:10:54.238+0000][7][gc,cpu      ] GC(14) User=0.05s Sys=0.00s Real=0.01s
[2025-03-03T16:10:54.238+0000][7][safepoint   ] Safepoint "G1CollectForAllocation", Time since last: 1999257627 ns, Reaching safepoint: 14270 ns, Cleanup: 3863 ns, At safepoint: 9881199 ns, Total: 9899332 ns
[2025-03-03T16:11:20.436+0000][7][safepoint   ] Safepoint "Cleanup", Time since last: 26196866182 ns, Reaching safepoint: 29183 ns, Cleanup: 35897 ns, At safepoint: 13442 ns, Total: 78522 ns
[2025-03-03T16:11:27.444+0000][7][safepoint   ] Safepoint "Cleanup", Time since last: 7007868537 ns, Reaching safepoint: 14987 ns, Cleanup: 26965 ns, At safepoint: 7733 ns, Total: 49685 ns
[2025-03-03T16:11:29.453+0000][7][safepoint   ] Safepoint "Cleanup", Time since last: 2008896452 ns, Reaching safepoint: 13747 ns, Cleanup: 13446 ns, At safepoint: 8156 ns, Total: 35349 ns
[2025-03-03T16:11:31.455+0000][7][safepoint   ] Safepoint "Cleanup", Time since last: 2002091983 ns, Reaching safepoint: 33139 ns, Cleanup: 19684 ns, At safepoint: 12494 ns, Total: 65317 ns
[2025-03-03T16:11:37.461+0000][7][safepoint   ] Safepoint "Cleanup", Time since last: 6005805368 ns, Reaching safepoint: 13617 ns, Cleanup: 15365 ns, At safepoint: 6918 ns, Total: 35900 ns
[2025-03-03T16:11:39.498+0000][7][safepoint   ] Safepoint "Cleanup", Time since last: 2036949427 ns, Reaching safepoint: 15075 ns, Cleanup: 22283 ns, At safepoint: 7366 ns, Total: 44724 ns
[2025-03-03T16:11:40.499+0000][7][safepoint   ] Safepoint "Cleanup", Time since last: 1000916533 ns, Reaching safepoint: 15760 ns, Cleanup: 11364 ns, At safepoint: 7706 ns, Total: 34830 ns
[2025-03-03T16:11:50.512+0000][7][safepoint   ] Safepoint "Cleanup", Time since last: 10011041656 ns, Reaching safepoint: 40912 ns, Cleanup: 16510 ns, At safepoint: 8444 ns, Total: 65866 ns
[2025-03-03T16:11:52.514+0000][7][safepoint   ] Safepoint "Cleanup", Time since last: 2002126350 ns, Reaching safepoint: 32839 ns, Cleanup: 45506 ns, At safepoint: 28841 ns, Total: 107186 ns
[2025-03-03T16:11:55.650+0000][7][safepoint   ] Safepoint "Cleanup", Time since last: 3136094469 ns, Reaching safepoint: 60788 ns, Cleanup: 14043 ns, At safepoint: 34469 ns, Total: 109300 ns
[2025-03-03T16:11:58.654+0000][7][safepoint   ] Safepoint "Cleanup", Time since last: 3003540393 ns, Reaching safepoint: 16721 ns, Cleanup: 11505 ns, At safepoint: 8181 ns, Total: 36407 ns
[2025-03-03T16:12:02.658+0000][7][safepoint   ] Safepoint "Cleanup", Time since last: 4004127646 ns, Reaching safepoint: 53819 ns, Cleanup: 30006 ns, At safepoint: 13512 ns, Total: 97337 ns
[2025-03-03T16:12:33.691+0000][7][safepoint   ] Safepoint "Cleanup", Time since last: 31032217031 ns, Reaching safepoint: 104721 ns, Cleanup: 54264 ns, At safepoint: 112371 ns, Total: 271356 ns
[2025-03-03T16:12:52.711+0000][7][safepoint   ] Safepoint "Cleanup", Time since last: 19019369856 ns, Reaching safepoint: 42679 ns, Cleanup: 13562 ns, At safepoint: 9374 ns, Total: 65615 ns
[2025-03-03T16:13:02.688+0000][7][safepoint   ] Safepoint "Cleanup", Time since last: 9976823326 ns, Reaching safepoint: 21874 ns, Cleanup: 13514 ns, At safepoint: 11654 ns, Total: 47042 ns
[2025-03-03T16:13:19.707+0000][7][safepoint   ] Safepoint "Cleanup", Time since last: 17017121546 ns, Reaching safepoint: 206939 ns, Cleanup: 37155 ns, At safepoint: 26341 ns, Total: 270435 ns
[2025-03-03T16:13:22.719+0000][7][safepoint   ] Safepoint "Cleanup", Time since last: 3012741632 ns, Reaching safepoint: 28502 ns, Cleanup: 18514 ns, At safepoint: 8472 ns, Total: 55488 ns
[2025-03-03T16:13:33.730+0000][7][safepoint   ] Safepoint "Cleanup", Time since last: 11010844943 ns, Reaching safepoint: 18754 ns, Cleanup: 14717 ns, At safepoint: 7725 ns, Total: 41196 ns
[2025-03-03T16:13:46.742+0000][7][safepoint   ] Safepoint "Cleanup", Time since last: 13011821817 ns, Reaching safepoint: 36689 ns, Cleanup: 21150 ns, At safepoint: 12127 ns, Total: 69966 ns
[2025-03-03T16:13:59.924+0000][7][safepoint   ] Safepoint "Cleanup", Time since last: 13180998864 ns, Reaching safepoint: 19588 ns, Cleanup: 16079 ns, At safepoint: 13414 ns, Total: 49081 ns
[2025-03-03T16:14:01.926+0000][7][safepoint   ] Safepoint "Cleanup", Time since last: 2001825702 ns, Reaching safepoint: 26584 ns, Cleanup: 43550 ns, At safepoint: 8273 ns, Total: 78407 ns
[2025-03-03T16:14:02.927+0000][7][safepoint   ] Safepoint "Cleanup", Time since last: 1001016014 ns, Reaching safepoint: 15517 ns, Cleanup: 49564 ns, At safepoint: 6263 ns, Total: 71344 ns
[2025-03-03T16:14:03.885+0000][7][gc,heap,exit] Heap
[2025-03-03T16:14:03.885+0000][7][gc,heap,exit]  garbage-first heap   total reserved 2097152K, committed 2097152K, used 401225K [0x0000000080000000, 0x0000000100000000)
[2025-03-03T16:14:03.885+0000][7][gc,heap,exit]   region size 4096K, 66 young (270336K), 2 survivors (8192K)
[2025-03-03T16:14:03.885+0000][7][gc,heap,exit]  Metaspace       used 107255K, committed 110080K, reserved 1179648K
[2025-03-03T16:14:03.885+0000][7][gc,heap,exit]   class space    used 14919K, committed 16192K, reserved 1048576K
