[2025-03-04T03:57:33.879+0000][7][gc,init] CardTable entry size: 512
[2025-03-04T03:57:33.879+0000][7][gc     ] Using G1
[2025-03-04T03:57:35.477+0000][7][gc,init] Version: 22.0.2+9-70 (release)
[2025-03-04T03:57:35.477+0000][7][gc,init] CPUs: 16 total, 16 available
[2025-03-04T03:57:35.477+0000][7][gc,init] Memory: 16241M
[2025-03-04T03:57:35.478+0000][7][gc,init] Large Page Support: Disabled
[2025-03-04T03:57:35.478+0000][7][gc,init] NUMA Support: Disabled
[2025-03-04T03:57:35.478+0000][7][gc,init] Compressed Oops: Enabled (32-bit)
[2025-03-04T03:57:35.478+0000][7][gc,init] Heap Region Size: 4M
[2025-03-04T03:57:35.479+0000][7][gc,init] Heap Min Capacity: 2G
[2025-03-04T03:57:35.479+0000][7][gc,init] Heap Initial Capacity: 2G
[2025-03-04T03:57:35.479+0000][7][gc,init] Heap Max Capacity: 2G
[2025-03-04T03:57:35.480+0000][7][gc,init] Pre-touch: Enabled
[2025-03-04T03:57:35.480+0000][7][gc,init] Parallel Workers: 13
[2025-03-04T03:57:35.480+0000][7][gc,init] Concurrent Workers: 3
[2025-03-04T03:57:35.481+0000][7][gc,init] Concurrent Refinement Workers: 13
[2025-03-04T03:57:35.481+0000][7][gc,init] Periodic GC: Disabled
[2025-03-04T03:57:35.493+0000][7][gc,metaspace] CDS archive(s) mapped at: [0x00007f1f02000000-0x00007f1f02c78000-0x00007f1f02c78000), size 13074432, SharedBaseAddress: 0x00007f1f02000000, ArchiveRelocationMode: 1.
[2025-03-04T03:57:35.494+0000][7][gc,metaspace] Compressed class space mapped at: 0x00007f1f03000000-0x00007f1f43000000, reserved size: 1073741824
[2025-03-04T03:57:35.494+0000][7][gc,metaspace] Narrow klass base: 0x00007f1f02000000, Narrow klass shift: 0, Narrow klass range: 0x100000000
[2025-03-04T03:57:36.636+0000][7][safepoint   ] Safepoint "ICBufferFull", Time since last: 1135715582 ns, Reaching safepoint: 12365 ns, Cleanup: 165324 ns, At safepoint: 9247 ns, Total: 186936 ns
[2025-03-04T03:57:37.902+0000][7][safepoint   ] Safepoint "ICBufferFull", Time since last: 1265344340 ns, Reaching safepoint: 5730 ns, Cleanup: 94546 ns, At safepoint: 36067 ns, Total: 136343 ns
[2025-03-04T03:57:38.901+0000][7][safepoint   ] Safepoint "Cleanup", Time since last: 1004425574 ns, Reaching safepoint: 4473 ns, Cleanup: 60685 ns, At safepoint: 41267 ns, Total: 106425 ns
[2025-03-04T03:57:39.989+0000][7][safepoint   ] Safepoint "ICBufferFull", Time since last: 1088149276 ns, Reaching safepoint: 5589 ns, Cleanup: 87268 ns, At safepoint: 6728 ns, Total: 99585 ns
[2025-03-04T03:57:40.278+0000][7][gc,start    ] GC(0) Pause Young (Normal) (G1 Evacuation Pause)
[2025-03-04T03:57:40.278+0000][7][gc,task     ] GC(0) Using 13 workers of 13 for evacuation
[2025-03-04T03:57:40.279+0000][7][gc,age      ] GC(0) Desired survivor size 8388608 bytes, new threshold 15 (max threshold 15)
[2025-03-04T03:57:40.290+0000][7][gc,phases   ] GC(0)   Pre Evacuate Collection Set: 0.45ms
[2025-03-04T03:57:40.290+0000][7][gc,phases   ] GC(0)   Merge Heap Roots: 0.67ms
[2025-03-04T03:57:40.291+0000][7][gc,phases   ] GC(0)   Evacuate Collection Set: 6.10ms
[2025-03-04T03:57:40.291+0000][7][gc,phases   ] GC(0)   Post Evacuate Collection Set: 3.40ms
[2025-03-04T03:57:40.291+0000][7][gc,phases   ] GC(0)   Other: 0.76ms
[2025-03-04T03:57:40.291+0000][7][gc,age      ] GC(0) Age table with threshold 15 (max threshold 15)
[2025-03-04T03:57:40.291+0000][7][gc,age      ] GC(0) - age   1:    7679200 bytes,    7679200 total
[2025-03-04T03:57:40.292+0000][7][gc,heap     ] GC(0) Eden regions: 25->0(23)
[2025-03-04T03:57:40.292+0000][7][gc,heap     ] GC(0) Survivor regions: 0->2(4)
[2025-03-04T03:57:40.292+0000][7][gc,heap     ] GC(0) Old regions: 1->1
[2025-03-04T03:57:40.292+0000][7][gc,heap     ] GC(0) Humongous regions: 0->0
[2025-03-04T03:57:40.292+0000][7][gc,metaspace] GC(0) Metaspace: 15984K(16384K)->15984K(16384K) NonClass: 14129K(14336K)->14129K(14336K) Class: 1854K(2048K)->1854K(2048K)
[2025-03-04T03:57:40.293+0000][7][gc          ] GC(0) Pause Young (Normal) (G1 Evacuation Pause) 101M->8M(2048M) 14.537ms
[2025-03-04T03:57:40.293+0000][7][gc,cpu      ] GC(0) User=0.06s Sys=0.01s Real=0.02s
[2025-03-04T03:57:40.293+0000][7][safepoint   ] Safepoint "G1CollectForAllocation", Time since last: 288707556 ns, Reaching safepoint: 4989 ns, Cleanup: 29354 ns, At safepoint: 15150510 ns, Total: 15184853 ns
[2025-03-04T03:57:41.089+0000][7][gc,start    ] GC(1) Pause Young (Normal) (G1 Evacuation Pause)
[2025-03-04T03:57:41.089+0000][7][gc,task     ] GC(1) Using 13 workers of 13 for evacuation
[2025-03-04T03:57:41.089+0000][7][gc,age      ] GC(1) Desired survivor size 8388608 bytes, new threshold 15 (max threshold 15)
[2025-03-04T03:57:41.103+0000][7][gc,phases   ] GC(1)   Pre Evacuate Collection Set: 0.48ms
[2025-03-04T03:57:41.103+0000][7][gc,phases   ] GC(1)   Merge Heap Roots: 0.56ms
[2025-03-04T03:57:41.104+0000][7][gc,phases   ] GC(1)   Evacuate Collection Set: 9.01ms
[2025-03-04T03:57:41.104+0000][7][gc,phases   ] GC(1)   Post Evacuate Collection Set: 3.64ms
[2025-03-04T03:57:41.104+0000][7][gc,phases   ] GC(1)   Other: 0.52ms
[2025-03-04T03:57:41.104+0000][7][gc,age      ] GC(1) Age table with threshold 15 (max threshold 15)
[2025-03-04T03:57:41.104+0000][7][gc,age      ] GC(1) - age   1:    2604216 bytes,    2604216 total
[2025-03-04T03:57:41.105+0000][7][gc,age      ] GC(1) - age   2:    7553416 bytes,   10157632 total
[2025-03-04T03:57:41.105+0000][7][gc,heap     ] GC(1) Eden regions: 23->0(28)
[2025-03-04T03:57:41.105+0000][7][gc,heap     ] GC(1) Survivor regions: 2->3(4)
[2025-03-04T03:57:41.106+0000][7][gc,heap     ] GC(1) Old regions: 1->1
[2025-03-04T03:57:41.106+0000][7][gc,heap     ] GC(1) Humongous regions: 0->0
[2025-03-04T03:57:41.106+0000][7][gc,metaspace] GC(1) Metaspace: 18091K(18496K)->18091K(18496K) NonClass: 15981K(16192K)->15981K(16192K) Class: 2110K(2304K)->2110K(2304K)
[2025-03-04T03:57:41.108+0000][7][gc          ] GC(1) Pause Young (Normal) (G1 Evacuation Pause) 100M->11M(2048M) 19.058ms
[2025-03-04T03:57:41.108+0000][7][gc,cpu      ] GC(1) User=0.04s Sys=0.01s Real=0.02s
[2025-03-04T03:57:41.109+0000][7][safepoint   ] Safepoint "G1CollectForAllocation", Time since last: 795128712 ns, Reaching safepoint: 6477 ns, Cleanup: 113287 ns, At safepoint: 20473667 ns, Total: 20593431 ns
[2025-03-04T03:57:41.661+0000][7][gc,start    ] GC(2) Pause Young (Normal) (G1 Evacuation Pause)
[2025-03-04T03:57:41.662+0000][7][gc,task     ] GC(2) Using 13 workers of 13 for evacuation
[2025-03-04T03:57:41.662+0000][7][gc,age      ] GC(2) Desired survivor size 8388608 bytes, new threshold 2 (max threshold 15)
[2025-03-04T03:57:41.674+0000][7][gc,phases   ] GC(2)   Pre Evacuate Collection Set: 1.02ms
[2025-03-04T03:57:41.674+0000][7][gc,phases   ] GC(2)   Merge Heap Roots: 0.34ms
[2025-03-04T03:57:41.674+0000][7][gc,phases   ] GC(2)   Evacuate Collection Set: 7.87ms
[2025-03-04T03:57:41.674+0000][7][gc,phases   ] GC(2)   Post Evacuate Collection Set: 1.84ms
[2025-03-04T03:57:41.674+0000][7][gc,phases   ] GC(2)   Other: 0.91ms
[2025-03-04T03:57:41.675+0000][7][gc,age      ] GC(2) Age table with threshold 2 (max threshold 15)
[2025-03-04T03:57:41.675+0000][7][gc,age      ] GC(2) - age   1:    1680112 bytes,    1680112 total
[2025-03-04T03:57:41.675+0000][7][gc,age      ] GC(2) - age   2:    1929336 bytes,    3609448 total
[2025-03-04T03:57:41.675+0000][7][gc,heap     ] GC(2) Eden regions: 28->0(305)
[2025-03-04T03:57:41.675+0000][7][gc,heap     ] GC(2) Survivor regions: 3->2(4)
[2025-03-04T03:57:41.675+0000][7][gc,heap     ] GC(2) Old regions: 1->4
[2025-03-04T03:57:41.676+0000][7][gc,heap     ] GC(2) Humongous regions: 0->0
[2025-03-04T03:57:41.676+0000][7][gc,metaspace] GC(2) Metaspace: 18699K(19136K)->18699K(19136K) NonClass: 16479K(16704K)->16479K(16704K) Class: 2219K(2432K)->2219K(2432K)
[2025-03-04T03:57:41.677+0000][7][gc          ] GC(2) Pause Young (Normal) (G1 Evacuation Pause) 123M->13M(2048M) 15.445ms
[2025-03-04T03:57:41.677+0000][7][gc,cpu      ] GC(2) User=0.05s Sys=0.00s Real=0.02s
[2025-03-04T03:57:41.677+0000][7][safepoint   ] Safepoint "G1CollectForAllocation", Time since last: 551220964 ns, Reaching safepoint: 768720 ns, Cleanup: 54629 ns, At safepoint: 16245499 ns, Total: 17068848 ns
[2025-03-04T03:57:42.679+0000][7][safepoint   ] Safepoint "Cleanup", Time since last: 1000774208 ns, Reaching safepoint: 1122478 ns, Cleanup: 67227 ns, At safepoint: 55339 ns, Total: 1245044 ns
[2025-03-04T03:57:43.681+0000][7][safepoint   ] Safepoint "Cleanup", Time since last: 1001839310 ns, Reaching safepoint: 6850 ns, Cleanup: 53657 ns, At safepoint: 46052 ns, Total: 106559 ns
[2025-03-04T03:57:43.964+0000][7][gc,start    ] GC(3) Pause Young (Concurrent Start) (Metadata GC Threshold)
[2025-03-04T03:57:43.964+0000][7][gc,task     ] GC(3) Using 13 workers of 13 for evacuation
[2025-03-04T03:57:43.964+0000][7][gc,age      ] GC(3) Desired survivor size 81788928 bytes, new threshold 15 (max threshold 15)
[2025-03-04T03:57:43.980+0000][7][gc,phases   ] GC(3)   Pre Evacuate Collection Set: 0.65ms
[2025-03-04T03:57:43.980+0000][7][gc,phases   ] GC(3)   Merge Heap Roots: 0.83ms
[2025-03-04T03:57:43.980+0000][7][gc,phases   ] GC(3)   Evacuate Collection Set: 10.20ms
[2025-03-04T03:57:43.980+0000][7][gc,phases   ] GC(3)   Post Evacuate Collection Set: 3.04ms
[2025-03-04T03:57:43.981+0000][7][gc,phases   ] GC(3)   Other: 0.87ms
[2025-03-04T03:57:43.981+0000][7][gc,age      ] GC(3) Age table with threshold 15 (max threshold 15)
[2025-03-04T03:57:43.981+0000][7][gc,age      ] GC(3) - age   1:    6273384 bytes,    6273384 total
[2025-03-04T03:57:43.981+0000][7][gc,age      ] GC(3) - age   2:    1672656 bytes,    7946040 total
[2025-03-04T03:57:43.982+0000][7][gc,age      ] GC(3) - age   3:    1925168 bytes,    9871208 total
[2025-03-04T03:57:43.982+0000][7][gc,heap     ] GC(3) Eden regions: 216->0(304)
[2025-03-04T03:57:43.982+0000][7][gc,heap     ] GC(3) Survivor regions: 2->3(39)
[2025-03-04T03:57:43.982+0000][7][gc,heap     ] GC(3) Old regions: 4->4
[2025-03-04T03:57:43.982+0000][7][gc,heap     ] GC(3) Humongous regions: 0->0
[2025-03-04T03:57:43.983+0000][7][gc,metaspace] GC(3) Metaspace: 21024K(21504K)->21024K(21504K) NonClass: 18468K(18752K)->18468K(18752K) Class: 2556K(2752K)->2556K(2752K)
[2025-03-04T03:57:43.983+0000][7][gc          ] GC(3) Pause Young (Concurrent Start) (Metadata GC Threshold) 875M->19M(2048M) 19.171ms
[2025-03-04T03:57:43.983+0000][7][gc,cpu      ] GC(3) User=0.04s Sys=0.02s Real=0.02s
[2025-03-04T03:57:43.983+0000][7][gc          ] GC(4) Concurrent Mark Cycle
[2025-03-04T03:57:43.984+0000][7][gc,marking  ] GC(4) Concurrent Scan Root Regions
[2025-03-04T03:57:43.984+0000][7][safepoint   ] Safepoint "CollectForMetadataAllocation", Time since last: 282445686 ns, Reaching safepoint: 3706 ns, Cleanup: 25688 ns, At safepoint: 19922854 ns, Total: 19952248 ns
[2025-03-04T03:57:43.987+0000][7][gc,marking  ] GC(4) Concurrent Scan Root Regions 2.870ms
[2025-03-04T03:57:43.987+0000][7][gc,marking  ] GC(4) Concurrent Mark
[2025-03-04T03:57:43.987+0000][7][gc,marking  ] GC(4) Concurrent Mark From Roots
[2025-03-04T03:57:43.987+0000][7][gc,task     ] GC(4) Using 3 workers of 3 for marking
[2025-03-04T03:57:43.996+0000][7][gc,marking  ] GC(4) Concurrent Mark From Roots 9.096ms
[2025-03-04T03:57:43.997+0000][7][gc,marking  ] GC(4) Concurrent Preclean
[2025-03-04T03:57:43.997+0000][7][gc,marking  ] GC(4) Concurrent Preclean 0.345ms
[2025-03-04T03:57:43.998+0000][7][gc,start    ] GC(4) Pause Remark
[2025-03-04T03:57:44.006+0000][7][gc          ] GC(4) Pause Remark 23M->23M(2048M) 7.887ms
[2025-03-04T03:57:44.006+0000][7][gc,cpu      ] GC(4) User=0.02s Sys=0.01s Real=0.01s
[2025-03-04T03:57:44.007+0000][7][safepoint   ] Safepoint "G1PauseRemark", Time since last: 13650813 ns, Reaching safepoint: 662916 ns, Cleanup: 13133 ns, At safepoint: 8646056 ns, Total: 9322105 ns
[2025-03-04T03:57:44.007+0000][7][gc,marking  ] GC(4) Concurrent Mark 19.863ms
[2025-03-04T03:57:44.007+0000][7][gc,marking  ] GC(4) Concurrent Rebuild Remembered Sets and Scrub Regions
[2025-03-04T03:57:44.013+0000][7][gc,marking  ] GC(4) Concurrent Rebuild Remembered Sets and Scrub Regions 5.446ms
[2025-03-04T03:57:44.014+0000][7][gc,start    ] GC(4) Pause Cleanup
[2025-03-04T03:57:44.015+0000][7][gc          ] GC(4) Pause Cleanup 23M->23M(2048M) 0.945ms
[2025-03-04T03:57:44.015+0000][7][gc,cpu      ] GC(4) User=0.00s Sys=0.00s Real=0.00s
[2025-03-04T03:57:44.016+0000][7][safepoint   ] Safepoint "G1PauseCleanup", Time since last: 6599831 ns, Reaching safepoint: 659502 ns, Cleanup: 4098 ns, At safepoint: 1817872 ns, Total: 2481472 ns
[2025-03-04T03:57:44.016+0000][7][gc,marking  ] GC(4) Concurrent Clear Claimed Marks
[2025-03-04T03:57:44.016+0000][7][gc,marking  ] GC(4) Concurrent Clear Claimed Marks 0.341ms
[2025-03-04T03:57:44.017+0000][7][gc,marking  ] GC(4) Concurrent Cleanup for Next Mark
[2025-03-04T03:57:44.022+0000][7][gc,marking  ] GC(4) Concurrent Cleanup for Next Mark 5.548ms
[2025-03-04T03:57:44.023+0000][7][gc          ] GC(4) Concurrent Mark Cycle 39.328ms
[2025-03-04T03:57:45.230+0000][7][safepoint   ] Safepoint "Cleanup", Time since last: 1214424556 ns, Reaching safepoint: 1767 ns, Cleanup: 66102 ns, At safepoint: 2942 ns, Total: 70811 ns
[2025-03-04T03:57:46.183+0000][7][safepoint   ] Safepoint "ICBufferFull", Time since last: 952909560 ns, Reaching safepoint: 5588 ns, Cleanup: 94480 ns, At safepoint: 7616 ns, Total: 107684 ns
[2025-03-04T03:57:47.185+0000][7][safepoint   ] Safepoint "Cleanup", Time since last: 1000956834 ns, Reaching safepoint: 854396 ns, Cleanup: 55982 ns, At safepoint: 82146 ns, Total: 992524 ns
[2025-03-04T03:57:48.186+0000][7][safepoint   ] Safepoint "Cleanup", Time since last: 1000729025 ns, Reaching safepoint: 5524 ns, Cleanup: 51965 ns, At safepoint: 8222 ns, Total: 65711 ns
[2025-03-04T03:57:48.431+0000][7][gc,start    ] GC(5) Pause Young (Prepare Mixed) (Metadata GC Threshold)
[2025-03-04T03:57:48.431+0000][7][gc,task     ] GC(5) Using 13 workers of 13 for evacuation
[2025-03-04T03:57:48.432+0000][7][gc,age      ] GC(5) Desired survivor size 81788928 bytes, new threshold 15 (max threshold 15)
[2025-03-04T03:57:48.458+0000][7][gc,phases   ] GC(5)   Pre Evacuate Collection Set: 0.56ms
[2025-03-04T03:57:48.458+0000][7][gc,phases   ] GC(5)   Merge Heap Roots: 0.33ms
[2025-03-04T03:57:48.458+0000][7][gc,phases   ] GC(5)   Evacuate Collection Set: 21.79ms
[2025-03-04T03:57:48.459+0000][7][gc,phases   ] GC(5)   Post Evacuate Collection Set: 3.31ms
[2025-03-04T03:57:48.459+0000][7][gc,phases   ] GC(5)   Other: 0.46ms
[2025-03-04T03:57:48.459+0000][7][gc,age      ] GC(5) Age table with threshold 15 (max threshold 15)
[2025-03-04T03:57:48.459+0000][7][gc,age      ] GC(5) - age   1:   28779136 bytes,   28779136 total
[2025-03-04T03:57:48.459+0000][7][gc,age      ] GC(5) - age   2:    6207680 bytes,   34986816 total
[2025-03-04T03:57:48.460+0000][7][gc,age      ] GC(5) - age   3:    1660424 bytes,   36647240 total
[2025-03-04T03:57:48.460+0000][7][gc,age      ] GC(5) - age   4:    1849528 bytes,   38496768 total
[2025-03-04T03:57:48.460+0000][7][gc,heap     ] GC(5) Eden regions: 199->0(297)
[2025-03-04T03:57:48.460+0000][7][gc,heap     ] GC(5) Survivor regions: 3->10(39)
[2025-03-04T03:57:48.461+0000][7][gc,heap     ] GC(5) Old regions: 4->4
[2025-03-04T03:57:48.461+0000][7][gc,heap     ] GC(5) Humongous regions: 0->0
[2025-03-04T03:57:48.461+0000][7][gc,metaspace] GC(5) Metaspace: 35179K(36096K)->35179K(36096K) NonClass: 30541K(31104K)->30541K(31104K) Class: 4637K(4992K)->4637K(4992K)
[2025-03-04T03:57:48.461+0000][7][gc          ] GC(5) Pause Young (Prepare Mixed) (Metadata GC Threshold) 815M->48M(2048M) 30.267ms
[2025-03-04T03:57:48.462+0000][7][gc,cpu      ] GC(5) User=0.15s Sys=0.00s Real=0.03s
[2025-03-04T03:57:48.462+0000][7][safepoint   ] Safepoint "CollectForMetadataAllocation", Time since last: 244647374 ns, Reaching safepoint: 415747 ns, Cleanup: 23202 ns, At safepoint: 30920617 ns, Total: 31359566 ns
[2025-03-04T03:57:48.498+0000][7][gc,start    ] GC(6) Pause Young (Mixed) (Metadata GC Threshold)
[2025-03-04T03:57:48.499+0000][7][gc,task     ] GC(6) Using 13 workers of 13 for evacuation
[2025-03-04T03:57:48.499+0000][7][gc,age      ] GC(6) Desired survivor size 81788928 bytes, new threshold 15 (max threshold 15)
[2025-03-04T03:57:48.538+0000][7][gc,phases   ] GC(6)   Pre Evacuate Collection Set: 0.65ms
[2025-03-04T03:57:48.539+0000][7][gc,phases   ] GC(6)   Merge Heap Roots: 0.43ms
[2025-03-04T03:57:48.539+0000][7][gc,phases   ] GC(6)   Evacuate Collection Set: 31.67ms
[2025-03-04T03:57:48.540+0000][7][gc,phases   ] GC(6)   Post Evacuate Collection Set: 6.40ms
[2025-03-04T03:57:48.541+0000][7][gc,phases   ] GC(6)   Other: 0.70ms
[2025-03-04T03:57:48.541+0000][7][gc,age      ] GC(6) Age table with threshold 15 (max threshold 15)
[2025-03-04T03:57:48.542+0000][7][gc,age      ] GC(6) - age   1:     125416 bytes,     125416 total
[2025-03-04T03:57:48.542+0000][7][gc,age      ] GC(6) - age   2:   28615384 bytes,   28740800 total
[2025-03-04T03:57:48.542+0000][7][gc,age      ] GC(6) - age   3:    6207648 bytes,   34948448 total
[2025-03-04T03:57:48.543+0000][7][gc,age      ] GC(6) - age   4:    1660424 bytes,   36608872 total
[2025-03-04T03:57:48.543+0000][7][gc,age      ] GC(6) - age   5:    1849528 bytes,   38458400 total
[2025-03-04T03:57:48.543+0000][7][gc,heap     ] GC(6) Eden regions: 1->0(52)
[2025-03-04T03:57:48.543+0000][7][gc,heap     ] GC(6) Survivor regions: 10->10(39)
[2025-03-04T03:57:48.543+0000][7][gc,heap     ] GC(6) Old regions: 4->3
[2025-03-04T03:57:48.544+0000][7][gc,heap     ] GC(6) Humongous regions: 0->0
[2025-03-04T03:57:48.544+0000][7][gc,metaspace] GC(6) Metaspace: 35464K(36416K)->35464K(36416K) NonClass: 30797K(31360K)->30797K(31360K) Class: 4667K(5056K)->4667K(5056K)
[2025-03-04T03:57:48.544+0000][7][gc          ] GC(6) Pause Young (Mixed) (Metadata GC Threshold) 52M->49M(2048M) 45.773ms
[2025-03-04T03:57:48.545+0000][7][gc,cpu      ] GC(6) User=0.19s Sys=0.01s Real=0.05s
[2025-03-04T03:57:48.546+0000][7][safepoint   ] Safepoint "CollectForMetadataAllocation", Time since last: 36253704 ns, Reaching safepoint: 6506 ns, Cleanup: 15924 ns, At safepoint: 47660659 ns, Total: 47683089 ns
[2025-03-04T03:57:48.582+0000][7][gc,start    ] GC(7) Pause Young (Concurrent Start) (Metadata GC Threshold)
[2025-03-04T03:57:48.582+0000][7][gc,task     ] GC(7) Using 13 workers of 13 for evacuation
[2025-03-04T03:57:48.583+0000][7][gc,age      ] GC(7) Desired survivor size 16777216 bytes, new threshold 2 (max threshold 15)
[2025-03-04T03:57:48.614+0000][7][gc,phases   ] GC(7)   Pre Evacuate Collection Set: 5.67ms
[2025-03-04T03:57:48.614+0000][7][gc,phases   ] GC(7)   Merge Heap Roots: 0.34ms
[2025-03-04T03:57:48.614+0000][7][gc,phases   ] GC(7)   Evacuate Collection Set: 22.41ms
[2025-03-04T03:57:48.615+0000][7][gc,phases   ] GC(7)   Post Evacuate Collection Set: 1.55ms
[2025-03-04T03:57:48.615+0000][7][gc,phases   ] GC(7)   Other: 1.58ms
[2025-03-04T03:57:48.615+0000][7][gc,age      ] GC(7) Age table with threshold 2 (max threshold 15)
[2025-03-04T03:57:48.616+0000][7][gc,age      ] GC(7) - age   1:      65920 bytes,      65920 total
[2025-03-04T03:57:48.616+0000][7][gc,age      ] GC(7) - age   2:      38504 bytes,     104424 total
[2025-03-04T03:57:48.616+0000][7][gc,heap     ] GC(7) Eden regions: 2->0(305)
[2025-03-04T03:57:48.616+0000][7][gc,heap     ] GC(7) Survivor regions: 10->2(8)
[2025-03-04T03:57:48.616+0000][7][gc,heap     ] GC(7) Old regions: 3->12
[2025-03-04T03:57:48.617+0000][7][gc,heap     ] GC(7) Humongous regions: 0->0
[2025-03-04T03:57:48.617+0000][7][gc,metaspace] GC(7) Metaspace: 35805K(36736K)->35805K(36736K) NonClass: 31112K(31680K)->31112K(31680K) Class: 4692K(5056K)->4692K(5056K)
[2025-03-04T03:57:48.617+0000][7][gc          ] GC(7) Pause Young (Concurrent Start) (Metadata GC Threshold) 55M->52M(2048M) 35.033ms
[2025-03-04T03:57:48.617+0000][7][gc,cpu      ] GC(7) User=0.12s Sys=0.00s Real=0.03s
[2025-03-04T03:57:48.617+0000][7][gc          ] GC(8) Concurrent Mark Cycle
[2025-03-04T03:57:48.618+0000][7][gc,marking  ] GC(8) Concurrent Scan Root Regions
[2025-03-04T03:57:48.618+0000][7][safepoint   ] Safepoint "CollectForMetadataAllocation", Time since last: 36064192 ns, Reaching safepoint: 29535 ns, Cleanup: 10966 ns, At safepoint: 35660622 ns, Total: 35701123 ns
[2025-03-04T03:57:48.641+0000][7][gc,marking  ] GC(8) Concurrent Scan Root Regions 23.244ms
[2025-03-04T03:57:48.648+0000][7][gc,marking  ] GC(8) Concurrent Mark
[2025-03-04T03:57:48.650+0000][7][gc,marking  ] GC(8) Concurrent Mark From Roots
[2025-03-04T03:57:48.655+0000][7][gc,task     ] GC(8) Using 3 workers of 3 for marking
[2025-03-04T03:57:48.668+0000][7][gc,marking  ] GC(8) Concurrent Mark From Roots 18.191ms
[2025-03-04T03:57:48.669+0000][7][gc,marking  ] GC(8) Concurrent Preclean
[2025-03-04T03:57:48.669+0000][7][gc,marking  ] GC(8) Concurrent Preclean 0.386ms
[2025-03-04T03:57:48.670+0000][7][gc,start    ] GC(8) Pause Remark
[2025-03-04T03:57:48.684+0000][7][gc          ] GC(8) Pause Remark 54M->54M(2048M) 13.951ms
[2025-03-04T03:57:48.684+0000][7][gc,cpu      ] GC(8) User=0.02s Sys=0.00s Real=0.02s
[2025-03-04T03:57:48.685+0000][7][safepoint   ] Safepoint "G1PauseRemark", Time since last: 51846453 ns, Reaching safepoint: 580285 ns, Cleanup: 12906 ns, At safepoint: 14573504 ns, Total: 15166695 ns
[2025-03-04T03:57:48.685+0000][7][gc,marking  ] GC(8) Concurrent Mark 36.699ms
[2025-03-04T03:57:48.685+0000][7][gc,marking  ] GC(8) Concurrent Rebuild Remembered Sets and Scrub Regions
[2025-03-04T03:57:48.709+0000][7][gc,marking  ] GC(8) Concurrent Rebuild Remembered Sets and Scrub Regions 23.813ms
[2025-03-04T03:57:48.710+0000][7][gc,start    ] GC(8) Pause Cleanup
[2025-03-04T03:57:48.711+0000][7][gc          ] GC(8) Pause Cleanup 54M->54M(2048M) 0.593ms
[2025-03-04T03:57:48.711+0000][7][gc,cpu      ] GC(8) User=0.00s Sys=0.00s Real=0.00s
[2025-03-04T03:57:48.711+0000][7][safepoint   ] Safepoint "G1PauseCleanup", Time since last: 24681857 ns, Reaching safepoint: 663679 ns, Cleanup: 14206 ns, At safepoint: 1150654 ns, Total: 1828539 ns
[2025-03-04T03:57:48.711+0000][7][gc,marking  ] GC(8) Concurrent Clear Claimed Marks
[2025-03-04T03:57:48.712+0000][7][gc,marking  ] GC(8) Concurrent Clear Claimed Marks 0.269ms
[2025-03-04T03:57:48.713+0000][7][gc,marking  ] GC(8) Concurrent Cleanup for Next Mark
[2025-03-04T03:57:48.716+0000][7][gc,marking  ] GC(8) Concurrent Cleanup for Next Mark 2.473ms
[2025-03-04T03:57:48.716+0000][7][gc          ] GC(8) Concurrent Mark Cycle 98.711ms
[2025-03-04T03:57:50.461+0000][7][safepoint   ] Safepoint "Cleanup", Time since last: 1749499339 ns, Reaching safepoint: 2235 ns, Cleanup: 70788 ns, At safepoint: 25356 ns, Total: 98379 ns
[2025-03-04T03:57:51.486+0000][7][safepoint   ] Safepoint "Cleanup", Time since last: 1024199992 ns, Reaching safepoint: 914507 ns, Cleanup: 131759 ns, At safepoint: 51826 ns, Total: 1098092 ns
[2025-03-04T03:57:52.807+0000][7][safepoint   ] Safepoint "Cleanup", Time since last: 1321093662 ns, Reaching safepoint: 5881 ns, Cleanup: 130825 ns, At safepoint: 97717 ns, Total: 234423 ns
[2025-03-04T03:57:52.808+0000][7][safepoint   ] Safepoint "ICBufferFull", Time since last: 881088 ns, Reaching safepoint: 6568 ns, Cleanup: 3869 ns, At safepoint: 6381 ns, Total: 16818 ns
[2025-03-04T03:57:53.816+0000][7][safepoint   ] Safepoint "Cleanup", Time since last: 1007181906 ns, Reaching safepoint: 578747 ns, Cleanup: 61656 ns, At safepoint: 41383 ns, Total: 681786 ns
[2025-03-04T03:57:54.662+0000][7][gc,start    ] GC(9) Pause Young (Prepare Mixed) (Metadata GC Threshold)
[2025-03-04T03:57:54.663+0000][7][gc,task     ] GC(9) Using 13 workers of 13 for evacuation
[2025-03-04T03:57:54.663+0000][7][gc,age      ] GC(9) Desired survivor size 81788928 bytes, new threshold 15 (max threshold 15)
[2025-03-04T03:57:54.683+0000][7][gc,phases   ] GC(9)   Pre Evacuate Collection Set: 0.91ms
[2025-03-04T03:57:54.684+0000][7][gc,phases   ] GC(9)   Merge Heap Roots: 0.83ms
[2025-03-04T03:57:54.684+0000][7][gc,phases   ] GC(9)   Evacuate Collection Set: 12.09ms
[2025-03-04T03:57:54.684+0000][7][gc,phases   ] GC(9)   Post Evacuate Collection Set: 6.15ms
[2025-03-04T03:57:54.684+0000][7][gc,phases   ] GC(9)   Other: 0.70ms
[2025-03-04T03:57:54.685+0000][7][gc,age      ] GC(9) Age table with threshold 15 (max threshold 15)
[2025-03-04T03:57:54.685+0000][7][gc,age      ] GC(9) - age   1:   12501624 bytes,   12501624 total
[2025-03-04T03:57:54.685+0000][7][gc,age      ] GC(9) - age   2:      32368 bytes,   12533992 total
[2025-03-04T03:57:54.685+0000][7][gc,age      ] GC(9) - age   3:      37608 bytes,   12571600 total
[2025-03-04T03:57:54.686+0000][7][gc,heap     ] GC(9) Eden regions: 117->0(303)
[2025-03-04T03:57:54.686+0000][7][gc,heap     ] GC(9) Survivor regions: 2->4(39)
[2025-03-04T03:57:54.686+0000][7][gc,heap     ] GC(9) Old regions: 12->12
[2025-03-04T03:57:54.686+0000][7][gc,heap     ] GC(9) Humongous regions: 0->0
[2025-03-04T03:57:54.687+0000][7][gc,metaspace] GC(9) Metaspace: 60545K(61760K)->60545K(61760K) NonClass: 52269K(52992K)->52269K(52992K) Class: 8276K(8768K)->8276K(8768K)
[2025-03-04T03:57:54.687+0000][7][gc          ] GC(9) Pause Young (Prepare Mixed) (Metadata GC Threshold) 520M->60M(2048M) 24.351ms
[2025-03-04T03:57:54.687+0000][7][gc,cpu      ] GC(9) User=0.09s Sys=0.01s Real=0.02s
[2025-03-04T03:57:54.688+0000][7][safepoint   ] Safepoint "CollectForMetadataAllocation", Time since last: 846024916 ns, Reaching safepoint: 5355 ns, Cleanup: 137584 ns, At safepoint: 25194367 ns, Total: 25337306 ns
[2025-03-04T03:57:54.736+0000][7][gc,start    ] GC(10) Pause Young (Mixed) (Metadata GC Threshold)
[2025-03-04T03:57:54.736+0000][7][gc,task     ] GC(10) Using 13 workers of 13 for evacuation
[2025-03-04T03:57:54.737+0000][7][gc,age      ] GC(10) Desired survivor size 81788928 bytes, new threshold 15 (max threshold 15)
[2025-03-04T03:57:54.760+0000][7][gc,phases   ] GC(10)   Pre Evacuate Collection Set: 0.49ms
[2025-03-04T03:57:54.760+0000][7][gc,phases   ] GC(10)   Merge Heap Roots: 0.67ms
[2025-03-04T03:57:54.760+0000][7][gc,phases   ] GC(10)   Evacuate Collection Set: 18.28ms
[2025-03-04T03:57:54.760+0000][7][gc,phases   ] GC(10)   Post Evacuate Collection Set: 3.38ms
[2025-03-04T03:57:54.761+0000][7][gc,phases   ] GC(10)   Other: 0.41ms
[2025-03-04T03:57:54.761+0000][7][gc,age      ] GC(10) Age table with threshold 15 (max threshold 15)
[2025-03-04T03:57:54.761+0000][7][gc,age      ] GC(10) - age   1:      71296 bytes,      71296 total
[2025-03-04T03:57:54.761+0000][7][gc,age      ] GC(10) - age   2:   12201632 bytes,   12272928 total
[2025-03-04T03:57:54.761+0000][7][gc,age      ] GC(10) - age   3:      32336 bytes,   12305264 total
[2025-03-04T03:57:54.762+0000][7][gc,age      ] GC(10) - age   4:      37608 bytes,   12342872 total
[2025-03-04T03:57:54.762+0000][7][gc,heap     ] GC(10) Eden regions: 2->0(303)
[2025-03-04T03:57:54.762+0000][7][gc,heap     ] GC(10) Survivor regions: 4->4(39)
[2025-03-04T03:57:54.762+0000][7][gc,heap     ] GC(10) Old regions: 12->12
[2025-03-04T03:57:54.762+0000][7][gc,heap     ] GC(10) Humongous regions: 0->0
[2025-03-04T03:57:54.762+0000][7][gc,metaspace] GC(10) Metaspace: 60839K(62080K)->60839K(62080K) NonClass: 52517K(53248K)->52517K(53248K) Class: 8322K(8832K)->8322K(8832K)
[2025-03-04T03:57:54.763+0000][7][gc          ] GC(10) Pause Young (Mixed) (Metadata GC Threshold) 66M->60M(2048M) 26.409ms
[2025-03-04T03:57:54.763+0000][7][gc,cpu      ] GC(10) User=0.10s Sys=0.00s Real=0.03s
[2025-03-04T03:57:54.763+0000][7][safepoint   ] Safepoint "CollectForMetadataAllocation", Time since last: 48546987 ns, Reaching safepoint: 5708 ns, Cleanup: 13266 ns, At safepoint: 26971014 ns, Total: 26989988 ns
[2025-03-04T03:57:54.793+0000][7][gc,start    ] GC(11) Pause Young (Concurrent Start) (Metadata GC Threshold)
[2025-03-04T03:57:54.794+0000][7][gc,task     ] GC(11) Using 13 workers of 13 for evacuation
[2025-03-04T03:57:54.794+0000][7][gc,age      ] GC(11) Desired survivor size 81788928 bytes, new threshold 15 (max threshold 15)
[2025-03-04T03:57:54.811+0000][7][gc,phases   ] GC(11)   Pre Evacuate Collection Set: 0.55ms
[2025-03-04T03:57:54.811+0000][7][gc,phases   ] GC(11)   Merge Heap Roots: 0.70ms
[2025-03-04T03:57:54.811+0000][7][gc,phases   ] GC(11)   Evacuate Collection Set: 11.18ms
[2025-03-04T03:57:54.812+0000][7][gc,phases   ] GC(11)   Post Evacuate Collection Set: 4.18ms
[2025-03-04T03:57:54.812+0000][7][gc,phases   ] GC(11)   Other: 0.70ms
[2025-03-04T03:57:54.812+0000][7][gc,age      ] GC(11) Age table with threshold 15 (max threshold 15)
[2025-03-04T03:57:54.812+0000][7][gc,age      ] GC(11) - age   1:      71032 bytes,      71032 total
[2025-03-04T03:57:54.812+0000][7][gc,age      ] GC(11) - age   2:      64600 bytes,     135632 total
[2025-03-04T03:57:54.813+0000][7][gc,age      ] GC(11) - age   3:   12199816 bytes,   12335448 total
[2025-03-04T03:57:54.813+0000][7][gc,age      ] GC(11) - age   4:      32304 bytes,   12367752 total
[2025-03-04T03:57:54.813+0000][7][gc,age      ] GC(11) - age   5:      37608 bytes,   12405360 total
[2025-03-04T03:57:54.813+0000][7][gc,heap     ] GC(11) Eden regions: 2->0(303)
[2025-03-04T03:57:54.814+0000][7][gc,heap     ] GC(11) Survivor regions: 4->4(39)
[2025-03-04T03:57:54.814+0000][7][gc,heap     ] GC(11) Old regions: 12->12
[2025-03-04T03:57:54.814+0000][7][gc,heap     ] GC(11) Humongous regions: 0->0
[2025-03-04T03:57:54.814+0000][7][gc,metaspace] GC(11) Metaspace: 61083K(62400K)->61083K(62400K) NonClass: 52727K(53504K)->52727K(53504K) Class: 8356K(8896K)->8356K(8896K)
[2025-03-04T03:57:54.815+0000][7][gc          ] GC(11) Pause Young (Concurrent Start) (Metadata GC Threshold) 66M->60M(2048M) 21.340ms
[2025-03-04T03:57:54.815+0000][7][gc,cpu      ] GC(11) User=0.05s Sys=0.02s Real=0.02s
[2025-03-04T03:57:54.815+0000][7][gc          ] GC(12) Concurrent Mark Cycle
[2025-03-04T03:57:54.815+0000][7][gc,marking  ] GC(12) Concurrent Scan Root Regions
[2025-03-04T03:57:54.815+0000][7][safepoint   ] Safepoint "CollectForMetadataAllocation", Time since last: 30096644 ns, Reaching safepoint: 6748 ns, Cleanup: 10803 ns, At safepoint: 22153003 ns, Total: 22170554 ns
[2025-03-04T03:57:54.825+0000][7][gc,marking  ] GC(12) Concurrent Scan Root Regions 9.269ms
[2025-03-04T03:57:54.825+0000][7][gc,marking  ] GC(12) Concurrent Mark
[2025-03-04T03:57:54.825+0000][7][gc,marking  ] GC(12) Concurrent Mark From Roots
[2025-03-04T03:57:54.825+0000][7][gc,task     ] GC(12) Using 3 workers of 3 for marking
[2025-03-04T03:57:54.866+0000][7][gc,marking  ] GC(12) Concurrent Mark From Roots 40.851ms
[2025-03-04T03:57:54.866+0000][7][gc,marking  ] GC(12) Concurrent Preclean
[2025-03-04T03:57:54.867+0000][7][gc,marking  ] GC(12) Concurrent Preclean 0.302ms
[2025-03-04T03:57:54.868+0000][7][gc,start    ] GC(12) Pause Remark
[2025-03-04T03:57:54.875+0000][7][gc          ] GC(12) Pause Remark 68M->68M(2048M) 6.725ms
[2025-03-04T03:57:54.875+0000][7][gc,cpu      ] GC(12) User=0.01s Sys=0.01s Real=0.01s
[2025-03-04T03:57:54.875+0000][7][safepoint   ] Safepoint "G1PauseRemark", Time since last: 51640725 ns, Reaching safepoint: 1054717 ns, Cleanup: 4545 ns, At safepoint: 7210757 ns, Total: 8270019 ns
[2025-03-04T03:57:54.876+0000][7][gc,marking  ] GC(12) Concurrent Mark 50.583ms
[2025-03-04T03:57:54.876+0000][7][gc,marking  ] GC(12) Concurrent Rebuild Remembered Sets and Scrub Regions
[2025-03-04T03:57:54.900+0000][7][gc,marking  ] GC(12) Concurrent Rebuild Remembered Sets and Scrub Regions 23.867ms
[2025-03-04T03:57:54.900+0000][7][gc,start    ] GC(12) Pause Cleanup
[2025-03-04T03:57:54.901+0000][7][gc          ] GC(12) Pause Cleanup 72M->72M(2048M) 0.864ms
[2025-03-04T03:57:54.902+0000][7][gc,cpu      ] GC(12) User=0.00s Sys=0.00s Real=0.00s
[2025-03-04T03:57:54.902+0000][7][safepoint   ] Safepoint "G1PauseCleanup", Time since last: 24868268 ns, Reaching safepoint: 6093 ns, Cleanup: 18986 ns, At safepoint: 1745765 ns, Total: 1770844 ns
[2025-03-04T03:57:54.902+0000][7][gc,marking  ] GC(12) Concurrent Clear Claimed Marks
[2025-03-04T03:57:54.903+0000][7][gc,marking  ] GC(12) Concurrent Clear Claimed Marks 0.311ms
[2025-03-04T03:57:54.903+0000][7][gc,marking  ] GC(12) Concurrent Cleanup for Next Mark
[2025-03-04T03:57:54.905+0000][7][gc,marking  ] GC(12) Concurrent Cleanup for Next Mark 2.277ms
[2025-03-04T03:57:54.905+0000][7][gc          ] GC(12) Concurrent Mark Cycle 90.593ms
[2025-03-04T03:57:56.136+0000][7][safepoint   ] Safepoint "Cleanup", Time since last: 1233988389 ns, Reaching safepoint: 5093 ns, Cleanup: 90892 ns, At safepoint: 32239 ns, Total: 128224 ns
[2025-03-04T03:57:57.304+0000][7][safepoint   ] Safepoint "ICBufferFull", Time since last: 1168030889 ns, Reaching safepoint: 4860 ns, Cleanup: 142263 ns, At safepoint: 54304 ns, Total: 201427 ns
[2025-03-04T03:57:58.022+0000][7][safepoint   ] Safepoint "ICBufferFull", Time since last: 717209807 ns, Reaching safepoint: 414157 ns, Cleanup: 124234 ns, At safepoint: 41068 ns, Total: 579459 ns
[2025-03-04T03:57:58.204+0000][7][safepoint   ] Safepoint "ICBufferFull", Time since last: 181941375 ns, Reaching safepoint: 6284 ns, Cleanup: 129343 ns, At safepoint: 17327 ns, Total: 152954 ns
[2025-03-04T03:57:58.900+0000][7][safepoint   ] Safepoint "ICBufferFull", Time since last: 694057198 ns, Reaching safepoint: 1183032 ns, Cleanup: 188606 ns, At safepoint: 118147 ns, Total: 1489785 ns
[2025-03-04T03:58:00.272+0000][7][safepoint   ] Safepoint "Cleanup", Time since last: 1372328835 ns, Reaching safepoint: 6037 ns, Cleanup: 97018 ns, At safepoint: 33253 ns, Total: 136308 ns
[2025-03-04T03:58:01.032+0000][7][safepoint   ] Safepoint "ICBufferFull", Time since last: 759373423 ns, Reaching safepoint: 13255 ns, Cleanup: 136947 ns, At safepoint: 47888 ns, Total: 198090 ns
[2025-03-04T03:58:01.445+0000][7][safepoint   ] Safepoint "ICBufferFull", Time since last: 412862160 ns, Reaching safepoint: 542640 ns, Cleanup: 136836 ns, At safepoint: 182125 ns, Total: 861601 ns
[2025-03-04T03:58:01.448+0000][7][safepoint   ] Safepoint "ICBufferFull", Time since last: 1583428 ns, Reaching safepoint: 1062766 ns, Cleanup: 12375 ns, At safepoint: 372060 ns, Total: 1447201 ns
[2025-03-04T03:58:02.450+0000][7][safepoint   ] Safepoint "Cleanup", Time since last: 1001573539 ns, Reaching safepoint: 19804 ns, Cleanup: 79727 ns, At safepoint: 14770 ns, Total: 114301 ns
[2025-03-04T03:58:03.452+0000][7][safepoint   ] Safepoint "Cleanup", Time since last: 1001746157 ns, Reaching safepoint: 12751 ns, Cleanup: 65728 ns, At safepoint: 8654 ns, Total: 87133 ns
[2025-03-04T03:58:03.806+0000][7][safepoint   ] Safepoint "ICBufferFull", Time since last: 351753440 ns, Reaching safepoint: 1386222 ns, Cleanup: 125904 ns, At safepoint: 439398 ns, Total: 1951524 ns
[2025-03-04T03:58:04.406+0000][7][safepoint   ] Safepoint "ICBufferFull", Time since last: 599561595 ns, Reaching safepoint: 768492 ns, Cleanup: 112159 ns, At safepoint: 38758 ns, Total: 919409 ns
[2025-03-04T03:58:04.807+0000][7][safepoint   ] Safepoint "ICBufferFull", Time since last: 400229815 ns, Reaching safepoint: 15529 ns, Cleanup: 146676 ns, At safepoint: 17676 ns, Total: 179881 ns
[2025-03-04T03:58:05.807+0000][7][safepoint   ] Safepoint "Cleanup", Time since last: 1000560598 ns, Reaching safepoint: 16961 ns, Cleanup: 162608 ns, At safepoint: 88950 ns, Total: 268519 ns
[2025-03-04T03:58:06.809+0000][7][safepoint   ] Safepoint "Cleanup", Time since last: 1001472316 ns, Reaching safepoint: 15717 ns, Cleanup: 94120 ns, At safepoint: 11271 ns, Total: 121108 ns
[2025-03-04T03:58:07.810+0000][7][safepoint   ] Safepoint "Cleanup", Time since last: 1000903125 ns, Reaching safepoint: 15308 ns, Cleanup: 116159 ns, At safepoint: 109673 ns, Total: 241140 ns
[2025-03-04T03:58:08.816+0000][7][safepoint   ] Safepoint "Cleanup", Time since last: 1000939594 ns, Reaching safepoint: 13713 ns, Cleanup: 17994 ns, At safepoint: 8064 ns, Total: 39771 ns
[2025-03-04T03:58:09.818+0000][7][safepoint   ] Safepoint "Cleanup", Time since last: 1001865042 ns, Reaching safepoint: 14664 ns, Cleanup: 50084 ns, At safepoint: 8843 ns, Total: 73591 ns
[2025-03-04T03:58:10.362+0000][7][safepoint   ] Safepoint "ICBufferFull", Time since last: 543443782 ns, Reaching safepoint: 15381 ns, Cleanup: 196153 ns, At safepoint: 58607 ns, Total: 270141 ns
[2025-03-04T03:58:11.726+0000][7][safepoint   ] Safepoint "Cleanup", Time since last: 1364278407 ns, Reaching safepoint: 13165 ns, Cleanup: 48610 ns, At safepoint: 8615 ns, Total: 70390 ns
[2025-03-04T03:58:12.727+0000][7][safepoint   ] Safepoint "Cleanup", Time since last: 1000930577 ns, Reaching safepoint: 15319 ns, Cleanup: 10036 ns, At safepoint: 6256 ns, Total: 31611 ns
[2025-03-04T03:58:14.424+0000][7][gc,start    ] GC(13) Pause Young (Prepare Mixed) (Metadata GC Threshold)
[2025-03-04T03:58:14.426+0000][7][gc,task     ] GC(13) Using 13 workers of 13 for evacuation
[2025-03-04T03:58:14.427+0000][7][gc,age      ] GC(13) Desired survivor size 81788928 bytes, new threshold 15 (max threshold 15)
[2025-03-04T03:58:14.483+0000][7][gc,phases   ] GC(13)   Pre Evacuate Collection Set: 0.66ms
[2025-03-04T03:58:14.483+0000][7][gc,phases   ] GC(13)   Merge Heap Roots: 0.44ms
[2025-03-04T03:58:14.484+0000][7][gc,phases   ] GC(13)   Evacuate Collection Set: 41.47ms
[2025-03-04T03:58:14.484+0000][7][gc,phases   ] GC(13)   Post Evacuate Collection Set: 12.99ms
[2025-03-04T03:58:14.484+0000][7][gc,phases   ] GC(13)   Other: 1.23ms
[2025-03-04T03:58:14.484+0000][7][gc,age      ] GC(13) Age table with threshold 15 (max threshold 15)
[2025-03-04T03:58:14.485+0000][7][gc,age      ] GC(13) - age   1:   70007128 bytes,   70007128 total
[2025-03-04T03:58:14.485+0000][7][gc,age      ] GC(13) - age   2:      60080 bytes,   70067208 total
[2025-03-04T03:58:14.485+0000][7][gc,age      ] GC(13) - age   3:      63048 bytes,   70130256 total
[2025-03-04T03:58:14.485+0000][7][gc,age      ] GC(13) - age   4:   11796560 bytes,   81926816 total
[2025-03-04T03:58:14.486+0000][7][gc,age      ] GC(13) - age   5:      31672 bytes,   81958488 total
[2025-03-04T03:58:14.486+0000][7][gc,age      ] GC(13) - age   6:      36960 bytes,   81995448 total
[2025-03-04T03:58:14.486+0000][7][gc,heap     ] GC(13) Eden regions: 156->0(273)
[2025-03-04T03:58:14.487+0000][7][gc,heap     ] GC(13) Survivor regions: 4->22(39)
[2025-03-04T03:58:14.487+0000][7][gc,heap     ] GC(13) Old regions: 12->12
[2025-03-04T03:58:14.487+0000][7][gc,heap     ] GC(13) Humongous regions: 2->2
[2025-03-04T03:58:14.487+0000][7][gc,metaspace] GC(13) Metaspace: 101847K(104576K)->101847K(104576K) NonClass: 87305K(88832K)->87305K(88832K) Class: 14541K(15744K)->14541K(15744K)
[2025-03-04T03:58:14.488+0000][7][gc          ] GC(13) Pause Young (Prepare Mixed) (Metadata GC Threshold) 690M->140M(2048M) 63.366ms
[2025-03-04T03:58:14.488+0000][7][gc,cpu      ] GC(13) User=0.28s Sys=0.04s Real=0.07s
[2025-03-04T03:58:14.490+0000][7][safepoint   ] Safepoint "CollectForMetadataAllocation", Time since last: 1694002407 ns, Reaching safepoint: 2910579 ns, Cleanup: 197067 ns, At safepoint: 65909416 ns, Total: 69017062 ns
[2025-03-04T03:58:15.491+0000][7][safepoint   ] Safepoint "Cleanup", Time since last: 1000754683 ns, Reaching safepoint: 15088 ns, Cleanup: 31279 ns, At safepoint: 8282 ns, Total: 54649 ns
[2025-03-04T03:58:16.492+0000][7][safepoint   ] Safepoint "Cleanup", Time since last: 1001054385 ns, Reaching safepoint: 12747 ns, Cleanup: 16831 ns, At safepoint: 7790 ns, Total: 37368 ns
[2025-03-04T03:58:16.763+0000][7][gc,start    ] GC(14) Pause Young (Mixed) (Metadata GC Threshold)
[2025-03-04T03:58:16.763+0000][7][gc,task     ] GC(14) Using 13 workers of 13 for evacuation
[2025-03-04T03:58:16.764+0000][7][gc,age      ] GC(14) Desired survivor size 69206016 bytes, new threshold 1 (max threshold 15)
[2025-03-04T03:58:16.789+0000][7][gc,phases   ] GC(14)   Pre Evacuate Collection Set: 0.58ms
[2025-03-04T03:58:16.789+0000][7][gc,phases   ] GC(14)   Merge Heap Roots: 0.47ms
[2025-03-04T03:58:16.789+0000][7][gc,phases   ] GC(14)   Evacuate Collection Set: 20.51ms
[2025-03-04T03:58:16.789+0000][7][gc,phases   ] GC(14)   Post Evacuate Collection Set: 3.48ms
[2025-03-04T03:58:16.790+0000][7][gc,phases   ] GC(14)   Other: 0.46ms
[2025-03-04T03:58:16.790+0000][7][gc,age      ] GC(14) Age table with threshold 1 (max threshold 15)
[2025-03-04T03:58:16.790+0000][7][gc,age      ] GC(14) - age   1:     338232 bytes,     338232 total
[2025-03-04T03:58:16.790+0000][7][gc,heap     ] GC(14) Eden regions: 10->0(304)
[2025-03-04T03:58:16.790+0000][7][gc,heap     ] GC(14) Survivor regions: 22->3(33)
[2025-03-04T03:58:16.790+0000][7][gc,heap     ] GC(14) Old regions: 12->33
[2025-03-04T03:58:16.791+0000][7][gc,heap     ] GC(14) Humongous regions: 2->2
[2025-03-04T03:58:16.791+0000][7][gc,metaspace] GC(14) Metaspace: 102149K(104896K)->102149K(104896K) NonClass: 87593K(89088K)->87593K(89088K) Class: 14555K(15808K)->14555K(15808K)
[2025-03-04T03:58:16.791+0000][7][gc          ] GC(14) Pause Young (Mixed) (Metadata GC Threshold) 177M->147M(2048M) 27.889ms
[2025-03-04T03:58:16.791+0000][7][gc,cpu      ] GC(14) User=0.25s Sys=0.01s Real=0.03s
[2025-03-04T03:58:16.792+0000][7][safepoint   ] Safepoint "CollectForMetadataAllocation", Time since last: 271097968 ns, Reaching safepoint: 9913 ns, Cleanup: 49468 ns, At safepoint: 28620493 ns, Total: 28679874 ns
[2025-03-04T03:58:16.949+0000][7][gc,start    ] GC(15) Pause Young (Concurrent Start) (Metadata GC Threshold)
[2025-03-04T03:58:16.949+0000][7][gc,task     ] GC(15) Using 13 workers of 13 for evacuation
[2025-03-04T03:58:16.949+0000][7][gc,age      ] GC(15) Desired survivor size 81788928 bytes, new threshold 15 (max threshold 15)
[2025-03-04T03:58:16.955+0000][7][gc,phases   ] GC(15)   Pre Evacuate Collection Set: 0.75ms
[2025-03-04T03:58:16.956+0000][7][gc,phases   ] GC(15)   Merge Heap Roots: 0.46ms
[2025-03-04T03:58:16.956+0000][7][gc,phases   ] GC(15)   Evacuate Collection Set: 2.31ms
[2025-03-04T03:58:16.956+0000][7][gc,phases   ] GC(15)   Post Evacuate Collection Set: 1.89ms
[2025-03-04T03:58:16.956+0000][7][gc,phases   ] GC(15)   Other: 0.77ms
[2025-03-04T03:58:16.956+0000][7][gc,age      ] GC(15) Age table with threshold 15 (max threshold 15)
[2025-03-04T03:58:16.957+0000][7][gc,age      ] GC(15) - age   1:     262800 bytes,     262800 total
[2025-03-04T03:58:16.957+0000][7][gc,age      ] GC(15) - age   2:     123216 bytes,     386016 total
[2025-03-04T03:58:16.957+0000][7][gc,heap     ] GC(15) Eden regions: 5->0(306)
[2025-03-04T03:58:16.957+0000][7][gc,heap     ] GC(15) Survivor regions: 3->1(39)
[2025-03-04T03:58:16.957+0000][7][gc,heap     ] GC(15) Old regions: 33->33
[2025-03-04T03:58:16.957+0000][7][gc,heap     ] GC(15) Humongous regions: 2->2
[2025-03-04T03:58:16.958+0000][7][gc,metaspace] GC(15) Metaspace: 102467K(105216K)->102467K(105216K) NonClass: 87859K(89408K)->87859K(89408K) Class: 14607K(15808K)->14607K(15808K)
[2025-03-04T03:58:16.958+0000][7][gc          ] GC(15) Pause Young (Concurrent Start) (Metadata GC Threshold) 166M->140M(2048M) 8.734ms
[2025-03-04T03:58:16.958+0000][7][gc,cpu      ] GC(15) User=0.01s Sys=0.01s Real=0.01s
[2025-03-04T03:58:16.958+0000][7][gc          ] GC(16) Concurrent Mark Cycle
[2025-03-04T03:58:16.958+0000][7][gc,marking  ] GC(16) Concurrent Scan Root Regions
[2025-03-04T03:58:16.958+0000][7][safepoint   ] Safepoint "CollectForMetadataAllocation", Time since last: 156909158 ns, Reaching safepoint: 225309 ns, Cleanup: 58023 ns, At safepoint: 9413809 ns, Total: 9697141 ns
[2025-03-04T03:58:16.960+0000][7][gc,marking  ] GC(16) Concurrent Scan Root Regions 1.666ms
[2025-03-04T03:58:16.960+0000][7][gc,marking  ] GC(16) Concurrent Mark
[2025-03-04T03:58:16.960+0000][7][safepoint   ] Safepoint "CollectForMetadataAllocation", Time since last: 449496 ns, Reaching safepoint: 1110021 ns, Cleanup: 3208 ns, At safepoint: 83832 ns, Total: 1197061 ns
[2025-03-04T03:58:16.960+0000][7][gc,marking  ] GC(16) Concurrent Mark From Roots
[2025-03-04T03:58:16.961+0000][7][gc,task     ] GC(16) Using 3 workers of 3 for marking
[2025-03-04T03:58:17.026+0000][7][gc,marking  ] GC(16) Concurrent Mark From Roots 65.031ms
[2025-03-04T03:58:17.026+0000][7][gc,marking  ] GC(16) Concurrent Preclean
[2025-03-04T03:58:17.026+0000][7][gc,marking  ] GC(16) Concurrent Preclean 0.426ms
[2025-03-04T03:58:17.026+0000][7][gc,start    ] GC(16) Pause Remark
[2025-03-04T03:58:17.040+0000][7][gc          ] GC(16) Pause Remark 152M->152M(2048M) 13.184ms
[2025-03-04T03:58:17.040+0000][7][gc,cpu      ] GC(16) User=0.12s Sys=0.01s Real=0.02s
[2025-03-04T03:58:17.040+0000][7][safepoint   ] Safepoint "G1PauseRemark", Time since last: 66316558 ns, Reaching safepoint: 12456 ns, Cleanup: 37084 ns, At safepoint: 13650026 ns, Total: 13699566 ns
[2025-03-04T03:58:17.040+0000][7][gc,marking  ] GC(16) Concurrent Mark 80.008ms
[2025-03-04T03:58:17.041+0000][7][gc,marking  ] GC(16) Concurrent Rebuild Remembered Sets and Scrub Regions
[2025-03-04T03:58:17.082+0000][7][gc,marking  ] GC(16) Concurrent Rebuild Remembered Sets and Scrub Regions 41.142ms
[2025-03-04T03:58:17.082+0000][7][gc,start    ] GC(16) Pause Cleanup
[2025-03-04T03:58:17.083+0000][7][gc          ] GC(16) Pause Cleanup 152M->152M(2048M) 0.676ms
[2025-03-04T03:58:17.083+0000][7][gc,cpu      ] GC(16) User=0.00s Sys=0.00s Real=0.00s
[2025-03-04T03:58:17.083+0000][7][safepoint   ] Safepoint "G1PauseCleanup", Time since last: 42244332 ns, Reaching safepoint: 9172 ns, Cleanup: 8204 ns, At safepoint: 1144662 ns, Total: 1162038 ns
[2025-03-04T03:58:17.084+0000][7][gc,marking  ] GC(16) Concurrent Clear Claimed Marks
[2025-03-04T03:58:17.084+0000][7][gc,marking  ] GC(16) Concurrent Clear Claimed Marks 0.352ms
[2025-03-04T03:58:17.084+0000][7][gc,marking  ] GC(16) Concurrent Cleanup for Next Mark
[2025-03-04T03:58:17.086+0000][7][gc,marking  ] GC(16) Concurrent Cleanup for Next Mark 1.503ms
[2025-03-04T03:58:17.086+0000][7][gc          ] GC(16) Concurrent Mark Cycle 127.938ms
[2025-03-04T03:58:18.084+0000][7][safepoint   ] Safepoint "Cleanup", Time since last: 1000485791 ns, Reaching safepoint: 18014 ns, Cleanup: 23360 ns, At safepoint: 6901 ns, Total: 48275 ns
[2025-03-04T03:58:20.118+0000][7][safepoint   ] Safepoint "Cleanup", Time since last: 2033963278 ns, Reaching safepoint: 14062 ns, Cleanup: 19935 ns, At safepoint: 7848 ns, Total: 41845 ns
[2025-03-04T03:58:21.119+0000][7][safepoint   ] Safepoint "Cleanup", Time since last: 1000972399 ns, Reaching safepoint: 18665 ns, Cleanup: 10328 ns, At safepoint: 7396 ns, Total: 36389 ns
[2025-03-04T03:58:23.121+0000][7][safepoint   ] Safepoint "Cleanup", Time since last: 2001923232 ns, Reaching safepoint: 16952 ns, Cleanup: 17530 ns, At safepoint: 11091 ns, Total: 45573 ns
[2025-03-04T03:58:26.124+0000][7][safepoint   ] Safepoint "Cleanup", Time since last: 3002994933 ns, Reaching safepoint: 13114 ns, Cleanup: 19898 ns, At safepoint: 8109 ns, Total: 41121 ns
[2025-03-04T03:58:28.126+0000][7][safepoint   ] Safepoint "Cleanup", Time since last: 2001964781 ns, Reaching safepoint: 18667 ns, Cleanup: 24402 ns, At safepoint: 13023 ns, Total: 56092 ns
[2025-03-04T03:58:29.127+0000][7][safepoint   ] Safepoint "Cleanup", Time since last: 1001025045 ns, Reaching safepoint: 13197 ns, Cleanup: 14718 ns, At safepoint: 8331 ns, Total: 36246 ns
[2025-03-04T03:58:30.128+0000][7][safepoint   ] Safepoint "Cleanup", Time since last: 1000795951 ns, Reaching safepoint: 19540 ns, Cleanup: 25016 ns, At safepoint: 7676 ns, Total: 52232 ns
[2025-03-04T03:58:31.129+0000][7][safepoint   ] Safepoint "Cleanup", Time since last: 1001053468 ns, Reaching safepoint: 17721 ns, Cleanup: 37356 ns, At safepoint: 13465 ns, Total: 68542 ns
[2025-03-04T03:58:32.130+0000][7][safepoint   ] Safepoint "Cleanup", Time since last: 1000913710 ns, Reaching safepoint: 12614 ns, Cleanup: 15554 ns, At safepoint: 6543 ns, Total: 34711 ns
[2025-03-04T03:58:33.131+0000][7][safepoint   ] Safepoint "Cleanup", Time since last: 1000877147 ns, Reaching safepoint: 14675 ns, Cleanup: 14032 ns, At safepoint: 8392 ns, Total: 37099 ns
[2025-03-04T03:58:35.125+0000][7][safepoint   ] Safepoint "Cleanup", Time since last: 1994100996 ns, Reaching safepoint: 17476 ns, Cleanup: 58508 ns, At safepoint: 13365 ns, Total: 89349 ns
[2025-03-04T03:58:36.126+0000][7][safepoint   ] Safepoint "Cleanup", Time since last: 1000975082 ns, Reaching safepoint: 15120 ns, Cleanup: 28050 ns, At safepoint: 9737 ns, Total: 52907 ns
[2025-03-04T03:58:37.127+0000][7][safepoint   ] Safepoint "Cleanup", Time since last: 1000915396 ns, Reaching safepoint: 14408 ns, Cleanup: 13917 ns, At safepoint: 6959 ns, Total: 35284 ns
[2025-03-04T03:58:38.128+0000][7][safepoint   ] Safepoint "Cleanup", Time since last: 1001065713 ns, Reaching safepoint: 18582 ns, Cleanup: 34890 ns, At safepoint: 13290 ns, Total: 66762 ns
[2025-03-04T03:58:41.128+0000][7][safepoint   ] Safepoint "Cleanup", Time since last: 3002855393 ns, Reaching safepoint: 27948 ns, Cleanup: 56167 ns, At safepoint: 12271 ns, Total: 96386 ns
[2025-03-04T03:58:42.129+0000][7][safepoint   ] Safepoint "Cleanup", Time since last: 1000934912 ns, Reaching safepoint: 14789 ns, Cleanup: 14996 ns, At safepoint: 9177 ns, Total: 38962 ns
[2025-03-04T03:58:43.131+0000][7][safepoint   ] Safepoint "Cleanup", Time since last: 1001852241 ns, Reaching safepoint: 19373 ns, Cleanup: 15871 ns, At safepoint: 12098 ns, Total: 47342 ns
[2025-03-04T03:58:44.563+0000][7][safepoint   ] Safepoint "Cleanup", Time since last: 1431871147 ns, Reaching safepoint: 13551 ns, Cleanup: 46643 ns, At safepoint: 9841 ns, Total: 70035 ns
[2025-03-04T03:58:45.564+0000][7][safepoint   ] Safepoint "Cleanup", Time since last: 1001049616 ns, Reaching safepoint: 18285 ns, Cleanup: 19697 ns, At safepoint: 11380 ns, Total: 49362 ns
[2025-03-04T03:58:46.565+0000][7][safepoint   ] Safepoint "Cleanup", Time since last: 1000776115 ns, Reaching safepoint: 16795 ns, Cleanup: 24014 ns, At safepoint: 8702 ns, Total: 49511 ns
[2025-03-04T03:58:47.566+0000][7][safepoint   ] Safepoint "Cleanup", Time since last: 1001082285 ns, Reaching safepoint: 23224 ns, Cleanup: 20487 ns, At safepoint: 11870 ns, Total: 55581 ns
[2025-03-04T03:58:48.567+0000][7][safepoint   ] Safepoint "Cleanup", Time since last: 1000964124 ns, Reaching safepoint: 21097 ns, Cleanup: 25956 ns, At safepoint: 9137 ns, Total: 56190 ns
[2025-03-04T03:58:49.569+0000][7][safepoint   ] Safepoint "Cleanup", Time since last: 1000845739 ns, Reaching safepoint: 968711 ns, Cleanup: 18242 ns, At safepoint: 46747 ns, Total: 1033700 ns
[2025-03-04T03:58:50.570+0000][7][safepoint   ] Safepoint "Cleanup", Time since last: 1000957692 ns, Reaching safepoint: 13471 ns, Cleanup: 24234 ns, At safepoint: 8903 ns, Total: 46608 ns
[2025-03-04T03:58:52.572+0000][7][safepoint   ] Safepoint "Cleanup", Time since last: 2002017814 ns, Reaching safepoint: 14519 ns, Cleanup: 13244 ns, At safepoint: 9441 ns, Total: 37204 ns
[2025-03-04T03:58:55.575+0000][7][safepoint   ] Safepoint "Cleanup", Time since last: 3003026002 ns, Reaching safepoint: 11246 ns, Cleanup: 30706 ns, At safepoint: 7768 ns, Total: 49720 ns
[2025-03-04T03:58:56.576+0000][7][safepoint   ] Safepoint "Cleanup", Time since last: 1000910848 ns, Reaching safepoint: 14493 ns, Cleanup: 13758 ns, At safepoint: 6791 ns, Total: 35042 ns
[2025-03-04T03:58:58.578+0000][7][safepoint   ] Safepoint "Cleanup", Time since last: 2001945259 ns, Reaching safepoint: 12008 ns, Cleanup: 14197 ns, At safepoint: 6717 ns, Total: 32922 ns
[2025-03-04T03:59:01.581+0000][7][safepoint   ] Safepoint "Cleanup", Time since last: 3003031282 ns, Reaching safepoint: 56758 ns, Cleanup: 38239 ns, At safepoint: 28674 ns, Total: 123671 ns
[2025-03-04T03:59:03.583+0000][7][safepoint   ] Safepoint "Cleanup", Time since last: 2001901453 ns, Reaching safepoint: 12863 ns, Cleanup: 14996 ns, At safepoint: 7834 ns, Total: 35693 ns
[2025-03-04T03:59:04.584+0000][7][safepoint   ] Safepoint "Cleanup", Time since last: 1000900542 ns, Reaching safepoint: 11142 ns, Cleanup: 17702 ns, At safepoint: 7516 ns, Total: 36360 ns
[2025-03-04T03:59:05.585+0000][7][safepoint   ] Safepoint "Cleanup", Time since last: 1000926444 ns, Reaching safepoint: 30779 ns, Cleanup: 24868 ns, At safepoint: 6744 ns, Total: 62391 ns
[2025-03-04T03:59:07.587+0000][7][safepoint   ] Safepoint "Cleanup", Time since last: 2001997010 ns, Reaching safepoint: 31046 ns, Cleanup: 29449 ns, At safepoint: 6995 ns, Total: 67490 ns
[2025-03-04T03:59:08.588+0000][7][safepoint   ] Safepoint "Cleanup", Time since last: 1000902425 ns, Reaching safepoint: 13530 ns, Cleanup: 12417 ns, At safepoint: 7176 ns, Total: 33123 ns
[2025-03-04T03:59:10.590+0000][7][safepoint   ] Safepoint "Cleanup", Time since last: 2001857646 ns, Reaching safepoint: 13322 ns, Cleanup: 28003 ns, At safepoint: 7219 ns, Total: 48544 ns
[2025-03-04T03:59:11.591+0000][7][safepoint   ] Safepoint "Cleanup", Time since last: 1001062350 ns, Reaching safepoint: 11504 ns, Cleanup: 10984 ns, At safepoint: 6249 ns, Total: 28737 ns
[2025-03-04T03:59:13.593+0000][7][safepoint   ] Safepoint "Cleanup", Time since last: 2002020264 ns, Reaching safepoint: 12956 ns, Cleanup: 19826 ns, At safepoint: 6365 ns, Total: 39147 ns
[2025-03-04T03:59:15.595+0000][7][safepoint   ] Safepoint "Cleanup", Time since last: 2001819024 ns, Reaching safepoint: 10592 ns, Cleanup: 12532 ns, At safepoint: 6807 ns, Total: 29931 ns
[2025-03-04T03:59:16.596+0000][7][safepoint   ] Safepoint "Cleanup", Time since last: 1001072761 ns, Reaching safepoint: 14173 ns, Cleanup: 14611 ns, At safepoint: 8324 ns, Total: 37108 ns
[2025-03-04T03:59:17.597+0000][7][safepoint   ] Safepoint "Cleanup", Time since last: 1000977848 ns, Reaching safepoint: 9710 ns, Cleanup: 9360 ns, At safepoint: 5272 ns, Total: 24342 ns
[2025-03-04T03:59:18.598+0000][7][safepoint   ] Safepoint "Cleanup", Time since last: 1000910274 ns, Reaching safepoint: 11877 ns, Cleanup: 11265 ns, At safepoint: 6496 ns, Total: 29638 ns
[2025-03-04T03:59:19.599+0000][7][safepoint   ] Safepoint "Cleanup", Time since last: 1000928483 ns, Reaching safepoint: 12383 ns, Cleanup: 11298 ns, At safepoint: 37711 ns, Total: 61392 ns
[2025-03-04T03:59:20.600+0000][7][safepoint   ] Safepoint "Cleanup", Time since last: 1000989004 ns, Reaching safepoint: 31489 ns, Cleanup: 14570 ns, At safepoint: 7067 ns, Total: 53126 ns
[2025-03-04T03:59:22.602+0000][7][safepoint   ] Safepoint "Cleanup", Time since last: 2002043185 ns, Reaching safepoint: 12719 ns, Cleanup: 16085 ns, At safepoint: 6292 ns, Total: 35096 ns
[2025-03-04T03:59:23.603+0000][7][safepoint   ] Safepoint "Cleanup", Time since last: 1000754672 ns, Reaching safepoint: 12976 ns, Cleanup: 15744 ns, At safepoint: 8283 ns, Total: 37003 ns
[2025-03-04T03:59:25.606+0000][7][safepoint   ] Safepoint "Cleanup", Time since last: 2003235872 ns, Reaching safepoint: 37175 ns, Cleanup: 18349 ns, At safepoint: 8010 ns, Total: 63534 ns
[2025-03-04T03:59:28.609+0000][7][safepoint   ] Safepoint "Cleanup", Time since last: 3002873959 ns, Reaching safepoint: 16878 ns, Cleanup: 28388 ns, At safepoint: 8813 ns, Total: 54079 ns
[2025-03-04T03:59:29.616+0000][7][safepoint   ] Safepoint "Cleanup", Time since last: 1006715761 ns, Reaching safepoint: 76295 ns, Cleanup: 342135 ns, At safepoint: 42719 ns, Total: 461149 ns
[2025-03-04T03:59:30.619+0000][7][safepoint   ] Safepoint "Cleanup", Time since last: 1002575755 ns, Reaching safepoint: 12920 ns, Cleanup: 13848 ns, At safepoint: 12083 ns, Total: 38851 ns
[2025-03-04T03:59:31.620+0000][7][safepoint   ] Safepoint "Cleanup", Time since last: 1001033328 ns, Reaching safepoint: 11855 ns, Cleanup: 38897 ns, At safepoint: 9385 ns, Total: 60137 ns
[2025-03-04T03:59:32.621+0000][7][safepoint   ] Safepoint "Cleanup", Time since last: 1000915151 ns, Reaching safepoint: 13168 ns, Cleanup: 10217 ns, At safepoint: 5859 ns, Total: 29244 ns
[2025-03-04T03:59:33.622+0000][7][safepoint   ] Safepoint "Cleanup", Time since last: 1001207749 ns, Reaching safepoint: 33067 ns, Cleanup: 51097 ns, At safepoint: 6412 ns, Total: 90576 ns
[2025-03-04T03:59:37.372+0000][7][safepoint   ] Safepoint "Cleanup", Time since last: 3749676661 ns, Reaching safepoint: 27682 ns, Cleanup: 12633 ns, At safepoint: 5859 ns, Total: 46174 ns
[2025-03-04T03:59:38.373+0000][7][safepoint   ] Safepoint "Cleanup", Time since last: 1001129514 ns, Reaching safepoint: 14550 ns, Cleanup: 15656 ns, At safepoint: 9734 ns, Total: 39940 ns
[2025-03-04T03:59:40.374+0000][7][safepoint   ] Safepoint "Cleanup", Time since last: 2001767765 ns, Reaching safepoint: 12238 ns, Cleanup: 11853 ns, At safepoint: 6554 ns, Total: 30645 ns
[2025-03-04T03:59:44.378+0000][7][safepoint   ] Safepoint "Cleanup", Time since last: 4004188462 ns, Reaching safepoint: 16361 ns, Cleanup: 18346 ns, At safepoint: 13398 ns, Total: 48105 ns
[2025-03-04T03:59:45.379+0000][7][safepoint   ] Safepoint "Cleanup", Time since last: 1000941481 ns, Reaching safepoint: 16996 ns, Cleanup: 16251 ns, At safepoint: 12696 ns, Total: 45943 ns
[2025-03-04T03:59:46.381+0000][7][safepoint   ] Safepoint "Cleanup", Time since last: 1001028478 ns, Reaching safepoint: 16049 ns, Cleanup: 31860 ns, At safepoint: 14198 ns, Total: 62107 ns
[2025-03-04T03:59:48.383+0000][7][safepoint   ] Safepoint "Cleanup", Time since last: 2002833235 ns, Reaching safepoint: 15842 ns, Cleanup: 17440 ns, At safepoint: 13752 ns, Total: 47034 ns
[2025-03-04T03:59:52.387+0000][7][safepoint   ] Safepoint "Cleanup", Time since last: 4003731093 ns, Reaching safepoint: 29747 ns, Cleanup: 25756 ns, At safepoint: 7110 ns, Total: 62613 ns
[2025-03-04T03:59:55.390+0000][7][safepoint   ] Safepoint "Cleanup", Time since last: 3002933089 ns, Reaching safepoint: 13451 ns, Cleanup: 15762 ns, At safepoint: 7294 ns, Total: 36507 ns
[2025-03-04T03:59:56.391+0000][7][safepoint   ] Safepoint "Cleanup", Time since last: 1001173528 ns, Reaching safepoint: 11241 ns, Cleanup: 10579 ns, At safepoint: 6816 ns, Total: 28636 ns
[2025-03-04T03:59:58.393+0000][7][safepoint   ] Safepoint "Cleanup", Time since last: 2001770852 ns, Reaching safepoint: 11822 ns, Cleanup: 15939 ns, At safepoint: 6397 ns, Total: 34158 ns
[2025-03-04T03:59:59.395+0000][7][safepoint   ] Safepoint "Cleanup", Time since last: 1002116535 ns, Reaching safepoint: 13394 ns, Cleanup: 21081 ns, At safepoint: 7921 ns, Total: 42396 ns
[2025-03-04T04:00:00.396+0000][7][safepoint   ] Safepoint "Cleanup", Time since last: 1000852705 ns, Reaching safepoint: 13137 ns, Cleanup: 13042 ns, At safepoint: 6307 ns, Total: 32486 ns
[2025-03-04T04:00:01.397+0000][7][safepoint   ] Safepoint "Cleanup", Time since last: 1000924394 ns, Reaching safepoint: 12955 ns, Cleanup: 10048 ns, At safepoint: 7761 ns, Total: 30764 ns
[2025-03-04T04:00:02.398+0000][7][safepoint   ] Safepoint "Cleanup", Time since last: 1000913959 ns, Reaching safepoint: 10532 ns, Cleanup: 9140 ns, At safepoint: 6023 ns, Total: 25695 ns
[2025-03-04T04:00:04.400+0000][7][safepoint   ] Safepoint "Cleanup", Time since last: 2002043951 ns, Reaching safepoint: 17931 ns, Cleanup: 15345 ns, At safepoint: 8804 ns, Total: 42080 ns
[2025-03-04T04:00:05.401+0000][7][safepoint   ] Safepoint "Cleanup", Time since last: 1001113267 ns, Reaching safepoint: 12396 ns, Cleanup: 13161 ns, At safepoint: 7100 ns, Total: 32657 ns
[2025-03-04T04:00:08.404+0000][7][safepoint   ] Safepoint "Cleanup", Time since last: 3002842739 ns, Reaching safepoint: 60592 ns, Cleanup: 15952 ns, At safepoint: 10593 ns, Total: 87137 ns
[2025-03-04T04:00:09.405+0000][7][safepoint   ] Safepoint "Cleanup", Time since last: 1000937889 ns, Reaching safepoint: 12946 ns, Cleanup: 15550 ns, At safepoint: 9399 ns, Total: 37895 ns
[2025-03-04T04:00:10.407+0000][7][safepoint   ] Safepoint "Cleanup", Time since last: 1001136528 ns, Reaching safepoint: 15293 ns, Cleanup: 28993 ns, At safepoint: 9583 ns, Total: 53869 ns
[2025-03-04T04:00:11.408+0000][7][safepoint   ] Safepoint "Cleanup", Time since last: 1000966852 ns, Reaching safepoint: 14983 ns, Cleanup: 26433 ns, At safepoint: 9991 ns, Total: 51407 ns
[2025-03-04T04:00:13.409+0000][7][safepoint   ] Safepoint "Cleanup", Time since last: 2001651088 ns, Reaching safepoint: 12745 ns, Cleanup: 13026 ns, At safepoint: 8017 ns, Total: 33788 ns
[2025-03-04T04:00:15.411+0000][7][safepoint   ] Safepoint "Cleanup", Time since last: 2002130544 ns, Reaching safepoint: 14802 ns, Cleanup: 14397 ns, At safepoint: 10308 ns, Total: 39507 ns
[2025-03-04T04:00:16.412+0000][7][safepoint   ] Safepoint "Cleanup", Time since last: 1000828760 ns, Reaching safepoint: 13782 ns, Cleanup: 11137 ns, At safepoint: 7529 ns, Total: 32448 ns
[2025-03-04T04:00:17.414+0000][7][safepoint   ] Safepoint "Cleanup", Time since last: 1001268183 ns, Reaching safepoint: 14439 ns, Cleanup: 18399 ns, At safepoint: 10946 ns, Total: 43784 ns
[2025-03-04T04:00:18.414+0000][7][safepoint   ] Safepoint "Cleanup", Time since last: 1000774279 ns, Reaching safepoint: 14606 ns, Cleanup: 11671 ns, At safepoint: 9222 ns, Total: 35499 ns
[2025-03-04T04:00:19.415+0000][7][safepoint   ] Safepoint "Cleanup", Time since last: 1000889659 ns, Reaching safepoint: 16711 ns, Cleanup: 12092 ns, At safepoint: 8214 ns, Total: 37017 ns
[2025-03-04T04:00:20.417+0000][7][safepoint   ] Safepoint "Cleanup", Time since last: 1001083838 ns, Reaching safepoint: 19531 ns, Cleanup: 22026 ns, At safepoint: 12998 ns, Total: 54555 ns
[2025-03-04T04:00:22.419+0000][7][safepoint   ] Safepoint "Cleanup", Time since last: 2001913491 ns, Reaching safepoint: 50470 ns, Cleanup: 17515 ns, At safepoint: 10624 ns, Total: 78609 ns
[2025-03-04T04:00:23.420+0000][7][safepoint   ] Safepoint "Cleanup", Time since last: 1000999944 ns, Reaching safepoint: 12217 ns, Cleanup: 46629 ns, At safepoint: 8439 ns, Total: 67285 ns
[2025-03-04T04:00:24.421+0000][7][safepoint   ] Safepoint "Cleanup", Time since last: 1000883577 ns, Reaching safepoint: 15434 ns, Cleanup: 18903 ns, At safepoint: 12012 ns, Total: 46349 ns
[2025-03-04T04:00:25.421+0000][7][safepoint   ] Safepoint "Cleanup", Time since last: 1000807243 ns, Reaching safepoint: 17855 ns, Cleanup: 32636 ns, At safepoint: 14471 ns, Total: 64962 ns
[2025-03-04T04:00:29.425+0000][7][safepoint   ] Safepoint "Cleanup", Time since last: 4004027228 ns, Reaching safepoint: 14232 ns, Cleanup: 12906 ns, At safepoint: 8210 ns, Total: 35348 ns
[2025-03-04T04:00:30.426+0000][7][safepoint   ] Safepoint "Cleanup", Time since last: 1000945954 ns, Reaching safepoint: 15879 ns, Cleanup: 15685 ns, At safepoint: 12431 ns, Total: 43995 ns
[2025-03-04T04:00:31.427+0000][7][safepoint   ] Safepoint "Cleanup", Time since last: 1000838727 ns, Reaching safepoint: 42835 ns, Cleanup: 14621 ns, At safepoint: 10613 ns, Total: 68069 ns
[2025-03-04T04:00:32.428+0000][7][safepoint   ] Safepoint "Cleanup", Time since last: 1000959986 ns, Reaching safepoint: 18910 ns, Cleanup: 26983 ns, At safepoint: 12874 ns, Total: 58767 ns
[2025-03-04T04:00:36.380+0000][7][safepoint   ] Safepoint "Cleanup", Time since last: 3951295226 ns, Reaching safepoint: 21578 ns, Cleanup: 19588 ns, At safepoint: 12752 ns, Total: 53918 ns
[2025-03-04T04:00:37.380+0000][7][safepoint   ] Safepoint "Cleanup", Time since last: 1000622486 ns, Reaching safepoint: 29483 ns, Cleanup: 16937 ns, At safepoint: 6654 ns, Total: 53074 ns
[2025-03-04T04:00:38.381+0000][7][safepoint   ] Safepoint "Cleanup", Time since last: 1000961323 ns, Reaching safepoint: 11593 ns, Cleanup: 12550 ns, At safepoint: 7597 ns, Total: 31740 ns
[2025-03-04T04:00:40.383+0000][7][safepoint   ] Safepoint "Cleanup", Time since last: 2001933648 ns, Reaching safepoint: 15461 ns, Cleanup: 48843 ns, At safepoint: 17557 ns, Total: 81861 ns
[2025-03-04T04:00:41.385+0000][7][safepoint   ] Safepoint "Cleanup", Time since last: 1001204572 ns, Reaching safepoint: 28685 ns, Cleanup: 17353 ns, At safepoint: 8615 ns, Total: 54653 ns
[2025-03-04T04:00:43.386+0000][7][safepoint   ] Safepoint "Cleanup", Time since last: 2001727077 ns, Reaching safepoint: 11365 ns, Cleanup: 14654 ns, At safepoint: 24949 ns, Total: 50968 ns
[2025-03-04T04:00:44.387+0000][7][safepoint   ] Safepoint "Cleanup", Time since last: 1000970232 ns, Reaching safepoint: 16603 ns, Cleanup: 13217 ns, At safepoint: 11044 ns, Total: 40864 ns
[2025-03-04T04:00:45.389+0000][7][safepoint   ] Safepoint "Cleanup", Time since last: 1001880437 ns, Reaching safepoint: 17325 ns, Cleanup: 19102 ns, At safepoint: 9535 ns, Total: 45962 ns
[2025-03-04T04:00:50.394+0000][7][safepoint   ] Safepoint "Cleanup", Time since last: 5005037369 ns, Reaching safepoint: 14326 ns, Cleanup: 15896 ns, At safepoint: 7768 ns, Total: 37990 ns
[2025-03-04T04:00:52.396+0000][7][safepoint   ] Safepoint "Cleanup", Time since last: 2001992811 ns, Reaching safepoint: 33133 ns, Cleanup: 18158 ns, At safepoint: 7981 ns, Total: 59272 ns
[2025-03-04T04:00:53.398+0000][7][safepoint   ] Safepoint "Cleanup", Time since last: 1000997607 ns, Reaching safepoint: 11711 ns, Cleanup: 13135 ns, At safepoint: 7171 ns, Total: 32017 ns
[2025-03-04T04:00:56.400+0000][7][safepoint   ] Safepoint "Cleanup", Time since last: 3002771500 ns, Reaching safepoint: 13723 ns, Cleanup: 15811 ns, At safepoint: 7205 ns, Total: 36739 ns
[2025-03-04T04:00:58.403+0000][7][safepoint   ] Safepoint "Cleanup", Time since last: 2002292912 ns, Reaching safepoint: 17869 ns, Cleanup: 17625 ns, At safepoint: 12248 ns, Total: 47742 ns
[2025-03-04T04:00:59.404+0000][7][safepoint   ] Safepoint "Cleanup", Time since last: 1000794985 ns, Reaching safepoint: 14801 ns, Cleanup: 9841 ns, At safepoint: 6574 ns, Total: 31216 ns
[2025-03-04T04:01:00.405+0000][7][safepoint   ] Safepoint "Cleanup", Time since last: 1001063159 ns, Reaching safepoint: 13728 ns, Cleanup: 10233 ns, At safepoint: 6728 ns, Total: 30689 ns
[2025-03-04T04:01:01.405+0000][7][safepoint   ] Safepoint "Cleanup", Time since last: 1000739911 ns, Reaching safepoint: 13078 ns, Cleanup: 14699 ns, At safepoint: 7536 ns, Total: 35313 ns
[2025-03-04T04:01:02.407+0000][7][safepoint   ] Safepoint "Cleanup", Time since last: 1001155739 ns, Reaching safepoint: 13279 ns, Cleanup: 10439 ns, At safepoint: 8073 ns, Total: 31791 ns
[2025-03-04T04:01:03.408+0000][7][safepoint   ] Safepoint "Cleanup", Time since last: 1001007799 ns, Reaching safepoint: 16766 ns, Cleanup: 18784 ns, At safepoint: 10999 ns, Total: 46549 ns
[2025-03-04T04:01:04.409+0000][7][safepoint   ] Safepoint "Cleanup", Time since last: 1001663160 ns, Reaching safepoint: 12615 ns, Cleanup: 16216 ns, At safepoint: 6554 ns, Total: 35385 ns
[2025-03-04T04:01:05.410+0000][7][safepoint   ] Safepoint "Cleanup", Time since last: 1001137926 ns, Reaching safepoint: 14019 ns, Cleanup: 17974 ns, At safepoint: 8848 ns, Total: 40841 ns
[2025-03-04T04:01:07.412+0000][7][safepoint   ] Safepoint "Cleanup", Time since last: 2001780851 ns, Reaching safepoint: 28148 ns, Cleanup: 9490 ns, At safepoint: 15880 ns, Total: 53518 ns
[2025-03-04T04:01:10.415+0000][7][safepoint   ] Safepoint "Cleanup", Time since last: 3002944426 ns, Reaching safepoint: 35455 ns, Cleanup: 27618 ns, At safepoint: 7689 ns, Total: 70762 ns
[2025-03-04T04:01:13.419+0000][7][safepoint   ] Safepoint "Cleanup", Time since last: 3004030538 ns, Reaching safepoint: 18140 ns, Cleanup: 15775 ns, At safepoint: 65063 ns, Total: 98978 ns
[2025-03-04T04:01:14.420+0000][7][safepoint   ] Safepoint "Cleanup", Time since last: 1000932986 ns, Reaching safepoint: 15712 ns, Cleanup: 19264 ns, At safepoint: 12128 ns, Total: 47104 ns
[2025-03-04T04:01:15.421+0000][7][safepoint   ] Safepoint "Cleanup", Time since last: 1000908867 ns, Reaching safepoint: 11766 ns, Cleanup: 12820 ns, At safepoint: 7377 ns, Total: 31963 ns
[2025-03-04T04:01:16.422+0000][7][safepoint   ] Safepoint "Cleanup", Time since last: 1000959142 ns, Reaching safepoint: 11130 ns, Cleanup: 12583 ns, At safepoint: 6224 ns, Total: 29937 ns
[2025-03-04T04:01:18.424+0000][7][safepoint   ] Safepoint "Cleanup", Time since last: 2001991060 ns, Reaching safepoint: 13858 ns, Cleanup: 14427 ns, At safepoint: 7946 ns, Total: 36231 ns
[2025-03-04T04:01:20.426+0000][7][safepoint   ] Safepoint "Cleanup", Time since last: 2002017917 ns, Reaching safepoint: 10883 ns, Cleanup: 20426 ns, At safepoint: 42866 ns, Total: 74175 ns
[2025-03-04T04:01:22.428+0000][7][safepoint   ] Safepoint "Cleanup", Time since last: 2001824842 ns, Reaching safepoint: 14468 ns, Cleanup: 15205 ns, At safepoint: 6982 ns, Total: 36655 ns
[2025-03-04T04:01:23.429+0000][7][safepoint   ] Safepoint "Cleanup", Time since last: 1001148354 ns, Reaching safepoint: 35992 ns, Cleanup: 14561 ns, At safepoint: 11408 ns, Total: 61961 ns
[2025-03-04T04:01:25.431+0000][7][safepoint   ] Safepoint "Cleanup", Time since last: 2001763970 ns, Reaching safepoint: 11883 ns, Cleanup: 8258 ns, At safepoint: 7333 ns, Total: 27474 ns
[2025-03-04T04:01:26.432+0000][7][safepoint   ] Safepoint "Cleanup", Time since last: 1000912544 ns, Reaching safepoint: 12502 ns, Cleanup: 19984 ns, At safepoint: 7152 ns, Total: 39638 ns
[2025-03-04T04:01:31.437+0000][7][safepoint   ] Safepoint "Cleanup", Time since last: 5005085863 ns, Reaching safepoint: 12546 ns, Cleanup: 11694 ns, At safepoint: 29953 ns, Total: 54193 ns
[2025-03-04T04:01:32.438+0000][7][safepoint   ] Safepoint "Cleanup", Time since last: 1001047735 ns, Reaching safepoint: 11487 ns, Cleanup: 17537 ns, At safepoint: 7712 ns, Total: 36736 ns
[2025-03-04T04:01:34.440+0000][7][safepoint   ] Safepoint "Cleanup", Time since last: 2001951682 ns, Reaching safepoint: 15312 ns, Cleanup: 17057 ns, At safepoint: 10036 ns, Total: 42405 ns
[2025-03-04T04:01:37.620+0000][7][safepoint   ] Safepoint "Cleanup", Time since last: 3180009183 ns, Reaching safepoint: 12913 ns, Cleanup: 13337 ns, At safepoint: 8884 ns, Total: 35134 ns
[2025-03-04T04:01:40.624+0000][7][safepoint   ] Safepoint "Cleanup", Time since last: 3002756958 ns, Reaching safepoint: 14476 ns, Cleanup: 14860 ns, At safepoint: 6469 ns, Total: 35805 ns
[2025-03-04T04:01:43.627+0000][7][safepoint   ] Safepoint "Cleanup", Time since last: 3003071812 ns, Reaching safepoint: 12830 ns, Cleanup: 16302 ns, At safepoint: 8968 ns, Total: 38100 ns
[2025-03-04T04:01:46.630+0000][7][safepoint   ] Safepoint "Cleanup", Time since last: 3002923841 ns, Reaching safepoint: 42172 ns, Cleanup: 31575 ns, At safepoint: 8826 ns, Total: 82573 ns
[2025-03-04T04:01:49.633+0000][7][safepoint   ] Safepoint "Cleanup", Time since last: 3002914618 ns, Reaching safepoint: 12593 ns, Cleanup: 15714 ns, At safepoint: 30010 ns, Total: 58317 ns
