[2025-03-03T15:44:52.317+0000][7][gc,init] CardTable entry size: 512
[2025-03-03T15:44:52.318+0000][7][gc     ] Using G1
[2025-03-03T15:44:52.442+0000][7][gc,init] Version: 22.0.2+9-70 (release)
[2025-03-03T15:44:52.442+0000][7][gc,init] CPUs: 16 total, 16 available
[2025-03-03T15:44:52.444+0000][7][gc,init] Memory: 16241M
[2025-03-03T15:44:52.444+0000][7][gc,init] Large Page Support: Disabled
[2025-03-03T15:44:52.444+0000][7][gc,init] NUMA Support: Disabled
[2025-03-03T15:44:52.445+0000][7][gc,init] Compressed Oops: Enabled (32-bit)
[2025-03-03T15:44:52.445+0000][7][gc,init] Heap Region Size: 4M
[2025-03-03T15:44:52.445+0000][7][gc,init] Heap Min Capacity: 2G
[2025-03-03T15:44:52.446+0000][7][gc,init] Heap Initial Capacity: 2G
[2025-03-03T15:44:52.446+0000][7][gc,init] Heap Max Capacity: 2G
[2025-03-03T15:44:52.446+0000][7][gc,init] Pre-touch: Enabled
[2025-03-03T15:44:52.448+0000][7][gc,init] Parallel Workers: 13
[2025-03-03T15:44:52.448+0000][7][gc,init] Concurrent Workers: 3
[2025-03-03T15:44:52.448+0000][7][gc,init] Concurrent Refinement Workers: 13
[2025-03-03T15:44:52.449+0000][7][gc,init] Periodic GC: Disabled
[2025-03-03T15:44:52.463+0000][7][gc,metaspace] CDS archive(s) mapped at: [0x00007f8402000000-0x00007f8402c78000-0x00007f8402c78000), size 13074432, SharedBaseAddress: 0x00007f8402000000, ArchiveRelocationMode: 1.
[2025-03-03T15:44:52.463+0000][7][gc,metaspace] Compressed class space mapped at: 0x00007f8403000000-0x00007f8443000000, reserved size: 1073741824
[2025-03-03T15:44:52.465+0000][7][gc,metaspace] Narrow klass base: 0x00007f8402000000, Narrow klass shift: 0, Narrow klass range: 0x100000000
[2025-03-03T15:44:53.336+0000][7][safepoint   ] Safepoint "ICBufferFull", Time since last: 864302310 ns, Reaching safepoint: 647928 ns, Cleanup: 86440 ns, At safepoint: 77351 ns, Total: 811719 ns
[2025-03-03T15:44:54.377+0000][7][safepoint   ] Safepoint "Cleanup", Time since last: 1041048379 ns, Reaching safepoint: 2901 ns, Cleanup: 108411 ns, At safepoint: 6436 ns, Total: 117748 ns
[2025-03-03T15:44:55.381+0000][7][safepoint   ] Safepoint "Cleanup", Time since last: 1003639395 ns, Reaching safepoint: 4691 ns, Cleanup: 432667 ns, At safepoint: 10855 ns, Total: 448213 ns
[2025-03-03T15:44:56.488+0000][7][safepoint   ] Safepoint "Cleanup", Time since last: 1104558402 ns, Reaching safepoint: 1608170 ns, Cleanup: 184496 ns, At safepoint: 154895 ns, Total: 1947561 ns
[2025-03-03T15:44:57.023+0000][7][gc,start    ] GC(0) Pause Young (Normal) (G1 Evacuation Pause)
[2025-03-03T15:44:57.024+0000][7][gc,task     ] GC(0) Using 13 workers of 13 for evacuation
[2025-03-03T15:44:57.024+0000][7][gc,age      ] GC(0) Desired survivor size 8388608 bytes, new threshold 15 (max threshold 15)
[2025-03-03T15:44:57.062+0000][7][gc,phases   ] GC(0)   Pre Evacuate Collection Set: 0.61ms
[2025-03-03T15:44:57.063+0000][7][gc,phases   ] GC(0)   Merge Heap Roots: 3.72ms
[2025-03-03T15:44:57.063+0000][7][gc,phases   ] GC(0)   Evacuate Collection Set: 26.28ms
[2025-03-03T15:44:57.063+0000][7][gc,phases   ] GC(0)   Post Evacuate Collection Set: 7.29ms
[2025-03-03T15:44:57.063+0000][7][gc,phases   ] GC(0)   Other: 0.49ms
[2025-03-03T15:44:57.063+0000][7][gc,age      ] GC(0) Age table with threshold 15 (max threshold 15)
[2025-03-03T15:44:57.064+0000][7][gc,age      ] GC(0) - age   1:    7654504 bytes,    7654504 total
[2025-03-03T15:44:57.064+0000][7][gc,heap     ] GC(0) Eden regions: 25->0(23)
[2025-03-03T15:44:57.064+0000][7][gc,heap     ] GC(0) Survivor regions: 0->2(4)
[2025-03-03T15:44:57.064+0000][7][gc,heap     ] GC(0) Old regions: 1->1
[2025-03-03T15:44:57.064+0000][7][gc,heap     ] GC(0) Humongous regions: 0->0
[2025-03-03T15:44:57.065+0000][7][gc,metaspace] GC(0) Metaspace: 15969K(16320K)->15969K(16320K) NonClass: 14114K(14272K)->14114K(14272K) Class: 1854K(2048K)->1854K(2048K)
[2025-03-03T15:44:57.065+0000][7][gc          ] GC(0) Pause Young (Normal) (G1 Evacuation Pause) 101M->8M(2048M) 42.080ms
[2025-03-03T15:44:57.065+0000][7][gc,cpu      ] GC(0) User=0.06s Sys=0.00s Real=0.04s
[2025-03-03T15:44:57.066+0000][7][safepoint   ] Safepoint "G1CollectForAllocation", Time since last: 535135319 ns, Reaching safepoint: 8014 ns, Cleanup: 58137 ns, At safepoint: 42937577 ns, Total: 43003728 ns
[2025-03-03T15:44:58.051+0000][7][gc,start    ] GC(1) Pause Young (Normal) (G1 Evacuation Pause)
[2025-03-03T15:44:58.054+0000][7][gc,task     ] GC(1) Using 13 workers of 13 for evacuation
[2025-03-03T15:44:58.056+0000][7][gc,age      ] GC(1) Desired survivor size 8388608 bytes, new threshold 15 (max threshold 15)
[2025-03-03T15:44:58.072+0000][7][gc,phases   ] GC(1)   Pre Evacuate Collection Set: 0.81ms
[2025-03-03T15:44:58.073+0000][7][gc,phases   ] GC(1)   Merge Heap Roots: 0.78ms
[2025-03-03T15:44:58.073+0000][7][gc,phases   ] GC(1)   Evacuate Collection Set: 10.32ms
[2025-03-03T15:44:58.073+0000][7][gc,phases   ] GC(1)   Post Evacuate Collection Set: 4.35ms
[2025-03-03T15:44:58.074+0000][7][gc,phases   ] GC(1)   Other: 2.54ms
[2025-03-03T15:44:58.074+0000][7][gc,age      ] GC(1) Age table with threshold 15 (max threshold 15)
[2025-03-03T15:44:58.074+0000][7][gc,age      ] GC(1) - age   1:    3015408 bytes,    3015408 total
[2025-03-03T15:44:58.074+0000][7][gc,age      ] GC(1) - age   2:    7505824 bytes,   10521232 total
[2025-03-03T15:44:58.075+0000][7][gc,heap     ] GC(1) Eden regions: 23->0(28)
[2025-03-03T15:44:58.075+0000][7][gc,heap     ] GC(1) Survivor regions: 2->3(4)
[2025-03-03T15:44:58.075+0000][7][gc,heap     ] GC(1) Old regions: 1->1
[2025-03-03T15:44:58.075+0000][7][gc,heap     ] GC(1) Humongous regions: 0->0
[2025-03-03T15:44:58.076+0000][7][gc,metaspace] GC(1) Metaspace: 18082K(18432K)->18082K(18432K) NonClass: 15972K(16128K)->15972K(16128K) Class: 2110K(2304K)->2110K(2304K)
[2025-03-03T15:44:58.076+0000][7][gc          ] GC(1) Pause Young (Normal) (G1 Evacuation Pause) 100M->11M(2048M) 24.701ms
[2025-03-03T15:44:58.076+0000][7][gc,cpu      ] GC(1) User=0.05s Sys=0.01s Real=0.02s
[2025-03-03T15:44:58.077+0000][7][safepoint   ] Safepoint "G1CollectForAllocation", Time since last: 985197396 ns, Reaching safepoint: 6972 ns, Cleanup: 121781 ns, At safepoint: 25384897 ns, Total: 25513650 ns
[2025-03-03T15:44:58.683+0000][7][gc,start    ] GC(2) Pause Young (Normal) (G1 Evacuation Pause)
[2025-03-03T15:44:58.683+0000][7][gc,task     ] GC(2) Using 13 workers of 13 for evacuation
[2025-03-03T15:44:58.684+0000][7][gc,age      ] GC(2) Desired survivor size 8388608 bytes, new threshold 2 (max threshold 15)
[2025-03-03T15:44:58.712+0000][7][gc,phases   ] GC(2)   Pre Evacuate Collection Set: 0.47ms
[2025-03-03T15:44:58.713+0000][7][gc,phases   ] GC(2)   Merge Heap Roots: 0.11ms
[2025-03-03T15:44:58.713+0000][7][gc,phases   ] GC(2)   Evacuate Collection Set: 26.79ms
[2025-03-03T15:44:58.713+0000][7][gc,phases   ] GC(2)   Post Evacuate Collection Set: 1.13ms
[2025-03-03T15:44:58.713+0000][7][gc,phases   ] GC(2)   Other: 0.67ms
[2025-03-03T15:44:58.714+0000][7][gc,age      ] GC(2) Age table with threshold 2 (max threshold 15)
[2025-03-03T15:44:58.714+0000][7][gc,age      ] GC(2) - age   1:    3407736 bytes,    3407736 total
[2025-03-03T15:44:58.714+0000][7][gc,age      ] GC(2) - age   2:    1976696 bytes,    5384432 total
[2025-03-03T15:44:58.714+0000][7][gc,heap     ] GC(2) Eden regions: 28->0(305)
[2025-03-03T15:44:58.714+0000][7][gc,heap     ] GC(2) Survivor regions: 3->2(4)
[2025-03-03T15:44:58.715+0000][7][gc,heap     ] GC(2) Old regions: 1->3
[2025-03-03T15:44:58.715+0000][7][gc,heap     ] GC(2) Humongous regions: 0->0
[2025-03-03T15:44:58.715+0000][7][gc,metaspace] GC(2) Metaspace: 18688K(19072K)->18688K(19072K) NonClass: 16468K(16640K)->16468K(16640K) Class: 2219K(2432K)->2219K(2432K)
[2025-03-03T15:44:58.715+0000][7][gc          ] GC(2) Pause Young (Normal) (G1 Evacuation Pause) 123M->14M(2048M) 32.368ms
[2025-03-03T15:44:58.716+0000][7][gc,cpu      ] GC(2) User=0.05s Sys=0.00s Real=0.03s
[2025-03-03T15:44:58.716+0000][7][safepoint   ] Safepoint "G1CollectForAllocation", Time since last: 606457967 ns, Reaching safepoint: 7305 ns, Cleanup: 63344 ns, At safepoint: 32987664 ns, Total: 33058313 ns
[2025-03-03T15:44:59.720+0000][7][safepoint   ] Safepoint "Cleanup", Time since last: 1002547918 ns, Reaching safepoint: 1049443 ns, Cleanup: 76128 ns, At safepoint: 54934 ns, Total: 1180505 ns
[2025-03-03T15:45:00.727+0000][7][safepoint   ] Safepoint "Cleanup", Time since last: 1003286009 ns, Reaching safepoint: 395368 ns, Cleanup: 79102 ns, At safepoint: 3318083 ns, Total: 3792553 ns
[2025-03-03T15:45:01.418+0000][7][gc,start    ] GC(3) Pause Young (Concurrent Start) (Metadata GC Threshold)
[2025-03-03T15:45:01.418+0000][7][gc,task     ] GC(3) Using 13 workers of 13 for evacuation
[2025-03-03T15:45:01.418+0000][7][gc,age      ] GC(3) Desired survivor size 81788928 bytes, new threshold 15 (max threshold 15)
[2025-03-03T15:45:01.428+0000][7][gc,phases   ] GC(3)   Pre Evacuate Collection Set: 1.16ms
[2025-03-03T15:45:01.428+0000][7][gc,phases   ] GC(3)   Merge Heap Roots: 0.24ms
[2025-03-03T15:45:01.428+0000][7][gc,phases   ] GC(3)   Evacuate Collection Set: 6.31ms
[2025-03-03T15:45:01.428+0000][7][gc,phases   ] GC(3)   Post Evacuate Collection Set: 1.09ms
[2025-03-03T15:45:01.430+0000][7][gc,phases   ] GC(3)   Other: 0.76ms
[2025-03-03T15:45:01.430+0000][7][gc,age      ] GC(3) Age table with threshold 15 (max threshold 15)
[2025-03-03T15:45:01.431+0000][7][gc,age      ] GC(3) - age   1:    6329720 bytes,    6329720 total
[2025-03-03T15:45:01.431+0000][7][gc,age      ] GC(3) - age   2:    1661656 bytes,    7991376 total
[2025-03-03T15:45:01.431+0000][7][gc,age      ] GC(3) - age   3:    1972528 bytes,    9963904 total
[2025-03-03T15:45:01.433+0000][7][gc,heap     ] GC(3) Eden regions: 217->0(304)
[2025-03-03T15:45:01.434+0000][7][gc,heap     ] GC(3) Survivor regions: 2->3(39)
[2025-03-03T15:45:01.434+0000][7][gc,heap     ] GC(3) Old regions: 3->3
[2025-03-03T15:45:01.435+0000][7][gc,heap     ] GC(3) Humongous regions: 0->0
[2025-03-03T15:45:01.436+0000][7][gc,metaspace] GC(3) Metaspace: 21009K(21504K)->21009K(21504K) NonClass: 18455K(18752K)->18455K(18752K) Class: 2553K(2752K)->2553K(2752K)
[2025-03-03T15:45:01.437+0000][7][gc          ] GC(3) Pause Young (Concurrent Start) (Metadata GC Threshold) 880M->18M(2048M) 18.970ms
[2025-03-03T15:45:01.437+0000][7][gc,cpu      ] GC(3) User=0.03s Sys=0.00s Real=0.02s
[2025-03-03T15:45:01.437+0000][7][gc          ] GC(4) Concurrent Mark Cycle
[2025-03-03T15:45:01.437+0000][7][gc,marking  ] GC(4) Concurrent Scan Root Regions
[2025-03-03T15:45:01.437+0000][7][safepoint   ] Safepoint "CollectForMetadataAllocation", Time since last: 690700219 ns, Reaching safepoint: 4527 ns, Cleanup: 174660 ns, At safepoint: 19671953 ns, Total: 19851140 ns
[2025-03-03T15:45:01.442+0000][7][gc,marking  ] GC(4) Concurrent Scan Root Regions 4.381ms
[2025-03-03T15:45:01.443+0000][7][gc,marking  ] GC(4) Concurrent Mark
[2025-03-03T15:45:01.444+0000][7][gc,marking  ] GC(4) Concurrent Mark From Roots
[2025-03-03T15:45:01.444+0000][7][gc,task     ] GC(4) Using 3 workers of 3 for marking
[2025-03-03T15:45:01.459+0000][7][gc,marking  ] GC(4) Concurrent Mark From Roots 15.039ms
[2025-03-03T15:45:01.459+0000][7][gc,marking  ] GC(4) Concurrent Preclean
[2025-03-03T15:45:01.459+0000][7][gc,marking  ] GC(4) Concurrent Preclean 0.231ms
[2025-03-03T15:45:01.463+0000][7][gc,start    ] GC(4) Pause Remark
[2025-03-03T15:45:01.469+0000][7][gc          ] GC(4) Pause Remark 22M->22M(2048M) 6.015ms
[2025-03-03T15:45:01.469+0000][7][gc,cpu      ] GC(4) User=0.01s Sys=0.00s Real=0.01s
[2025-03-03T15:45:01.470+0000][7][safepoint   ] Safepoint "G1PauseRemark", Time since last: 23228923 ns, Reaching safepoint: 2049581 ns, Cleanup: 8816 ns, At safepoint: 6922197 ns, Total: 8980594 ns
[2025-03-03T15:45:01.470+0000][7][gc,marking  ] GC(4) Concurrent Mark 26.430ms
[2025-03-03T15:45:01.470+0000][7][gc,marking  ] GC(4) Concurrent Rebuild Remembered Sets and Scrub Regions
[2025-03-03T15:45:01.476+0000][7][gc,marking  ] GC(4) Concurrent Rebuild Remembered Sets and Scrub Regions 5.923ms
[2025-03-03T15:45:01.479+0000][7][gc,start    ] GC(4) Pause Cleanup
[2025-03-03T15:45:01.481+0000][7][gc          ] GC(4) Pause Cleanup 22M->22M(2048M) 1.108ms
[2025-03-03T15:45:01.481+0000][7][gc,cpu      ] GC(4) User=0.00s Sys=0.01s Real=0.00s
[2025-03-03T15:45:01.481+0000][7][safepoint   ] Safepoint "G1PauseCleanup", Time since last: 7808164 ns, Reaching safepoint: 2065312 ns, Cleanup: 8160 ns, At safepoint: 1997702 ns, Total: 4071174 ns
[2025-03-03T15:45:01.482+0000][7][gc,marking  ] GC(4) Concurrent Clear Claimed Marks
[2025-03-03T15:45:01.482+0000][7][gc,marking  ] GC(4) Concurrent Clear Claimed Marks 0.273ms
[2025-03-03T15:45:01.482+0000][7][gc,marking  ] GC(4) Concurrent Cleanup for Next Mark
[2025-03-03T15:45:01.486+0000][7][gc,marking  ] GC(4) Concurrent Cleanup for Next Mark 3.383ms
[2025-03-03T15:45:01.491+0000][7][gc          ] GC(4) Concurrent Mark Cycle 53.547ms
[2025-03-03T15:45:02.515+0000][7][safepoint   ] Safepoint "Cleanup", Time since last: 1032080314 ns, Reaching safepoint: 1039102 ns, Cleanup: 35927 ns, At safepoint: 74252 ns, Total: 1149281 ns
[2025-03-03T15:45:03.522+0000][7][safepoint   ] Safepoint "Cleanup", Time since last: 1007292350 ns, Reaching safepoint: 3439 ns, Cleanup: 104905 ns, At safepoint: 4574 ns, Total: 112918 ns
[2025-03-03T15:45:04.526+0000][7][safepoint   ] Safepoint "Cleanup", Time since last: 1002456814 ns, Reaching safepoint: 1150609 ns, Cleanup: 96531 ns, At safepoint: 57415 ns, Total: 1304555 ns
[2025-03-03T15:45:05.528+0000][7][safepoint   ] Safepoint "Cleanup", Time since last: 1000927492 ns, Reaching safepoint: 889102 ns, Cleanup: 57692 ns, At safepoint: 30754 ns, Total: 977548 ns
[2025-03-03T15:45:06.536+0000][7][safepoint   ] Safepoint "Cleanup", Time since last: 1006462635 ns, Reaching safepoint: 1447464 ns, Cleanup: 32282 ns, At safepoint: 27004 ns, Total: 1506750 ns
[2025-03-03T15:45:07.283+0000][7][gc,start    ] GC(5) Pause Young (Prepare Mixed) (Metadata GC Threshold)
[2025-03-03T15:45:07.284+0000][7][gc,task     ] GC(5) Using 13 workers of 13 for evacuation
[2025-03-03T15:45:07.284+0000][7][gc,age      ] GC(5) Desired survivor size 81788928 bytes, new threshold 15 (max threshold 15)
[2025-03-03T15:45:07.362+0000][7][gc,phases   ] GC(5)   Pre Evacuate Collection Set: 0.55ms
[2025-03-03T15:45:07.363+0000][7][gc,phases   ] GC(5)   Merge Heap Roots: 0.32ms
[2025-03-03T15:45:07.363+0000][7][gc,phases   ] GC(5)   Evacuate Collection Set: 69.29ms
[2025-03-03T15:45:07.363+0000][7][gc,phases   ] GC(5)   Post Evacuate Collection Set: 7.91ms
[2025-03-03T15:45:07.363+0000][7][gc,phases   ] GC(5)   Other: 0.51ms
[2025-03-03T15:45:07.363+0000][7][gc,age      ] GC(5) Age table with threshold 15 (max threshold 15)
[2025-03-03T15:45:07.364+0000][7][gc,age      ] GC(5) - age   1:   28818760 bytes,   28818760 total
[2025-03-03T15:45:07.364+0000][7][gc,age      ] GC(5) - age   2:    6212320 bytes,   35031080 total
[2025-03-03T15:45:07.364+0000][7][gc,age      ] GC(5) - age   3:    1649736 bytes,   36680816 total
[2025-03-03T15:45:07.364+0000][7][gc,age      ] GC(5) - age   4:    1896720 bytes,   38577536 total
[2025-03-03T15:45:07.364+0000][7][gc,heap     ] GC(5) Eden regions: 199->0(297)
[2025-03-03T15:45:07.365+0000][7][gc,heap     ] GC(5) Survivor regions: 3->10(39)
[2025-03-03T15:45:07.365+0000][7][gc,heap     ] GC(5) Old regions: 3->3
[2025-03-03T15:45:07.365+0000][7][gc,heap     ] GC(5) Humongous regions: 0->0
[2025-03-03T15:45:07.365+0000][7][gc,metaspace] GC(5) Metaspace: 35172K(36160K)->35172K(36160K) NonClass: 30527K(31104K)->30527K(31104K) Class: 4644K(5056K)->4644K(5056K)
[2025-03-03T15:45:07.365+0000][7][gc          ] GC(5) Pause Young (Prepare Mixed) (Metadata GC Threshold) 814M->47M(2048M) 82.636ms
[2025-03-03T15:45:07.366+0000][7][gc,cpu      ] GC(5) User=0.14s Sys=0.01s Real=0.08s
[2025-03-03T15:45:07.366+0000][7][safepoint   ] Safepoint "CollectForMetadataAllocation", Time since last: 746030571 ns, Reaching safepoint: 901375 ns, Cleanup: 66780 ns, At safepoint: 83487818 ns, Total: 84455973 ns
[2025-03-03T15:45:07.490+0000][7][gc,start    ] GC(6) Pause Young (Mixed) (Metadata GC Threshold)
[2025-03-03T15:45:07.490+0000][7][gc,task     ] GC(6) Using 13 workers of 13 for evacuation
[2025-03-03T15:45:07.491+0000][7][gc,age      ] GC(6) Desired survivor size 81788928 bytes, new threshold 15 (max threshold 15)
[2025-03-03T15:45:07.544+0000][7][gc,phases   ] GC(6)   Pre Evacuate Collection Set: 0.53ms
[2025-03-03T15:45:07.544+0000][7][gc,phases   ] GC(6)   Merge Heap Roots: 0.39ms
[2025-03-03T15:45:07.544+0000][7][gc,phases   ] GC(6)   Evacuate Collection Set: 45.76ms
[2025-03-03T15:45:07.544+0000][7][gc,phases   ] GC(6)   Post Evacuate Collection Set: 2.67ms
[2025-03-03T15:45:07.545+0000][7][gc,phases   ] GC(6)   Other: 3.90ms
[2025-03-03T15:45:07.545+0000][7][gc,age      ] GC(6) Age table with threshold 15 (max threshold 15)
[2025-03-03T15:45:07.552+0000][7][gc,age      ] GC(6) - age   1:      55216 bytes,      55216 total
[2025-03-03T15:45:07.552+0000][7][gc,age      ] GC(6) - age   2:   28650952 bytes,   28706168 total
[2025-03-03T15:45:07.552+0000][7][gc,age      ] GC(6) - age   3:    6212320 bytes,   34918488 total
[2025-03-03T15:45:07.552+0000][7][gc,age      ] GC(6) - age   4:    1649736 bytes,   36568224 total
[2025-03-03T15:45:07.552+0000][7][gc,age      ] GC(6) - age   5:    1896720 bytes,   38464944 total
[2025-03-03T15:45:07.553+0000][7][gc,heap     ] GC(6) Eden regions: 1->0(33)
[2025-03-03T15:45:07.553+0000][7][gc,heap     ] GC(6) Survivor regions: 10->10(39)
[2025-03-03T15:45:07.553+0000][7][gc,heap     ] GC(6) Old regions: 3->3
[2025-03-03T15:45:07.553+0000][7][gc,heap     ] GC(6) Humongous regions: 0->0
[2025-03-03T15:45:07.554+0000][7][gc,metaspace] GC(6) Metaspace: 35496K(36480K)->35496K(36480K) NonClass: 30813K(31424K)->30813K(31424K) Class: 4682K(5056K)->4682K(5056K)
[2025-03-03T15:45:07.554+0000][7][gc          ] GC(6) Pause Young (Mixed) (Metadata GC Threshold) 51M->48M(2048M) 63.972ms
[2025-03-03T15:45:07.554+0000][7][gc,cpu      ] GC(6) User=0.14s Sys=0.00s Real=0.06s
[2025-03-03T15:45:07.555+0000][7][safepoint   ] Safepoint "CollectForMetadataAllocation", Time since last: 123675462 ns, Reaching safepoint: 7815 ns, Cleanup: 17937 ns, At safepoint: 64788002 ns, Total: 64813754 ns
[2025-03-03T15:45:07.610+0000][7][gc,start    ] GC(7) Pause Young (Concurrent Start) (Metadata GC Threshold)
[2025-03-03T15:45:07.610+0000][7][gc,task     ] GC(7) Using 13 workers of 13 for evacuation
[2025-03-03T15:45:07.610+0000][7][gc,age      ] GC(7) Desired survivor size 12582912 bytes, new threshold 2 (max threshold 15)
[2025-03-03T15:45:07.653+0000][7][gc,phases   ] GC(7)   Pre Evacuate Collection Set: 1.76ms
[2025-03-03T15:45:07.661+0000][7][gc,phases   ] GC(7)   Merge Heap Roots: 0.37ms
[2025-03-03T15:45:07.661+0000][7][gc,phases   ] GC(7)   Evacuate Collection Set: 38.65ms
[2025-03-03T15:45:07.661+0000][7][gc,phases   ] GC(7)   Post Evacuate Collection Set: 1.45ms
[2025-03-03T15:45:07.661+0000][7][gc,phases   ] GC(7)   Other: 0.81ms
[2025-03-03T15:45:07.661+0000][7][gc,age      ] GC(7) Age table with threshold 2 (max threshold 15)
[2025-03-03T15:45:07.661+0000][7][gc,age      ] GC(7) - age   1:      99376 bytes,      99376 total
[2025-03-03T15:45:07.661+0000][7][gc,age      ] GC(7) - age   2:      53792 bytes,     153168 total
[2025-03-03T15:45:07.661+0000][7][gc,heap     ] GC(7) Eden regions: 1->0(306)
[2025-03-03T15:45:07.662+0000][7][gc,heap     ] GC(7) Survivor regions: 10->1(6)
[2025-03-03T15:45:07.662+0000][7][gc,heap     ] GC(7) Old regions: 3->12
[2025-03-03T15:45:07.662+0000][7][gc,heap     ] GC(7) Humongous regions: 0->0
[2025-03-03T15:45:07.665+0000][7][gc,metaspace] GC(7) Metaspace: 35794K(36800K)->35794K(36800K) NonClass: 31081K(31680K)->31081K(31680K) Class: 4712K(5120K)->4712K(5120K)
[2025-03-03T15:45:07.665+0000][7][gc          ] GC(7) Pause Young (Concurrent Start) (Metadata GC Threshold) 52M->49M(2048M) 54.984ms
[2025-03-03T15:45:07.665+0000][7][gc,cpu      ] GC(7) User=0.12s Sys=0.00s Real=0.05s
[2025-03-03T15:45:07.665+0000][7][gc          ] GC(8) Concurrent Mark Cycle
[2025-03-03T15:45:07.665+0000][7][gc,marking  ] GC(8) Concurrent Scan Root Regions
[2025-03-03T15:45:07.666+0000][7][safepoint   ] Safepoint "CollectForMetadataAllocation", Time since last: 55115801 ns, Reaching safepoint: 6053 ns, Cleanup: 14126 ns, At safepoint: 55833500 ns, Total: 55853679 ns
[2025-03-03T15:45:07.691+0000][7][gc,marking  ] GC(8) Concurrent Scan Root Regions 25.141ms
[2025-03-03T15:45:07.692+0000][7][gc,marking  ] GC(8) Concurrent Mark
[2025-03-03T15:45:07.693+0000][7][gc,marking  ] GC(8) Concurrent Mark From Roots
[2025-03-03T15:45:07.693+0000][7][gc,task     ] GC(8) Using 3 workers of 3 for marking
[2025-03-03T15:45:07.731+0000][7][gc,marking  ] GC(8) Concurrent Mark From Roots 37.774ms
[2025-03-03T15:45:07.731+0000][7][gc,marking  ] GC(8) Concurrent Preclean
[2025-03-03T15:45:07.731+0000][7][gc,marking  ] GC(8) Concurrent Preclean 0.238ms
[2025-03-03T15:45:07.740+0000][7][gc,start    ] GC(8) Pause Remark
[2025-03-03T15:45:07.761+0000][7][gc          ] GC(8) Pause Remark 51M->51M(2048M) 21.674ms
[2025-03-03T15:45:07.762+0000][7][gc,cpu      ] GC(8) User=0.03s Sys=0.00s Real=0.02s
[2025-03-03T15:45:07.770+0000][7][safepoint   ] Safepoint "G1PauseRemark", Time since last: 69604986 ns, Reaching safepoint: 4356453 ns, Cleanup: 9431 ns, At safepoint: 30774780 ns, Total: 35140664 ns
[2025-03-03T15:45:07.776+0000][7][gc,marking  ] GC(8) Concurrent Mark 83.354ms
[2025-03-03T15:45:07.776+0000][7][gc,marking  ] GC(8) Concurrent Rebuild Remembered Sets and Scrub Regions
[2025-03-03T15:45:07.820+0000][7][gc,marking  ] GC(8) Concurrent Rebuild Remembered Sets and Scrub Regions 44.188ms
[2025-03-03T15:45:07.825+0000][7][gc,start    ] GC(8) Pause Cleanup
[2025-03-03T15:45:07.829+0000][7][gc          ] GC(8) Pause Cleanup 51M->51M(2048M) 4.151ms
[2025-03-03T15:45:07.830+0000][7][gc,cpu      ] GC(8) User=0.00s Sys=0.00s Real=0.01s
[2025-03-03T15:45:07.833+0000][7][safepoint   ] Safepoint "G1PauseCleanup", Time since last: 51098304 ns, Reaching safepoint: 3435237 ns, Cleanup: 20759 ns, At safepoint: 7570324 ns, Total: 11026320 ns
[2025-03-03T15:45:07.833+0000][7][gc,marking  ] GC(8) Concurrent Clear Claimed Marks
[2025-03-03T15:45:07.841+0000][7][gc,marking  ] GC(8) Concurrent Clear Claimed Marks 8.364ms
[2025-03-03T15:45:07.841+0000][7][gc,marking  ] GC(8) Concurrent Cleanup for Next Mark
[2025-03-03T15:45:07.849+0000][7][gc,marking  ] GC(8) Concurrent Cleanup for Next Mark 7.527ms
[2025-03-03T15:45:07.849+0000][7][gc          ] GC(8) Concurrent Mark Cycle 184.161ms
[2025-03-03T15:45:09.626+0000][7][safepoint   ] Safepoint "Cleanup", Time since last: 1792812698 ns, Reaching safepoint: 8489 ns, Cleanup: 357139 ns, At safepoint: 21892 ns, Total: 387520 ns
[2025-03-03T15:45:11.103+0000][7][safepoint   ] Safepoint "Cleanup", Time since last: 1465699920 ns, Reaching safepoint: 11170260 ns, Cleanup: 122374 ns, At safepoint: 87664 ns, Total: 11380298 ns
[2025-03-03T15:45:12.109+0000][7][safepoint   ] Safepoint "Cleanup", Time since last: 1004768994 ns, Reaching safepoint: 892975 ns, Cleanup: 34771 ns, At safepoint: 18523 ns, Total: 946269 ns
[2025-03-03T15:45:13.845+0000][7][safepoint   ] Safepoint "ICBufferFull", Time since last: 1735733046 ns, Reaching safepoint: 10097 ns, Cleanup: 155048 ns, At safepoint: 461341 ns, Total: 626486 ns
[2025-03-03T15:45:15.477+0000][7][safepoint   ] Safepoint "Cleanup", Time since last: 1630777077 ns, Reaching safepoint: 938240 ns, Cleanup: 130513 ns, At safepoint: 52744 ns, Total: 1121497 ns
[2025-03-03T15:45:15.539+0000][7][gc,start    ] GC(9) Pause Young (Concurrent Start) (Metadata GC Threshold)
[2025-03-03T15:45:15.539+0000][7][gc,task     ] GC(9) Using 13 workers of 13 for evacuation
[2025-03-03T15:45:15.539+0000][7][gc,age      ] GC(9) Desired survivor size 81788928 bytes, new threshold 15 (max threshold 15)
[2025-03-03T15:45:15.568+0000][7][gc,phases   ] GC(9)   Pre Evacuate Collection Set: 1.36ms
[2025-03-03T15:45:15.568+0000][7][gc,phases   ] GC(9)   Merge Heap Roots: 0.67ms
[2025-03-03T15:45:15.569+0000][7][gc,phases   ] GC(9)   Evacuate Collection Set: 16.61ms
[2025-03-03T15:45:15.569+0000][7][gc,phases   ] GC(9)   Post Evacuate Collection Set: 9.89ms
[2025-03-03T15:45:15.569+0000][7][gc,phases   ] GC(9)   Other: 0.63ms
[2025-03-03T15:45:15.569+0000][7][gc,age      ] GC(9) Age table with threshold 15 (max threshold 15)
[2025-03-03T15:45:15.570+0000][7][gc,age      ] GC(9) - age   1:   12556912 bytes,   12556912 total
[2025-03-03T15:45:15.570+0000][7][gc,age      ] GC(9) - age   2:      74984 bytes,   12631896 total
[2025-03-03T15:45:15.570+0000][7][gc,age      ] GC(9) - age   3:      53696 bytes,   12685592 total
[2025-03-03T15:45:15.571+0000][7][gc,heap     ] GC(9) Eden regions: 118->0(303)
[2025-03-03T15:45:15.571+0000][7][gc,heap     ] GC(9) Survivor regions: 1->4(39)
[2025-03-03T15:45:15.571+0000][7][gc,heap     ] GC(9) Old regions: 12->12
[2025-03-03T15:45:15.571+0000][7][gc,heap     ] GC(9) Humongous regions: 0->0
[2025-03-03T15:45:15.571+0000][7][gc,metaspace] GC(9) Metaspace: 60632K(61760K)->60632K(61760K) NonClass: 52350K(53056K)->52350K(53056K) Class: 8281K(8704K)->8281K(8704K)
[2025-03-03T15:45:15.572+0000][7][gc          ] GC(9) Pause Young (Concurrent Start) (Metadata GC Threshold) 519M->59M(2048M) 33.050ms
[2025-03-03T15:45:15.572+0000][7][gc,cpu      ] GC(9) User=0.06s Sys=0.01s Real=0.03s
[2025-03-03T15:45:15.572+0000][7][gc          ] GC(10) Concurrent Mark Cycle
[2025-03-03T15:45:15.572+0000][7][gc,marking  ] GC(10) Concurrent Scan Root Regions
[2025-03-03T15:45:15.572+0000][7][safepoint   ] Safepoint "CollectForMetadataAllocation", Time since last: 61722681 ns, Reaching safepoint: 7604 ns, Cleanup: 15414 ns, At safepoint: 33872470 ns, Total: 33895488 ns
[2025-03-03T15:45:15.590+0000][7][gc,marking  ] GC(10) Concurrent Scan Root Regions 17.785ms
[2025-03-03T15:45:15.591+0000][7][gc,marking  ] GC(10) Concurrent Mark
[2025-03-03T15:45:15.597+0000][7][gc,marking  ] GC(10) Concurrent Mark From Roots
[2025-03-03T15:45:15.597+0000][7][gc,task     ] GC(10) Using 3 workers of 3 for marking
[2025-03-03T15:45:15.651+0000][7][safepoint   ] Safepoint "CollectForMetadataAllocation", Time since last: 75011906 ns, Reaching safepoint: 1224652 ns, Cleanup: 14822 ns, At safepoint: 1864532 ns, Total: 3104006 ns
[2025-03-03T15:45:15.694+0000][7][gc,marking  ] GC(10) Concurrent Mark From Roots 97.386ms
[2025-03-03T15:45:15.694+0000][7][gc,marking  ] GC(10) Concurrent Preclean
[2025-03-03T15:45:15.695+0000][7][gc,marking  ] GC(10) Concurrent Preclean 0.386ms
[2025-03-03T15:45:15.696+0000][7][gc,start    ] GC(10) Pause Remark
[2025-03-03T15:45:15.712+0000][7][gc          ] GC(10) Pause Remark 67M->67M(2048M) 16.014ms
[2025-03-03T15:45:15.712+0000][7][gc,cpu      ] GC(10) User=0.04s Sys=0.01s Real=0.02s
[2025-03-03T15:45:15.714+0000][7][safepoint   ] Safepoint "G1PauseRemark", Time since last: 44452639 ns, Reaching safepoint: 596686 ns, Cleanup: 5660 ns, At safepoint: 18232334 ns, Total: 18834680 ns
[2025-03-03T15:45:15.714+0000][7][gc,marking  ] GC(10) Concurrent Mark 122.803ms
[2025-03-03T15:45:15.714+0000][7][gc,marking  ] GC(10) Concurrent Rebuild Remembered Sets and Scrub Regions
[2025-03-03T15:45:15.764+0000][7][gc,marking  ] GC(10) Concurrent Rebuild Remembered Sets and Scrub Regions 49.277ms
[2025-03-03T15:45:15.767+0000][7][gc,start    ] GC(10) Pause Cleanup
[2025-03-03T15:45:15.772+0000][7][gc          ] GC(10) Pause Cleanup 69M->69M(2048M) 4.793ms
[2025-03-03T15:45:15.772+0000][7][gc,cpu      ] GC(10) User=0.00s Sys=0.00s Real=0.01s
[2025-03-03T15:45:15.773+0000][7][safepoint   ] Safepoint "G1PauseCleanup", Time since last: 53302146 ns, Reaching safepoint: 8721 ns, Cleanup: 14379 ns, At safepoint: 5504093 ns, Total: 5527193 ns
[2025-03-03T15:45:15.773+0000][7][gc,marking  ] GC(10) Concurrent Clear Claimed Marks
[2025-03-03T15:45:15.773+0000][7][gc,marking  ] GC(10) Concurrent Clear Claimed Marks 0.245ms
[2025-03-03T15:45:15.773+0000][7][gc,marking  ] GC(10) Concurrent Cleanup for Next Mark
[2025-03-03T15:45:15.776+0000][7][gc,marking  ] GC(10) Concurrent Cleanup for Next Mark 2.412ms
[2025-03-03T15:45:15.777+0000][7][gc          ] GC(10) Concurrent Mark Cycle 204.896ms
[2025-03-03T15:45:16.775+0000][7][safepoint   ] Safepoint "Cleanup", Time since last: 1000873008 ns, Reaching safepoint: 1145830 ns, Cleanup: 28198 ns, At safepoint: 173475 ns, Total: 1347503 ns
[2025-03-03T15:45:17.993+0000][7][safepoint   ] Safepoint "ICBufferFull", Time since last: 1217128783 ns, Reaching safepoint: 663848 ns, Cleanup: 214882 ns, At safepoint: 566267 ns, Total: 1444997 ns
[2025-03-03T15:45:19.135+0000][7][safepoint   ] Safepoint "Cleanup", Time since last: 1142034280 ns, Reaching safepoint: 311889 ns, Cleanup: 129729 ns, At safepoint: 53073 ns, Total: 494691 ns
[2025-03-03T15:45:20.230+0000][7][safepoint   ] Safepoint "Cleanup", Time since last: 1094304320 ns, Reaching safepoint: 4899 ns, Cleanup: 78459 ns, At safepoint: 42195 ns, Total: 125553 ns
[2025-03-03T15:45:21.095+0000][7][safepoint   ] Safepoint "ICBufferFull", Time since last: 865253249 ns, Reaching safepoint: 12460 ns, Cleanup: 109629 ns, At safepoint: 8902 ns, Total: 130991 ns
[2025-03-03T15:45:22.099+0000][7][safepoint   ] Safepoint "Cleanup", Time since last: 1003854929 ns, Reaching safepoint: 41339 ns, Cleanup: 131398 ns, At safepoint: 18458 ns, Total: 191195 ns
[2025-03-03T15:45:23.742+0000][7][safepoint   ] Safepoint "Cleanup", Time since last: 1642997090 ns, Reaching safepoint: 7565 ns, Cleanup: 105666 ns, At safepoint: 53052 ns, Total: 166283 ns
[2025-03-03T15:45:24.745+0000][7][safepoint   ] Safepoint "Cleanup", Time since last: 1002621547 ns, Reaching safepoint: 14420 ns, Cleanup: 93763 ns, At safepoint: 11704 ns, Total: 119887 ns
[2025-03-03T15:45:26.391+0000][7][safepoint   ] Safepoint "Cleanup", Time since last: 1644758714 ns, Reaching safepoint: 1111229 ns, Cleanup: 76633 ns, At safepoint: 108939 ns, Total: 1296801 ns
[2025-03-03T15:45:26.684+0000][7][safepoint   ] Safepoint "ICBufferFull", Time since last: 291565877 ns, Reaching safepoint: 1186284 ns, Cleanup: 76334 ns, At safepoint: 34685 ns, Total: 1297303 ns
[2025-03-03T15:45:27.288+0000][7][safepoint   ] Safepoint "ICBufferFull", Time since last: 604155413 ns, Reaching safepoint: 11223 ns, Cleanup: 92472 ns, At safepoint: 7172 ns, Total: 110867 ns
[2025-03-03T15:45:28.296+0000][7][safepoint   ] Safepoint "Cleanup", Time since last: 1007839340 ns, Reaching safepoint: 14499 ns, Cleanup: 55494 ns, At safepoint: 9406 ns, Total: 79399 ns
[2025-03-03T15:45:29.297+0000][7][safepoint   ] Safepoint "Cleanup", Time since last: 1000810060 ns, Reaching safepoint: 13109 ns, Cleanup: 36181 ns, At safepoint: 10108 ns, Total: 59398 ns
[2025-03-03T15:45:30.298+0000][7][safepoint   ] Safepoint "Cleanup", Time since last: 1000872064 ns, Reaching safepoint: 15251 ns, Cleanup: 52360 ns, At safepoint: 8421 ns, Total: 76032 ns
[2025-03-03T15:45:31.751+0000][7][safepoint   ] Safepoint "Cleanup", Time since last: 1452674990 ns, Reaching safepoint: 201294 ns, Cleanup: 103172 ns, At safepoint: 294368 ns, Total: 598834 ns
[2025-03-03T15:45:33.396+0000][7][safepoint   ] Safepoint "Cleanup", Time since last: 1644596473 ns, Reaching safepoint: 11248 ns, Cleanup: 66571 ns, At safepoint: 8278 ns, Total: 86097 ns
[2025-03-03T15:45:33.758+0000][7][safepoint   ] Safepoint "ICBufferFull", Time since last: 361629177 ns, Reaching safepoint: 379589 ns, Cleanup: 214823 ns, At safepoint: 170540 ns, Total: 764952 ns
[2025-03-03T15:45:34.669+0000][7][safepoint   ] Safepoint "ICBufferFull", Time since last: 910775470 ns, Reaching safepoint: 15519 ns, Cleanup: 169695 ns, At safepoint: 70616 ns, Total: 255830 ns
[2025-03-03T15:45:35.354+0000][7][safepoint   ] Safepoint "ICBufferFull", Time since last: 684670383 ns, Reaching safepoint: 11810 ns, Cleanup: 96686 ns, At safepoint: 115909 ns, Total: 224405 ns
[2025-03-03T15:45:36.058+0000][7][safepoint   ] Safepoint "ICBufferFull", Time since last: 702994200 ns, Reaching safepoint: 637459 ns, Cleanup: 111898 ns, At safepoint: 156949 ns, Total: 906306 ns
[2025-03-03T15:45:36.061+0000][7][safepoint   ] Safepoint "ICBufferFull", Time since last: 1447040 ns, Reaching safepoint: 1312565 ns, Cleanup: 33842 ns, At safepoint: 451741 ns, Total: 1798148 ns
[2025-03-03T15:45:36.632+0000][7][safepoint   ] Safepoint "ICBufferFull", Time since last: 570037357 ns, Reaching safepoint: 456053 ns, Cleanup: 218008 ns, At safepoint: 95190 ns, Total: 769251 ns
[2025-03-03T15:45:37.634+0000][7][safepoint   ] Safepoint "Cleanup", Time since last: 1001618487 ns, Reaching safepoint: 22757 ns, Cleanup: 136144 ns, At safepoint: 17031 ns, Total: 175932 ns
[2025-03-03T15:45:38.636+0000][7][safepoint   ] Safepoint "Cleanup", Time since last: 1001874621 ns, Reaching safepoint: 16965 ns, Cleanup: 85845 ns, At safepoint: 10625 ns, Total: 113435 ns
[2025-03-03T15:45:40.066+0000][7][safepoint   ] Safepoint "Cleanup", Time since last: 1430218819 ns, Reaching safepoint: 58113 ns, Cleanup: 42721 ns, At safepoint: 30254 ns, Total: 131088 ns
[2025-03-03T15:45:40.178+0000][7][gc,start    ] GC(11) Pause Young (Concurrent Start) (Metadata GC Threshold)
[2025-03-03T15:45:40.178+0000][7][gc,task     ] GC(11) Using 13 workers of 13 for evacuation
[2025-03-03T15:45:40.178+0000][7][gc,age      ] GC(11) Desired survivor size 81788928 bytes, new threshold 15 (max threshold 15)
[2025-03-03T15:45:40.206+0000][7][gc,phases   ] GC(11)   Pre Evacuate Collection Set: 0.56ms
[2025-03-03T15:45:40.206+0000][7][gc,phases   ] GC(11)   Merge Heap Roots: 0.30ms
[2025-03-03T15:45:40.206+0000][7][gc,phases   ] GC(11)   Evacuate Collection Set: 21.89ms
[2025-03-03T15:45:40.206+0000][7][gc,phases   ] GC(11)   Post Evacuate Collection Set: 4.68ms
[2025-03-03T15:45:40.207+0000][7][gc,phases   ] GC(11)   Other: 0.47ms
[2025-03-03T15:45:40.207+0000][7][gc,age      ] GC(11) Age table with threshold 15 (max threshold 15)
[2025-03-03T15:45:40.207+0000][7][gc,age      ] GC(11) - age   1:   71955592 bytes,   71955592 total
[2025-03-03T15:45:40.207+0000][7][gc,age      ] GC(11) - age   2:   11760896 bytes,   83716488 total
[2025-03-03T15:45:40.207+0000][7][gc,age      ] GC(11) - age   3:      73976 bytes,   83790464 total
[2025-03-03T15:45:40.207+0000][7][gc,age      ] GC(11) - age   4:      52192 bytes,   83842656 total
[2025-03-03T15:45:40.207+0000][7][gc,heap     ] GC(11) Eden regions: 179->0(181)
[2025-03-03T15:45:40.208+0000][7][gc,heap     ] GC(11) Survivor regions: 4->22(39)
[2025-03-03T15:45:40.208+0000][7][gc,heap     ] GC(11) Old regions: 12->12
[2025-03-03T15:45:40.208+0000][7][gc,heap     ] GC(11) Humongous regions: 2->2
[2025-03-03T15:45:40.208+0000][7][gc,metaspace] GC(11) Metaspace: 101023K(103680K)->101023K(103680K) NonClass: 86696K(88192K)->86696K(88192K) Class: 14326K(15488K)->14326K(15488K)
[2025-03-03T15:45:40.208+0000][7][gc          ] GC(11) Pause Young (Concurrent Start) (Metadata GC Threshold) 783M->142M(2048M) 30.181ms
[2025-03-03T15:45:40.208+0000][7][gc,cpu      ] GC(11) User=0.28s Sys=0.01s Real=0.03s
[2025-03-03T15:45:40.208+0000][7][gc          ] GC(12) Concurrent Mark Cycle
[2025-03-03T15:45:40.208+0000][7][gc,marking  ] GC(12) Concurrent Scan Root Regions
[2025-03-03T15:45:40.209+0000][7][safepoint   ] Safepoint "CollectForMetadataAllocation", Time since last: 110882064 ns, Reaching safepoint: 507153 ns, Cleanup: 24167 ns, At safepoint: 30730140 ns, Total: 31261460 ns
[2025-03-03T15:45:40.224+0000][7][gc,marking  ] GC(12) Concurrent Scan Root Regions 15.779ms
[2025-03-03T15:45:40.224+0000][7][gc,marking  ] GC(12) Concurrent Mark
[2025-03-03T15:45:40.224+0000][7][gc,marking  ] GC(12) Concurrent Mark From Roots
[2025-03-03T15:45:40.225+0000][7][gc,task     ] GC(12) Using 3 workers of 3 for marking
[2025-03-03T15:45:40.250+0000][7][gc,marking  ] GC(12) Concurrent Mark From Roots 25.478ms
[2025-03-03T15:45:40.251+0000][7][gc,marking  ] GC(12) Concurrent Preclean
[2025-03-03T15:45:40.251+0000][7][gc,marking  ] GC(12) Concurrent Preclean 0.447ms
[2025-03-03T15:45:40.252+0000][7][gc,start    ] GC(12) Pause Remark
[2025-03-03T15:45:40.260+0000][7][gc          ] GC(12) Pause Remark 152M->152M(2048M) 8.479ms
[2025-03-03T15:45:40.261+0000][7][gc,cpu      ] GC(12) User=0.03s Sys=0.01s Real=0.01s
[2025-03-03T15:45:40.261+0000][7][safepoint   ] Safepoint "G1PauseRemark", Time since last: 43002524 ns, Reaching safepoint: 14535 ns, Cleanup: 40723 ns, At safepoint: 9514185 ns, Total: 9569443 ns
[2025-03-03T15:45:40.261+0000][7][gc,marking  ] GC(12) Concurrent Mark 37.028ms
[2025-03-03T15:45:40.262+0000][7][gc,marking  ] GC(12) Concurrent Rebuild Remembered Sets and Scrub Regions
[2025-03-03T15:45:40.273+0000][7][gc,marking  ] GC(12) Concurrent Rebuild Remembered Sets and Scrub Regions 11.770ms
[2025-03-03T15:45:40.274+0000][7][gc,start    ] GC(12) Pause Cleanup
[2025-03-03T15:45:40.275+0000][7][gc          ] GC(12) Pause Cleanup 154M->154M(2048M) 0.740ms
[2025-03-03T15:45:40.275+0000][7][gc,cpu      ] GC(12) User=0.00s Sys=0.00s Real=0.00s
[2025-03-03T15:45:40.275+0000][7][safepoint   ] Safepoint "G1PauseCleanup", Time since last: 12754080 ns, Reaching safepoint: 12773 ns, Cleanup: 15920 ns, At safepoint: 1193779 ns, Total: 1222472 ns
[2025-03-03T15:45:40.275+0000][7][gc,marking  ] GC(12) Concurrent Clear Claimed Marks
[2025-03-03T15:45:40.276+0000][7][gc,marking  ] GC(12) Concurrent Clear Claimed Marks 0.346ms
[2025-03-03T15:45:40.276+0000][7][gc,marking  ] GC(12) Concurrent Cleanup for Next Mark
[2025-03-03T15:45:40.278+0000][7][gc,marking  ] GC(12) Concurrent Cleanup for Next Mark 1.603ms
[2025-03-03T15:45:40.278+0000][7][gc          ] GC(12) Concurrent Mark Cycle 69.867ms
[2025-03-03T15:45:40.608+0000][7][safepoint   ] Safepoint "ICBufferFull", Time since last: 332791969 ns, Reaching safepoint: 15666 ns, Cleanup: 132853 ns, At safepoint: 148715 ns, Total: 297234 ns
[2025-03-03T15:45:41.548+0000][7][safepoint   ] Safepoint "ICBufferFull", Time since last: 939590282 ns, Reaching safepoint: 13339 ns, Cleanup: 138211 ns, At safepoint: 9987 ns, Total: 161537 ns
[2025-03-03T15:45:42.549+0000][7][safepoint   ] Safepoint "Cleanup", Time since last: 1000877852 ns, Reaching safepoint: 12221 ns, Cleanup: 43193 ns, At safepoint: 6670 ns, Total: 62084 ns
[2025-03-03T15:45:43.550+0000][7][safepoint   ] Safepoint "Cleanup", Time since last: 1001013647 ns, Reaching safepoint: 15393 ns, Cleanup: 102649 ns, At safepoint: 7830 ns, Total: 125872 ns
[2025-03-03T15:45:44.551+0000][7][safepoint   ] Safepoint "Cleanup", Time since last: 1001209669 ns, Reaching safepoint: 19660 ns, Cleanup: 44985 ns, At safepoint: 12514 ns, Total: 77159 ns
[2025-03-03T15:45:45.553+0000][7][safepoint   ] Safepoint "Cleanup", Time since last: 1000663072 ns, Reaching safepoint: 1030044 ns, Cleanup: 36921 ns, At safepoint: 103404 ns, Total: 1170369 ns
[2025-03-03T15:45:46.554+0000][7][safepoint   ] Safepoint "Cleanup", Time since last: 1000984031 ns, Reaching safepoint: 20014 ns, Cleanup: 31893 ns, At safepoint: 12465 ns, Total: 64372 ns
[2025-03-03T15:45:47.556+0000][7][safepoint   ] Safepoint "Cleanup", Time since last: 1001660739 ns, Reaching safepoint: 13140 ns, Cleanup: 12311 ns, At safepoint: 6546 ns, Total: 31997 ns
[2025-03-03T15:45:48.555+0000][7][safepoint   ] Safepoint "Cleanup", Time since last: 1000957460 ns, Reaching safepoint: 1128394 ns, Cleanup: 15980 ns, At safepoint: 82644 ns, Total: 1227018 ns
[2025-03-03T15:45:49.556+0000][7][safepoint   ] Safepoint "Cleanup", Time since last: 1000826689 ns, Reaching safepoint: 13308 ns, Cleanup: 31613 ns, At safepoint: 6956 ns, Total: 51877 ns
[2025-03-03T15:45:51.558+0000][7][safepoint   ] Safepoint "Cleanup", Time since last: 2002106562 ns, Reaching safepoint: 11868 ns, Cleanup: 28046 ns, At safepoint: 6882 ns, Total: 46796 ns
[2025-03-03T15:45:53.531+0000][7][safepoint   ] Safepoint "Cleanup", Time since last: 1972805691 ns, Reaching safepoint: 33184 ns, Cleanup: 20629 ns, At safepoint: 7576 ns, Total: 61389 ns
[2025-03-03T15:45:54.533+0000][7][safepoint   ] Safepoint "Cleanup", Time since last: 1001060177 ns, Reaching safepoint: 852508 ns, Cleanup: 14310 ns, At safepoint: 86421 ns, Total: 953239 ns
[2025-03-03T15:45:55.534+0000][7][safepoint   ] Safepoint "Cleanup", Time since last: 1000851557 ns, Reaching safepoint: 14558 ns, Cleanup: 40412 ns, At safepoint: 5551 ns, Total: 60521 ns
[2025-03-03T15:45:56.535+0000][7][safepoint   ] Safepoint "Cleanup", Time since last: 1001077979 ns, Reaching safepoint: 25679 ns, Cleanup: 17764 ns, At safepoint: 17227 ns, Total: 60670 ns
[2025-03-03T15:45:57.536+0000][7][safepoint   ] Safepoint "Cleanup", Time since last: 1000987552 ns, Reaching safepoint: 12768 ns, Cleanup: 17947 ns, At safepoint: 5474 ns, Total: 36189 ns
[2025-03-03T15:45:58.537+0000][7][safepoint   ] Safepoint "Cleanup", Time since last: 1000852965 ns, Reaching safepoint: 13341 ns, Cleanup: 12419 ns, At safepoint: 6620 ns, Total: 32380 ns
[2025-03-03T15:46:00.543+0000][7][safepoint   ] Safepoint "Cleanup", Time since last: 2005879063 ns, Reaching safepoint: 10317 ns, Cleanup: 13464 ns, At safepoint: 27507 ns, Total: 51288 ns
[2025-03-03T15:46:01.544+0000][7][safepoint   ] Safepoint "Cleanup", Time since last: 1001043877 ns, Reaching safepoint: 20667 ns, Cleanup: 140245 ns, At safepoint: 15240 ns, Total: 176152 ns
[2025-03-03T15:46:03.546+0000][7][safepoint   ] Safepoint "Cleanup", Time since last: 2001942116 ns, Reaching safepoint: 18228 ns, Cleanup: 15258 ns, At safepoint: 11577 ns, Total: 45063 ns
[2025-03-03T15:46:04.547+0000][7][safepoint   ] Safepoint "Cleanup", Time since last: 1000776943 ns, Reaching safepoint: 17121 ns, Cleanup: 16794 ns, At safepoint: 7899 ns, Total: 41814 ns
[2025-03-03T15:46:05.548+0000][7][safepoint   ] Safepoint "Cleanup", Time since last: 1001148294 ns, Reaching safepoint: 23720 ns, Cleanup: 35436 ns, At safepoint: 13774 ns, Total: 72930 ns
[2025-03-03T15:46:06.550+0000][7][safepoint   ] Safepoint "Cleanup", Time since last: 1000862110 ns, Reaching safepoint: 1026016 ns, Cleanup: 17640 ns, At safepoint: 65334 ns, Total: 1108990 ns
[2025-03-03T15:46:07.551+0000][7][safepoint   ] Safepoint "Cleanup", Time since last: 1000884673 ns, Reaching safepoint: 14958 ns, Cleanup: 31519 ns, At safepoint: 6969 ns, Total: 53446 ns
[2025-03-03T15:46:10.554+0000][7][safepoint   ] Safepoint "Cleanup", Time since last: 3002972571 ns, Reaching safepoint: 13837 ns, Cleanup: 30053 ns, At safepoint: 6041 ns, Total: 49931 ns
[2025-03-03T15:46:12.556+0000][7][safepoint   ] Safepoint "Cleanup", Time since last: 2001842360 ns, Reaching safepoint: 16340 ns, Cleanup: 14358 ns, At safepoint: 8635 ns, Total: 39333 ns
[2025-03-03T15:46:13.559+0000][7][safepoint   ] Safepoint "Cleanup", Time since last: 1002980701 ns, Reaching safepoint: 18069 ns, Cleanup: 45679 ns, At safepoint: 24589 ns, Total: 88337 ns
[2025-03-03T15:46:14.562+0000][7][safepoint   ] Safepoint "Cleanup", Time since last: 1003094298 ns, Reaching safepoint: 18469 ns, Cleanup: 13000 ns, At safepoint: 8726 ns, Total: 40195 ns
[2025-03-03T15:46:15.564+0000][7][safepoint   ] Safepoint "Cleanup", Time since last: 1000881540 ns, Reaching safepoint: 933306 ns, Cleanup: 17221 ns, At safepoint: 138802 ns, Total: 1089329 ns
[2025-03-03T15:46:16.565+0000][7][safepoint   ] Safepoint "Cleanup", Time since last: 1000858525 ns, Reaching safepoint: 17033 ns, Cleanup: 23083 ns, At safepoint: 7669 ns, Total: 47785 ns
[2025-03-03T15:46:17.568+0000][7][safepoint   ] Safepoint "Cleanup", Time since last: 1002273748 ns, Reaching safepoint: 24236 ns, Cleanup: 57004 ns, At safepoint: 26307 ns, Total: 107547 ns
[2025-03-03T15:46:18.609+0000][7][safepoint   ] Safepoint "Cleanup", Time since last: 1041677248 ns, Reaching safepoint: 21218 ns, Cleanup: 28570 ns, At safepoint: 11179 ns, Total: 60967 ns
[2025-03-03T15:46:19.610+0000][7][safepoint   ] Safepoint "Cleanup", Time since last: 1000740079 ns, Reaching safepoint: 20902 ns, Cleanup: 31288 ns, At safepoint: 11151 ns, Total: 63341 ns
[2025-03-03T15:46:20.610+0000][7][safepoint   ] Safepoint "Cleanup", Time since last: 1000901560 ns, Reaching safepoint: 18255 ns, Cleanup: 14642 ns, At safepoint: 8620 ns, Total: 41517 ns
[2025-03-03T15:46:21.612+0000][7][safepoint   ] Safepoint "Cleanup", Time since last: 1001063359 ns, Reaching safepoint: 14419 ns, Cleanup: 27246 ns, At safepoint: 7613 ns, Total: 49278 ns
[2025-03-03T15:46:23.614+0000][7][safepoint   ] Safepoint "Cleanup", Time since last: 2001938565 ns, Reaching safepoint: 32741 ns, Cleanup: 10034 ns, At safepoint: 6562 ns, Total: 49337 ns
[2025-03-03T15:46:24.615+0000][7][safepoint   ] Safepoint "Cleanup", Time since last: 1000910331 ns, Reaching safepoint: 24689 ns, Cleanup: 22447 ns, At safepoint: 10092 ns, Total: 57228 ns
[2025-03-03T15:46:25.615+0000][7][safepoint   ] Safepoint "Cleanup", Time since last: 1000900540 ns, Reaching safepoint: 33878 ns, Cleanup: 20645 ns, At safepoint: 5992 ns, Total: 60515 ns
[2025-03-03T15:46:26.617+0000][7][safepoint   ] Safepoint "Cleanup", Time since last: 1001112129 ns, Reaching safepoint: 10737 ns, Cleanup: 39956 ns, At safepoint: 5354 ns, Total: 56047 ns
[2025-03-03T15:46:27.617+0000][7][safepoint   ] Safepoint "Cleanup", Time since last: 1000756430 ns, Reaching safepoint: 15374 ns, Cleanup: 21854 ns, At safepoint: 7369 ns, Total: 44597 ns
[2025-03-03T15:46:29.620+0000][7][safepoint   ] Safepoint "Cleanup", Time since last: 2002226262 ns, Reaching safepoint: 13821 ns, Cleanup: 14232 ns, At safepoint: 7624 ns, Total: 35677 ns
[2025-03-03T15:46:30.620+0000][7][safepoint   ] Safepoint "Cleanup", Time since last: 1000674163 ns, Reaching safepoint: 15896 ns, Cleanup: 26311 ns, At safepoint: 7350 ns, Total: 49557 ns
[2025-03-03T15:46:31.621+0000][7][safepoint   ] Safepoint "Cleanup", Time since last: 1000935381 ns, Reaching safepoint: 13970 ns, Cleanup: 29889 ns, At safepoint: 5590 ns, Total: 49449 ns
[2025-03-03T15:46:32.623+0000][7][safepoint   ] Safepoint "Cleanup", Time since last: 1001124823 ns, Reaching safepoint: 13396 ns, Cleanup: 20829 ns, At safepoint: 6399 ns, Total: 40624 ns
[2025-03-03T15:46:33.624+0000][7][safepoint   ] Safepoint "Cleanup", Time since last: 1000858388 ns, Reaching safepoint: 23267 ns, Cleanup: 36594 ns, At safepoint: 11364 ns, Total: 71225 ns
[2025-03-03T15:46:34.625+0000][7][safepoint   ] Safepoint "Cleanup", Time since last: 1000965660 ns, Reaching safepoint: 15244 ns, Cleanup: 13676 ns, At safepoint: 7876 ns, Total: 36796 ns
[2025-03-03T15:46:37.627+0000][7][safepoint   ] Safepoint "Cleanup", Time since last: 3002894154 ns, Reaching safepoint: 16447 ns, Cleanup: 15676 ns, At safepoint: 8006 ns, Total: 40129 ns
[2025-03-03T15:46:38.629+0000][7][safepoint   ] Safepoint "Cleanup", Time since last: 1001009662 ns, Reaching safepoint: 14987 ns, Cleanup: 16193 ns, At safepoint: 8598 ns, Total: 39778 ns
[2025-03-03T15:46:39.630+0000][7][safepoint   ] Safepoint "Cleanup", Time since last: 1001030887 ns, Reaching safepoint: 94292 ns, Cleanup: 27236 ns, At safepoint: 13883 ns, Total: 135411 ns
[2025-03-03T15:46:40.631+0000][7][safepoint   ] Safepoint "Cleanup", Time since last: 1000864822 ns, Reaching safepoint: 16013 ns, Cleanup: 11807 ns, At safepoint: 7664 ns, Total: 35484 ns
[2025-03-03T15:46:42.632+0000][7][safepoint   ] Safepoint "Cleanup", Time since last: 2001857545 ns, Reaching safepoint: 19668 ns, Cleanup: 23032 ns, At safepoint: 10250 ns, Total: 52950 ns
[2025-03-03T15:46:43.633+0000][7][safepoint   ] Safepoint "Cleanup", Time since last: 1000881496 ns, Reaching safepoint: 15893 ns, Cleanup: 68712 ns, At safepoint: 12714 ns, Total: 97319 ns
[2025-03-03T15:46:44.635+0000][7][safepoint   ] Safepoint "Cleanup", Time since last: 1001026275 ns, Reaching safepoint: 27416 ns, Cleanup: 18906 ns, At safepoint: 10742 ns, Total: 57064 ns
[2025-03-03T15:46:45.636+0000][7][safepoint   ] Safepoint "Cleanup", Time since last: 1001207487 ns, Reaching safepoint: 38746 ns, Cleanup: 109382 ns, At safepoint: 28405 ns, Total: 176533 ns
[2025-03-03T15:46:46.637+0000][7][safepoint   ] Safepoint "Cleanup", Time since last: 1000566217 ns, Reaching safepoint: 22269 ns, Cleanup: 24422 ns, At safepoint: 13158 ns, Total: 59849 ns
[2025-03-03T15:46:47.640+0000][7][safepoint   ] Safepoint "Cleanup", Time since last: 1000856471 ns, Reaching safepoint: 2454351 ns, Cleanup: 56023 ns, At safepoint: 75351 ns, Total: 2585725 ns
[2025-03-03T15:46:48.644+0000][7][safepoint   ] Safepoint "Cleanup", Time since last: 1003746312 ns, Reaching safepoint: 20192 ns, Cleanup: 69294 ns, At safepoint: 14015 ns, Total: 103501 ns
[2025-03-03T15:46:49.650+0000][7][safepoint   ] Safepoint "Cleanup", Time since last: 1005660327 ns, Reaching safepoint: 21347 ns, Cleanup: 34773 ns, At safepoint: 22148 ns, Total: 78268 ns
[2025-03-03T15:46:50.651+0000][7][safepoint   ] Safepoint "Cleanup", Time since last: 1000875343 ns, Reaching safepoint: 14723 ns, Cleanup: 19637 ns, At safepoint: 9039 ns, Total: 43399 ns
[2025-03-03T15:46:51.652+0000][7][safepoint   ] Safepoint "Cleanup", Time since last: 1000938407 ns, Reaching safepoint: 13649 ns, Cleanup: 12744 ns, At safepoint: 9164 ns, Total: 35557 ns
[2025-03-03T15:46:54.536+0000][7][safepoint   ] Safepoint "Cleanup", Time since last: 2883968178 ns, Reaching safepoint: 54542 ns, Cleanup: 29625 ns, At safepoint: 11260 ns, Total: 95427 ns
[2025-03-03T15:46:55.554+0000][7][safepoint   ] Safepoint "Cleanup", Time since last: 1017637052 ns, Reaching safepoint: 18792 ns, Cleanup: 26402 ns, At safepoint: 7844 ns, Total: 53038 ns
[2025-03-03T15:46:56.558+0000][7][safepoint   ] Safepoint "Cleanup", Time since last: 1003173146 ns, Reaching safepoint: 1093998 ns, Cleanup: 11085 ns, At safepoint: 36874 ns, Total: 1141957 ns
[2025-03-03T15:47:00.562+0000][7][safepoint   ] Safepoint "Cleanup", Time since last: 4003887960 ns, Reaching safepoint: 16680 ns, Cleanup: 56013 ns, At safepoint: 27436 ns, Total: 100129 ns
[2025-03-03T15:47:01.564+0000][7][safepoint   ] Safepoint "Cleanup", Time since last: 1001311106 ns, Reaching safepoint: 86730 ns, Cleanup: 127072 ns, At safepoint: 33237 ns, Total: 247039 ns
[2025-03-03T15:47:03.566+0000][7][safepoint   ] Safepoint "Cleanup", Time since last: 2002489789 ns, Reaching safepoint: 11526 ns, Cleanup: 7479 ns, At safepoint: 5875 ns, Total: 24880 ns
[2025-03-03T15:47:04.568+0000][7][safepoint   ] Safepoint "Cleanup", Time since last: 1001921687 ns, Reaching safepoint: 18231 ns, Cleanup: 15179 ns, At safepoint: 6838 ns, Total: 40248 ns
[2025-03-03T15:47:05.569+0000][7][safepoint   ] Safepoint "Cleanup", Time since last: 1001053403 ns, Reaching safepoint: 16901 ns, Cleanup: 20083 ns, At safepoint: 8875 ns, Total: 45859 ns
[2025-03-03T15:47:06.571+0000][7][safepoint   ] Safepoint "Cleanup", Time since last: 1000940347 ns, Reaching safepoint: 856588 ns, Cleanup: 11617 ns, At safepoint: 60494 ns, Total: 928699 ns
[2025-03-03T15:47:07.572+0000][7][safepoint   ] Safepoint "Cleanup", Time since last: 1000899058 ns, Reaching safepoint: 9799 ns, Cleanup: 35432 ns, At safepoint: 5240 ns, Total: 50471 ns
[2025-03-03T15:47:08.575+0000][7][safepoint   ] Safepoint "Cleanup", Time since last: 1001115633 ns, Reaching safepoint: 1810264 ns, Cleanup: 13183 ns, At safepoint: 75179 ns, Total: 1898626 ns
[2025-03-03T15:47:10.578+0000][7][safepoint   ] Safepoint "Cleanup", Time since last: 2003005299 ns, Reaching safepoint: 35161 ns, Cleanup: 14464 ns, At safepoint: 7995 ns, Total: 57620 ns
[2025-03-03T15:47:13.581+0000][7][safepoint   ] Safepoint "Cleanup", Time since last: 3002976265 ns, Reaching safepoint: 12384 ns, Cleanup: 10835 ns, At safepoint: 5946 ns, Total: 29165 ns
[2025-03-03T15:47:14.582+0000][7][safepoint   ] Safepoint "Cleanup", Time since last: 1000858347 ns, Reaching safepoint: 11530 ns, Cleanup: 12074 ns, At safepoint: 19378 ns, Total: 42982 ns
[2025-03-03T15:47:17.586+0000][7][safepoint   ] Safepoint "Cleanup", Time since last: 3004134960 ns, Reaching safepoint: 13751 ns, Cleanup: 11147 ns, At safepoint: 6137 ns, Total: 31035 ns
[2025-03-03T15:47:18.589+0000][7][safepoint   ] Safepoint "Cleanup", Time since last: 1000780044 ns, Reaching safepoint: 13353 ns, Cleanup: 11764 ns, At safepoint: 6242 ns, Total: 31359 ns
[2025-03-03T15:47:19.590+0000][7][safepoint   ] Safepoint "Cleanup", Time since last: 1000993298 ns, Reaching safepoint: 11613 ns, Cleanup: 20351 ns, At safepoint: 6029 ns, Total: 37993 ns
[2025-03-03T15:47:20.591+0000][7][safepoint   ] Safepoint "Cleanup", Time since last: 1000983582 ns, Reaching safepoint: 13747 ns, Cleanup: 10914 ns, At safepoint: 6511 ns, Total: 31172 ns
[2025-03-03T15:47:21.592+0000][7][safepoint   ] Safepoint "Cleanup", Time since last: 1001092237 ns, Reaching safepoint: 12805 ns, Cleanup: 13112 ns, At safepoint: 7153 ns, Total: 33070 ns
[2025-03-03T15:47:25.595+0000][7][safepoint   ] Safepoint "Cleanup", Time since last: 4003738111 ns, Reaching safepoint: 29429 ns, Cleanup: 19254 ns, At safepoint: 5980 ns, Total: 54663 ns
[2025-03-03T15:47:26.597+0000][7][safepoint   ] Safepoint "Cleanup", Time since last: 1001149969 ns, Reaching safepoint: 27087 ns, Cleanup: 42644 ns, At safepoint: 5339 ns, Total: 75070 ns
[2025-03-03T15:47:27.598+0000][7][safepoint   ] Safepoint "Cleanup", Time since last: 1000768250 ns, Reaching safepoint: 10821 ns, Cleanup: 25505 ns, At safepoint: 5332 ns, Total: 41658 ns
[2025-03-03T15:47:28.606+0000][7][safepoint   ] Safepoint "Cleanup", Time since last: 1007711829 ns, Reaching safepoint: 671346 ns, Cleanup: 15321 ns, At safepoint: 12511 ns, Total: 699178 ns
[2025-03-03T15:47:30.621+0000][7][safepoint   ] Safepoint "Cleanup", Time since last: 2014573983 ns, Reaching safepoint: 42155 ns, Cleanup: 19839 ns, At safepoint: 9442 ns, Total: 71436 ns
[2025-03-03T15:47:31.622+0000][7][safepoint   ] Safepoint "Cleanup", Time since last: 1000938786 ns, Reaching safepoint: 14104 ns, Cleanup: 31320 ns, At safepoint: 6640 ns, Total: 52064 ns
[2025-03-03T15:47:33.624+0000][7][safepoint   ] Safepoint "Cleanup", Time since last: 2001892086 ns, Reaching safepoint: 11768 ns, Cleanup: 24646 ns, At safepoint: 5765 ns, Total: 42179 ns
[2025-03-03T15:47:35.626+0000][7][safepoint   ] Safepoint "Cleanup", Time since last: 2002122180 ns, Reaching safepoint: 26474 ns, Cleanup: 8722 ns, At safepoint: 5850 ns, Total: 41046 ns
[2025-03-03T15:47:36.627+0000][7][safepoint   ] Safepoint "Cleanup", Time since last: 1000858954 ns, Reaching safepoint: 13975 ns, Cleanup: 10844 ns, At safepoint: 6963 ns, Total: 31782 ns
[2025-03-03T15:47:37.628+0000][7][safepoint   ] Safepoint "Cleanup", Time since last: 1000991183 ns, Reaching safepoint: 12433 ns, Cleanup: 36348 ns, At safepoint: 4938 ns, Total: 53719 ns
[2025-03-03T15:47:38.629+0000][7][safepoint   ] Safepoint "Cleanup", Time since last: 1001042661 ns, Reaching safepoint: 12477 ns, Cleanup: 8792 ns, At safepoint: 5812 ns, Total: 27081 ns
[2025-03-03T15:47:40.631+0000][7][safepoint   ] Safepoint "Cleanup", Time since last: 2001875575 ns, Reaching safepoint: 56977 ns, Cleanup: 11065 ns, At safepoint: 6924 ns, Total: 74966 ns
[2025-03-03T15:47:41.632+0000][7][safepoint   ] Safepoint "Cleanup", Time since last: 1000887849 ns, Reaching safepoint: 13212 ns, Cleanup: 14186 ns, At safepoint: 6092 ns, Total: 33490 ns
[2025-03-03T15:47:43.634+0000][7][safepoint   ] Safepoint "Cleanup", Time since last: 2001952794 ns, Reaching safepoint: 13455 ns, Cleanup: 12111 ns, At safepoint: 5404 ns, Total: 30970 ns
[2025-03-03T15:47:46.637+0000][7][safepoint   ] Safepoint "Cleanup", Time since last: 3003019921 ns, Reaching safepoint: 28931 ns, Cleanup: 35752 ns, At safepoint: 6225 ns, Total: 70908 ns
[2025-03-03T15:47:49.640+0000][7][safepoint   ] Safepoint "Cleanup", Time since last: 3002991597 ns, Reaching safepoint: 13965 ns, Cleanup: 13511 ns, At safepoint: 8300 ns, Total: 35776 ns
[2025-03-03T15:47:51.642+0000][7][safepoint   ] Safepoint "Cleanup", Time since last: 2001901409 ns, Reaching safepoint: 15539 ns, Cleanup: 15359 ns, At safepoint: 7647 ns, Total: 38545 ns
[2025-03-03T15:47:53.789+0000][7][safepoint   ] Safepoint "Cleanup", Time since last: 2146914851 ns, Reaching safepoint: 13194 ns, Cleanup: 11544 ns, At safepoint: 7313 ns, Total: 32051 ns
[2025-03-03T15:47:54.790+0000][7][safepoint   ] Safepoint "Cleanup", Time since last: 1001114568 ns, Reaching safepoint: 13342 ns, Cleanup: 14038 ns, At safepoint: 7312 ns, Total: 34692 ns
[2025-03-03T15:47:55.792+0000][7][safepoint   ] Safepoint "Cleanup", Time since last: 1001119485 ns, Reaching safepoint: 64842 ns, Cleanup: 11883 ns, At safepoint: 5804 ns, Total: 82529 ns
[2025-03-03T15:47:56.792+0000][7][safepoint   ] Safepoint "Cleanup", Time since last: 1000824763 ns, Reaching safepoint: 14056 ns, Cleanup: 18439 ns, At safepoint: 9523 ns, Total: 42018 ns
[2025-03-03T15:47:58.794+0000][7][safepoint   ] Safepoint "Cleanup", Time since last: 2001777720 ns, Reaching safepoint: 12972 ns, Cleanup: 11537 ns, At safepoint: 8069 ns, Total: 32578 ns
[2025-03-03T15:48:00.797+0000][7][safepoint   ] Safepoint "Cleanup", Time since last: 2001993656 ns, Reaching safepoint: 942676 ns, Cleanup: 12581 ns, At safepoint: 43105 ns, Total: 998362 ns
[2025-03-03T15:48:01.798+0000][7][safepoint   ] Safepoint "Cleanup", Time since last: 1001085580 ns, Reaching safepoint: 13204 ns, Cleanup: 32468 ns, At safepoint: 6154 ns, Total: 51826 ns
[2025-03-03T15:48:03.800+0000][7][safepoint   ] Safepoint "Cleanup", Time since last: 2001877906 ns, Reaching safepoint: 14809 ns, Cleanup: 10814 ns, At safepoint: 8077 ns, Total: 33700 ns
[2025-03-03T15:48:06.803+0000][7][safepoint   ] Safepoint "Cleanup", Time since last: 3002876858 ns, Reaching safepoint: 12046 ns, Cleanup: 12582 ns, At safepoint: 6202 ns, Total: 30830 ns
[2025-03-03T15:48:07.804+0000][7][safepoint   ] Safepoint "Cleanup", Time since last: 1001212091 ns, Reaching safepoint: 12399 ns, Cleanup: 9644 ns, At safepoint: 6087 ns, Total: 28130 ns
[2025-03-03T15:48:09.806+0000][7][safepoint   ] Safepoint "Cleanup", Time since last: 2001773673 ns, Reaching safepoint: 12126 ns, Cleanup: 29729 ns, At safepoint: 6380 ns, Total: 48235 ns
[2025-03-03T15:48:12.810+0000][7][safepoint   ] Safepoint "Cleanup", Time since last: 3002934970 ns, Reaching safepoint: 970551 ns, Cleanup: 17401 ns, At safepoint: 57945 ns, Total: 1045897 ns
[2025-03-03T15:48:13.811+0000][7][safepoint   ] Safepoint "Cleanup", Time since last: 1001024496 ns, Reaching safepoint: 25766 ns, Cleanup: 17701 ns, At safepoint: 8755 ns, Total: 52222 ns
[2025-03-03T15:48:14.812+0000][7][safepoint   ] Safepoint "Cleanup", Time since last: 1000983213 ns, Reaching safepoint: 12225 ns, Cleanup: 9606 ns, At safepoint: 19780 ns, Total: 41611 ns
[2025-03-03T15:48:15.813+0000][7][safepoint   ] Safepoint "Cleanup", Time since last: 1000993367 ns, Reaching safepoint: 12935 ns, Cleanup: 9884 ns, At safepoint: 6286 ns, Total: 29105 ns
[2025-03-03T15:48:18.817+0000][7][safepoint   ] Safepoint "Cleanup", Time since last: 3002768899 ns, Reaching safepoint: 14077 ns, Cleanup: 17806 ns, At safepoint: 6502 ns, Total: 38385 ns
[2025-03-03T15:48:19.818+0000][7][safepoint   ] Safepoint "Cleanup", Time since last: 1001055192 ns, Reaching safepoint: 11506 ns, Cleanup: 12206 ns, At safepoint: 6551 ns, Total: 30263 ns
[2025-03-03T15:48:20.828+0000][7][safepoint   ] Safepoint "Cleanup", Time since last: 1009104358 ns, Reaching safepoint: 813159 ns, Cleanup: 16163 ns, At safepoint: 82217 ns, Total: 911539 ns
[2025-03-03T15:48:24.717+0000][7][gc,start    ] GC(13) Pause Young (Normal) (G1 Evacuation Pause)
[2025-03-03T15:48:24.717+0000][7][gc,task     ] GC(13) Using 13 workers of 13 for evacuation
[2025-03-03T15:48:24.717+0000][7][gc,age      ] GC(13) Desired survivor size 50331648 bytes, new threshold 1 (max threshold 15)
[2025-03-03T15:48:24.888+0000][7][gc,phases   ] GC(13)   Pre Evacuate Collection Set: 0.94ms
[2025-03-03T15:48:24.888+0000][7][gc,phases   ] GC(13)   Merge Heap Roots: 0.82ms
[2025-03-03T15:48:24.888+0000][7][gc,phases   ] GC(13)   Evacuate Collection Set: 165.43ms
[2025-03-03T15:48:24.888+0000][7][gc,phases   ] GC(13)   Post Evacuate Collection Set: 2.66ms
[2025-03-03T15:48:24.888+0000][7][gc,phases   ] GC(13)   Other: 0.41ms
[2025-03-03T15:48:24.889+0000][7][gc,age      ] GC(13) Age table with threshold 1 (max threshold 15)
[2025-03-03T15:48:24.889+0000][7][gc,age      ] GC(13) - age   1:    3737792 bytes,    3737792 total
[2025-03-03T15:48:24.889+0000][7][gc,heap     ] GC(13) Eden regions: 166->0(304)
[2025-03-03T15:48:24.889+0000][7][gc,heap     ] GC(13) Survivor regions: 22->3(24)
[2025-03-03T15:48:24.889+0000][7][gc,heap     ] GC(13) Old regions: 12->33
[2025-03-03T15:48:24.889+0000][7][gc,heap     ] GC(13) Humongous regions: 2->2
[2025-03-03T15:48:24.890+0000][7][gc,metaspace] GC(13) Metaspace: 105181K(107904K)->105181K(107904K) NonClass: 90489K(92032K)->90489K(92032K) Class: 14692K(15872K)->14692K(15872K)
[2025-03-03T15:48:24.890+0000][7][gc          ] GC(13) Pause Young (Normal) (G1 Evacuation Pause) 806M->148M(2048M) 172.984ms
[2025-03-03T15:48:24.890+0000][7][gc,cpu      ] GC(13) User=2.16s Sys=0.01s Real=0.18s
[2025-03-03T15:48:24.890+0000][7][safepoint   ] Safepoint "G1CollectForAllocation", Time since last: 3888530792 ns, Reaching safepoint: 10393 ns, Cleanup: 13377 ns, At safepoint: 173456120 ns, Total: 173479890 ns
[2025-03-03T15:48:25.892+0000][7][safepoint   ] Safepoint "Cleanup", Time since last: 1000938888 ns, Reaching safepoint: 944420 ns, Cleanup: 30905 ns, At safepoint: 138011 ns, Total: 1113336 ns
[2025-03-03T15:48:26.893+0000][7][safepoint   ] Safepoint "Cleanup", Time since last: 1000974307 ns, Reaching safepoint: 54256 ns, Cleanup: 17249 ns, At safepoint: 59329 ns, Total: 130834 ns
[2025-03-03T15:48:30.898+0000][7][safepoint   ] Safepoint "Cleanup", Time since last: 4003829586 ns, Reaching safepoint: 885036 ns, Cleanup: 20035 ns, At safepoint: 81110 ns, Total: 986181 ns
[2025-03-03T15:48:31.906+0000][7][safepoint   ] Safepoint "Cleanup", Time since last: 1001863894 ns, Reaching safepoint: 5293158 ns, Cleanup: 23097 ns, At safepoint: 495107 ns, Total: 5811362 ns
[2025-03-03T15:48:38.913+0000][7][safepoint   ] Safepoint "Cleanup", Time since last: 7007483108 ns, Reaching safepoint: 24394 ns, Cleanup: 18147 ns, At safepoint: 57320 ns, Total: 99861 ns
[2025-03-03T15:48:42.918+0000][7][safepoint   ] Safepoint "Cleanup", Time since last: 4003786788 ns, Reaching safepoint: 959713 ns, Cleanup: 21728 ns, At safepoint: 31298 ns, Total: 1012739 ns
[2025-03-03T15:48:43.919+0000][7][safepoint   ] Safepoint "Cleanup", Time since last: 1000905842 ns, Reaching safepoint: 10757 ns, Cleanup: 49188 ns, At safepoint: 5410 ns, Total: 65355 ns
[2025-03-03T15:48:49.927+0000][7][safepoint   ] Safepoint "Cleanup", Time since last: 6006068805 ns, Reaching safepoint: 905614 ns, Cleanup: 27608 ns, At safepoint: 55901 ns, Total: 989123 ns
[2025-03-03T15:48:50.929+0000][7][safepoint   ] Safepoint "Cleanup", Time since last: 1000807524 ns, Reaching safepoint: 1113813 ns, Cleanup: 37111 ns, At safepoint: 47712 ns, Total: 1198636 ns
[2025-03-03T15:48:51.931+0000][7][safepoint   ] Safepoint "Cleanup", Time since last: 1000907582 ns, Reaching safepoint: 963735 ns, Cleanup: 25987 ns, At safepoint: 115905 ns, Total: 1105627 ns
[2025-03-03T15:48:54.028+0000][7][safepoint   ] Safepoint "Cleanup", Time since last: 2096984072 ns, Reaching safepoint: 20762 ns, Cleanup: 15061 ns, At safepoint: 10276 ns, Total: 46099 ns
[2025-03-03T15:48:55.029+0000][7][safepoint   ] Safepoint "Cleanup", Time since last: 1000886023 ns, Reaching safepoint: 15011 ns, Cleanup: 13573 ns, At safepoint: 7888 ns, Total: 36472 ns
[2025-03-03T15:48:56.030+0000][7][safepoint   ] Safepoint "Cleanup", Time since last: 1001036150 ns, Reaching safepoint: 17219 ns, Cleanup: 18164 ns, At safepoint: 10808 ns, Total: 46191 ns
[2025-03-03T15:48:57.031+0000][7][safepoint   ] Safepoint "Cleanup", Time since last: 1000743347 ns, Reaching safepoint: 34236 ns, Cleanup: 11710 ns, At safepoint: 8439 ns, Total: 54385 ns
[2025-03-03T15:48:59.033+0000][7][safepoint   ] Safepoint "Cleanup", Time since last: 2002037053 ns, Reaching safepoint: 35788 ns, Cleanup: 11637 ns, At safepoint: 6586 ns, Total: 54011 ns
[2025-03-03T15:49:01.036+0000][7][safepoint   ] Safepoint "Cleanup", Time since last: 2002981026 ns, Reaching safepoint: 18901 ns, Cleanup: 20906 ns, At safepoint: 9203 ns, Total: 49010 ns
[2025-03-03T15:49:02.037+0000][7][safepoint   ] Safepoint "Cleanup", Time since last: 1001076626 ns, Reaching safepoint: 29022 ns, Cleanup: 18762 ns, At safepoint: 14149 ns, Total: 61933 ns
[2025-03-03T15:49:07.042+0000][7][safepoint   ] Safepoint "Cleanup", Time since last: 5004852079 ns, Reaching safepoint: 10965 ns, Cleanup: 7485 ns, At safepoint: 6538 ns, Total: 24988 ns
[2025-03-03T15:49:13.048+0000][7][safepoint   ] Safepoint "Cleanup", Time since last: 6006027811 ns, Reaching safepoint: 13499 ns, Cleanup: 23633 ns, At safepoint: 6791 ns, Total: 43923 ns
[2025-03-03T15:49:14.049+0000][7][safepoint   ] Safepoint "Cleanup", Time since last: 1000917619 ns, Reaching safepoint: 11786 ns, Cleanup: 10489 ns, At safepoint: 6777 ns, Total: 29052 ns
[2025-03-03T15:49:16.051+0000][7][safepoint   ] Safepoint "Cleanup", Time since last: 2002009663 ns, Reaching safepoint: 25044 ns, Cleanup: 6974 ns, At safepoint: 20293 ns, Total: 52311 ns
[2025-03-03T15:49:19.053+0000][7][safepoint   ] Safepoint "Cleanup", Time since last: 3002729952 ns, Reaching safepoint: 15894 ns, Cleanup: 16268 ns, At safepoint: 7859 ns, Total: 40021 ns
[2025-03-03T15:49:20.054+0000][7][safepoint   ] Safepoint "Cleanup", Time since last: 1001022469 ns, Reaching safepoint: 15613 ns, Cleanup: 25501 ns, At safepoint: 9145 ns, Total: 50259 ns
[2025-03-03T15:49:23.058+0000][7][safepoint   ] Safepoint "Cleanup", Time since last: 3002979452 ns, Reaching safepoint: 966512 ns, Cleanup: 12876 ns, At safepoint: 52996 ns, Total: 1032384 ns
[2025-03-03T15:49:24.059+0000][7][safepoint   ] Safepoint "Cleanup", Time since last: 1001039961 ns, Reaching safepoint: 12571 ns, Cleanup: 9155 ns, At safepoint: 6529 ns, Total: 28255 ns
[2025-03-03T15:49:25.744+0000][7][safepoint   ] Safepoint "Cleanup", Time since last: 1684864758 ns, Reaching safepoint: 15118 ns, Cleanup: 42457 ns, At safepoint: 6810 ns, Total: 64385 ns
[2025-03-03T15:49:31.750+0000][7][safepoint   ] Safepoint "Cleanup", Time since last: 6005917616 ns, Reaching safepoint: 33906 ns, Cleanup: 23214 ns, At safepoint: 7494 ns, Total: 64614 ns
[2025-03-03T15:49:33.752+0000][7][safepoint   ] Safepoint "Cleanup", Time since last: 2001991076 ns, Reaching safepoint: 35551 ns, Cleanup: 39535 ns, At safepoint: 7154 ns, Total: 82240 ns
[2025-03-03T15:49:34.772+0000][7][safepoint   ] Safepoint "Cleanup", Time since last: 1019902817 ns, Reaching safepoint: 11806 ns, Cleanup: 9570 ns, At safepoint: 5823 ns, Total: 27199 ns
[2025-03-03T15:49:36.774+0000][7][safepoint   ] Safepoint "Cleanup", Time since last: 2002071745 ns, Reaching safepoint: 17632 ns, Cleanup: 17126 ns, At safepoint: 10247 ns, Total: 45005 ns
[2025-03-03T15:49:37.776+0000][7][safepoint   ] Safepoint "Cleanup", Time since last: 1001039148 ns, Reaching safepoint: 20124 ns, Cleanup: 24494 ns, At safepoint: 9450 ns, Total: 54068 ns
[2025-03-03T15:49:38.785+0000][7][safepoint   ] Safepoint "Cleanup", Time since last: 1009694171 ns, Reaching safepoint: 66101 ns, Cleanup: 34015 ns, At safepoint: 16107 ns, Total: 116223 ns
[2025-03-03T15:49:39.786+0000][7][safepoint   ] Safepoint "Cleanup", Time since last: 1001029082 ns, Reaching safepoint: 13422 ns, Cleanup: 18340 ns, At safepoint: 6368 ns, Total: 38130 ns
[2025-03-03T15:49:41.788+0000][7][safepoint   ] Safepoint "Cleanup", Time since last: 2001922070 ns, Reaching safepoint: 32173 ns, Cleanup: 34603 ns, At safepoint: 25167 ns, Total: 91943 ns
[2025-03-03T15:49:42.789+0000][7][safepoint   ] Safepoint "Cleanup", Time since last: 1000958033 ns, Reaching safepoint: 13033 ns, Cleanup: 35166 ns, At safepoint: 5238 ns, Total: 53437 ns
[2025-03-03T15:49:43.791+0000][7][safepoint   ] Safepoint "Cleanup", Time since last: 1000995126 ns, Reaching safepoint: 29407 ns, Cleanup: 14818 ns, At safepoint: 5807 ns, Total: 50032 ns
[2025-03-03T15:49:45.792+0000][7][safepoint   ] Safepoint "Cleanup", Time since last: 2001913606 ns, Reaching safepoint: 16000 ns, Cleanup: 18395 ns, At safepoint: 6380 ns, Total: 40775 ns
[2025-03-03T15:49:48.797+0000][7][safepoint   ] Safepoint "Cleanup", Time since last: 3003077268 ns, Reaching safepoint: 13351 ns, Cleanup: 14589 ns, At safepoint: 6839 ns, Total: 34779 ns
[2025-03-03T15:49:52.801+0000][7][safepoint   ] Safepoint "Cleanup", Time since last: 4003746139 ns, Reaching safepoint: 14510 ns, Cleanup: 13012 ns, At safepoint: 7264 ns, Total: 34786 ns
[2025-03-03T15:49:55.269+0000][7][safepoint   ] Safepoint "Cleanup", Time since last: 2467924830 ns, Reaching safepoint: 14377 ns, Cleanup: 18923 ns, At safepoint: 5778 ns, Total: 39078 ns
[2025-03-03T15:49:58.644+0000][7][safepoint   ] Safepoint "Cleanup", Time since last: 3375296679 ns, Reaching safepoint: 10362 ns, Cleanup: 31778 ns, At safepoint: 5373 ns, Total: 47513 ns
[2025-03-03T15:49:59.756+0000][7][safepoint   ] Safepoint "Cleanup", Time since last: 1111673834 ns, Reaching safepoint: 27563 ns, Cleanup: 51835 ns, At safepoint: 7788 ns, Total: 87186 ns
[2025-03-03T15:50:00.758+0000][7][safepoint   ] Safepoint "Cleanup", Time since last: 1000837952 ns, Reaching safepoint: 1068944 ns, Cleanup: 16320 ns, At safepoint: 74069 ns, Total: 1159333 ns
[2025-03-03T15:50:01.759+0000][7][safepoint   ] Safepoint "Cleanup", Time since last: 1000902684 ns, Reaching safepoint: 16280 ns, Cleanup: 33103 ns, At safepoint: 7548 ns, Total: 56931 ns
[2025-03-03T15:50:02.760+0000][7][safepoint   ] Safepoint "Cleanup", Time since last: 1000923344 ns, Reaching safepoint: 12670 ns, Cleanup: 10616 ns, At safepoint: 6014 ns, Total: 29300 ns
[2025-03-03T15:50:03.761+0000][7][safepoint   ] Safepoint "Cleanup", Time since last: 1001115800 ns, Reaching safepoint: 27463 ns, Cleanup: 9606 ns, At safepoint: 5444 ns, Total: 42513 ns
[2025-03-03T15:50:04.762+0000][7][safepoint   ] Safepoint "Cleanup", Time since last: 1000846163 ns, Reaching safepoint: 12451 ns, Cleanup: 9525 ns, At safepoint: 5248 ns, Total: 27224 ns
[2025-03-03T15:50:05.765+0000][7][safepoint   ] Safepoint "Cleanup", Time since last: 1002894897 ns, Reaching safepoint: 15404 ns, Cleanup: 12034 ns, At safepoint: 7537 ns, Total: 34975 ns
[2025-03-03T15:50:06.766+0000][7][safepoint   ] Safepoint "Cleanup", Time since last: 1000930728 ns, Reaching safepoint: 11502 ns, Cleanup: 11755 ns, At safepoint: 6647 ns, Total: 29904 ns
[2025-03-03T15:50:07.767+0000][7][safepoint   ] Safepoint "Cleanup", Time since last: 1001230309 ns, Reaching safepoint: 17847 ns, Cleanup: 15921 ns, At safepoint: 10099 ns, Total: 43867 ns
[2025-03-03T15:50:12.801+0000][7][safepoint   ] Safepoint "Cleanup", Time since last: 5034013670 ns, Reaching safepoint: 40640 ns, Cleanup: 20963 ns, At safepoint: 7897 ns, Total: 69500 ns
[2025-03-03T15:50:13.803+0000][7][safepoint   ] Safepoint "Cleanup", Time since last: 1001826180 ns, Reaching safepoint: 16579 ns, Cleanup: 31623 ns, At safepoint: 8906 ns, Total: 57108 ns
[2025-03-03T15:50:18.809+0000][7][safepoint   ] Safepoint "Cleanup", Time since last: 5004868075 ns, Reaching safepoint: 17229 ns, Cleanup: 18745 ns, At safepoint: 68878 ns, Total: 104852 ns
[2025-03-03T15:50:19.810+0000][7][safepoint   ] Safepoint "Cleanup", Time since last: 1000825141 ns, Reaching safepoint: 14934 ns, Cleanup: 16514 ns, At safepoint: 7952 ns, Total: 39400 ns
[2025-03-03T15:50:21.812+0000][7][safepoint   ] Safepoint "Cleanup", Time since last: 2002007935 ns, Reaching safepoint: 13398 ns, Cleanup: 18164 ns, At safepoint: 6302 ns, Total: 37864 ns
[2025-03-03T15:50:24.815+0000][7][safepoint   ] Safepoint "Cleanup", Time since last: 3003219721 ns, Reaching safepoint: 25477 ns, Cleanup: 19698 ns, At safepoint: 11143 ns, Total: 56318 ns
[2025-03-03T15:50:26.818+0000][7][safepoint   ] Safepoint "Cleanup", Time since last: 2002736472 ns, Reaching safepoint: 13539 ns, Cleanup: 12119 ns, At safepoint: 5153 ns, Total: 30811 ns
[2025-03-03T15:50:27.819+0000][7][safepoint   ] Safepoint "Cleanup", Time since last: 1001063701 ns, Reaching safepoint: 14871 ns, Cleanup: 11097 ns, At safepoint: 6714 ns, Total: 32682 ns
[2025-03-03T15:50:30.822+0000][7][safepoint   ] Safepoint "Cleanup", Time since last: 3002859969 ns, Reaching safepoint: 19362 ns, Cleanup: 27849 ns, At safepoint: 9989 ns, Total: 57200 ns
[2025-03-03T15:50:31.823+0000][7][safepoint   ] Safepoint "Cleanup", Time since last: 1000906662 ns, Reaching safepoint: 15431 ns, Cleanup: 18263 ns, At safepoint: 6445 ns, Total: 40139 ns
[2025-03-03T15:50:32.824+0000][7][safepoint   ] Safepoint "Cleanup", Time since last: 1000860645 ns, Reaching safepoint: 13079 ns, Cleanup: 10721 ns, At safepoint: 6984 ns, Total: 30784 ns
[2025-03-03T15:50:33.825+0000][7][safepoint   ] Safepoint "Cleanup", Time since last: 1001097969 ns, Reaching safepoint: 13295 ns, Cleanup: 21090 ns, At safepoint: 6436 ns, Total: 40821 ns
[2025-03-03T15:50:36.828+0000][7][safepoint   ] Safepoint "Cleanup", Time since last: 3003083664 ns, Reaching safepoint: 20528 ns, Cleanup: 153553 ns, At safepoint: 13073 ns, Total: 187154 ns
[2025-03-03T15:50:37.450+0000][7][safepoint   ] Safepoint "ICBufferFull", Time since last: 621096133 ns, Reaching safepoint: 858389 ns, Cleanup: 174883 ns, At safepoint: 96107 ns, Total: 1129379 ns
[2025-03-03T15:50:38.452+0000][7][safepoint   ] Safepoint "Cleanup", Time since last: 1001391472 ns, Reaching safepoint: 14010 ns, Cleanup: 36316 ns, At safepoint: 6958 ns, Total: 57284 ns
[2025-03-03T15:50:40.454+0000][7][safepoint   ] Safepoint "Cleanup", Time since last: 2001898025 ns, Reaching safepoint: 14679 ns, Cleanup: 11531 ns, At safepoint: 6880 ns, Total: 33090 ns
[2025-03-03T15:50:41.456+0000][7][safepoint   ] Safepoint "Cleanup", Time since last: 1002177252 ns, Reaching safepoint: 13832 ns, Cleanup: 12466 ns, At safepoint: 6805 ns, Total: 33103 ns
[2025-03-03T15:50:43.458+0000][7][safepoint   ] Safepoint "Cleanup", Time since last: 2001962455 ns, Reaching safepoint: 12959 ns, Cleanup: 14928 ns, At safepoint: 6850 ns, Total: 34737 ns
[2025-03-03T15:50:46.461+0000][7][safepoint   ] Safepoint "Cleanup", Time since last: 3002985494 ns, Reaching safepoint: 73958 ns, Cleanup: 14902 ns, At safepoint: 10172 ns, Total: 99032 ns
[2025-03-03T15:50:48.463+0000][7][safepoint   ] Safepoint "Cleanup", Time since last: 2001702152 ns, Reaching safepoint: 17525 ns, Cleanup: 21047 ns, At safepoint: 8942 ns, Total: 47514 ns
[2025-03-03T15:50:49.465+0000][7][safepoint   ] Safepoint "Cleanup", Time since last: 1001206836 ns, Reaching safepoint: 14280 ns, Cleanup: 33527 ns, At safepoint: 7285 ns, Total: 55092 ns
[2025-03-03T15:50:50.466+0000][7][safepoint   ] Safepoint "Cleanup", Time since last: 1000860809 ns, Reaching safepoint: 13105 ns, Cleanup: 10002 ns, At safepoint: 5002 ns, Total: 28109 ns
[2025-03-03T15:50:52.468+0000][7][safepoint   ] Safepoint "Cleanup", Time since last: 2001895514 ns, Reaching safepoint: 16138 ns, Cleanup: 15078 ns, At safepoint: 7538 ns, Total: 38754 ns
[2025-03-03T15:50:55.521+0000][7][safepoint   ] Safepoint "Cleanup", Time since last: 3053051795 ns, Reaching safepoint: 22204 ns, Cleanup: 37523 ns, At safepoint: 8168 ns, Total: 67895 ns
[2025-03-03T15:50:56.521+0000][7][safepoint   ] Safepoint "Cleanup", Time since last: 1000746938 ns, Reaching safepoint: 15012 ns, Cleanup: 11496 ns, At safepoint: 7129 ns, Total: 33637 ns
[2025-03-03T15:50:57.522+0000][7][safepoint   ] Safepoint "Cleanup", Time since last: 1000990461 ns, Reaching safepoint: 12478 ns, Cleanup: 9623 ns, At safepoint: 5776 ns, Total: 27877 ns
[2025-03-03T15:50:58.524+0000][7][safepoint   ] Safepoint "Cleanup", Time since last: 1001090833 ns, Reaching safepoint: 12549 ns, Cleanup: 40922 ns, At safepoint: 6243 ns, Total: 59714 ns
[2025-03-03T15:51:01.526+0000][7][safepoint   ] Safepoint "Cleanup", Time since last: 3002778579 ns, Reaching safepoint: 29881 ns, Cleanup: 11064 ns, At safepoint: 7129 ns, Total: 48074 ns
[2025-03-03T15:51:02.528+0000][7][safepoint   ] Safepoint "Cleanup", Time since last: 1001062812 ns, Reaching safepoint: 17083 ns, Cleanup: 14141 ns, At safepoint: 7570 ns, Total: 38794 ns
[2025-03-03T15:51:04.530+0000][7][safepoint   ] Safepoint "Cleanup", Time since last: 2001991385 ns, Reaching safepoint: 18447 ns, Cleanup: 16724 ns, At safepoint: 7609 ns, Total: 42780 ns
[2025-03-03T15:51:06.532+0000][7][safepoint   ] Safepoint "Cleanup", Time since last: 2002059521 ns, Reaching safepoint: 16834 ns, Cleanup: 38638 ns, At safepoint: 10444 ns, Total: 65916 ns
[2025-03-03T15:51:07.533+0000][7][safepoint   ] Safepoint "Cleanup", Time since last: 1000834036 ns, Reaching safepoint: 26007 ns, Cleanup: 19179 ns, At safepoint: 10157 ns, Total: 55343 ns
[2025-03-03T15:51:10.535+0000][7][safepoint   ] Safepoint "Cleanup", Time since last: 3002884626 ns, Reaching safepoint: 18288 ns, Cleanup: 16751 ns, At safepoint: 6493 ns, Total: 41532 ns
[2025-03-03T15:51:13.538+0000][7][safepoint   ] Safepoint "Cleanup", Time since last: 3002889239 ns, Reaching safepoint: 17750 ns, Cleanup: 16036 ns, At safepoint: 8192 ns, Total: 41978 ns
[2025-03-03T15:51:14.539+0000][7][safepoint   ] Safepoint "Cleanup", Time since last: 1001027255 ns, Reaching safepoint: 15008 ns, Cleanup: 16039 ns, At safepoint: 8430 ns, Total: 39477 ns
[2025-03-03T15:51:16.542+0000][7][safepoint   ] Safepoint "Cleanup", Time since last: 2002074201 ns, Reaching safepoint: 32837 ns, Cleanup: 10766 ns, At safepoint: 7295 ns, Total: 50898 ns
[2025-03-03T15:51:17.543+0000][7][safepoint   ] Safepoint "Cleanup", Time since last: 1001343598 ns, Reaching safepoint: 19372 ns, Cleanup: 13863 ns, At safepoint: 8679 ns, Total: 41914 ns
[2025-03-03T15:51:19.546+0000][7][safepoint   ] Safepoint "Cleanup", Time since last: 2002444512 ns, Reaching safepoint: 21160 ns, Cleanup: 27648 ns, At safepoint: 10540 ns, Total: 59348 ns
[2025-03-03T15:51:20.563+0000][7][safepoint   ] Safepoint "Cleanup", Time since last: 1016903545 ns, Reaching safepoint: 21711 ns, Cleanup: 14763 ns, At safepoint: 8057 ns, Total: 44531 ns
[2025-03-03T15:51:21.564+0000][7][safepoint   ] Safepoint "Cleanup", Time since last: 1001122554 ns, Reaching safepoint: 14986 ns, Cleanup: 46271 ns, At safepoint: 6707 ns, Total: 67964 ns
[2025-03-03T15:51:26.569+0000][7][safepoint   ] Safepoint "Cleanup", Time since last: 5004859948 ns, Reaching safepoint: 12656 ns, Cleanup: 31893 ns, At safepoint: 7365 ns, Total: 51914 ns
[2025-03-03T15:51:31.574+0000][7][safepoint   ] Safepoint "Cleanup", Time since last: 5004959416 ns, Reaching safepoint: 28678 ns, Cleanup: 27116 ns, At safepoint: 5699 ns, Total: 61493 ns
[2025-03-03T15:51:32.575+0000][7][safepoint   ] Safepoint "Cleanup", Time since last: 1000973931 ns, Reaching safepoint: 11724 ns, Cleanup: 8824 ns, At safepoint: 5241 ns, Total: 25789 ns
[2025-03-03T15:51:33.576+0000][7][safepoint   ] Safepoint "Cleanup", Time since last: 1000875280 ns, Reaching safepoint: 12708 ns, Cleanup: 18520 ns, At safepoint: 4410 ns, Total: 35638 ns
[2025-03-03T15:51:34.577+0000][7][safepoint   ] Safepoint "Cleanup", Time since last: 1000898981 ns, Reaching safepoint: 13199 ns, Cleanup: 9483 ns, At safepoint: 5567 ns, Total: 28249 ns
[2025-03-03T15:51:35.578+0000][7][safepoint   ] Safepoint "Cleanup", Time since last: 1000926623 ns, Reaching safepoint: 26812 ns, Cleanup: 12434 ns, At safepoint: 6542 ns, Total: 45788 ns
[2025-03-03T15:51:37.580+0000][7][safepoint   ] Safepoint "Cleanup", Time since last: 2002098862 ns, Reaching safepoint: 11749 ns, Cleanup: 13170 ns, At safepoint: 5455 ns, Total: 30374 ns
[2025-03-03T15:51:38.581+0000][7][safepoint   ] Safepoint "Cleanup", Time since last: 1000982871 ns, Reaching safepoint: 11876 ns, Cleanup: 8369 ns, At safepoint: 4761 ns, Total: 25006 ns
[2025-03-03T15:51:42.585+0000][7][safepoint   ] Safepoint "Cleanup", Time since last: 4003843133 ns, Reaching safepoint: 15541 ns, Cleanup: 11586 ns, At safepoint: 5189 ns, Total: 32316 ns
[2025-03-03T15:51:43.586+0000][7][safepoint   ] Safepoint "Cleanup", Time since last: 1001063943 ns, Reaching safepoint: 18268 ns, Cleanup: 62678 ns, At safepoint: 8542 ns, Total: 89488 ns
[2025-03-03T15:51:49.599+0000][7][safepoint   ] Safepoint "Cleanup", Time since last: 6011823475 ns, Reaching safepoint: 16485 ns, Cleanup: 12630 ns, At safepoint: 7083 ns, Total: 36198 ns
[2025-03-03T15:51:55.533+0000][7][safepoint   ] Safepoint "Cleanup", Time since last: 5934132682 ns, Reaching safepoint: 28485 ns, Cleanup: 10649 ns, At safepoint: 5826 ns, Total: 44960 ns
[2025-03-03T15:51:56.535+0000][7][safepoint   ] Safepoint "Cleanup", Time since last: 1001929988 ns, Reaching safepoint: 11887 ns, Cleanup: 11029 ns, At safepoint: 5719 ns, Total: 28635 ns
[2025-03-03T15:52:01.540+0000][7][safepoint   ] Safepoint "Cleanup", Time since last: 5004968299 ns, Reaching safepoint: 91586 ns, Cleanup: 25309 ns, At safepoint: 10320 ns, Total: 127215 ns
[2025-03-03T15:52:08.547+0000][7][safepoint   ] Safepoint "Cleanup", Time since last: 7006771871 ns, Reaching safepoint: 14242 ns, Cleanup: 25974 ns, At safepoint: 6831 ns, Total: 47047 ns
[2025-03-03T15:52:11.550+0000][7][safepoint   ] Safepoint "Cleanup", Time since last: 3003074079 ns, Reaching safepoint: 50206 ns, Cleanup: 40443 ns, At safepoint: 9751 ns, Total: 100400 ns
[2025-03-03T15:52:19.556+0000][7][safepoint   ] Safepoint "Cleanup", Time since last: 8008705767 ns, Reaching safepoint: 33668 ns, Cleanup: 10451 ns, At safepoint: 26956 ns, Total: 71075 ns
[2025-03-03T15:52:20.558+0000][7][safepoint   ] Safepoint "Cleanup", Time since last: 1001126765 ns, Reaching safepoint: 19295 ns, Cleanup: 12843 ns, At safepoint: 8573 ns, Total: 40711 ns
[2025-03-03T15:52:21.559+0000][7][safepoint   ] Safepoint "Cleanup", Time since last: 1000939325 ns, Reaching safepoint: 20463 ns, Cleanup: 15178 ns, At safepoint: 9048 ns, Total: 44689 ns
[2025-03-03T15:52:23.561+0000][7][safepoint   ] Safepoint "Cleanup", Time since last: 2001933239 ns, Reaching safepoint: 14233 ns, Cleanup: 10760 ns, At safepoint: 6572 ns, Total: 31565 ns
[2025-03-03T15:52:25.563+0000][7][safepoint   ] Safepoint "Cleanup", Time since last: 2002075331 ns, Reaching safepoint: 14135 ns, Cleanup: 21041 ns, At safepoint: 7488 ns, Total: 42664 ns
[2025-03-03T15:52:31.568+0000][7][safepoint   ] Safepoint "Cleanup", Time since last: 6005807982 ns, Reaching safepoint: 19822 ns, Cleanup: 21928 ns, At safepoint: 8223 ns, Total: 49973 ns
[2025-03-03T15:52:33.571+0000][7][safepoint   ] Safepoint "Cleanup", Time since last: 2001942485 ns, Reaching safepoint: 52091 ns, Cleanup: 41013 ns, At safepoint: 7073 ns, Total: 100177 ns
[2025-03-03T15:52:34.572+0000][7][safepoint   ] Safepoint "Cleanup", Time since last: 1000948747 ns, Reaching safepoint: 57835 ns, Cleanup: 8806 ns, At safepoint: 5873 ns, Total: 72514 ns
[2025-03-03T15:52:37.574+0000][7][safepoint   ] Safepoint "Cleanup", Time since last: 3002839819 ns, Reaching safepoint: 12175 ns, Cleanup: 15263 ns, At safepoint: 5537 ns, Total: 32975 ns
[2025-03-03T15:52:40.577+0000][7][safepoint   ] Safepoint "Cleanup", Time since last: 3002920814 ns, Reaching safepoint: 15743 ns, Cleanup: 12524 ns, At safepoint: 7920 ns, Total: 36187 ns
[2025-03-03T15:52:43.580+0000][7][safepoint   ] Safepoint "Cleanup", Time since last: 3003032234 ns, Reaching safepoint: 11559 ns, Cleanup: 17874 ns, At safepoint: 5279 ns, Total: 34712 ns
[2025-03-03T15:52:49.585+0000][7][safepoint   ] Safepoint "Cleanup", Time since last: 6006220948 ns, Reaching safepoint: 14257 ns, Cleanup: 19718 ns, At safepoint: 7531 ns, Total: 41506 ns
[2025-03-03T15:52:55.768+0000][7][safepoint   ] Safepoint "Cleanup", Time since last: 6183654817 ns, Reaching safepoint: 20167 ns, Cleanup: 22849 ns, At safepoint: 8008 ns, Total: 51024 ns
[2025-03-03T15:53:01.775+0000][7][safepoint   ] Safepoint "Cleanup", Time since last: 6006096751 ns, Reaching safepoint: 61240 ns, Cleanup: 69976 ns, At safepoint: 16410 ns, Total: 147626 ns
[2025-03-03T15:53:04.779+0000][7][safepoint   ] Safepoint "Cleanup", Time since last: 3003859908 ns, Reaching safepoint: 26544 ns, Cleanup: 20718 ns, At safepoint: 51180 ns, Total: 98442 ns
[2025-03-03T15:53:13.787+0000][7][safepoint   ] Safepoint "Cleanup", Time since last: 9007952771 ns, Reaching safepoint: 16366 ns, Cleanup: 12046 ns, At safepoint: 7501 ns, Total: 35913 ns
[2025-03-03T15:53:14.787+0000][7][safepoint   ] Safepoint "Cleanup", Time since last: 1000843492 ns, Reaching safepoint: 22925 ns, Cleanup: 15463 ns, At safepoint: 8687 ns, Total: 47075 ns
[2025-03-03T15:53:19.793+0000][7][safepoint   ] Safepoint "Cleanup", Time since last: 5004966259 ns, Reaching safepoint: 18028 ns, Cleanup: 15113 ns, At safepoint: 8533 ns, Total: 41674 ns
[2025-03-03T15:53:20.794+0000][7][safepoint   ] Safepoint "Cleanup", Time since last: 1000900742 ns, Reaching safepoint: 19938 ns, Cleanup: 21868 ns, At safepoint: 8131 ns, Total: 49937 ns
[2025-03-03T15:53:21.795+0000][7][safepoint   ] Safepoint "Cleanup", Time since last: 1000953532 ns, Reaching safepoint: 16209 ns, Cleanup: 12366 ns, At safepoint: 8235 ns, Total: 36810 ns
[2025-03-03T15:53:24.798+0000][7][safepoint   ] Safepoint "Cleanup", Time since last: 3003139631 ns, Reaching safepoint: 21497 ns, Cleanup: 15426 ns, At safepoint: 9293 ns, Total: 46216 ns
[2025-03-03T15:53:25.799+0000][7][safepoint   ] Safepoint "Cleanup", Time since last: 1000887215 ns, Reaching safepoint: 29353 ns, Cleanup: 31847 ns, At safepoint: 12484 ns, Total: 73684 ns
[2025-03-03T15:53:26.800+0000][7][safepoint   ] Safepoint "Cleanup", Time since last: 1000959141 ns, Reaching safepoint: 17352 ns, Cleanup: 14358 ns, At safepoint: 8118 ns, Total: 39828 ns
[2025-03-03T15:53:27.802+0000][7][safepoint   ] Safepoint "Cleanup", Time since last: 1001992898 ns, Reaching safepoint: 17197 ns, Cleanup: 11069 ns, At safepoint: 7551 ns, Total: 35817 ns
[2025-03-03T15:53:30.809+0000][7][safepoint   ] Safepoint "Cleanup", Time since last: 3006886491 ns, Reaching safepoint: 77433 ns, Cleanup: 42749 ns, At safepoint: 33635 ns, Total: 153817 ns
[2025-03-03T15:53:31.811+0000][7][safepoint   ] Safepoint "Cleanup", Time since last: 1001962731 ns, Reaching safepoint: 64129 ns, Cleanup: 36199 ns, At safepoint: 17498 ns, Total: 117826 ns
[2025-03-03T15:53:33.814+0000][7][safepoint   ] Safepoint "Cleanup", Time since last: 2002655998 ns, Reaching safepoint: 61033 ns, Cleanup: 29851 ns, At safepoint: 8266 ns, Total: 99150 ns
[2025-03-03T15:53:37.818+0000][7][safepoint   ] Safepoint "Cleanup", Time since last: 4003956134 ns, Reaching safepoint: 41177 ns, Cleanup: 19974 ns, At safepoint: 60214 ns, Total: 121365 ns
[2025-03-03T15:53:42.824+0000][7][safepoint   ] Safepoint "Cleanup", Time since last: 5005749239 ns, Reaching safepoint: 15059 ns, Cleanup: 10765 ns, At safepoint: 6680 ns, Total: 32504 ns
[2025-03-03T15:53:48.830+0000][7][safepoint   ] Safepoint "Cleanup", Time since last: 6006059475 ns, Reaching safepoint: 19042 ns, Cleanup: 19037 ns, At safepoint: 9903 ns, Total: 47982 ns
[2025-03-03T15:53:49.831+0000][7][safepoint   ] Safepoint "Cleanup", Time since last: 1001074326 ns, Reaching safepoint: 19869 ns, Cleanup: 27564 ns, At safepoint: 10477 ns, Total: 57910 ns
[2025-03-03T15:54:01.018+0000][7][safepoint   ] Safepoint "Cleanup", Time since last: 11186895743 ns, Reaching safepoint: 24177 ns, Cleanup: 14167 ns, At safepoint: 9940 ns, Total: 48284 ns
[2025-03-03T15:54:02.020+0000][7][safepoint   ] Safepoint "Cleanup", Time since last: 1001806434 ns, Reaching safepoint: 17429 ns, Cleanup: 56008 ns, At safepoint: 48742 ns, Total: 122179 ns
[2025-03-03T15:54:07.025+0000][7][safepoint   ] Safepoint "Cleanup", Time since last: 5005001557 ns, Reaching safepoint: 38255 ns, Cleanup: 12779 ns, At safepoint: 7835 ns, Total: 58869 ns
[2025-03-03T15:54:07.085+0000][7][gc,start    ] GC(14) Pause Young (Normal) (G1 Evacuation Pause)
[2025-03-03T15:54:07.086+0000][7][gc,task     ] GC(14) Using 13 workers of 13 for evacuation
[2025-03-03T15:54:07.086+0000][7][gc,age      ] GC(14) Desired survivor size 81788928 bytes, new threshold 15 (max threshold 15)
[2025-03-03T15:54:07.097+0000][7][gc,phases   ] GC(14)   Pre Evacuate Collection Set: 1.24ms
[2025-03-03T15:54:07.097+0000][7][gc,phases   ] GC(14)   Merge Heap Roots: 0.62ms
[2025-03-03T15:54:07.097+0000][7][gc,phases   ] GC(14)   Evacuate Collection Set: 4.03ms
[2025-03-03T15:54:07.097+0000][7][gc,phases   ] GC(14)   Post Evacuate Collection Set: 3.57ms
[2025-03-03T15:54:07.097+0000][7][gc,phases   ] GC(14)   Other: 1.30ms
[2025-03-03T15:54:07.098+0000][7][gc,age      ] GC(14) Age table with threshold 15 (max threshold 15)
[2025-03-03T15:54:07.098+0000][7][gc,age      ] GC(14) - age   1:    3309928 bytes,    3309928 total
[2025-03-03T15:54:07.098+0000][7][gc,age      ] GC(14) - age   2:    1311928 bytes,    4621856 total
[2025-03-03T15:54:07.099+0000][7][gc,heap     ] GC(14) Eden regions: 304->0(305)
[2025-03-03T15:54:07.099+0000][7][gc,heap     ] GC(14) Survivor regions: 3->2(39)
[2025-03-03T15:54:07.099+0000][7][gc,heap     ] GC(14) Old regions: 33->33
[2025-03-03T15:54:07.099+0000][7][gc,heap     ] GC(14) Humongous regions: 2->2
[2025-03-03T15:54:07.099+0000][7][gc,metaspace] GC(14) Metaspace: 108265K(110976K)->108265K(110976K) NonClass: 93311K(94848K)->93311K(94848K) Class: 14954K(16128K)->14954K(16128K)
[2025-03-03T15:54:07.100+0000][7][gc          ] GC(14) Pause Young (Normal) (G1 Evacuation Pause) 1364M->143M(2048M) 14.194ms
[2025-03-03T15:54:07.100+0000][7][gc,cpu      ] GC(14) User=0.04s Sys=0.01s Real=0.02s
[2025-03-03T15:54:07.100+0000][7][safepoint   ] Safepoint "G1CollectForAllocation", Time since last: 59871326 ns, Reaching safepoint: 44191 ns, Cleanup: 31554 ns, At safepoint: 14927095 ns, Total: 15002840 ns
[2025-03-03T15:54:08.101+0000][7][safepoint   ] Safepoint "Cleanup", Time since last: 1001118144 ns, Reaching safepoint: 44781 ns, Cleanup: 36480 ns, At safepoint: 20436 ns, Total: 101697 ns
[2025-03-03T15:54:13.107+0000][7][safepoint   ] Safepoint "Cleanup", Time since last: 5005850150 ns, Reaching safepoint: 16104 ns, Cleanup: 38518 ns, At safepoint: 7972 ns, Total: 62594 ns
[2025-03-03T15:54:19.114+0000][7][safepoint   ] Safepoint "Cleanup", Time since last: 6006025170 ns, Reaching safepoint: 20890 ns, Cleanup: 15141 ns, At safepoint: 9773 ns, Total: 45804 ns
[2025-03-03T15:54:20.115+0000][7][safepoint   ] Safepoint "Cleanup", Time since last: 1000937276 ns, Reaching safepoint: 22077 ns, Cleanup: 71218 ns, At safepoint: 19359 ns, Total: 112654 ns
[2025-03-03T15:54:31.126+0000][7][safepoint   ] Safepoint "Cleanup", Time since last: 11010917373 ns, Reaching safepoint: 16631 ns, Cleanup: 14631 ns, At safepoint: 8736 ns, Total: 39998 ns
[2025-03-03T15:54:32.128+0000][7][safepoint   ] Safepoint "Cleanup", Time since last: 1001870811 ns, Reaching safepoint: 16862 ns, Cleanup: 11444 ns, At safepoint: 8351 ns, Total: 36657 ns
[2025-03-03T15:54:34.130+0000][7][safepoint   ] Safepoint "Cleanup", Time since last: 2002162104 ns, Reaching safepoint: 61422 ns, Cleanup: 64738 ns, At safepoint: 19085 ns, Total: 145245 ns
[2025-03-03T15:54:37.135+0000][7][safepoint   ] Safepoint "Cleanup", Time since last: 3005275003 ns, Reaching safepoint: 18047 ns, Cleanup: 18232 ns, At safepoint: 7806 ns, Total: 44085 ns
[2025-03-03T15:54:38.137+0000][7][safepoint   ] Safepoint "Cleanup", Time since last: 1001336561 ns, Reaching safepoint: 17330 ns, Cleanup: 12861 ns, At safepoint: 6064 ns, Total: 36255 ns
[2025-03-03T15:54:40.139+0000][7][safepoint   ] Safepoint "Cleanup", Time since last: 2001928713 ns, Reaching safepoint: 26159 ns, Cleanup: 15776 ns, At safepoint: 6097 ns, Total: 48032 ns
[2025-03-03T15:54:44.143+0000][7][safepoint   ] Safepoint "Cleanup", Time since last: 4004077709 ns, Reaching safepoint: 17085 ns, Cleanup: 14551 ns, At safepoint: 6087 ns, Total: 37723 ns
[2025-03-03T15:54:49.149+0000][7][safepoint   ] Safepoint "Cleanup", Time since last: 5004871208 ns, Reaching safepoint: 22847 ns, Cleanup: 64386 ns, At safepoint: 17250 ns, Total: 104483 ns
[2025-03-03T15:54:51.153+0000][7][safepoint   ] Safepoint "Cleanup", Time since last: 2003962137 ns, Reaching safepoint: 49906 ns, Cleanup: 14055 ns, At safepoint: 12815 ns, Total: 76776 ns
[2025-03-03T15:54:52.154+0000][7][safepoint   ] Safepoint "Cleanup", Time since last: 1000716226 ns, Reaching safepoint: 14800 ns, Cleanup: 16075 ns, At safepoint: 6742 ns, Total: 37617 ns
[2025-03-03T15:54:53.155+0000][7][safepoint   ] Safepoint "Cleanup", Time since last: 1001034263 ns, Reaching safepoint: 23464 ns, Cleanup: 14715 ns, At safepoint: 7573 ns, Total: 45752 ns
[2025-03-03T15:54:55.251+0000][7][safepoint   ] Safepoint "Cleanup", Time since last: 2095958937 ns, Reaching safepoint: 25537 ns, Cleanup: 26603 ns, At safepoint: 12962 ns, Total: 65102 ns
[2025-03-03T15:54:56.253+0000][7][safepoint   ] Safepoint "Cleanup", Time since last: 1001514458 ns, Reaching safepoint: 158676 ns, Cleanup: 73593 ns, At safepoint: 64698 ns, Total: 296967 ns
[2025-03-03T15:55:01.260+0000][7][safepoint   ] Safepoint "Cleanup", Time since last: 5007164056 ns, Reaching safepoint: 20103 ns, Cleanup: 12225 ns, At safepoint: 9858 ns, Total: 42186 ns
[2025-03-03T15:55:07.266+0000][7][safepoint   ] Safepoint "Cleanup", Time since last: 6006052370 ns, Reaching safepoint: 42363 ns, Cleanup: 39056 ns, At safepoint: 11627 ns, Total: 93046 ns
[2025-03-03T15:55:08.267+0000][7][safepoint   ] Safepoint "Cleanup", Time since last: 1000801580 ns, Reaching safepoint: 21768 ns, Cleanup: 15974 ns, At safepoint: 10701 ns, Total: 48443 ns
[2025-03-03T15:55:09.268+0000][7][safepoint   ] Safepoint "Cleanup", Time since last: 1000985509 ns, Reaching safepoint: 15983 ns, Cleanup: 12327 ns, At safepoint: 7110 ns, Total: 35420 ns
[2025-03-03T15:55:10.269+0000][7][safepoint   ] Safepoint "Cleanup", Time since last: 1000874260 ns, Reaching safepoint: 16122 ns, Cleanup: 15397 ns, At safepoint: 6834 ns, Total: 38353 ns
[2025-03-03T15:55:11.270+0000][7][safepoint   ] Safepoint "Cleanup", Time since last: 1001073085 ns, Reaching safepoint: 17194 ns, Cleanup: 14944 ns, At safepoint: 7087 ns, Total: 39225 ns
[2025-03-03T15:55:13.272+0000][7][safepoint   ] Safepoint "Cleanup", Time since last: 2001846513 ns, Reaching safepoint: 18766 ns, Cleanup: 15590 ns, At safepoint: 7612 ns, Total: 41968 ns
[2025-03-03T15:55:15.274+0000][7][safepoint   ] Safepoint "Cleanup", Time since last: 2002107874 ns, Reaching safepoint: 14728 ns, Cleanup: 10896 ns, At safepoint: 25616 ns, Total: 51240 ns
[2025-03-03T15:55:16.276+0000][7][safepoint   ] Safepoint "Cleanup", Time since last: 1001781572 ns, Reaching safepoint: 17550 ns, Cleanup: 11487 ns, At safepoint: 7249 ns, Total: 36286 ns
[2025-03-03T15:55:17.277+0000][7][safepoint   ] Safepoint "Cleanup", Time since last: 1001072675 ns, Reaching safepoint: 14756 ns, Cleanup: 11170 ns, At safepoint: 7605 ns, Total: 33531 ns
[2025-03-03T15:55:19.280+0000][7][safepoint   ] Safepoint "Cleanup", Time since last: 2001901566 ns, Reaching safepoint: 22256 ns, Cleanup: 28779 ns, At safepoint: 11084 ns, Total: 62119 ns
[2025-03-03T15:55:22.283+0000][7][safepoint   ] Safepoint "Cleanup", Time since last: 3003135498 ns, Reaching safepoint: 58383 ns, Cleanup: 109129 ns, At safepoint: 13773 ns, Total: 181285 ns
[2025-03-03T15:55:26.287+0000][7][safepoint   ] Safepoint "Cleanup", Time since last: 4003663264 ns, Reaching safepoint: 22248 ns, Cleanup: 16413 ns, At safepoint: 10783 ns, Total: 49444 ns
[2025-03-03T15:55:27.288+0000][7][safepoint   ] Safepoint "Cleanup", Time since last: 1000834247 ns, Reaching safepoint: 16054 ns, Cleanup: 11455 ns, At safepoint: 7774 ns, Total: 35283 ns
[2025-03-03T15:55:29.290+0000][7][safepoint   ] Safepoint "Cleanup", Time since last: 2002067985 ns, Reaching safepoint: 53298 ns, Cleanup: 16855 ns, At safepoint: 11497 ns, Total: 81650 ns
[2025-03-03T15:55:31.292+0000][7][safepoint   ] Safepoint "Cleanup", Time since last: 2001854319 ns, Reaching safepoint: 20506 ns, Cleanup: 19100 ns, At safepoint: 6168 ns, Total: 45774 ns
[2025-03-03T15:55:32.293+0000][7][safepoint   ] Safepoint "Cleanup", Time since last: 1001048531 ns, Reaching safepoint: 16197 ns, Cleanup: 14213 ns, At safepoint: 7550 ns, Total: 37960 ns
[2025-03-03T15:55:37.298+0000][7][safepoint   ] Safepoint "Cleanup", Time since last: 5004959393 ns, Reaching safepoint: 24564 ns, Cleanup: 17782 ns, At safepoint: 9845 ns, Total: 52191 ns
[2025-03-03T15:55:42.303+0000][7][safepoint   ] Safepoint "Cleanup", Time since last: 5004989501 ns, Reaching safepoint: 23118 ns, Cleanup: 46584 ns, At safepoint: 8840 ns, Total: 78542 ns
[2025-03-03T15:55:43.304+0000][7][safepoint   ] Safepoint "Cleanup", Time since last: 1001037501 ns, Reaching safepoint: 15865 ns, Cleanup: 83757 ns, At safepoint: 8614 ns, Total: 108236 ns
[2025-03-03T15:55:44.305+0000][7][safepoint   ] Safepoint "Cleanup", Time since last: 1000817450 ns, Reaching safepoint: 15085 ns, Cleanup: 10548 ns, At safepoint: 5689 ns, Total: 31322 ns
[2025-03-03T15:55:46.307+0000][7][safepoint   ] Safepoint "Cleanup", Time since last: 2001826102 ns, Reaching safepoint: 169207 ns, Cleanup: 41131 ns, At safepoint: 14803 ns, Total: 225141 ns
[2025-03-03T15:55:49.309+0000][7][safepoint   ] Safepoint "Cleanup", Time since last: 3002104948 ns, Reaching safepoint: 24913 ns, Cleanup: 29852 ns, At safepoint: 11112 ns, Total: 65877 ns
[2025-03-03T15:55:52.312+0000][7][safepoint   ] Safepoint "Cleanup", Time since last: 3002656245 ns, Reaching safepoint: 16958 ns, Cleanup: 13924 ns, At safepoint: 7625 ns, Total: 38507 ns
[2025-03-03T15:55:56.503+0000][7][safepoint   ] Safepoint "Cleanup", Time since last: 4190993239 ns, Reaching safepoint: 15810 ns, Cleanup: 12418 ns, At safepoint: 7240 ns, Total: 35468 ns
[2025-03-03T15:55:58.505+0000][7][safepoint   ] Safepoint "Cleanup", Time since last: 2001940965 ns, Reaching safepoint: 16589 ns, Cleanup: 11093 ns, At safepoint: 7926 ns, Total: 35608 ns
[2025-03-03T15:55:59.506+0000][7][safepoint   ] Safepoint "Cleanup", Time since last: 1000990400 ns, Reaching safepoint: 43396 ns, Cleanup: 15795 ns, At safepoint: 9378 ns, Total: 68569 ns
[2025-03-03T15:56:01.507+0000][7][safepoint   ] Safepoint "Cleanup", Time since last: 2001801474 ns, Reaching safepoint: 26445 ns, Cleanup: 37837 ns, At safepoint: 16109 ns, Total: 80391 ns
[2025-03-03T15:56:02.532+0000][7][safepoint   ] Safepoint "Cleanup", Time since last: 1023926475 ns, Reaching safepoint: 52711 ns, Cleanup: 96132 ns, At safepoint: 26607 ns, Total: 175450 ns
[2025-03-03T15:56:04.535+0000][7][safepoint   ] Safepoint "Cleanup", Time since last: 2002936283 ns, Reaching safepoint: 18257 ns, Cleanup: 21912 ns, At safepoint: 9317 ns, Total: 49486 ns
[2025-03-03T15:56:06.536+0000][7][safepoint   ] Safepoint "Cleanup", Time since last: 2001876081 ns, Reaching safepoint: 17384 ns, Cleanup: 15182 ns, At safepoint: 8575 ns, Total: 41141 ns
[2025-03-03T15:56:07.537+0000][7][safepoint   ] Safepoint "Cleanup", Time since last: 1000875772 ns, Reaching safepoint: 32332 ns, Cleanup: 9978 ns, At safepoint: 6161 ns, Total: 48471 ns
[2025-03-03T15:56:13.544+0000][7][safepoint   ] Safepoint "Cleanup", Time since last: 6006262864 ns, Reaching safepoint: 29297 ns, Cleanup: 17264 ns, At safepoint: 14708 ns, Total: 61269 ns
[2025-03-03T15:56:14.544+0000][7][safepoint   ] Safepoint "Cleanup", Time since last: 1000689487 ns, Reaching safepoint: 14028 ns, Cleanup: 21019 ns, At safepoint: 7335 ns, Total: 42382 ns
[2025-03-03T15:56:16.546+0000][7][safepoint   ] Safepoint "Cleanup", Time since last: 2001975931 ns, Reaching safepoint: 18086 ns, Cleanup: 12670 ns, At safepoint: 9042 ns, Total: 39798 ns
[2025-03-03T15:56:19.548+0000][7][safepoint   ] Safepoint "Cleanup", Time since last: 3002991984 ns, Reaching safepoint: 17214 ns, Cleanup: 25560 ns, At safepoint: 8521 ns, Total: 51295 ns
[2025-03-03T15:56:31.562+0000][7][safepoint   ] Safepoint "Cleanup", Time since last: 12014063041 ns, Reaching safepoint: 36932 ns, Cleanup: 20383 ns, At safepoint: 7572 ns, Total: 64887 ns
[2025-03-03T15:56:33.566+0000][7][safepoint   ] Safepoint "Cleanup", Time since last: 2002927532 ns, Reaching safepoint: 985395 ns, Cleanup: 19177 ns, At safepoint: 43306 ns, Total: 1047878 ns
[2025-03-03T15:56:37.571+0000][7][safepoint   ] Safepoint "Cleanup", Time since last: 4003981013 ns, Reaching safepoint: 915861 ns, Cleanup: 25339 ns, At safepoint: 61618 ns, Total: 1002818 ns
[2025-03-03T15:56:43.577+0000][7][safepoint   ] Safepoint "Cleanup", Time since last: 6005855407 ns, Reaching safepoint: 142530 ns, Cleanup: 68418 ns, At safepoint: 51201 ns, Total: 262149 ns
[2025-03-03T15:56:44.579+0000][7][safepoint   ] Safepoint "Cleanup", Time since last: 1002014052 ns, Reaching safepoint: 65555 ns, Cleanup: 53685 ns, At safepoint: 22303 ns, Total: 141543 ns
[2025-03-03T15:56:50.587+0000][7][safepoint   ] Safepoint "Cleanup", Time since last: 6006542030 ns, Reaching safepoint: 13961 ns, Cleanup: 10389 ns, At safepoint: 24874 ns, Total: 49224 ns
[2025-03-03T15:56:55.734+0000][7][safepoint   ] Safepoint "Cleanup", Time since last: 5147039259 ns, Reaching safepoint: 18434 ns, Cleanup: 18916 ns, At safepoint: 6635 ns, Total: 43985 ns
[2025-03-03T15:56:56.735+0000][7][safepoint   ] Safepoint "Cleanup", Time since last: 1000901941 ns, Reaching safepoint: 43631 ns, Cleanup: 13955 ns, At safepoint: 16122 ns, Total: 73708 ns
[2025-03-03T15:56:58.737+0000][7][safepoint   ] Safepoint "Cleanup", Time since last: 2001930222 ns, Reaching safepoint: 21766 ns, Cleanup: 14569 ns, At safepoint: 9079 ns, Total: 45414 ns
[2025-03-03T15:57:03.759+0000][7][safepoint   ] Safepoint "Cleanup", Time since last: 5022210454 ns, Reaching safepoint: 21623 ns, Cleanup: 12954 ns, At safepoint: 7698 ns, Total: 42275 ns
[2025-03-03T15:57:04.760+0000][7][safepoint   ] Safepoint "Cleanup", Time since last: 1000826364 ns, Reaching safepoint: 17081 ns, Cleanup: 10908 ns, At safepoint: 6686 ns, Total: 34675 ns
[2025-03-03T15:57:07.763+0000][7][safepoint   ] Safepoint "Cleanup", Time since last: 3002716443 ns, Reaching safepoint: 15557 ns, Cleanup: 29152 ns, At safepoint: 7223 ns, Total: 51932 ns
[2025-03-03T15:57:13.769+0000][7][safepoint   ] Safepoint "Cleanup", Time since last: 6006122062 ns, Reaching safepoint: 39236 ns, Cleanup: 11571 ns, At safepoint: 7536 ns, Total: 58343 ns
[2025-03-03T15:57:16.773+0000][7][safepoint   ] Safepoint "Cleanup", Time since last: 3003847373 ns, Reaching safepoint: 17900 ns, Cleanup: 13392 ns, At safepoint: 7135 ns, Total: 38427 ns
[2025-03-03T15:57:21.778+0000][7][safepoint   ] Safepoint "Cleanup", Time since last: 5004929524 ns, Reaching safepoint: 24252 ns, Cleanup: 26259 ns, At safepoint: 10509 ns, Total: 61020 ns
[2025-03-03T15:57:24.782+0000][7][safepoint   ] Safepoint "Cleanup", Time since last: 3003184202 ns, Reaching safepoint: 60316 ns, Cleanup: 30603 ns, At safepoint: 18583 ns, Total: 109502 ns
[2025-03-03T15:57:25.782+0000][7][safepoint   ] Safepoint "Cleanup", Time since last: 1000620344 ns, Reaching safepoint: 20376 ns, Cleanup: 15565 ns, At safepoint: 7582 ns, Total: 43523 ns
[2025-03-03T15:57:26.784+0000][7][safepoint   ] Safepoint "Cleanup", Time since last: 1001200985 ns, Reaching safepoint: 19418 ns, Cleanup: 12173 ns, At safepoint: 7033 ns, Total: 38624 ns
[2025-03-03T15:57:31.789+0000][7][safepoint   ] Safepoint "Cleanup", Time since last: 5004900013 ns, Reaching safepoint: 16434 ns, Cleanup: 11950 ns, At safepoint: 7345 ns, Total: 35729 ns
[2025-03-03T15:57:37.794+0000][7][safepoint   ] Safepoint "Cleanup", Time since last: 6005927872 ns, Reaching safepoint: 14690 ns, Cleanup: 13788 ns, At safepoint: 6306 ns, Total: 34784 ns
[2025-03-03T15:57:43.801+0000][7][safepoint   ] Safepoint "Cleanup", Time since last: 6006000557 ns, Reaching safepoint: 54913 ns, Cleanup: 38066 ns, At safepoint: 7024 ns, Total: 100003 ns
[2025-03-03T15:57:44.801+0000][7][safepoint   ] Safepoint "Cleanup", Time since last: 1000777528 ns, Reaching safepoint: 54778 ns, Cleanup: 40777 ns, At safepoint: 27131 ns, Total: 122686 ns
[2025-03-03T15:57:49.807+0000][7][safepoint   ] Safepoint "Cleanup", Time since last: 5004818131 ns, Reaching safepoint: 20337 ns, Cleanup: 12309 ns, At safepoint: 34914 ns, Total: 67560 ns
[2025-03-03T15:57:55.751+0000][7][safepoint   ] Safepoint "Cleanup", Time since last: 5944057461 ns, Reaching safepoint: 31757 ns, Cleanup: 19060 ns, At safepoint: 32652 ns, Total: 83469 ns
[2025-03-03T15:58:00.756+0000][7][safepoint   ] Safepoint "Cleanup", Time since last: 5004807222 ns, Reaching safepoint: 23252 ns, Cleanup: 16787 ns, At safepoint: 11591 ns, Total: 51630 ns
[2025-03-03T15:58:01.757+0000][7][safepoint   ] Safepoint "Cleanup", Time since last: 1001025986 ns, Reaching safepoint: 18593 ns, Cleanup: 15620 ns, At safepoint: 7532 ns, Total: 41745 ns
[2025-03-03T15:58:02.758+0000][7][safepoint   ] Safepoint "Cleanup", Time since last: 1000943349 ns, Reaching safepoint: 25247 ns, Cleanup: 14705 ns, At safepoint: 7689 ns, Total: 47641 ns
[2025-03-03T15:58:04.760+0000][7][safepoint   ] Safepoint "Cleanup", Time since last: 2002077830 ns, Reaching safepoint: 17819 ns, Cleanup: 12573 ns, At safepoint: 7840 ns, Total: 38232 ns
[2025-03-03T15:58:13.769+0000][7][safepoint   ] Safepoint "Cleanup", Time since last: 9008822541 ns, Reaching safepoint: 17539 ns, Cleanup: 22407 ns, At safepoint: 8562 ns, Total: 48508 ns
[2025-03-03T15:58:14.770+0000][7][safepoint   ] Safepoint "Cleanup", Time since last: 1001041619 ns, Reaching safepoint: 18935 ns, Cleanup: 14535 ns, At safepoint: 7667 ns, Total: 41137 ns
[2025-03-03T15:58:19.776+0000][7][safepoint   ] Safepoint "Cleanup", Time since last: 5005008141 ns, Reaching safepoint: 26896 ns, Cleanup: 25907 ns, At safepoint: 12835 ns, Total: 65638 ns
[2025-03-03T15:58:23.780+0000][7][safepoint   ] Safepoint "Cleanup", Time since last: 4003950465 ns, Reaching safepoint: 19023 ns, Cleanup: 12920 ns, At safepoint: 9120 ns, Total: 41063 ns
[2025-03-03T15:58:25.782+0000][7][safepoint   ] Safepoint "Cleanup", Time since last: 2001830249 ns, Reaching safepoint: 39509 ns, Cleanup: 39104 ns, At safepoint: 15869 ns, Total: 94482 ns
[2025-03-03T15:58:33.791+0000][7][safepoint   ] Safepoint "Cleanup", Time since last: 8008333054 ns, Reaching safepoint: 145379 ns, Cleanup: 187707 ns, At safepoint: 48923 ns, Total: 382009 ns
[2025-03-03T15:58:37.796+0000][7][safepoint   ] Safepoint "Cleanup", Time since last: 4005108341 ns, Reaching safepoint: 19644 ns, Cleanup: 12321 ns, At safepoint: 6872 ns, Total: 38837 ns
[2025-03-03T15:58:38.797+0000][7][safepoint   ] Safepoint "Cleanup", Time since last: 1001043157 ns, Reaching safepoint: 24152 ns, Cleanup: 16651 ns, At safepoint: 12499 ns, Total: 53302 ns
[2025-03-03T15:59:02.002+0000][7][safepoint   ] Safepoint "Cleanup", Time since last: 23204092724 ns, Reaching safepoint: 30691 ns, Cleanup: 21925 ns, At safepoint: 12372 ns, Total: 64988 ns
[2025-03-03T15:59:05.006+0000][7][safepoint   ] Safepoint "Cleanup", Time since last: 3003899525 ns, Reaching safepoint: 41413 ns, Cleanup: 13116 ns, At safepoint: 7376 ns, Total: 61905 ns
[2025-03-03T15:59:08.009+0000][7][safepoint   ] Safepoint "Cleanup", Time since last: 3002893478 ns, Reaching safepoint: 17577 ns, Cleanup: 19516 ns, At safepoint: 8744 ns, Total: 45837 ns
[2025-03-03T15:59:19.020+0000][7][safepoint   ] Safepoint "Cleanup", Time since last: 11010950621 ns, Reaching safepoint: 19419 ns, Cleanup: 13449 ns, At safepoint: 33665 ns, Total: 66533 ns
[2025-03-03T15:59:20.021+0000][7][safepoint   ] Safepoint "Cleanup", Time since last: 1000785687 ns, Reaching safepoint: 15768 ns, Cleanup: 11808 ns, At safepoint: 7490 ns, Total: 35066 ns
[2025-03-03T15:59:21.022+0000][7][safepoint   ] Safepoint "Cleanup", Time since last: 1001043181 ns, Reaching safepoint: 20460 ns, Cleanup: 17625 ns, At safepoint: 8418 ns, Total: 46503 ns
[2025-03-03T15:59:22.024+0000][7][safepoint   ] Safepoint "Cleanup", Time since last: 1000944036 ns, Reaching safepoint: 900629 ns, Cleanup: 12310 ns, At safepoint: 50562 ns, Total: 963501 ns
[2025-03-03T15:59:24.027+0000][7][safepoint   ] Safepoint "Cleanup", Time since last: 2002212693 ns, Reaching safepoint: 43844 ns, Cleanup: 18282 ns, At safepoint: 27960 ns, Total: 90086 ns
[2025-03-03T15:59:25.027+0000][7][safepoint   ] Safepoint "Cleanup", Time since last: 1000677565 ns, Reaching safepoint: 26630 ns, Cleanup: 37550 ns, At safepoint: 8073 ns, Total: 72253 ns
[2025-03-03T15:59:27.371+0000][7][safepoint   ] Safepoint "Cleanup", Time since last: 2343253468 ns, Reaching safepoint: 13735 ns, Cleanup: 16733 ns, At safepoint: 4276 ns, Total: 34744 ns
[2025-03-03T15:59:28.395+0000][7][safepoint   ] Safepoint "Cleanup", Time since last: 1024648255 ns, Reaching safepoint: 18608 ns, Cleanup: 30702 ns, At safepoint: 7680 ns, Total: 56990 ns
[2025-03-03T15:59:29.396+0000][7][safepoint   ] Safepoint "Cleanup", Time since last: 1001074878 ns, Reaching safepoint: 18690 ns, Cleanup: 14804 ns, At safepoint: 7740 ns, Total: 41234 ns
[2025-03-03T15:59:31.398+0000][7][safepoint   ] Safepoint "Cleanup", Time since last: 2001845193 ns, Reaching safepoint: 16319 ns, Cleanup: 19087 ns, At safepoint: 7103 ns, Total: 42509 ns
[2025-03-03T15:59:32.399+0000][7][safepoint   ] Safepoint "Cleanup", Time since last: 1000932432 ns, Reaching safepoint: 16478 ns, Cleanup: 11460 ns, At safepoint: 7519 ns, Total: 35457 ns
[2025-03-03T15:59:34.401+0000][7][safepoint   ] Safepoint "Cleanup", Time since last: 2001977629 ns, Reaching safepoint: 19248 ns, Cleanup: 21471 ns, At safepoint: 9502 ns, Total: 50221 ns
[2025-03-03T15:59:37.406+0000][7][safepoint   ] Safepoint "Cleanup", Time since last: 3004969309 ns, Reaching safepoint: 15447 ns, Cleanup: 10746 ns, At safepoint: 6691 ns, Total: 32884 ns
[2025-03-03T15:59:40.409+0000][7][safepoint   ] Safepoint "Cleanup", Time since last: 3002952037 ns, Reaching safepoint: 20066 ns, Cleanup: 14518 ns, At safepoint: 8319 ns, Total: 42903 ns
[2025-03-03T15:59:43.413+0000][7][safepoint   ] Safepoint "Cleanup", Time since last: 3003169301 ns, Reaching safepoint: 40324 ns, Cleanup: 13425 ns, At safepoint: 6589 ns, Total: 60338 ns
[2025-03-03T15:59:43.615+0000][7][gc,start    ] GC(15) Pause Young (Normal) (G1 Evacuation Pause)
[2025-03-03T15:59:43.615+0000][7][gc,task     ] GC(15) Using 13 workers of 13 for evacuation
[2025-03-03T15:59:43.615+0000][7][gc,age      ] GC(15) Desired survivor size 81788928 bytes, new threshold 15 (max threshold 15)
[2025-03-03T15:59:43.622+0000][7][gc,phases   ] GC(15)   Pre Evacuate Collection Set: 0.55ms
[2025-03-03T15:59:43.623+0000][7][gc,phases   ] GC(15)   Merge Heap Roots: 0.38ms
[2025-03-03T15:59:43.623+0000][7][gc,phases   ] GC(15)   Evacuate Collection Set: 3.63ms
[2025-03-03T15:59:43.623+0000][7][gc,phases   ] GC(15)   Post Evacuate Collection Set: 2.55ms
[2025-03-03T15:59:43.623+0000][7][gc,phases   ] GC(15)   Other: 0.37ms
[2025-03-03T15:59:43.623+0000][7][gc,age      ] GC(15) Age table with threshold 15 (max threshold 15)
[2025-03-03T15:59:43.624+0000][7][gc,age      ] GC(15) - age   1:    2189496 bytes,    2189496 total
[2025-03-03T15:59:43.624+0000][7][gc,age      ] GC(15) - age   2:    1620672 bytes,    3810168 total
[2025-03-03T15:59:43.624+0000][7][gc,age      ] GC(15) - age   3:    1275480 bytes,    5085648 total
[2025-03-03T15:59:43.624+0000][7][gc,heap     ] GC(15) Eden regions: 305->0(305)
[2025-03-03T15:59:43.624+0000][7][gc,heap     ] GC(15) Survivor regions: 2->2(39)
[2025-03-03T15:59:43.624+0000][7][gc,heap     ] GC(15) Old regions: 33->33
[2025-03-03T15:59:43.625+0000][7][gc,heap     ] GC(15) Humongous regions: 2->2
[2025-03-03T15:59:43.625+0000][7][gc,metaspace] GC(15) Metaspace: 108991K(111744K)->108991K(111744K) NonClass: 93980K(95552K)->93980K(95552K) Class: 15010K(16192K)->15010K(16192K)
[2025-03-03T15:59:43.625+0000][7][gc          ] GC(15) Pause Young (Normal) (G1 Evacuation Pause) 1363M->143M(2048M) 10.005ms
[2025-03-03T15:59:43.625+0000][7][gc,cpu      ] GC(15) User=0.03s Sys=0.01s Real=0.01s
[2025-03-03T15:59:43.625+0000][7][safepoint   ] Safepoint "G1CollectForAllocation", Time since last: 202297586 ns, Reaching safepoint: 15503 ns, Cleanup: 4203 ns, At safepoint: 10393567 ns, Total: 10413273 ns
[2025-03-03T15:59:46.628+0000][7][safepoint   ] Safepoint "Cleanup", Time since last: 3003150058 ns, Reaching safepoint: 16705 ns, Cleanup: 11786 ns, At safepoint: 8724 ns, Total: 37215 ns
[2025-03-03T15:59:49.634+0000][7][safepoint   ] Safepoint "Cleanup", Time since last: 3004097910 ns, Reaching safepoint: 972273 ns, Cleanup: 38282 ns, At safepoint: 115015 ns, Total: 1125570 ns
[2025-03-03T15:59:50.636+0000][7][safepoint   ] Safepoint "Cleanup", Time since last: 1001667068 ns, Reaching safepoint: 37036 ns, Cleanup: 68509 ns, At safepoint: 13908 ns, Total: 119453 ns
[2025-03-03T15:59:51.638+0000][7][safepoint   ] Safepoint "Cleanup", Time since last: 1001941492 ns, Reaching safepoint: 18577 ns, Cleanup: 14574 ns, At safepoint: 8291 ns, Total: 41442 ns
[2025-03-03T16:00:01.242+0000][7][safepoint   ] Safepoint "Cleanup", Time since last: 9603871731 ns, Reaching safepoint: 24885 ns, Cleanup: 19320 ns, At safepoint: 13633 ns, Total: 57838 ns
[2025-03-03T16:00:07.254+0000][7][safepoint   ] Safepoint "Cleanup", Time since last: 6011471855 ns, Reaching safepoint: 26682 ns, Cleanup: 21351 ns, At safepoint: 29714 ns, Total: 77747 ns
[2025-03-03T16:00:08.259+0000][7][safepoint   ] Safepoint "Cleanup", Time since last: 1005434630 ns, Reaching safepoint: 23237 ns, Cleanup: 11923 ns, At safepoint: 7497 ns, Total: 42657 ns
[2025-03-03T16:00:09.260+0000][7][safepoint   ] Safepoint "Cleanup", Time since last: 1000846963 ns, Reaching safepoint: 18552 ns, Cleanup: 13864 ns, At safepoint: 8135 ns, Total: 40551 ns
[2025-03-03T16:00:13.264+0000][7][safepoint   ] Safepoint "Cleanup", Time since last: 4004081160 ns, Reaching safepoint: 16052 ns, Cleanup: 12974 ns, At safepoint: 8481 ns, Total: 37507 ns
[2025-03-03T16:00:14.265+0000][7][safepoint   ] Safepoint "Cleanup", Time since last: 1000950071 ns, Reaching safepoint: 39570 ns, Cleanup: 14954 ns, At safepoint: 11418 ns, Total: 65942 ns
[2025-03-03T16:00:19.271+0000][7][safepoint   ] Safepoint "Cleanup", Time since last: 5005124811 ns, Reaching safepoint: 42434 ns, Cleanup: 33366 ns, At safepoint: 16545 ns, Total: 92345 ns
[2025-03-03T16:00:27.280+0000][7][safepoint   ] Safepoint "Cleanup", Time since last: 8008654571 ns, Reaching safepoint: 16830 ns, Cleanup: 11751 ns, At safepoint: 7110 ns, Total: 35691 ns
[2025-03-03T16:00:30.284+0000][7][safepoint   ] Safepoint "Cleanup", Time since last: 3004011009 ns, Reaching safepoint: 18086 ns, Cleanup: 16454 ns, At safepoint: 8423 ns, Total: 42963 ns
[2025-03-03T16:00:31.285+0000][7][safepoint   ] Safepoint "Cleanup", Time since last: 1000909952 ns, Reaching safepoint: 16127 ns, Cleanup: 13553 ns, At safepoint: 8161 ns, Total: 37841 ns
[2025-03-03T16:00:34.288+0000][7][safepoint   ] Safepoint "Cleanup", Time since last: 3002966998 ns, Reaching safepoint: 17497 ns, Cleanup: 14032 ns, At safepoint: 6701 ns, Total: 38230 ns
[2025-03-03T16:00:35.289+0000][7][safepoint   ] Safepoint "Cleanup", Time since last: 1001006114 ns, Reaching safepoint: 19438 ns, Cleanup: 14131 ns, At safepoint: 7389 ns, Total: 40958 ns
[2025-03-03T16:00:39.293+0000][7][safepoint   ] Safepoint "Cleanup", Time since last: 4004037617 ns, Reaching safepoint: 17506 ns, Cleanup: 13814 ns, At safepoint: 7579 ns, Total: 38899 ns
[2025-03-03T16:00:42.296+0000][7][safepoint   ] Safepoint "Cleanup", Time since last: 3003088359 ns, Reaching safepoint: 53901 ns, Cleanup: 35111 ns, At safepoint: 68123 ns, Total: 157135 ns
[2025-03-03T16:00:44.299+0000][7][safepoint   ] Safepoint "Cleanup", Time since last: 2002593728 ns, Reaching safepoint: 37259 ns, Cleanup: 12061 ns, At safepoint: 7819 ns, Total: 57139 ns
[2025-03-03T16:00:52.308+0000][7][safepoint   ] Safepoint "Cleanup", Time since last: 8008110226 ns, Reaching safepoint: 16152 ns, Cleanup: 12395 ns, At safepoint: 8721 ns, Total: 37268 ns
[2025-03-03T16:00:55.243+0000][7][safepoint   ] Safepoint "Cleanup", Time since last: 2935031459 ns, Reaching safepoint: 6139 ns, Cleanup: 9733 ns, At safepoint: 3428 ns, Total: 19300 ns
[2025-03-03T16:01:01.249+0000][7][safepoint   ] Safepoint "Cleanup", Time since last: 6005882982 ns, Reaching safepoint: 15217 ns, Cleanup: 11393 ns, At safepoint: 6579 ns, Total: 33189 ns
[2025-03-03T16:01:02.251+0000][7][safepoint   ] Safepoint "Cleanup", Time since last: 1001930260 ns, Reaching safepoint: 16797 ns, Cleanup: 14867 ns, At safepoint: 7074 ns, Total: 38738 ns
[2025-03-03T16:01:05.254+0000][7][safepoint   ] Safepoint "Cleanup", Time since last: 3002918218 ns, Reaching safepoint: 16371 ns, Cleanup: 12115 ns, At safepoint: 6981 ns, Total: 35467 ns
[2025-03-03T16:01:07.256+0000][7][safepoint   ] Safepoint "Cleanup", Time since last: 2001940048 ns, Reaching safepoint: 36079 ns, Cleanup: 23640 ns, At safepoint: 12032 ns, Total: 71751 ns
[2025-03-03T16:01:09.258+0000][7][safepoint   ] Safepoint "Cleanup", Time since last: 2002189838 ns, Reaching safepoint: 20605 ns, Cleanup: 13207 ns, At safepoint: 8888 ns, Total: 42700 ns
[2025-03-03T16:01:11.260+0000][7][safepoint   ] Safepoint "Cleanup", Time since last: 2001850841 ns, Reaching safepoint: 17967 ns, Cleanup: 10776 ns, At safepoint: 7316 ns, Total: 36059 ns
[2025-03-03T16:01:13.262+0000][7][safepoint   ] Safepoint "Cleanup", Time since last: 2002773421 ns, Reaching safepoint: 15664 ns, Cleanup: 14266 ns, At safepoint: 7007 ns, Total: 36937 ns
[2025-03-03T16:01:14.264+0000][7][safepoint   ] Safepoint "Cleanup", Time since last: 1001042333 ns, Reaching safepoint: 34563 ns, Cleanup: 11882 ns, At safepoint: 9178 ns, Total: 55623 ns
[2025-03-03T16:01:18.268+0000][7][safepoint   ] Safepoint "Cleanup", Time since last: 4003912003 ns, Reaching safepoint: 14616 ns, Cleanup: 11276 ns, At safepoint: 6144 ns, Total: 32036 ns
[2025-03-03T16:01:19.269+0000][7][safepoint   ] Safepoint "Cleanup", Time since last: 1000931437 ns, Reaching safepoint: 13857 ns, Cleanup: 12588 ns, At safepoint: 6810 ns, Total: 33255 ns
[2025-03-03T16:01:21.271+0000][7][safepoint   ] Safepoint "Cleanup", Time since last: 2002065289 ns, Reaching safepoint: 32981 ns, Cleanup: 23059 ns, At safepoint: 7187 ns, Total: 63227 ns
[2025-03-03T16:01:22.272+0000][7][safepoint   ] Safepoint "Cleanup", Time since last: 1000957804 ns, Reaching safepoint: 32869 ns, Cleanup: 16499 ns, At safepoint: 8555 ns, Total: 57923 ns
[2025-03-03T16:01:25.275+0000][7][safepoint   ] Safepoint "Cleanup", Time since last: 3002866180 ns, Reaching safepoint: 16977 ns, Cleanup: 12367 ns, At safepoint: 7074 ns, Total: 36418 ns
[2025-03-03T16:01:27.277+0000][7][safepoint   ] Safepoint "Cleanup", Time since last: 2002130772 ns, Reaching safepoint: 19767 ns, Cleanup: 11954 ns, At safepoint: 6621 ns, Total: 38342 ns
[2025-03-03T16:01:28.278+0000][7][safepoint   ] Safepoint "Cleanup", Time since last: 1000907564 ns, Reaching safepoint: 16399 ns, Cleanup: 15034 ns, At safepoint: 7575 ns, Total: 39008 ns
[2025-03-03T16:01:34.284+0000][7][safepoint   ] Safepoint "Cleanup", Time since last: 6005950089 ns, Reaching safepoint: 29882 ns, Cleanup: 20065 ns, At safepoint: 5173 ns, Total: 55120 ns
[2025-03-03T16:01:37.287+0000][7][safepoint   ] Safepoint "Cleanup", Time since last: 3002757946 ns, Reaching safepoint: 13864 ns, Cleanup: 18108 ns, At safepoint: 7364 ns, Total: 39336 ns
[2025-03-03T16:01:43.293+0000][7][safepoint   ] Safepoint "Cleanup", Time since last: 6006160356 ns, Reaching safepoint: 15314 ns, Cleanup: 15782 ns, At safepoint: 6026 ns, Total: 37122 ns
[2025-03-03T16:01:46.300+0000][7][safepoint   ] Safepoint "Cleanup", Time since last: 3006960363 ns, Reaching safepoint: 187768 ns, Cleanup: 35490 ns, At safepoint: 7660 ns, Total: 230918 ns
[2025-03-03T16:01:49.304+0000][7][safepoint   ] Safepoint "Cleanup", Time since last: 3002587351 ns, Reaching safepoint: 14409 ns, Cleanup: 14408 ns, At safepoint: 6697 ns, Total: 35514 ns
[2025-03-03T16:01:52.307+0000][7][safepoint   ] Safepoint "Cleanup", Time since last: 3003206219 ns, Reaching safepoint: 28696 ns, Cleanup: 15977 ns, At safepoint: 9535 ns, Total: 54208 ns
[2025-03-03T16:01:55.310+0000][7][safepoint   ] Safepoint "Cleanup", Time since last: 3002885214 ns, Reaching safepoint: 22687 ns, Cleanup: 15749 ns, At safepoint: 9352 ns, Total: 47788 ns
[2025-03-03T16:01:56.488+0000][7][safepoint   ] Safepoint "Cleanup", Time since last: 1177776521 ns, Reaching safepoint: 19090 ns, Cleanup: 12096 ns, At safepoint: 6821 ns, Total: 38007 ns
[2025-03-03T16:01:57.489+0000][7][safepoint   ] Safepoint "Cleanup", Time since last: 1001062857 ns, Reaching safepoint: 37679 ns, Cleanup: 78010 ns, At safepoint: 14186 ns, Total: 129875 ns
[2025-03-03T16:02:01.493+0000][7][safepoint   ] Safepoint "Cleanup", Time since last: 4003829228 ns, Reaching safepoint: 41561 ns, Cleanup: 13038 ns, At safepoint: 7051 ns, Total: 61650 ns
[2025-03-03T16:02:10.503+0000][7][safepoint   ] Safepoint "Cleanup", Time since last: 9009846085 ns, Reaching safepoint: 18305 ns, Cleanup: 14856 ns, At safepoint: 6850 ns, Total: 40011 ns
[2025-03-03T16:02:13.506+0000][7][safepoint   ] Safepoint "Cleanup", Time since last: 3003087614 ns, Reaching safepoint: 18367 ns, Cleanup: 11963 ns, At safepoint: 7008 ns, Total: 37338 ns
[2025-03-03T16:02:14.507+0000][7][safepoint   ] Safepoint "Cleanup", Time since last: 1000997445 ns, Reaching safepoint: 22216 ns, Cleanup: 15860 ns, At safepoint: 8379 ns, Total: 46455 ns
[2025-03-03T16:02:19.512+0000][7][safepoint   ] Safepoint "Cleanup", Time since last: 5004780190 ns, Reaching safepoint: 22065 ns, Cleanup: 10560 ns, At safepoint: 7685 ns, Total: 40310 ns
[2025-03-03T16:02:20.513+0000][7][safepoint   ] Safepoint "Cleanup", Time since last: 1001029457 ns, Reaching safepoint: 15511 ns, Cleanup: 11055 ns, At safepoint: 7527 ns, Total: 34093 ns
[2025-03-03T16:02:22.516+0000][7][safepoint   ] Safepoint "Cleanup", Time since last: 2002097311 ns, Reaching safepoint: 16236 ns, Cleanup: 11875 ns, At safepoint: 6298 ns, Total: 34409 ns
[2025-03-03T16:02:27.520+0000][7][safepoint   ] Safepoint "Cleanup", Time since last: 5004794651 ns, Reaching safepoint: 15986 ns, Cleanup: 14092 ns, At safepoint: 7565 ns, Total: 37643 ns
[2025-03-03T16:02:31.525+0000][7][safepoint   ] Safepoint "Cleanup", Time since last: 4004177258 ns, Reaching safepoint: 42451 ns, Cleanup: 89445 ns, At safepoint: 28553 ns, Total: 160449 ns
[2025-03-03T16:02:34.529+0000][7][safepoint   ] Safepoint "Cleanup", Time since last: 3004638486 ns, Reaching safepoint: 17818 ns, Cleanup: 13419 ns, At safepoint: 7475 ns, Total: 38712 ns
[2025-03-03T16:02:43.538+0000][7][safepoint   ] Safepoint "Cleanup", Time since last: 9008101073 ns, Reaching safepoint: 18129 ns, Cleanup: 21208 ns, At safepoint: 7763 ns, Total: 47100 ns
[2025-03-03T16:03:07.736+0000][7][safepoint   ] Safepoint "Cleanup", Time since last: 24197854967 ns, Reaching safepoint: 43996 ns, Cleanup: 15972 ns, At safepoint: 7029 ns, Total: 66997 ns
[2025-03-03T16:03:29.759+0000][7][safepoint   ] Safepoint "Cleanup", Time since last: 22021919012 ns, Reaching safepoint: 25779 ns, Cleanup: 27574 ns, At safepoint: 11897 ns, Total: 65250 ns
[2025-03-03T16:03:31.762+0000][7][safepoint   ] Safepoint "Cleanup", Time since last: 2003184867 ns, Reaching safepoint: 45409 ns, Cleanup: 16368 ns, At safepoint: 8881 ns, Total: 70658 ns
[2025-03-03T16:03:43.774+0000][7][safepoint   ] Safepoint "Cleanup", Time since last: 12011647510 ns, Reaching safepoint: 21495 ns, Cleanup: 14045 ns, At safepoint: 36396 ns, Total: 71936 ns
[2025-03-03T16:03:50.782+0000][7][safepoint   ] Safepoint "Cleanup", Time since last: 7007012332 ns, Reaching safepoint: 17306 ns, Cleanup: 11909 ns, At safepoint: 7648 ns, Total: 36863 ns
[2025-03-03T16:03:56.770+0000][7][safepoint   ] Safepoint "Cleanup", Time since last: 5988104543 ns, Reaching safepoint: 15273 ns, Cleanup: 10249 ns, At safepoint: 5235 ns, Total: 30757 ns
[2025-03-03T16:03:59.774+0000][7][safepoint   ] Safepoint "Cleanup", Time since last: 3004015263 ns, Reaching safepoint: 19985 ns, Cleanup: 16303 ns, At safepoint: 13281 ns, Total: 49569 ns
[2025-03-03T16:04:01.776+0000][7][safepoint   ] Safepoint "Cleanup", Time since last: 2001807382 ns, Reaching safepoint: 17783 ns, Cleanup: 12719 ns, At safepoint: 7991 ns, Total: 38493 ns
[2025-03-03T16:04:02.777+0000][7][safepoint   ] Safepoint "Cleanup", Time since last: 1001019741 ns, Reaching safepoint: 32048 ns, Cleanup: 23774 ns, At safepoint: 9626 ns, Total: 65448 ns
[2025-03-03T16:04:04.779+0000][7][safepoint   ] Safepoint "Cleanup", Time since last: 2001949782 ns, Reaching safepoint: 17182 ns, Cleanup: 12231 ns, At safepoint: 7427 ns, Total: 36840 ns
[2025-03-03T16:04:07.782+0000][7][safepoint   ] Safepoint "Cleanup", Time since last: 3002859978 ns, Reaching safepoint: 89583 ns, Cleanup: 15771 ns, At safepoint: 14243 ns, Total: 119597 ns
[2025-03-03T16:04:10.786+0000][7][safepoint   ] Safepoint "Cleanup", Time since last: 3003910921 ns, Reaching safepoint: 16666 ns, Cleanup: 24749 ns, At safepoint: 6080 ns, Total: 47495 ns
[2025-03-03T16:04:19.796+0000][7][safepoint   ] Safepoint "Cleanup", Time since last: 9009905846 ns, Reaching safepoint: 17306 ns, Cleanup: 13210 ns, At safepoint: 7852 ns, Total: 38368 ns
[2025-03-03T16:04:26.803+0000][7][safepoint   ] Safepoint "Cleanup", Time since last: 7007131534 ns, Reaching safepoint: 21293 ns, Cleanup: 14690 ns, At safepoint: 10601 ns, Total: 46584 ns
[2025-03-03T16:04:27.805+0000][7][safepoint   ] Safepoint "Cleanup", Time since last: 1001832335 ns, Reaching safepoint: 16585 ns, Cleanup: 29323 ns, At safepoint: 7565 ns, Total: 53473 ns
[2025-03-03T16:04:34.812+0000][7][safepoint   ] Safepoint "Cleanup", Time since last: 7006818034 ns, Reaching safepoint: 16128 ns, Cleanup: 10968 ns, At safepoint: 6100 ns, Total: 33196 ns
[2025-03-03T16:04:37.815+0000][7][safepoint   ] Safepoint "Cleanup", Time since last: 3003021463 ns, Reaching safepoint: 16887 ns, Cleanup: 14550 ns, At safepoint: 6163 ns, Total: 37600 ns
[2025-03-03T16:04:40.817+0000][7][safepoint   ] Safepoint "Cleanup", Time since last: 3001904435 ns, Reaching safepoint: 17569 ns, Cleanup: 15280 ns, At safepoint: 8665 ns, Total: 41514 ns
[2025-03-03T16:04:51.828+0000][7][safepoint   ] Safepoint "Cleanup", Time since last: 11010119677 ns, Reaching safepoint: 404005 ns, Cleanup: 30732 ns, At safepoint: 34471 ns, Total: 469208 ns
[2025-03-03T16:04:55.832+0000][7][safepoint   ] Safepoint "Cleanup", Time since last: 4003467458 ns, Reaching safepoint: 18723 ns, Cleanup: 17340 ns, At safepoint: 8455 ns, Total: 44518 ns
[2025-03-03T16:04:57.019+0000][7][safepoint   ] Safepoint "Cleanup", Time since last: 1186967731 ns, Reaching safepoint: 18360 ns, Cleanup: 12029 ns, At safepoint: 7171 ns, Total: 37560 ns
[2025-03-03T16:04:59.021+0000][7][safepoint   ] Safepoint "Cleanup", Time since last: 2002019306 ns, Reaching safepoint: 19882 ns, Cleanup: 14101 ns, At safepoint: 9649 ns, Total: 43632 ns
[2025-03-03T16:05:02.024+0000][7][safepoint   ] Safepoint "Cleanup", Time since last: 3002720769 ns, Reaching safepoint: 16426 ns, Cleanup: 12834 ns, At safepoint: 6825 ns, Total: 36085 ns
[2025-03-03T16:05:05.027+0000][7][safepoint   ] Safepoint "Cleanup", Time since last: 3003486895 ns, Reaching safepoint: 46239 ns, Cleanup: 29399 ns, At safepoint: 22006 ns, Total: 97644 ns
[2025-03-03T16:05:14.037+0000][7][safepoint   ] Safepoint "Cleanup", Time since last: 9009555807 ns, Reaching safepoint: 18838 ns, Cleanup: 11436 ns, At safepoint: 7588 ns, Total: 37862 ns
[2025-03-03T16:05:18.042+0000][7][safepoint   ] Safepoint "Cleanup", Time since last: 4004912166 ns, Reaching safepoint: 26853 ns, Cleanup: 14538 ns, At safepoint: 8770 ns, Total: 50161 ns
[2025-03-03T16:05:20.045+0000][7][safepoint   ] Safepoint "Cleanup", Time since last: 2001960292 ns, Reaching safepoint: 54753 ns, Cleanup: 17154 ns, At safepoint: 10004 ns, Total: 81911 ns
[2025-03-03T16:05:22.047+0000][7][safepoint   ] Safepoint "Cleanup", Time since last: 2002131098 ns, Reaching safepoint: 40851 ns, Cleanup: 30698 ns, At safepoint: 17929 ns, Total: 89478 ns
[2025-03-03T16:05:26.051+0000][7][safepoint   ] Safepoint "Cleanup", Time since last: 4003669205 ns, Reaching safepoint: 20247 ns, Cleanup: 16251 ns, At safepoint: 7125 ns, Total: 43623 ns
[2025-03-03T16:05:27.052+0000][7][safepoint   ] Safepoint "Cleanup", Time since last: 1000861139 ns, Reaching safepoint: 22108 ns, Cleanup: 13322 ns, At safepoint: 7053 ns, Total: 42483 ns
[2025-03-03T16:05:34.059+0000][7][safepoint   ] Safepoint "Cleanup", Time since last: 7007101885 ns, Reaching safepoint: 19868 ns, Cleanup: 14213 ns, At safepoint: 5959 ns, Total: 40040 ns
[2025-03-03T16:05:37.955+0000][7][gc,start    ] GC(16) Pause Young (Normal) (G1 Evacuation Pause)
[2025-03-03T16:05:37.955+0000][7][gc,task     ] GC(16) Using 13 workers of 13 for evacuation
[2025-03-03T16:05:37.956+0000][7][gc,age      ] GC(16) Desired survivor size 81788928 bytes, new threshold 15 (max threshold 15)
[2025-03-03T16:05:37.969+0000][7][gc,phases   ] GC(16)   Pre Evacuate Collection Set: 1.18ms
[2025-03-03T16:05:37.969+0000][7][gc,phases   ] GC(16)   Merge Heap Roots: 0.92ms
[2025-03-03T16:05:37.969+0000][7][gc,phases   ] GC(16)   Evacuate Collection Set: 6.06ms
[2025-03-03T16:05:37.970+0000][7][gc,phases   ] GC(16)   Post Evacuate Collection Set: 4.39ms
[2025-03-03T16:05:37.970+0000][7][gc,phases   ] GC(16)   Other: 0.98ms
[2025-03-03T16:05:37.970+0000][7][gc,age      ] GC(16) Age table with threshold 15 (max threshold 15)
[2025-03-03T16:05:37.970+0000][7][gc,age      ] GC(16) - age   1:    2174984 bytes,    2174984 total
[2025-03-03T16:05:37.970+0000][7][gc,age      ] GC(16) - age   2:     248584 bytes,    2423568 total
[2025-03-03T16:05:37.971+0000][7][gc,age      ] GC(16) - age   3:    1617392 bytes,    4040960 total
[2025-03-03T16:05:37.971+0000][7][gc,age      ] GC(16) - age   4:    1275440 bytes,    5316400 total
[2025-03-03T16:05:37.971+0000][7][gc,heap     ] GC(16) Eden regions: 305->0(305)
[2025-03-03T16:05:37.972+0000][7][gc,heap     ] GC(16) Survivor regions: 2->2(39)
[2025-03-03T16:05:37.972+0000][7][gc,heap     ] GC(16) Old regions: 33->33
[2025-03-03T16:05:37.972+0000][7][gc,heap     ] GC(16) Humongous regions: 2->2
[2025-03-03T16:05:37.973+0000][7][gc,metaspace] GC(16) Metaspace: 109164K(111936K)->109164K(111936K) NonClass: 94142K(95680K)->94142K(95680K) Class: 15022K(16256K)->15022K(16256K)
[2025-03-03T16:05:37.973+0000][7][gc          ] GC(16) Pause Young (Normal) (G1 Evacuation Pause) 1363M->143M(2048M) 18.326ms
[2025-03-03T16:05:37.973+0000][7][gc,cpu      ] GC(16) User=0.06s Sys=0.01s Real=0.02s
[2025-03-03T16:05:37.973+0000][7][safepoint   ] Safepoint "G1CollectForAllocation", Time since last: 3895638541 ns, Reaching safepoint: 17998 ns, Cleanup: 4762 ns, At safepoint: 19045414 ns, Total: 19068174 ns
[2025-03-03T16:05:40.977+0000][7][safepoint   ] Safepoint "Cleanup", Time since last: 3003132329 ns, Reaching safepoint: 19935 ns, Cleanup: 10157 ns, At safepoint: 8542 ns, Total: 38634 ns
[2025-03-03T16:05:43.987+0000][7][safepoint   ] Safepoint "Cleanup", Time since last: 3009219287 ns, Reaching safepoint: 459197 ns, Cleanup: 67096 ns, At safepoint: 154322 ns, Total: 680615 ns
[2025-03-03T16:05:49.994+0000][7][safepoint   ] Safepoint "Cleanup", Time since last: 6007167088 ns, Reaching safepoint: 15564 ns, Cleanup: 17724 ns, At safepoint: 8836 ns, Total: 42124 ns
[2025-03-03T16:05:56.001+0000][7][safepoint   ] Safepoint "Cleanup", Time since last: 6006023225 ns, Reaching safepoint: 73547 ns, Cleanup: 41540 ns, At safepoint: 20010 ns, Total: 135097 ns
[2025-03-03T16:06:07.040+0000][7][safepoint   ] Safepoint "Cleanup", Time since last: 11039698857 ns, Reaching safepoint: 15565 ns, Cleanup: 12596 ns, At safepoint: 6182 ns, Total: 34343 ns
[2025-03-03T16:06:08.041+0000][7][safepoint   ] Safepoint "Cleanup", Time since last: 1001053580 ns, Reaching safepoint: 17816 ns, Cleanup: 14025 ns, At safepoint: 8620 ns, Total: 40461 ns
[2025-03-03T16:06:18.051+0000][7][safepoint   ] Safepoint "Cleanup", Time since last: 10009848217 ns, Reaching safepoint: 17072 ns, Cleanup: 11050 ns, At safepoint: 7530 ns, Total: 35652 ns
[2025-03-03T16:06:20.049+0000][7][safepoint   ] Safepoint "Cleanup", Time since last: 2002026831 ns, Reaching safepoint: 18390 ns, Cleanup: 12792 ns, At safepoint: 6623 ns, Total: 37805 ns
[2025-03-03T16:06:25.054+0000][7][safepoint   ] Safepoint "Cleanup", Time since last: 5005008775 ns, Reaching safepoint: 39095 ns, Cleanup: 13694 ns, At safepoint: 7477 ns, Total: 60266 ns
[2025-03-03T16:06:27.056+0000][7][safepoint   ] Safepoint "Cleanup", Time since last: 2001842642 ns, Reaching safepoint: 16758 ns, Cleanup: 13229 ns, At safepoint: 7091 ns, Total: 37078 ns
[2025-03-03T16:06:34.064+0000][7][safepoint   ] Safepoint "Cleanup", Time since last: 7008219273 ns, Reaching safepoint: 26982 ns, Cleanup: 23394 ns, At safepoint: 9527 ns, Total: 59903 ns
[2025-03-03T16:06:45.075+0000][7][safepoint   ] Safepoint "Cleanup", Time since last: 11011125329 ns, Reaching safepoint: 86180 ns, Cleanup: 64739 ns, At safepoint: 36458 ns, Total: 187377 ns
[2025-03-03T16:07:03.060+0000][7][safepoint   ] Safepoint "Cleanup", Time since last: 17986622414 ns, Reaching safepoint: 23953 ns, Cleanup: 14367 ns, At safepoint: 48689 ns, Total: 87009 ns
[2025-03-03T16:07:09.066+0000][7][safepoint   ] Safepoint "Cleanup", Time since last: 6005736228 ns, Reaching safepoint: 18403 ns, Cleanup: 11852 ns, At safepoint: 29902 ns, Total: 60157 ns
[2025-03-03T16:07:14.071+0000][7][safepoint   ] Safepoint "Cleanup", Time since last: 5004918285 ns, Reaching safepoint: 23920 ns, Cleanup: 22068 ns, At safepoint: 7845 ns, Total: 53833 ns
[2025-03-03T16:07:18.075+0000][7][safepoint   ] Safepoint "Cleanup", Time since last: 4004062587 ns, Reaching safepoint: 20390 ns, Cleanup: 13400 ns, At safepoint: 31520 ns, Total: 65310 ns
[2025-03-03T16:07:20.167+0000][7][safepoint   ] Safepoint "Cleanup", Time since last: 2002070543 ns, Reaching safepoint: 69573 ns, Cleanup: 73358 ns, At safepoint: 12780 ns, Total: 155711 ns
[2025-03-03T16:07:37.185+0000][7][safepoint   ] Safepoint "Cleanup", Time since last: 17017665110 ns, Reaching safepoint: 50779 ns, Cleanup: 16462 ns, At safepoint: 12532 ns, Total: 79773 ns
[2025-03-03T16:07:38.186+0000][7][safepoint   ] Safepoint "Cleanup", Time since last: 1000991143 ns, Reaching safepoint: 27711 ns, Cleanup: 14959 ns, At safepoint: 9649 ns, Total: 52319 ns
[2025-03-03T16:07:45.192+0000][7][safepoint   ] Safepoint "Cleanup", Time since last: 7006745450 ns, Reaching safepoint: 20227 ns, Cleanup: 12472 ns, At safepoint: 6832 ns, Total: 39531 ns
[2025-03-03T16:07:46.194+0000][7][safepoint   ] Safepoint "Cleanup", Time since last: 1001040257 ns, Reaching safepoint: 23499 ns, Cleanup: 36530 ns, At safepoint: 17651 ns, Total: 77680 ns
[2025-03-03T16:07:48.196+0000][7][safepoint   ] Safepoint "Cleanup", Time since last: 2001933035 ns, Reaching safepoint: 22526 ns, Cleanup: 13715 ns, At safepoint: 8818 ns, Total: 45059 ns
[2025-03-03T16:07:52.201+0000][7][safepoint   ] Safepoint "Cleanup", Time since last: 4003977185 ns, Reaching safepoint: 15873 ns, Cleanup: 11865 ns, At safepoint: 7852 ns, Total: 35590 ns
[2025-03-03T16:07:54.203+0000][7][safepoint   ] Safepoint "Cleanup", Time since last: 2002103094 ns, Reaching safepoint: 59321 ns, Cleanup: 26007 ns, At safepoint: 22317 ns, Total: 107645 ns
[2025-03-03T16:07:56.205+0000][7][safepoint   ] Safepoint "Cleanup", Time since last: 2001773741 ns, Reaching safepoint: 14569 ns, Cleanup: 29098 ns, At safepoint: 6624 ns, Total: 50291 ns
[2025-03-03T16:08:19.413+0000][7][safepoint   ] Safepoint "Cleanup", Time since last: 23206911371 ns, Reaching safepoint: 15859 ns, Cleanup: 11795 ns, At safepoint: 8272 ns, Total: 35926 ns
[2025-03-03T16:08:25.419+0000][7][safepoint   ] Safepoint "Cleanup", Time since last: 6006020255 ns, Reaching safepoint: 21723 ns, Cleanup: 20103 ns, At safepoint: 11005 ns, Total: 52831 ns
[2025-03-03T16:08:26.420+0000][7][safepoint   ] Safepoint "Cleanup", Time since last: 1000816719 ns, Reaching safepoint: 18053 ns, Cleanup: 12862 ns, At safepoint: 7240 ns, Total: 38155 ns
[2025-03-03T16:08:31.425+0000][7][safepoint   ] Safepoint "Cleanup", Time since last: 5005296612 ns, Reaching safepoint: 72784 ns, Cleanup: 47379 ns, At safepoint: 20914 ns, Total: 141077 ns
[2025-03-03T16:08:34.428+0000][7][safepoint   ] Safepoint "Cleanup", Time since last: 3002511222 ns, Reaching safepoint: 16612 ns, Cleanup: 14281 ns, At safepoint: 7501 ns, Total: 38394 ns
[2025-03-03T16:08:44.437+0000][7][safepoint   ] Safepoint "Cleanup", Time since last: 10009153130 ns, Reaching safepoint: 15954 ns, Cleanup: 16905 ns, At safepoint: 8808 ns, Total: 41667 ns
[2025-03-03T16:08:49.443+0000][7][safepoint   ] Safepoint "Cleanup", Time since last: 5004853146 ns, Reaching safepoint: 17224 ns, Cleanup: 15508 ns, At safepoint: 9317 ns, Total: 42049 ns
[2025-03-03T16:08:53.447+0000][7][safepoint   ] Safepoint "Cleanup", Time since last: 4004091936 ns, Reaching safepoint: 17213 ns, Cleanup: 15161 ns, At safepoint: 7404 ns, Total: 39778 ns
[2025-03-03T16:08:54.449+0000][7][safepoint   ] Safepoint "Cleanup", Time since last: 1001783157 ns, Reaching safepoint: 16367 ns, Cleanup: 11504 ns, At safepoint: 8096 ns, Total: 35967 ns
[2025-03-03T16:08:55.450+0000][7][safepoint   ] Safepoint "Cleanup", Time since last: 1001360762 ns, Reaching safepoint: 127351 ns, Cleanup: 75949 ns, At safepoint: 49725 ns, Total: 253025 ns
[2025-03-03T16:08:56.452+0000][7][safepoint   ] Safepoint "Cleanup", Time since last: 1001353983 ns, Reaching safepoint: 17936 ns, Cleanup: 42787 ns, At safepoint: 9963 ns, Total: 70686 ns
[2025-03-03T16:08:57.628+0000][7][safepoint   ] Safepoint "Cleanup", Time since last: 1175958411 ns, Reaching safepoint: 16483 ns, Cleanup: 34378 ns, At safepoint: 34580 ns, Total: 85441 ns
[2025-03-03T16:09:01.632+0000][7][safepoint   ] Safepoint "Cleanup", Time since last: 4004057724 ns, Reaching safepoint: 37034 ns, Cleanup: 13695 ns, At safepoint: 6438 ns, Total: 57167 ns
[2025-03-03T16:09:02.633+0000][7][safepoint   ] Safepoint "Cleanup", Time since last: 1000823393 ns, Reaching safepoint: 21028 ns, Cleanup: 14847 ns, At safepoint: 8311 ns, Total: 44186 ns
[2025-03-03T16:09:11.642+0000][7][safepoint   ] Safepoint "Cleanup", Time since last: 9008959006 ns, Reaching safepoint: 19697 ns, Cleanup: 13628 ns, At safepoint: 8408 ns, Total: 41733 ns
[2025-03-03T16:09:25.657+0000][7][safepoint   ] Safepoint "Cleanup", Time since last: 14013893949 ns, Reaching safepoint: 18500 ns, Cleanup: 12741 ns, At safepoint: 8040 ns, Total: 39281 ns
[2025-03-03T16:09:33.666+0000][7][safepoint   ] Safepoint "Cleanup", Time since last: 8009131175 ns, Reaching safepoint: 36654 ns, Cleanup: 16628 ns, At safepoint: 7672 ns, Total: 60954 ns
[2025-03-03T16:09:43.676+0000][7][safepoint   ] Safepoint "Cleanup", Time since last: 10009933829 ns, Reaching safepoint: 18422 ns, Cleanup: 14885 ns, At safepoint: 8104 ns, Total: 41411 ns
[2025-03-03T16:09:49.683+0000][7][safepoint   ] Safepoint "Cleanup", Time since last: 6005877729 ns, Reaching safepoint: 49967 ns, Cleanup: 16351 ns, At safepoint: 8250 ns, Total: 74568 ns
[2025-03-03T16:09:53.687+0000][7][safepoint   ] Safepoint "Cleanup", Time since last: 4003952794 ns, Reaching safepoint: 24324 ns, Cleanup: 14366 ns, At safepoint: 8174 ns, Total: 46864 ns
[2025-03-03T16:09:59.869+0000][7][safepoint   ] Safepoint "Cleanup", Time since last: 6181857211 ns, Reaching safepoint: 68316 ns, Cleanup: 39738 ns, At safepoint: 49999 ns, Total: 158053 ns
[2025-03-03T16:10:01.871+0000][7][safepoint   ] Safepoint "Cleanup", Time since last: 2001837304 ns, Reaching safepoint: 17838 ns, Cleanup: 14007 ns, At safepoint: 7471 ns, Total: 39316 ns
[2025-03-03T16:10:21.892+0000][7][safepoint   ] Safepoint "Cleanup", Time since last: 20020176545 ns, Reaching safepoint: 19963 ns, Cleanup: 13729 ns, At safepoint: 7980 ns, Total: 41672 ns
[2025-03-03T16:10:22.892+0000][7][safepoint   ] Safepoint "Cleanup", Time since last: 1000731254 ns, Reaching safepoint: 17217 ns, Cleanup: 14125 ns, At safepoint: 7749 ns, Total: 39091 ns
[2025-03-03T16:10:31.900+0000][7][safepoint   ] Safepoint "Cleanup", Time since last: 9007972157 ns, Reaching safepoint: 16216 ns, Cleanup: 12902 ns, At safepoint: 6577 ns, Total: 35695 ns
[2025-03-03T16:10:34.905+0000][7][safepoint   ] Safepoint "Cleanup", Time since last: 3004110353 ns, Reaching safepoint: 32342 ns, Cleanup: 17115 ns, At safepoint: 10599 ns, Total: 60056 ns
[2025-03-03T16:10:43.913+0000][7][safepoint   ] Safepoint "Cleanup", Time since last: 9008807109 ns, Reaching safepoint: 18377 ns, Cleanup: 11010 ns, At safepoint: 7217 ns, Total: 36604 ns
[2025-03-03T16:10:55.926+0000][7][safepoint   ] Safepoint "Cleanup", Time since last: 12011881881 ns, Reaching safepoint: 18486 ns, Cleanup: 14868 ns, At safepoint: 7476 ns, Total: 40830 ns
[2025-03-03T16:10:56.927+0000][7][safepoint   ] Safepoint "Cleanup", Time since last: 1001008002 ns, Reaching safepoint: 21238 ns, Cleanup: 16373 ns, At safepoint: 8172 ns, Total: 45783 ns
[2025-03-03T16:10:58.100+0000][7][safepoint   ] Safepoint "Cleanup", Time since last: 1173020295 ns, Reaching safepoint: 124224 ns, Cleanup: 42550 ns, At safepoint: 73050 ns, Total: 239824 ns
[2025-03-03T16:11:02.104+0000][7][safepoint   ] Safepoint "Cleanup", Time since last: 4003899203 ns, Reaching safepoint: 42313 ns, Cleanup: 13667 ns, At safepoint: 8520 ns, Total: 64500 ns
[2025-03-03T16:11:25.417+0000][7][gc,start    ] GC(17) Pause Young (Normal) (G1 Evacuation Pause)
[2025-03-03T16:11:25.417+0000][7][gc,task     ] GC(17) Using 13 workers of 13 for evacuation
[2025-03-03T16:11:25.418+0000][7][gc,age      ] GC(17) Desired survivor size 81788928 bytes, new threshold 15 (max threshold 15)
[2025-03-03T16:11:25.426+0000][7][gc,phases   ] GC(17)   Pre Evacuate Collection Set: 0.56ms
[2025-03-03T16:11:25.427+0000][7][gc,phases   ] GC(17)   Merge Heap Roots: 0.36ms
[2025-03-03T16:11:25.427+0000][7][gc,phases   ] GC(17)   Evacuate Collection Set: 5.85ms
[2025-03-03T16:11:25.427+0000][7][gc,phases   ] GC(17)   Post Evacuate Collection Set: 1.76ms
[2025-03-03T16:11:25.427+0000][7][gc,phases   ] GC(17)   Other: 0.38ms
[2025-03-03T16:11:25.427+0000][7][gc,age      ] GC(17) Age table with threshold 15 (max threshold 15)
[2025-03-03T16:11:25.427+0000][7][gc,age      ] GC(17) - age   1:    1696048 bytes,    1696048 total
[2025-03-03T16:11:25.427+0000][7][gc,age      ] GC(17) - age   2:     299968 bytes,    1996016 total
[2025-03-03T16:11:25.427+0000][7][gc,age      ] GC(17) - age   3:     244192 bytes,    2240208 total
[2025-03-03T16:11:25.428+0000][7][gc,age      ] GC(17) - age   4:    1157592 bytes,    3397800 total
[2025-03-03T16:11:25.428+0000][7][gc,age      ] GC(17) - age   5:    1274408 bytes,    4672208 total
[2025-03-03T16:11:25.428+0000][7][gc,heap     ] GC(17) Eden regions: 305->0(305)
[2025-03-03T16:11:25.428+0000][7][gc,heap     ] GC(17) Survivor regions: 2->2(39)
[2025-03-03T16:11:25.428+0000][7][gc,heap     ] GC(17) Old regions: 33->33
[2025-03-03T16:11:25.428+0000][7][gc,heap     ] GC(17) Humongous regions: 2->2
[2025-03-03T16:11:25.428+0000][7][gc,metaspace] GC(17) Metaspace: 109361K(112128K)->109361K(112128K) NonClass: 94336K(95872K)->94336K(95872K) Class: 15024K(16256K)->15024K(16256K)
[2025-03-03T16:11:25.429+0000][7][gc          ] GC(17) Pause Young (Normal) (G1 Evacuation Pause) 1363M->142M(2048M) 11.219ms
[2025-03-03T16:11:25.429+0000][7][gc,cpu      ] GC(17) User=0.06s Sys=0.00s Real=0.01s
[2025-03-03T16:11:25.429+0000][7][safepoint   ] Safepoint "G1CollectForAllocation", Time since last: 23311798967 ns, Reaching safepoint: 14145 ns, Cleanup: 8723 ns, At safepoint: 11665506 ns, Total: 11688374 ns
[2025-03-03T16:11:32.436+0000][7][safepoint   ] Safepoint "Cleanup", Time since last: 7007293514 ns, Reaching safepoint: 38980 ns, Cleanup: 11309 ns, At safepoint: 8916 ns, Total: 59205 ns
[2025-03-03T16:11:38.442+0000][7][safepoint   ] Safepoint "Cleanup", Time since last: 6006030165 ns, Reaching safepoint: 17929 ns, Cleanup: 13129 ns, At safepoint: 7982 ns, Total: 39040 ns
[2025-03-03T16:11:44.448+0000][7][safepoint   ] Safepoint "Cleanup", Time since last: 6005857445 ns, Reaching safepoint: 19981 ns, Cleanup: 14077 ns, At safepoint: 9481 ns, Total: 43539 ns
[2025-03-03T16:11:46.450+0000][7][safepoint   ] Safepoint "Cleanup", Time since last: 2001898414 ns, Reaching safepoint: 16376 ns, Cleanup: 11750 ns, At safepoint: 7534 ns, Total: 35660 ns
[2025-03-03T16:11:50.456+0000][7][safepoint   ] Safepoint "Cleanup", Time since last: 4002998200 ns, Reaching safepoint: 1043261 ns, Cleanup: 55094 ns, At safepoint: 134508 ns, Total: 1232863 ns
[2025-03-03T16:11:51.457+0000][7][safepoint   ] Safepoint "Cleanup", Time since last: 1001734845 ns, Reaching safepoint: 18538 ns, Cleanup: 15332 ns, At safepoint: 8647 ns, Total: 42517 ns
[2025-03-03T16:11:55.461+0000][7][safepoint   ] Safepoint "Cleanup", Time since last: 4003981327 ns, Reaching safepoint: 14421 ns, Cleanup: 19579 ns, At safepoint: 7688 ns, Total: 41688 ns
[2025-03-03T16:11:58.338+0000][7][safepoint   ] Safepoint "Cleanup", Time since last: 2875979953 ns, Reaching safepoint: 26327 ns, Cleanup: 24373 ns, At safepoint: 9767 ns, Total: 60467 ns
[2025-03-03T16:11:59.338+0000][7][safepoint   ] Safepoint "Cleanup", Time since last: 1000898630 ns, Reaching safepoint: 26597 ns, Cleanup: 28695 ns, At safepoint: 10455 ns, Total: 65747 ns
[2025-03-03T16:12:01.341+0000][7][safepoint   ] Safepoint "Cleanup", Time since last: 2002092968 ns, Reaching safepoint: 54327 ns, Cleanup: 36390 ns, At safepoint: 59389 ns, Total: 150106 ns
[2025-03-03T16:12:02.341+0000][7][safepoint   ] Safepoint "Cleanup", Time since last: 1000716180 ns, Reaching safepoint: 26463 ns, Cleanup: 15456 ns, At safepoint: 12179 ns, Total: 54098 ns
[2025-03-03T16:12:08.349+0000][7][safepoint   ] Safepoint "Cleanup", Time since last: 6006981526 ns, Reaching safepoint: 21246 ns, Cleanup: 21907 ns, At safepoint: 9116 ns, Total: 52269 ns
[2025-03-03T16:12:10.351+0000][7][safepoint   ] Safepoint "Cleanup", Time since last: 2002186575 ns, Reaching safepoint: 43801 ns, Cleanup: 32064 ns, At safepoint: 15775 ns, Total: 91640 ns
[2025-03-03T16:12:11.353+0000][7][safepoint   ] Safepoint "Cleanup", Time since last: 1001684856 ns, Reaching safepoint: 19487 ns, Cleanup: 13726 ns, At safepoint: 6863 ns, Total: 40076 ns
[2025-03-03T16:12:13.354+0000][7][safepoint   ] Safepoint "Cleanup", Time since last: 2001861281 ns, Reaching safepoint: 21835 ns, Cleanup: 30045 ns, At safepoint: 15320 ns, Total: 67200 ns
[2025-03-03T16:12:14.358+0000][7][safepoint   ] Safepoint "Cleanup", Time since last: 1002839629 ns, Reaching safepoint: 82908 ns, Cleanup: 205351 ns, At safepoint: 53632 ns, Total: 341891 ns
[2025-03-03T16:12:20.366+0000][7][safepoint   ] Safepoint "Cleanup", Time since last: 6007059281 ns, Reaching safepoint: 22613 ns, Cleanup: 32765 ns, At safepoint: 26235 ns, Total: 81613 ns
[2025-03-03T16:12:22.368+0000][7][safepoint   ] Safepoint "Cleanup", Time since last: 2002709674 ns, Reaching safepoint: 37616 ns, Cleanup: 13149 ns, At safepoint: 18372 ns, Total: 69137 ns
[2025-03-03T16:12:32.387+0000][7][safepoint   ] Safepoint "Cleanup", Time since last: 10017944798 ns, Reaching safepoint: 59696 ns, Cleanup: 67216 ns, At safepoint: 177208 ns, Total: 304120 ns
[2025-03-03T16:12:34.389+0000][7][safepoint   ] Safepoint "Cleanup", Time since last: 2002669532 ns, Reaching safepoint: 63008 ns, Cleanup: 52159 ns, At safepoint: 14955 ns, Total: 130122 ns
[2025-03-03T16:12:44.401+0000][7][safepoint   ] Safepoint "Cleanup", Time since last: 10010639926 ns, Reaching safepoint: 151702 ns, Cleanup: 78587 ns, At safepoint: 385279 ns, Total: 615568 ns
[2025-03-03T16:12:52.410+0000][7][safepoint   ] Safepoint "Cleanup", Time since last: 8008837725 ns, Reaching safepoint: 36240 ns, Cleanup: 11992 ns, At safepoint: 7718 ns, Total: 55950 ns
[2025-03-03T16:13:01.584+0000][7][safepoint   ] Safepoint "Cleanup", Time since last: 9172704174 ns, Reaching safepoint: 958154 ns, Cleanup: 11323 ns, At safepoint: 40879 ns, Total: 1010356 ns
[2025-03-03T16:13:04.587+0000][7][safepoint   ] Safepoint "Cleanup", Time since last: 3003023683 ns, Reaching safepoint: 39670 ns, Cleanup: 27215 ns, At safepoint: 16199 ns, Total: 83084 ns
[2025-03-03T16:13:25.609+0000][7][safepoint   ] Safepoint "Cleanup", Time since last: 21021084975 ns, Reaching safepoint: 30298 ns, Cleanup: 20549 ns, At safepoint: 41532 ns, Total: 92379 ns
[2025-03-03T16:13:37.621+0000][7][safepoint   ] Safepoint "Cleanup", Time since last: 12011772366 ns, Reaching safepoint: 19307 ns, Cleanup: 12131 ns, At safepoint: 7815 ns, Total: 39253 ns
[2025-03-03T16:13:49.287+0000][7][gc,start    ] GC(18) Pause Young (Concurrent Start) (CodeCache GC Threshold)
[2025-03-03T16:13:49.288+0000][7][gc,task     ] GC(18) Using 13 workers of 13 for evacuation
[2025-03-03T16:13:49.288+0000][7][gc,age      ] GC(18) Desired survivor size 81788928 bytes, new threshold 15 (max threshold 15)
[2025-03-03T16:13:49.299+0000][7][gc,phases   ] GC(18)   Pre Evacuate Collection Set: 0.69ms
[2025-03-03T16:13:49.299+0000][7][gc,phases   ] GC(18)   Merge Heap Roots: 0.57ms
[2025-03-03T16:13:49.300+0000][7][gc,phases   ] GC(18)   Evacuate Collection Set: 6.66ms
[2025-03-03T16:13:49.300+0000][7][gc,phases   ] GC(18)   Post Evacuate Collection Set: 2.96ms
[2025-03-03T16:13:49.300+0000][7][gc,phases   ] GC(18)   Other: 0.64ms
[2025-03-03T16:13:49.300+0000][7][gc,age      ] GC(18) Age table with threshold 15 (max threshold 15)
[2025-03-03T16:13:49.301+0000][7][gc,age      ] GC(18) - age   1:    2290472 bytes,    2290472 total
[2025-03-03T16:13:49.301+0000][7][gc,age      ] GC(18) - age   2:      30912 bytes,    2321384 total
[2025-03-03T16:13:49.301+0000][7][gc,age      ] GC(18) - age   3:     195760 bytes,    2517144 total
[2025-03-03T16:13:49.301+0000][7][gc,age      ] GC(18) - age   4:     244128 bytes,    2761272 total
[2025-03-03T16:13:49.301+0000][7][gc,age      ] GC(18) - age   5:    1156288 bytes,    3917560 total
[2025-03-03T16:13:49.302+0000][7][gc,age      ] GC(18) - age   6:    1274408 bytes,    5191968 total
[2025-03-03T16:13:49.302+0000][7][gc,heap     ] GC(18) Eden regions: 126->0(305)
[2025-03-03T16:13:49.302+0000][7][gc,heap     ] GC(18) Survivor regions: 2->2(39)
[2025-03-03T16:13:49.302+0000][7][gc,heap     ] GC(18) Old regions: 33->33
[2025-03-03T16:13:49.302+0000][7][gc,heap     ] GC(18) Humongous regions: 2->2
[2025-03-03T16:13:49.302+0000][7][gc,metaspace] GC(18) Metaspace: 109390K(112192K)->109390K(112192K) NonClass: 94365K(95936K)->94365K(95936K) Class: 15024K(16256K)->15024K(16256K)
[2025-03-03T16:13:49.303+0000][7][gc          ] GC(18) Pause Young (Concurrent Start) (CodeCache GC Threshold) 646M->143M(2048M) 15.139ms
[2025-03-03T16:13:49.303+0000][7][gc,cpu      ] GC(18) User=0.04s Sys=0.01s Real=0.02s
[2025-03-03T16:13:49.303+0000][7][gc          ] GC(19) Concurrent Mark Cycle
[2025-03-03T16:13:49.303+0000][7][gc,marking  ] GC(19) Concurrent Scan Root Regions
[2025-03-03T16:13:49.303+0000][7][safepoint   ] Safepoint "G1TryInitiateConcMark", Time since last: 11665017310 ns, Reaching safepoint: 19211 ns, Cleanup: 4357 ns, At safepoint: 15705508 ns, Total: 15729076 ns
[2025-03-03T16:13:49.308+0000][7][gc,marking  ] GC(19) Concurrent Scan Root Regions 4.917ms
[2025-03-03T16:13:49.308+0000][7][gc,marking  ] GC(19) Concurrent Mark
[2025-03-03T16:13:49.309+0000][7][gc,marking  ] GC(19) Concurrent Mark From Roots
[2025-03-03T16:13:49.309+0000][7][gc,task     ] GC(19) Using 3 workers of 3 for marking
[2025-03-03T16:13:49.385+0000][7][gc,marking  ] GC(19) Concurrent Mark From Roots 75.928ms
[2025-03-03T16:13:49.385+0000][7][gc,marking  ] GC(19) Concurrent Preclean
[2025-03-03T16:13:49.385+0000][7][gc,marking  ] GC(19) Concurrent Preclean 0.525ms
[2025-03-03T16:13:49.386+0000][7][gc,start    ] GC(19) Pause Remark
[2025-03-03T16:13:49.421+0000][7][gc          ] GC(19) Pause Remark 147M->147M(2048M) 34.734ms
[2025-03-03T16:13:49.421+0000][7][gc,cpu      ] GC(19) User=0.37s Sys=0.00s Real=0.04s
[2025-03-03T16:13:49.422+0000][7][safepoint   ] Safepoint "G1PauseRemark", Time since last: 82424760 ns, Reaching safepoint: 776964 ns, Cleanup: 9914 ns, At safepoint: 35276442 ns, Total: 36063320 ns
[2025-03-03T16:13:49.423+0000][7][gc,marking  ] GC(19) Concurrent Mark 114.230ms
[2025-03-03T16:13:49.423+0000][7][gc,marking  ] GC(19) Concurrent Rebuild Remembered Sets and Scrub Regions
[2025-03-03T16:13:49.459+0000][7][gc,marking  ] GC(19) Concurrent Rebuild Remembered Sets and Scrub Regions 36.016ms
[2025-03-03T16:13:49.461+0000][7][gc,start    ] GC(19) Pause Cleanup
[2025-03-03T16:13:49.462+0000][7][gc          ] GC(19) Pause Cleanup 151M->151M(2048M) 1.211ms
[2025-03-03T16:13:49.462+0000][7][gc,cpu      ] GC(19) User=0.01s Sys=0.00s Real=0.00s
[2025-03-03T16:13:49.462+0000][7][safepoint   ] Safepoint "G1PauseCleanup", Time since last: 37704077 ns, Reaching safepoint: 1104504 ns, Cleanup: 153601 ns, At safepoint: 1776311 ns, Total: 3034416 ns
[2025-03-03T16:13:49.463+0000][7][gc,marking  ] GC(19) Concurrent Clear Claimed Marks
[2025-03-03T16:13:49.463+0000][7][gc,marking  ] GC(19) Concurrent Clear Claimed Marks 0.395ms
[2025-03-03T16:13:49.463+0000][7][gc,marking  ] GC(19) Concurrent Cleanup for Next Mark
[2025-03-03T16:13:49.467+0000][7][gc,marking  ] GC(19) Concurrent Cleanup for Next Mark 3.744ms
[2025-03-03T16:13:49.467+0000][7][gc          ] GC(19) Concurrent Mark Cycle 164.334ms
[2025-03-03T16:13:50.463+0000][7][safepoint   ] Safepoint "Cleanup", Time since last: 1000904362 ns, Reaching safepoint: 19430 ns, Cleanup: 17988 ns, At safepoint: 8303 ns, Total: 45721 ns
[2025-03-03T16:13:52.465+0000][7][safepoint   ] Safepoint "Cleanup", Time since last: 2001998593 ns, Reaching safepoint: 18204 ns, Cleanup: 12006 ns, At safepoint: 7847 ns, Total: 38057 ns
[2025-03-03T16:13:57.470+0000][7][safepoint   ] Safepoint "Cleanup", Time since last: 5005048398 ns, Reaching safepoint: 17713 ns, Cleanup: 11825 ns, At safepoint: 8799 ns, Total: 38337 ns
[2025-03-03T16:14:01.829+0000][7][safepoint   ] Safepoint "Cleanup", Time since last: 4358820273 ns, Reaching safepoint: 43763 ns, Cleanup: 22765 ns, At safepoint: 55620 ns, Total: 122148 ns
[2025-03-03T16:14:03.582+0000][7][gc,heap,exit] Heap
[2025-03-03T16:14:03.585+0000][7][gc,heap,exit]  garbage-first heap   total reserved 2097152K, committed 2097152K, used 246247K [0x0000000080000000, 0x0000000100000000)
[2025-03-03T16:14:03.585+0000][7][gc,heap,exit]   region size 4096K, 27 young (110592K), 2 survivors (8192K)
[2025-03-03T16:14:03.586+0000][7][gc,heap,exit]  Metaspace       used 109641K, committed 112448K, reserved 1179648K
[2025-03-03T16:14:03.586+0000][7][gc,heap,exit]   class space    used 15081K, committed 16320K, reserved 1048576K
