[2025-03-03T15:44:52.084+0000][182][gc,init] CardTable entry size: 512
[2025-03-03T15:44:52.108+0000][182][gc     ] Using G1
[2025-03-03T15:44:52.129+0000][182][gc,init] Version: 22.0.2+9-70 (release)
[2025-03-03T15:44:52.129+0000][182][gc,init] CPUs: 16 total, 16 available
[2025-03-03T15:44:52.129+0000][182][gc,init] Memory: 16241M
[2025-03-03T15:44:52.129+0000][182][gc,init] Large Page Support: Disabled
[2025-03-03T15:44:52.130+0000][182][gc,init] NUMA Support: Disabled
[2025-03-03T15:44:52.131+0000][182][gc,init] Compressed Oops: Enabled (32-bit)
[2025-03-03T15:44:52.131+0000][182][gc,init] Heap Region Size: 1M
[2025-03-03T15:44:52.131+0000][182][gc,init] Heap Min Capacity: 2G
[2025-03-03T15:44:52.131+0000][182][gc,init] Heap Initial Capacity: 2G
[2025-03-03T15:44:52.131+0000][182][gc,init] Heap Max Capacity: 2G
[2025-03-03T15:44:52.132+0000][182][gc,init] Pre-touch: Disabled
[2025-03-03T15:44:52.132+0000][182][gc,init] Parallel Workers: 13
[2025-03-03T15:44:52.132+0000][182][gc,init] Concurrent Workers: 3
[2025-03-03T15:44:52.132+0000][182][gc,init] Concurrent Refinement Workers: 13
[2025-03-03T15:44:52.132+0000][182][gc,init] Periodic GC: Disabled
[2025-03-03T15:44:52.133+0000][182][gc,metaspace] CDS archive(s) not mapped
[2025-03-03T15:44:52.133+0000][182][gc,metaspace] Compressed class space mapped at: 0x0000000030000000-0x0000000070000000, reserved size: 1073741824
[2025-03-03T15:44:52.133+0000][182][gc,metaspace] Narrow klass base: 0x0000000000000000, Narrow klass shift: 0, Narrow klass range: 0x70000000
[2025-03-03T15:44:52.255+0000][182][gc,heap,exit] Heap
[2025-03-03T15:44:52.255+0000][182][gc,heap,exit]  garbage-first heap   total reserved 2097152K, committed 2097152K, used 4096K [0x0000000080000000, 0x0000000100000000)
[2025-03-03T15:44:52.256+0000][182][gc,heap,exit]   region size 1024K, 4 young (4096K), 0 survivors (0K)
[2025-03-03T15:44:52.256+0000][182][gc,heap,exit]  Metaspace       used 4006K, committed 4032K, reserved 1114112K
[2025-03-03T15:44:52.256+0000][182][gc,heap,exit]   class space    used 315K, committed 320K, reserved 1048576K
