[2025-03-04T03:57:33.876+0000][183][gc,init] CardTable entry size: 512
[2025-03-04T03:57:33.877+0000][183][gc     ] Using G1
[2025-03-04T03:57:33.902+0000][183][gc,init] Version: 22.0.2+9-70 (release)
[2025-03-04T03:57:33.902+0000][183][gc,init] CPUs: 16 total, 16 available
[2025-03-04T03:57:33.903+0000][183][gc,init] Memory: 16241M
[2025-03-04T03:57:33.903+0000][183][gc,init] Large Page Support: Disabled
[2025-03-04T03:57:33.903+0000][183][gc,init] NUMA Support: Disabled
[2025-03-04T03:57:33.903+0000][183][gc,init] Compressed Oops: Enabled (32-bit)
[2025-03-04T03:57:33.904+0000][183][gc,init] Heap Region Size: 1M
[2025-03-04T03:57:33.904+0000][183][gc,init] Heap Min Capacity: 2G
[2025-03-04T03:57:33.904+0000][183][gc,init] Heap Initial Capacity: 2G
[2025-03-04T03:57:33.904+0000][183][gc,init] Heap Max Capacity: 2G
[2025-03-04T03:57:33.905+0000][183][gc,init] Pre-touch: Disabled
[2025-03-04T03:57:33.905+0000][183][gc,init] Parallel Workers: 13
[2025-03-04T03:57:33.906+0000][183][gc,init] Concurrent Workers: 3
[2025-03-04T03:57:33.906+0000][183][gc,init] Concurrent Refinement Workers: 13
[2025-03-04T03:57:33.906+0000][183][gc,init] Periodic GC: Disabled
[2025-03-04T03:57:33.908+0000][183][gc,metaspace] CDS archive(s) not mapped
[2025-03-04T03:57:33.909+0000][183][gc,metaspace] Compressed class space mapped at: 0x000000003f000000-0x000000007f000000, reserved size: 1073741824
[2025-03-04T03:57:33.910+0000][183][gc,metaspace] Narrow klass base: 0x0000000000000000, Narrow klass shift: 0, Narrow klass range: 0x7f000000
[2025-03-04T03:57:34.120+0000][183][gc,heap,exit] Heap
[2025-03-04T03:57:34.120+0000][183][gc,heap,exit]  garbage-first heap   total reserved 2097152K, committed 2097152K, used 3584K [0x0000000080000000, 0x0000000100000000)
[2025-03-04T03:57:34.121+0000][183][gc,heap,exit]   region size 1024K, 4 young (4096K), 0 survivors (0K)
[2025-03-04T03:57:34.121+0000][183][gc,heap,exit]  Metaspace       used 4006K, committed 4032K, reserved 1114112K
[2025-03-04T03:57:34.121+0000][183][gc,heap,exit]   class space    used 315K, committed 320K, reserved 1048576K
