[2025-03-04T03:57:34.266+0000][7][gc,init] CardTable entry size: 512
[2025-03-04T03:57:34.267+0000][7][gc     ] Using G1
[2025-03-04T03:57:36.211+0000][7][gc,init] Version: 22.0.2+9-70 (release)
[2025-03-04T03:57:36.211+0000][7][gc,init] CPUs: 16 total, 16 available
[2025-03-04T03:57:36.211+0000][7][gc,init] Memory: 16241M
[2025-03-04T03:57:36.211+0000][7][gc,init] Large Page Support: Disabled
[2025-03-04T03:57:36.212+0000][7][gc,init] NUMA Support: Disabled
[2025-03-04T03:57:36.212+0000][7][gc,init] Compressed Oops: Enabled (32-bit)
[2025-03-04T03:57:36.212+0000][7][gc,init] Heap Region Size: 4M
[2025-03-04T03:57:36.212+0000][7][gc,init] Heap Min Capacity: 2G
[2025-03-04T03:57:36.213+0000][7][gc,init] Heap Initial Capacity: 2G
[2025-03-04T03:57:36.213+0000][7][gc,init] Heap Max Capacity: 2G
[2025-03-04T03:57:36.213+0000][7][gc,init] Pre-touch: Enabled
[2025-03-04T03:57:36.213+0000][7][gc,init] Parallel Workers: 13
[2025-03-04T03:57:36.213+0000][7][gc,init] Concurrent Workers: 3
[2025-03-04T03:57:36.214+0000][7][gc,init] Concurrent Refinement Workers: 13
[2025-03-04T03:57:36.214+0000][7][gc,init] Periodic GC: Disabled
[2025-03-04T03:57:36.227+0000][7][gc,metaspace] CDS archive(s) mapped at: [0x00007f4bc2000000-0x00007f4bc2c78000-0x00007f4bc2c78000), size 13074432, SharedBaseAddress: 0x00007f4bc2000000, ArchiveRelocationMode: 1.
[2025-03-04T03:57:36.228+0000][7][gc,metaspace] Compressed class space mapped at: 0x00007f4bc3000000-0x00007f4c03000000, reserved size: 1073741824
[2025-03-04T03:57:36.228+0000][7][gc,metaspace] Narrow klass base: 0x00007f4bc2000000, Narrow klass shift: 0, Narrow klass range: 0x100000000
[2025-03-04T03:57:37.413+0000][7][safepoint   ] Safepoint "Cleanup", Time since last: 1177294193 ns, Reaching safepoint: 4375 ns, Cleanup: 113120 ns, At safepoint: 29052 ns, Total: 146547 ns
[2025-03-04T03:57:38.859+0000][7][safepoint   ] Safepoint "Cleanup", Time since last: 1450779300 ns, Reaching safepoint: 6323 ns, Cleanup: 97765 ns, At safepoint: 53903 ns, Total: 157991 ns
[2025-03-04T03:57:39.418+0000][7][safepoint   ] Safepoint "ICBufferFull", Time since last: 558895874 ns, Reaching safepoint: 8367 ns, Cleanup: 97584 ns, At safepoint: 6304 ns, Total: 112255 ns
[2025-03-04T03:57:40.359+0000][7][gc,start    ] GC(0) Pause Young (Normal) (G1 Evacuation Pause)
[2025-03-04T03:57:40.361+0000][7][gc,task     ] GC(0) Using 13 workers of 13 for evacuation
[2025-03-04T03:57:40.363+0000][7][gc,age      ] GC(0) Desired survivor size 8388608 bytes, new threshold 15 (max threshold 15)
[2025-03-04T03:57:40.375+0000][7][gc,phases   ] GC(0)   Pre Evacuate Collection Set: 0.51ms
[2025-03-04T03:57:40.375+0000][7][gc,phases   ] GC(0)   Merge Heap Roots: 0.49ms
[2025-03-04T03:57:40.375+0000][7][gc,phases   ] GC(0)   Evacuate Collection Set: 5.36ms
[2025-03-04T03:57:40.375+0000][7][gc,phases   ] GC(0)   Post Evacuate Collection Set: 4.42ms
[2025-03-04T03:57:40.376+0000][7][gc,phases   ] GC(0)   Other: 2.61ms
[2025-03-04T03:57:40.376+0000][7][gc,age      ] GC(0) Age table with threshold 15 (max threshold 15)
[2025-03-04T03:57:40.376+0000][7][gc,age      ] GC(0) - age   1:    7702208 bytes,    7702208 total
[2025-03-04T03:57:40.376+0000][7][gc,heap     ] GC(0) Eden regions: 25->0(23)
[2025-03-04T03:57:40.377+0000][7][gc,heap     ] GC(0) Survivor regions: 0->2(4)
[2025-03-04T03:57:40.377+0000][7][gc,heap     ] GC(0) Old regions: 1->1
[2025-03-04T03:57:40.377+0000][7][gc,heap     ] GC(0) Humongous regions: 0->0
[2025-03-04T03:57:40.377+0000][7][gc,metaspace] GC(0) Metaspace: 16054K(16384K)->16054K(16384K) NonClass: 14194K(14336K)->14194K(14336K) Class: 1859K(2048K)->1859K(2048K)
[2025-03-04T03:57:40.377+0000][7][gc          ] GC(0) Pause Young (Normal) (G1 Evacuation Pause) 101M->8M(2048M) 18.605ms
[2025-03-04T03:57:40.378+0000][7][gc,cpu      ] GC(0) User=0.05s Sys=0.01s Real=0.02s
[2025-03-04T03:57:40.378+0000][7][safepoint   ] Safepoint "G1CollectForAllocation", Time since last: 940546382 ns, Reaching safepoint: 4567 ns, Cleanup: 95340 ns, At safepoint: 19129035 ns, Total: 19228942 ns
[2025-03-04T03:57:41.103+0000][7][gc,start    ] GC(1) Pause Young (Normal) (G1 Evacuation Pause)
[2025-03-04T03:57:41.104+0000][7][gc,task     ] GC(1) Using 13 workers of 13 for evacuation
[2025-03-04T03:57:41.104+0000][7][gc,age      ] GC(1) Desired survivor size 8388608 bytes, new threshold 15 (max threshold 15)
[2025-03-04T03:57:41.114+0000][7][gc,phases   ] GC(1)   Pre Evacuate Collection Set: 0.44ms
[2025-03-04T03:57:41.114+0000][7][gc,phases   ] GC(1)   Merge Heap Roots: 0.53ms
[2025-03-04T03:57:41.115+0000][7][gc,phases   ] GC(1)   Evacuate Collection Set: 5.78ms
[2025-03-04T03:57:41.115+0000][7][gc,phases   ] GC(1)   Post Evacuate Collection Set: 3.28ms
[2025-03-04T03:57:41.115+0000][7][gc,phases   ] GC(1)   Other: 0.55ms
[2025-03-04T03:57:41.115+0000][7][gc,age      ] GC(1) Age table with threshold 15 (max threshold 15)
[2025-03-04T03:57:41.115+0000][7][gc,age      ] GC(1) - age   1:    2205296 bytes,    2205296 total
[2025-03-04T03:57:41.116+0000][7][gc,age      ] GC(1) - age   2:    7563600 bytes,    9768896 total
[2025-03-04T03:57:41.116+0000][7][gc,heap     ] GC(1) Eden regions: 23->0(29)
[2025-03-04T03:57:41.116+0000][7][gc,heap     ] GC(1) Survivor regions: 2->3(4)
[2025-03-04T03:57:41.116+0000][7][gc,heap     ] GC(1) Old regions: 1->1
[2025-03-04T03:57:41.117+0000][7][gc,heap     ] GC(1) Humongous regions: 0->0
[2025-03-04T03:57:41.117+0000][7][gc,metaspace] GC(1) Metaspace: 18157K(18496K)->18157K(18496K) NonClass: 16042K(16192K)->16042K(16192K) Class: 2115K(2304K)->2115K(2304K)
[2025-03-04T03:57:41.117+0000][7][gc          ] GC(1) Pause Young (Normal) (G1 Evacuation Pause) 100M->11M(2048M) 14.058ms
[2025-03-04T03:57:41.117+0000][7][gc,cpu      ] GC(1) User=0.07s Sys=0.01s Real=0.01s
[2025-03-04T03:57:41.118+0000][7][safepoint   ] Safepoint "G1CollectForAllocation", Time since last: 724536191 ns, Reaching safepoint: 377552 ns, Cleanup: 105995 ns, At safepoint: 14697837 ns, Total: 15181384 ns
[2025-03-04T03:57:41.783+0000][7][gc,start    ] GC(2) Pause Young (Normal) (G1 Evacuation Pause)
[2025-03-04T03:57:41.785+0000][7][gc,task     ] GC(2) Using 13 workers of 13 for evacuation
[2025-03-04T03:57:41.786+0000][7][gc,age      ] GC(2) Desired survivor size 8388608 bytes, new threshold 2 (max threshold 15)
[2025-03-04T03:57:41.800+0000][7][gc,phases   ] GC(2)   Pre Evacuate Collection Set: 1.97ms
[2025-03-04T03:57:41.800+0000][7][gc,phases   ] GC(2)   Merge Heap Roots: 0.48ms
[2025-03-04T03:57:41.801+0000][7][gc,phases   ] GC(2)   Evacuate Collection Set: 10.10ms
[2025-03-04T03:57:41.801+0000][7][gc,phases   ] GC(2)   Post Evacuate Collection Set: 1.57ms
[2025-03-04T03:57:41.801+0000][7][gc,phases   ] GC(2)   Other: 0.78ms
[2025-03-04T03:57:41.801+0000][7][gc,age      ] GC(2) Age table with threshold 2 (max threshold 15)
[2025-03-04T03:57:41.802+0000][7][gc,age      ] GC(2) - age   1:    2249744 bytes,    2249744 total
[2025-03-04T03:57:41.802+0000][7][gc,age      ] GC(2) - age   2:    1929232 bytes,    4178976 total
[2025-03-04T03:57:41.802+0000][7][gc,heap     ] GC(2) Eden regions: 29->0(305)
[2025-03-04T03:57:41.802+0000][7][gc,heap     ] GC(2) Survivor regions: 3->2(4)
[2025-03-04T03:57:41.802+0000][7][gc,heap     ] GC(2) Old regions: 1->3
[2025-03-04T03:57:41.803+0000][7][gc,heap     ] GC(2) Humongous regions: 0->0
[2025-03-04T03:57:41.803+0000][7][gc,metaspace] GC(2) Metaspace: 18830K(19200K)->18830K(19200K) NonClass: 16599K(16768K)->16599K(16768K) Class: 2230K(2432K)->2230K(2432K)
[2025-03-04T03:57:41.803+0000][7][gc          ] GC(2) Pause Young (Normal) (G1 Evacuation Pause) 127M->13M(2048M) 20.464ms
[2025-03-04T03:57:41.803+0000][7][gc,cpu      ] GC(2) User=0.08s Sys=0.00s Real=0.02s
[2025-03-04T03:57:41.804+0000][7][safepoint   ] Safepoint "G1CollectForAllocation", Time since last: 664958310 ns, Reaching safepoint: 7800 ns, Cleanup: 69643 ns, At safepoint: 21015759 ns, Total: 21093202 ns
[2025-03-04T03:57:42.806+0000][7][safepoint   ] Safepoint "Cleanup", Time since last: 1001294918 ns, Reaching safepoint: 1011466 ns, Cleanup: 46861 ns, At safepoint: 87538 ns, Total: 1145865 ns
[2025-03-04T03:57:43.807+0000][7][safepoint   ] Safepoint "Cleanup", Time since last: 1000702072 ns, Reaching safepoint: 6448 ns, Cleanup: 58401 ns, At safepoint: 36670 ns, Total: 101519 ns
[2025-03-04T03:57:43.964+0000][7][gc,start    ] GC(3) Pause Young (Concurrent Start) (Metadata GC Threshold)
[2025-03-04T03:57:43.964+0000][7][gc,task     ] GC(3) Using 13 workers of 13 for evacuation
[2025-03-04T03:57:43.964+0000][7][gc,age      ] GC(3) Desired survivor size 81788928 bytes, new threshold 15 (max threshold 15)
[2025-03-04T03:57:43.978+0000][7][gc,phases   ] GC(3)   Pre Evacuate Collection Set: 0.73ms
[2025-03-04T03:57:43.978+0000][7][gc,phases   ] GC(3)   Merge Heap Roots: 0.19ms
[2025-03-04T03:57:43.978+0000][7][gc,phases   ] GC(3)   Evacuate Collection Set: 8.03ms
[2025-03-04T03:57:43.978+0000][7][gc,phases   ] GC(3)   Post Evacuate Collection Set: 3.48ms
[2025-03-04T03:57:43.979+0000][7][gc,phases   ] GC(3)   Other: 1.01ms
[2025-03-04T03:57:43.979+0000][7][gc,age      ] GC(3) Age table with threshold 15 (max threshold 15)
[2025-03-04T03:57:43.979+0000][7][gc,age      ] GC(3) - age   1:    6034040 bytes,    6034040 total
[2025-03-04T03:57:43.980+0000][7][gc,age      ] GC(3) - age   2:    1901656 bytes,    7935696 total
[2025-03-04T03:57:43.980+0000][7][gc,age      ] GC(3) - age   3:    1925064 bytes,    9860760 total
[2025-03-04T03:57:43.980+0000][7][gc,heap     ] GC(3) Eden regions: 165->0(304)
[2025-03-04T03:57:43.980+0000][7][gc,heap     ] GC(3) Survivor regions: 2->3(39)
[2025-03-04T03:57:43.981+0000][7][gc,heap     ] GC(3) Old regions: 3->3
[2025-03-04T03:57:43.981+0000][7][gc,heap     ] GC(3) Humongous regions: 0->0
[2025-03-04T03:57:43.981+0000][7][gc,metaspace] GC(3) Metaspace: 21027K(21504K)->21027K(21504K) NonClass: 18471K(18752K)->18471K(18752K) Class: 2556K(2752K)->2556K(2752K)
[2025-03-04T03:57:43.981+0000][7][gc          ] GC(3) Pause Young (Concurrent Start) (Metadata GC Threshold) 671M->18M(2048M) 17.335ms
[2025-03-04T03:57:43.981+0000][7][gc,cpu      ] GC(3) User=0.03s Sys=0.02s Real=0.01s
[2025-03-04T03:57:43.982+0000][7][gc          ] GC(4) Concurrent Mark Cycle
[2025-03-04T03:57:43.982+0000][7][gc,marking  ] GC(4) Concurrent Scan Root Regions
[2025-03-04T03:57:43.982+0000][7][safepoint   ] Safepoint "CollectForMetadataAllocation", Time since last: 156834048 ns, Reaching safepoint: 6016 ns, Cleanup: 14707 ns, At safepoint: 18309766 ns, Total: 18330489 ns
[2025-03-04T03:57:43.985+0000][7][gc,marking  ] GC(4) Concurrent Scan Root Regions 3.156ms
[2025-03-04T03:57:43.985+0000][7][gc,marking  ] GC(4) Concurrent Mark
[2025-03-04T03:57:43.986+0000][7][gc,marking  ] GC(4) Concurrent Mark From Roots
[2025-03-04T03:57:43.986+0000][7][gc,task     ] GC(4) Using 3 workers of 3 for marking
[2025-03-04T03:57:43.996+0000][7][gc,marking  ] GC(4) Concurrent Mark From Roots 10.478ms
[2025-03-04T03:57:43.996+0000][7][gc,marking  ] GC(4) Concurrent Preclean
[2025-03-04T03:57:43.997+0000][7][gc,marking  ] GC(4) Concurrent Preclean 0.368ms
[2025-03-04T03:57:43.998+0000][7][gc,start    ] GC(4) Pause Remark
[2025-03-04T03:57:44.005+0000][7][gc          ] GC(4) Pause Remark 22M->22M(2048M) 7.255ms
[2025-03-04T03:57:44.006+0000][7][gc,cpu      ] GC(4) User=0.01s Sys=0.00s Real=0.01s
[2025-03-04T03:57:44.006+0000][7][safepoint   ] Safepoint "G1PauseRemark", Time since last: 15065939 ns, Reaching safepoint: 803900 ns, Cleanup: 13355 ns, At safepoint: 7940605 ns, Total: 8757860 ns
[2025-03-04T03:57:44.007+0000][7][gc,marking  ] GC(4) Concurrent Mark 21.153ms
[2025-03-04T03:57:44.007+0000][7][gc,marking  ] GC(4) Concurrent Rebuild Remembered Sets and Scrub Regions
[2025-03-04T03:57:44.012+0000][7][gc,marking  ] GC(4) Concurrent Rebuild Remembered Sets and Scrub Regions 5.347ms
[2025-03-04T03:57:44.013+0000][7][gc,start    ] GC(4) Pause Cleanup
[2025-03-04T03:57:44.014+0000][7][gc          ] GC(4) Pause Cleanup 22M->22M(2048M) 0.788ms
[2025-03-04T03:57:44.014+0000][7][gc,cpu      ] GC(4) User=0.00s Sys=0.00s Real=0.00s
[2025-03-04T03:57:44.014+0000][7][safepoint   ] Safepoint "G1PauseCleanup", Time since last: 6605888 ns, Reaching safepoint: 317772 ns, Cleanup: 4019 ns, At safepoint: 1401726 ns, Total: 1723517 ns
[2025-03-04T03:57:44.015+0000][7][gc,marking  ] GC(4) Concurrent Clear Claimed Marks
[2025-03-04T03:57:44.015+0000][7][gc,marking  ] GC(4) Concurrent Clear Claimed Marks 0.264ms
[2025-03-04T03:57:44.015+0000][7][gc,marking  ] GC(4) Concurrent Cleanup for Next Mark
[2025-03-04T03:57:44.018+0000][7][gc,marking  ] GC(4) Concurrent Cleanup for Next Mark 2.981ms
[2025-03-04T03:57:44.019+0000][7][gc          ] GC(4) Concurrent Mark Cycle 37.221ms
[2025-03-04T03:57:45.232+0000][7][safepoint   ] Safepoint "Cleanup", Time since last: 1217273574 ns, Reaching safepoint: 2831 ns, Cleanup: 139581 ns, At safepoint: 58605 ns, Total: 201017 ns
[2025-03-04T03:57:46.113+0000][7][safepoint   ] Safepoint "ICBufferFull", Time since last: 881095041 ns, Reaching safepoint: 7326 ns, Cleanup: 112056 ns, At safepoint: 44570 ns, Total: 163952 ns
[2025-03-04T03:57:47.115+0000][7][safepoint   ] Safepoint "Cleanup", Time since last: 1001153907 ns, Reaching safepoint: 849192 ns, Cleanup: 114666 ns, At safepoint: 75322 ns, Total: 1039180 ns
[2025-03-04T03:57:48.117+0000][7][safepoint   ] Safepoint "Cleanup", Time since last: 1000923283 ns, Reaching safepoint: 933172 ns, Cleanup: 54358 ns, At safepoint: 66327 ns, Total: 1053857 ns
[2025-03-04T03:57:48.425+0000][7][gc,start    ] GC(5) Pause Young (Prepare Mixed) (Metadata GC Threshold)
[2025-03-04T03:57:48.426+0000][7][gc,task     ] GC(5) Using 13 workers of 13 for evacuation
[2025-03-04T03:57:48.426+0000][7][gc,age      ] GC(5) Desired survivor size 81788928 bytes, new threshold 15 (max threshold 15)
[2025-03-04T03:57:48.456+0000][7][gc,phases   ] GC(5)   Pre Evacuate Collection Set: 0.58ms
[2025-03-04T03:57:48.456+0000][7][gc,phases   ] GC(5)   Merge Heap Roots: 0.57ms
[2025-03-04T03:57:48.457+0000][7][gc,phases   ] GC(5)   Evacuate Collection Set: 25.15ms
[2025-03-04T03:57:48.457+0000][7][gc,phases   ] GC(5)   Post Evacuate Collection Set: 3.51ms
[2025-03-04T03:57:48.457+0000][7][gc,phases   ] GC(5)   Other: 0.67ms
[2025-03-04T03:57:48.458+0000][7][gc,age      ] GC(5) Age table with threshold 15 (max threshold 15)
[2025-03-04T03:57:48.458+0000][7][gc,age      ] GC(5) - age   1:   28761120 bytes,   28761120 total
[2025-03-04T03:57:48.458+0000][7][gc,age      ] GC(5) - age   2:    5971104 bytes,   34732224 total
[2025-03-04T03:57:48.458+0000][7][gc,age      ] GC(5) - age   3:    1887008 bytes,   36619232 total
[2025-03-04T03:57:48.459+0000][7][gc,age      ] GC(5) - age   4:    1849168 bytes,   38468400 total
[2025-03-04T03:57:48.459+0000][7][gc,heap     ] GC(5) Eden regions: 173->0(242)
[2025-03-04T03:57:48.459+0000][7][gc,heap     ] GC(5) Survivor regions: 3->10(39)
[2025-03-04T03:57:48.459+0000][7][gc,heap     ] GC(5) Old regions: 3->3
[2025-03-04T03:57:48.459+0000][7][gc,heap     ] GC(5) Humongous regions: 0->0
[2025-03-04T03:57:48.460+0000][7][gc,metaspace] GC(5) Metaspace: 35124K(36096K)->35124K(36096K) NonClass: 30494K(31104K)->30494K(31104K) Class: 4629K(4992K)->4629K(4992K)
[2025-03-04T03:57:48.460+0000][7][gc          ] GC(5) Pause Young (Prepare Mixed) (Metadata GC Threshold) 710M->47M(2048M) 34.710ms
[2025-03-04T03:57:48.460+0000][7][gc,cpu      ] GC(5) User=0.16s Sys=0.01s Real=0.03s
[2025-03-04T03:57:48.461+0000][7][safepoint   ] Safepoint "CollectForMetadataAllocation", Time since last: 307893475 ns, Reaching safepoint: 5853 ns, Cleanup: 29132 ns, At safepoint: 35478025 ns, Total: 35513010 ns
[2025-03-04T03:57:48.510+0000][7][gc,start    ] GC(6) Pause Young (Mixed) (Metadata GC Threshold)
[2025-03-04T03:57:48.511+0000][7][gc,task     ] GC(6) Using 13 workers of 13 for evacuation
[2025-03-04T03:57:48.512+0000][7][gc,age      ] GC(6) Desired survivor size 67108864 bytes, new threshold 15 (max threshold 15)
[2025-03-04T03:57:48.546+0000][7][gc,phases   ] GC(6)   Pre Evacuate Collection Set: 3.99ms
[2025-03-04T03:57:48.547+0000][7][gc,phases   ] GC(6)   Merge Heap Roots: 0.34ms
[2025-03-04T03:57:48.547+0000][7][gc,phases   ] GC(6)   Evacuate Collection Set: 25.75ms
[2025-03-04T03:57:48.547+0000][7][gc,phases   ] GC(6)   Post Evacuate Collection Set: 4.18ms
[2025-03-04T03:57:48.547+0000][7][gc,phases   ] GC(6)   Other: 0.90ms
[2025-03-04T03:57:48.548+0000][7][gc,age      ] GC(6) Age table with threshold 15 (max threshold 15)
[2025-03-04T03:57:48.548+0000][7][gc,age      ] GC(6) - age   1:      64336 bytes,      64336 total
[2025-03-04T03:57:48.548+0000][7][gc,age      ] GC(6) - age   2:   28605672 bytes,   28670008 total
[2025-03-04T03:57:48.549+0000][7][gc,age      ] GC(6) - age   3:    5971072 bytes,   34641080 total
[2025-03-04T03:57:48.549+0000][7][gc,age      ] GC(6) - age   4:    1887008 bytes,   36528088 total
[2025-03-04T03:57:48.549+0000][7][gc,age      ] GC(6) - age   5:    1849168 bytes,   38377256 total
[2025-03-04T03:57:48.549+0000][7][gc,heap     ] GC(6) Eden regions: 2->0(55)
[2025-03-04T03:57:48.549+0000][7][gc,heap     ] GC(6) Survivor regions: 10->11(32)
[2025-03-04T03:57:48.549+0000][7][gc,heap     ] GC(6) Old regions: 3->3
[2025-03-04T03:57:48.550+0000][7][gc,heap     ] GC(6) Humongous regions: 0->0
[2025-03-04T03:57:48.550+0000][7][gc,metaspace] GC(6) Metaspace: 35481K(36416K)->35481K(36416K) NonClass: 30811K(31360K)->30811K(31360K) Class: 4669K(5056K)->4669K(5056K)
[2025-03-04T03:57:48.550+0000][7][gc          ] GC(6) Pause Young (Mixed) (Metadata GC Threshold) 53M->49M(2048M) 39.924ms
[2025-03-04T03:57:48.550+0000][7][gc,cpu      ] GC(6) User=0.18s Sys=0.00s Real=0.04s
[2025-03-04T03:57:48.554+0000][7][safepoint   ] Safepoint "CollectForMetadataAllocation", Time since last: 49562916 ns, Reaching safepoint: 8671 ns, Cleanup: 16835 ns, At safepoint: 43656286 ns, Total: 43681792 ns
[2025-03-04T03:57:48.575+0000][7][gc,start    ] GC(7) Pause Young (Concurrent Start) (Metadata GC Threshold)
[2025-03-04T03:57:48.575+0000][7][gc,task     ] GC(7) Using 13 workers of 13 for evacuation
[2025-03-04T03:57:48.576+0000][7][gc,age      ] GC(7) Desired survivor size 18874368 bytes, new threshold 2 (max threshold 15)
[2025-03-04T03:57:48.603+0000][7][gc,phases   ] GC(7)   Pre Evacuate Collection Set: 0.73ms
[2025-03-04T03:57:48.603+0000][7][gc,phases   ] GC(7)   Merge Heap Roots: 0.35ms
[2025-03-04T03:57:48.603+0000][7][gc,phases   ] GC(7)   Evacuate Collection Set: 24.24ms
[2025-03-04T03:57:48.604+0000][7][gc,phases   ] GC(7)   Post Evacuate Collection Set: 1.62ms
[2025-03-04T03:57:48.604+0000][7][gc,phases   ] GC(7)   Other: 0.64ms
[2025-03-04T03:57:48.604+0000][7][gc,age      ] GC(7) Age table with threshold 2 (max threshold 15)
[2025-03-04T03:57:48.604+0000][7][gc,age      ] GC(7) - age   1:      42800 bytes,      42800 total
[2025-03-04T03:57:48.604+0000][7][gc,age      ] GC(7) - age   2:      51696 bytes,      94496 total
[2025-03-04T03:57:48.605+0000][7][gc,heap     ] GC(7) Eden regions: 1->0(305)
[2025-03-04T03:57:48.605+0000][7][gc,heap     ] GC(7) Survivor regions: 11->2(9)
[2025-03-04T03:57:48.605+0000][7][gc,heap     ] GC(7) Old regions: 3->12
[2025-03-04T03:57:48.605+0000][7][gc,heap     ] GC(7) Humongous regions: 0->0
[2025-03-04T03:57:48.606+0000][7][gc,metaspace] GC(7) Metaspace: 35791K(36736K)->35791K(36736K) NonClass: 31098K(31680K)->31098K(31680K) Class: 4692K(5056K)->4692K(5056K)
[2025-03-04T03:57:48.606+0000][7][gc          ] GC(7) Pause Young (Concurrent Start) (Metadata GC Threshold) 53M->52M(2048M) 30.882ms
[2025-03-04T03:57:48.606+0000][7][gc,cpu      ] GC(7) User=0.13s Sys=0.01s Real=0.03s
[2025-03-04T03:57:48.606+0000][7][gc          ] GC(8) Concurrent Mark Cycle
[2025-03-04T03:57:48.607+0000][7][gc,marking  ] GC(8) Concurrent Scan Root Regions
[2025-03-04T03:57:48.607+0000][7][safepoint   ] Safepoint "CollectForMetadataAllocation", Time since last: 21002673 ns, Reaching safepoint: 29475 ns, Cleanup: 5902 ns, At safepoint: 31929714 ns, Total: 31965091 ns
[2025-03-04T03:57:48.628+0000][7][gc,marking  ] GC(8) Concurrent Scan Root Regions 21.319ms
[2025-03-04T03:57:48.629+0000][7][gc,marking  ] GC(8) Concurrent Mark
[2025-03-04T03:57:48.634+0000][7][gc,marking  ] GC(8) Concurrent Mark From Roots
[2025-03-04T03:57:48.634+0000][7][gc,task     ] GC(8) Using 3 workers of 3 for marking
[2025-03-04T03:57:48.648+0000][7][gc,marking  ] GC(8) Concurrent Mark From Roots 14.186ms
[2025-03-04T03:57:48.650+0000][7][gc,marking  ] GC(8) Concurrent Preclean
[2025-03-04T03:57:48.652+0000][7][gc,marking  ] GC(8) Concurrent Preclean 1.629ms
[2025-03-04T03:57:48.654+0000][7][gc,start    ] GC(8) Pause Remark
[2025-03-04T03:57:48.669+0000][7][gc          ] GC(8) Pause Remark 54M->54M(2048M) 14.728ms
[2025-03-04T03:57:48.669+0000][7][gc,cpu      ] GC(8) User=0.02s Sys=0.01s Real=0.01s
[2025-03-04T03:57:48.670+0000][7][safepoint   ] Safepoint "G1PauseRemark", Time since last: 47450034 ns, Reaching safepoint: 7245 ns, Cleanup: 11056 ns, At safepoint: 15398573 ns, Total: 15416874 ns
[2025-03-04T03:57:48.670+0000][7][gc,marking  ] GC(8) Concurrent Mark 40.772ms
[2025-03-04T03:57:48.670+0000][7][gc,marking  ] GC(8) Concurrent Rebuild Remembered Sets and Scrub Regions
[2025-03-04T03:57:48.687+0000][7][gc,marking  ] GC(8) Concurrent Rebuild Remembered Sets and Scrub Regions 16.809ms
[2025-03-04T03:57:48.692+0000][7][gc,start    ] GC(8) Pause Cleanup
[2025-03-04T03:57:48.694+0000][7][gc          ] GC(8) Pause Cleanup 54M->54M(2048M) 1.351ms
[2025-03-04T03:57:48.694+0000][7][gc,cpu      ] GC(8) User=0.00s Sys=0.00s Real=0.00s
[2025-03-04T03:57:48.695+0000][7][safepoint   ] Safepoint "G1PauseCleanup", Time since last: 19061240 ns, Reaching safepoint: 3616335 ns, Cleanup: 26523 ns, At safepoint: 2150779 ns, Total: 5793637 ns
[2025-03-04T03:57:48.695+0000][7][gc,marking  ] GC(8) Concurrent Clear Claimed Marks
[2025-03-04T03:57:48.696+0000][7][gc,marking  ] GC(8) Concurrent Clear Claimed Marks 0.901ms
[2025-03-04T03:57:48.699+0000][7][gc,marking  ] GC(8) Concurrent Cleanup for Next Mark
[2025-03-04T03:57:48.704+0000][7][gc,marking  ] GC(8) Concurrent Cleanup for Next Mark 4.491ms
[2025-03-04T03:57:48.705+0000][7][gc          ] GC(8) Concurrent Mark Cycle 98.406ms
[2025-03-04T03:57:50.458+0000][7][safepoint   ] Safepoint "Cleanup", Time since last: 1763388880 ns, Reaching safepoint: 3197 ns, Cleanup: 71775 ns, At safepoint: 4228 ns, Total: 79200 ns
[2025-03-04T03:57:51.485+0000][7][safepoint   ] Safepoint "Cleanup", Time since last: 1025796261 ns, Reaching safepoint: 1195032 ns, Cleanup: 137987 ns, At safepoint: 61973 ns, Total: 1394992 ns
[2025-03-04T03:57:52.492+0000][7][safepoint   ] Safepoint "Cleanup", Time since last: 1005753928 ns, Reaching safepoint: 1124219 ns, Cleanup: 48638 ns, At safepoint: 17555 ns, Total: 1190412 ns
[2025-03-04T03:57:53.889+0000][7][safepoint   ] Safepoint "Cleanup", Time since last: 1395747270 ns, Reaching safepoint: 1055042 ns, Cleanup: 132836 ns, At safepoint: 43906 ns, Total: 1231784 ns
[2025-03-04T03:57:54.584+0000][7][gc,start    ] GC(9) Pause Young (Concurrent Start) (Metadata GC Threshold)
[2025-03-04T03:57:54.585+0000][7][gc,task     ] GC(9) Using 13 workers of 13 for evacuation
[2025-03-04T03:57:54.586+0000][7][gc,age      ] GC(9) Desired survivor size 81788928 bytes, new threshold 15 (max threshold 15)
[2025-03-04T03:57:54.602+0000][7][gc,phases   ] GC(9)   Pre Evacuate Collection Set: 2.95ms
[2025-03-04T03:57:54.603+0000][7][gc,phases   ] GC(9)   Merge Heap Roots: 0.49ms
[2025-03-04T03:57:54.604+0000][7][gc,phases   ] GC(9)   Evacuate Collection Set: 7.30ms
[2025-03-04T03:57:54.606+0000][7][gc,phases   ] GC(9)   Post Evacuate Collection Set: 2.99ms
[2025-03-04T03:57:54.609+0000][7][gc,phases   ] GC(9)   Other: 3.14ms
[2025-03-04T03:57:54.610+0000][7][gc,age      ] GC(9) Age table with threshold 15 (max threshold 15)
[2025-03-04T03:57:54.611+0000][7][gc,age      ] GC(9) - age   1:   12540672 bytes,   12540672 total
[2025-03-04T03:57:54.612+0000][7][gc,age      ] GC(9) - age   2:      28896 bytes,   12569568 total
[2025-03-04T03:57:54.612+0000][7][gc,age      ] GC(9) - age   3:      50192 bytes,   12619760 total
[2025-03-04T03:57:54.614+0000][7][gc,heap     ] GC(9) Eden regions: 117->0(303)
[2025-03-04T03:57:54.616+0000][7][gc,heap     ] GC(9) Survivor regions: 2->4(39)
[2025-03-04T03:57:54.616+0000][7][gc,heap     ] GC(9) Old regions: 12->12
[2025-03-04T03:57:54.617+0000][7][gc,heap     ] GC(9) Humongous regions: 0->0
[2025-03-04T03:57:54.618+0000][7][gc,metaspace] GC(9) Metaspace: 60425K(61696K)->60425K(61696K) NonClass: 52178K(52928K)->52178K(52928K) Class: 8247K(8768K)->8247K(8768K)
[2025-03-04T03:57:54.620+0000][7][gc          ] GC(9) Pause Young (Concurrent Start) (Metadata GC Threshold) 518M->59M(2048M) 36.769ms
[2025-03-04T03:57:54.621+0000][7][gc,cpu      ] GC(9) User=0.09s Sys=0.02s Real=0.03s
[2025-03-04T03:57:54.621+0000][7][gc          ] GC(10) Concurrent Mark Cycle
[2025-03-04T03:57:54.621+0000][7][gc,marking  ] GC(10) Concurrent Scan Root Regions
[2025-03-04T03:57:54.621+0000][7][safepoint   ] Safepoint "CollectForMetadataAllocation", Time since last: 694158447 ns, Reaching safepoint: 7071 ns, Cleanup: 221901 ns, At safepoint: 37675240 ns, Total: 37904212 ns
[2025-03-04T03:57:54.632+0000][7][gc,marking  ] GC(10) Concurrent Scan Root Regions 10.708ms
[2025-03-04T03:57:54.632+0000][7][gc,marking  ] GC(10) Concurrent Mark
[2025-03-04T03:57:54.632+0000][7][gc,marking  ] GC(10) Concurrent Mark From Roots
[2025-03-04T03:57:54.633+0000][7][gc,task     ] GC(10) Using 3 workers of 3 for marking
[2025-03-04T03:57:54.664+0000][7][safepoint   ] Safepoint "CollectForMetadataAllocation", Time since last: 42586522 ns, Reaching safepoint: 48356 ns, Cleanup: 10633 ns, At safepoint: 447497 ns, Total: 506486 ns
[2025-03-04T03:57:54.676+0000][7][gc,marking  ] GC(10) Concurrent Mark From Roots 43.442ms
[2025-03-04T03:57:54.676+0000][7][gc,marking  ] GC(10) Concurrent Preclean
[2025-03-04T03:57:54.677+0000][7][gc,marking  ] GC(10) Concurrent Preclean 0.437ms
[2025-03-04T03:57:54.678+0000][7][gc,start    ] GC(10) Pause Remark
[2025-03-04T03:57:54.690+0000][7][gc          ] GC(10) Pause Remark 67M->67M(2048M) 12.393ms
[2025-03-04T03:57:54.691+0000][7][gc,cpu      ] GC(10) User=0.03s Sys=0.01s Real=0.01s
[2025-03-04T03:57:54.691+0000][7][safepoint   ] Safepoint "G1PauseRemark", Time since last: 12830944 ns, Reaching safepoint: 843841 ns, Cleanup: 4720 ns, At safepoint: 12909690 ns, Total: 13758251 ns
[2025-03-04T03:57:54.691+0000][7][gc,marking  ] GC(10) Concurrent Mark 58.966ms
[2025-03-04T03:57:54.692+0000][7][gc,marking  ] GC(10) Concurrent Rebuild Remembered Sets and Scrub Regions
[2025-03-04T03:57:54.708+0000][7][gc,marking  ] GC(10) Concurrent Rebuild Remembered Sets and Scrub Regions 16.106ms
[2025-03-04T03:57:54.709+0000][7][gc,start    ] GC(10) Pause Cleanup
[2025-03-04T03:57:54.710+0000][7][gc          ] GC(10) Pause Cleanup 67M->67M(2048M) 0.626ms
[2025-03-04T03:57:54.710+0000][7][gc,cpu      ] GC(10) User=0.00s Sys=0.00s Real=0.00s
[2025-03-04T03:57:54.710+0000][7][safepoint   ] Safepoint "G1PauseCleanup", Time since last: 17006191 ns, Reaching safepoint: 1131658 ns, Cleanup: 11534 ns, At safepoint: 1251264 ns, Total: 2394456 ns
[2025-03-04T03:57:54.710+0000][7][gc,marking  ] GC(10) Concurrent Clear Claimed Marks
[2025-03-04T03:57:54.711+0000][7][gc,marking  ] GC(10) Concurrent Clear Claimed Marks 0.291ms
[2025-03-04T03:57:54.711+0000][7][gc,marking  ] GC(10) Concurrent Cleanup for Next Mark
[2025-03-04T03:57:54.713+0000][7][gc,marking  ] GC(10) Concurrent Cleanup for Next Mark 2.436ms
[2025-03-04T03:57:54.714+0000][7][gc          ] GC(10) Concurrent Mark Cycle 93.198ms
[2025-03-04T03:57:55.715+0000][7][safepoint   ] Safepoint "Cleanup", Time since last: 1003146557 ns, Reaching safepoint: 1436923 ns, Cleanup: 41291 ns, At safepoint: 75330 ns, Total: 1553544 ns
[2025-03-04T03:57:56.270+0000][7][safepoint   ] Safepoint "ICBufferFull", Time since last: 554636700 ns, Reaching safepoint: 5611 ns, Cleanup: 93367 ns, At safepoint: 6359 ns, Total: 105337 ns
[2025-03-04T03:57:57.454+0000][7][safepoint   ] Safepoint "Cleanup", Time since last: 1183255435 ns, Reaching safepoint: 1087583 ns, Cleanup: 242396 ns, At safepoint: 76142 ns, Total: 1406121 ns
[2025-03-04T03:57:57.993+0000][7][safepoint   ] Safepoint "ICBufferFull", Time since last: 538462538 ns, Reaching safepoint: 6696 ns, Cleanup: 100759 ns, At safepoint: 10717 ns, Total: 118172 ns
[2025-03-04T03:57:58.312+0000][7][safepoint   ] Safepoint "ICBufferFull", Time since last: 319348349 ns, Reaching safepoint: 9225 ns, Cleanup: 143354 ns, At safepoint: 18043 ns, Total: 170622 ns
[2025-03-04T03:57:58.561+0000][7][safepoint   ] Safepoint "ICBufferFull", Time since last: 248342248 ns, Reaching safepoint: 8475 ns, Cleanup: 72324 ns, At safepoint: 9968 ns, Total: 90767 ns
[2025-03-04T03:57:59.564+0000][7][safepoint   ] Safepoint "Cleanup", Time since last: 1002662011 ns, Reaching safepoint: 15478 ns, Cleanup: 102345 ns, At safepoint: 17265 ns, Total: 135088 ns
[2025-03-04T03:58:00.960+0000][7][safepoint   ] Safepoint "Cleanup", Time since last: 1396483929 ns, Reaching safepoint: 13581 ns, Cleanup: 93305 ns, At safepoint: 8238 ns, Total: 115124 ns
[2025-03-04T03:58:02.203+0000][7][safepoint   ] Safepoint "ICBufferFull", Time since last: 1241833929 ns, Reaching safepoint: 724491 ns, Cleanup: 108166 ns, At safepoint: 116507 ns, Total: 949164 ns
[2025-03-04T03:58:02.847+0000][7][safepoint   ] Safepoint "ICBufferFull", Time since last: 643497632 ns, Reaching safepoint: 44796 ns, Cleanup: 160649 ns, At safepoint: 296388 ns, Total: 501833 ns
[2025-03-04T03:58:03.726+0000][7][safepoint   ] Safepoint "ICBufferFull", Time since last: 878632529 ns, Reaching safepoint: 17812 ns, Cleanup: 409154 ns, At safepoint: 281786 ns, Total: 708752 ns
[2025-03-04T03:58:03.730+0000][7][safepoint   ] Safepoint "ICBufferFull", Time since last: 1290210 ns, Reaching safepoint: 1502935 ns, Cleanup: 15045 ns, At safepoint: 385199 ns, Total: 1903179 ns
[2025-03-04T03:58:04.733+0000][7][safepoint   ] Safepoint "ICBufferFull", Time since last: 1003100612 ns, Reaching safepoint: 23000 ns, Cleanup: 128295 ns, At safepoint: 61436 ns, Total: 212731 ns
[2025-03-04T03:58:04.968+0000][7][safepoint   ] Safepoint "ICBufferFull", Time since last: 234404020 ns, Reaching safepoint: 16630 ns, Cleanup: 125742 ns, At safepoint: 107111 ns, Total: 249483 ns
[2025-03-04T03:58:05.609+0000][7][safepoint   ] Safepoint "ICBufferFull", Time since last: 640799381 ns, Reaching safepoint: 525028 ns, Cleanup: 135952 ns, At safepoint: 125657 ns, Total: 786637 ns
[2025-03-04T03:58:06.425+0000][7][safepoint   ] Safepoint "ICBufferFull", Time since last: 815219435 ns, Reaching safepoint: 19838 ns, Cleanup: 178749 ns, At safepoint: 67571 ns, Total: 266158 ns
[2025-03-04T03:58:07.224+0000][7][safepoint   ] Safepoint "ICBufferFull", Time since last: 798621520 ns, Reaching safepoint: 709422 ns, Cleanup: 222476 ns, At safepoint: 59076 ns, Total: 990974 ns
[2025-03-04T03:58:08.225+0000][7][safepoint   ] Safepoint "Cleanup", Time since last: 1000652135 ns, Reaching safepoint: 17709 ns, Cleanup: 39750 ns, At safepoint: 8223 ns, Total: 65682 ns
[2025-03-04T03:58:09.231+0000][7][safepoint   ] Safepoint "Cleanup", Time since last: 1000976828 ns, Reaching safepoint: 25589 ns, Cleanup: 60666 ns, At safepoint: 12934 ns, Total: 99189 ns
[2025-03-04T03:58:10.232+0000][7][safepoint   ] Safepoint "Cleanup", Time since last: 1001054548 ns, Reaching safepoint: 13376 ns, Cleanup: 71861 ns, At safepoint: 6649 ns, Total: 91886 ns
[2025-03-04T03:58:10.295+0000][7][gc,start    ] GC(11) Pause Young (Concurrent Start) (Metadata GC Threshold)
[2025-03-04T03:58:10.296+0000][7][gc,task     ] GC(11) Using 13 workers of 13 for evacuation
[2025-03-04T03:58:10.297+0000][7][gc,age      ] GC(11) Desired survivor size 81788928 bytes, new threshold 15 (max threshold 15)
[2025-03-04T03:58:10.364+0000][7][gc,phases   ] GC(11)   Pre Evacuate Collection Set: 0.94ms
[2025-03-04T03:58:10.364+0000][7][gc,phases   ] GC(11)   Merge Heap Roots: 0.63ms
[2025-03-04T03:58:10.365+0000][7][gc,phases   ] GC(11)   Evacuate Collection Set: 54.51ms
[2025-03-04T03:58:10.365+0000][7][gc,phases   ] GC(11)   Post Evacuate Collection Set: 9.83ms
[2025-03-04T03:58:10.365+0000][7][gc,phases   ] GC(11)   Other: 2.32ms
[2025-03-04T03:58:10.365+0000][7][gc,age      ] GC(11) Age table with threshold 15 (max threshold 15)
[2025-03-04T03:58:10.366+0000][7][gc,age      ] GC(11) - age   1:   75052064 bytes,   75052064 total
[2025-03-04T03:58:10.366+0000][7][gc,age      ] GC(11) - age   2:   11782440 bytes,   86834504 total
[2025-03-04T03:58:10.366+0000][7][gc,age      ] GC(11) - age   3:      28304 bytes,   86862808 total
[2025-03-04T03:58:10.368+0000][7][gc,age      ] GC(11) - age   4:      49344 bytes,   86912152 total
[2025-03-04T03:58:10.368+0000][7][gc,heap     ] GC(11) Eden regions: 159->0(170)
[2025-03-04T03:58:10.368+0000][7][gc,heap     ] GC(11) Survivor regions: 4->23(39)
[2025-03-04T03:58:10.369+0000][7][gc,heap     ] GC(11) Old regions: 12->12
[2025-03-04T03:58:10.369+0000][7][gc,heap     ] GC(11) Humongous regions: 2->2
[2025-03-04T03:58:10.369+0000][7][gc,metaspace] GC(11) Metaspace: 100968K(103616K)->100968K(103616K) NonClass: 86598K(88064K)->86598K(88064K) Class: 14370K(15552K)->14370K(15552K)
[2025-03-04T03:58:10.369+0000][7][gc          ] GC(11) Pause Young (Concurrent Start) (Metadata GC Threshold) 701M->143M(2048M) 74.291ms
[2025-03-04T03:58:10.370+0000][7][gc,cpu      ] GC(11) User=0.29s Sys=0.01s Real=0.08s
[2025-03-04T03:58:10.370+0000][7][gc          ] GC(12) Concurrent Mark Cycle
[2025-03-04T03:58:10.370+0000][7][gc,marking  ] GC(12) Concurrent Scan Root Regions
[2025-03-04T03:58:10.370+0000][7][safepoint   ] Safepoint "CollectForMetadataAllocation", Time since last: 62199801 ns, Reaching safepoint: 711098 ns, Cleanup: 27572 ns, At safepoint: 75147396 ns, Total: 75886066 ns
[2025-03-04T03:58:10.373+0000][7][safepoint   ] Safepoint "CollectForMetadataAllocation", Time since last: 1985135 ns, Reaching safepoint: 732210 ns, Cleanup: 5618 ns, At safepoint: 237200 ns, Total: 975028 ns
[2025-03-04T03:58:10.379+0000][7][safepoint   ] Safepoint "CollectForMetadataAllocation", Time since last: 4581408 ns, Reaching safepoint: 1159788 ns, Cleanup: 15003 ns, At safepoint: 180927 ns, Total: 1355718 ns
[2025-03-04T03:58:10.410+0000][7][gc,marking  ] GC(12) Concurrent Scan Root Regions 39.593ms
[2025-03-04T03:58:10.410+0000][7][gc,marking  ] GC(12) Concurrent Mark
[2025-03-04T03:58:10.410+0000][7][gc,marking  ] GC(12) Concurrent Mark From Roots
[2025-03-04T03:58:10.411+0000][7][gc,task     ] GC(12) Using 3 workers of 3 for marking
[2025-03-04T03:58:10.463+0000][7][gc,marking  ] GC(12) Concurrent Mark From Roots 52.412ms
[2025-03-04T03:58:10.464+0000][7][gc,marking  ] GC(12) Concurrent Preclean
[2025-03-04T03:58:10.465+0000][7][gc,marking  ] GC(12) Concurrent Preclean 1.474ms
[2025-03-04T03:58:10.467+0000][7][gc,start    ] GC(12) Pause Remark
[2025-03-04T03:58:10.486+0000][7][gc          ] GC(12) Pause Remark 164M->164M(2048M) 18.677ms
[2025-03-04T03:58:10.486+0000][7][gc,cpu      ] GC(12) User=0.08s Sys=0.00s Real=0.01s
[2025-03-04T03:58:10.487+0000][7][safepoint   ] Safepoint "G1PauseRemark", Time since last: 87234845 ns, Reaching safepoint: 507539 ns, Cleanup: 83618 ns, At safepoint: 20176964 ns, Total: 20768121 ns
[2025-03-04T03:58:10.488+0000][7][gc,marking  ] GC(12) Concurrent Mark 77.502ms
[2025-03-04T03:58:10.488+0000][7][gc,marking  ] GC(12) Concurrent Rebuild Remembered Sets and Scrub Regions
[2025-03-04T03:58:10.528+0000][7][gc,marking  ] GC(12) Concurrent Rebuild Remembered Sets and Scrub Regions 40.251ms
[2025-03-04T03:58:10.529+0000][7][gc,start    ] GC(12) Pause Cleanup
[2025-03-04T03:58:10.530+0000][7][gc          ] GC(12) Pause Cleanup 172M->172M(2048M) 0.540ms
[2025-03-04T03:58:10.530+0000][7][gc,cpu      ] GC(12) User=0.00s Sys=0.00s Real=0.00s
[2025-03-04T03:58:10.531+0000][7][safepoint   ] Safepoint "G1PauseCleanup", Time since last: 41519303 ns, Reaching safepoint: 314386 ns, Cleanup: 15347 ns, At safepoint: 1545536 ns, Total: 1875269 ns
[2025-03-04T03:58:10.531+0000][7][gc,marking  ] GC(12) Concurrent Clear Claimed Marks
[2025-03-04T03:58:10.532+0000][7][gc,marking  ] GC(12) Concurrent Clear Claimed Marks 0.567ms
[2025-03-04T03:58:10.532+0000][7][gc,marking  ] GC(12) Concurrent Cleanup for Next Mark
[2025-03-04T03:58:10.535+0000][7][gc,marking  ] GC(12) Concurrent Cleanup for Next Mark 2.185ms
[2025-03-04T03:58:10.535+0000][7][gc          ] GC(12) Concurrent Mark Cycle 165.332ms
[2025-03-04T03:58:11.539+0000][7][safepoint   ] Safepoint "Cleanup", Time since last: 1008352019 ns, Reaching safepoint: 32448 ns, Cleanup: 54205 ns, At safepoint: 7512 ns, Total: 94165 ns
[2025-03-04T03:58:12.540+0000][7][safepoint   ] Safepoint "Cleanup", Time since last: 1001114818 ns, Reaching safepoint: 21633 ns, Cleanup: 25928 ns, At safepoint: 13911 ns, Total: 61472 ns
[2025-03-04T03:58:14.066+0000][7][safepoint   ] Safepoint "Cleanup", Time since last: 1525840550 ns, Reaching safepoint: 20636 ns, Cleanup: 125773 ns, At safepoint: 82092 ns, Total: 228501 ns
[2025-03-04T03:58:14.540+0000][7][safepoint   ] Safepoint "ICBufferFull", Time since last: 473172245 ns, Reaching safepoint: 643353 ns, Cleanup: 178293 ns, At safepoint: 68167 ns, Total: 889813 ns
[2025-03-04T03:58:14.543+0000][7][safepoint   ] Safepoint "ICBufferFull", Time since last: 1178464 ns, Reaching safepoint: 473756 ns, Cleanup: 11456 ns, At safepoint: 874894 ns, Total: 1360106 ns
[2025-03-04T03:58:14.546+0000][7][safepoint   ] Safepoint "ICBufferFull", Time since last: 689338 ns, Reaching safepoint: 1355452 ns, Cleanup: 6900 ns, At safepoint: 1531226 ns, Total: 2893578 ns
[2025-03-04T03:58:15.680+0000][7][safepoint   ] Safepoint "Cleanup", Time since last: 1133369576 ns, Reaching safepoint: 15283 ns, Cleanup: 96256 ns, At safepoint: 6900 ns, Total: 118439 ns
[2025-03-04T03:58:16.681+0000][7][safepoint   ] Safepoint "Cleanup", Time since last: 1000900990 ns, Reaching safepoint: 16105 ns, Cleanup: 60690 ns, At safepoint: 9310 ns, Total: 86105 ns
[2025-03-04T03:58:17.682+0000][7][safepoint   ] Safepoint "Cleanup", Time since last: 1001184251 ns, Reaching safepoint: 19257 ns, Cleanup: 32748 ns, At safepoint: 10147 ns, Total: 62152 ns
[2025-03-04T03:58:18.683+0000][7][safepoint   ] Safepoint "Cleanup", Time since last: 1000827274 ns, Reaching safepoint: 20826 ns, Cleanup: 24306 ns, At safepoint: 14582 ns, Total: 59714 ns
[2025-03-04T03:58:19.686+0000][7][safepoint   ] Safepoint "Cleanup", Time since last: 1003062987 ns, Reaching safepoint: 70157 ns, Cleanup: 39352 ns, At safepoint: 7399 ns, Total: 116908 ns
[2025-03-04T03:58:20.687+0000][7][safepoint   ] Safepoint "Cleanup", Time since last: 1000658498 ns, Reaching safepoint: 17256 ns, Cleanup: 34137 ns, At safepoint: 24838 ns, Total: 76231 ns
[2025-03-04T03:58:21.688+0000][7][safepoint   ] Safepoint "Cleanup", Time since last: 1001081081 ns, Reaching safepoint: 15558 ns, Cleanup: 10731 ns, At safepoint: 7579 ns, Total: 33868 ns
[2025-03-04T03:58:22.689+0000][7][safepoint   ] Safepoint "Cleanup", Time since last: 1000971653 ns, Reaching safepoint: 20658 ns, Cleanup: 21380 ns, At safepoint: 13789 ns, Total: 55827 ns
[2025-03-04T03:58:23.690+0000][7][safepoint   ] Safepoint "Cleanup", Time since last: 1000780249 ns, Reaching safepoint: 20777 ns, Cleanup: 17193 ns, At safepoint: 14379 ns, Total: 52349 ns
[2025-03-04T03:58:24.691+0000][7][safepoint   ] Safepoint "Cleanup", Time since last: 1001049015 ns, Reaching safepoint: 43054 ns, Cleanup: 14115 ns, At safepoint: 9853 ns, Total: 67022 ns
[2025-03-04T03:58:25.692+0000][7][safepoint   ] Safepoint "Cleanup", Time since last: 1000863106 ns, Reaching safepoint: 16764 ns, Cleanup: 50775 ns, At safepoint: 9029 ns, Total: 76568 ns
[2025-03-04T03:58:26.693+0000][7][safepoint   ] Safepoint "Cleanup", Time since last: 1001025446 ns, Reaching safepoint: 21409 ns, Cleanup: 67569 ns, At safepoint: 11255 ns, Total: 100233 ns
[2025-03-04T03:58:27.694+0000][7][safepoint   ] Safepoint "Cleanup", Time since last: 1000844944 ns, Reaching safepoint: 16375 ns, Cleanup: 13884 ns, At safepoint: 9315 ns, Total: 39574 ns
[2025-03-04T03:58:28.695+0000][7][safepoint   ] Safepoint "Cleanup", Time since last: 1000814906 ns, Reaching safepoint: 15320 ns, Cleanup: 35696 ns, At safepoint: 6732 ns, Total: 57748 ns
[2025-03-04T03:58:29.696+0000][7][safepoint   ] Safepoint "Cleanup", Time since last: 1001065902 ns, Reaching safepoint: 17140 ns, Cleanup: 14004 ns, At safepoint: 7724 ns, Total: 38868 ns
[2025-03-04T03:58:30.697+0000][7][safepoint   ] Safepoint "Cleanup", Time since last: 1000965589 ns, Reaching safepoint: 15716 ns, Cleanup: 18439 ns, At safepoint: 8771 ns, Total: 42926 ns
[2025-03-04T03:58:31.698+0000][7][safepoint   ] Safepoint "Cleanup", Time since last: 1001048510 ns, Reaching safepoint: 12906 ns, Cleanup: 24389 ns, At safepoint: 5608 ns, Total: 42903 ns
[2025-03-04T03:58:32.699+0000][7][safepoint   ] Safepoint "Cleanup", Time since last: 1000931694 ns, Reaching safepoint: 18236 ns, Cleanup: 31768 ns, At safepoint: 8366 ns, Total: 58370 ns
[2025-03-04T03:58:33.700+0000][7][safepoint   ] Safepoint "Cleanup", Time since last: 1000882986 ns, Reaching safepoint: 15640 ns, Cleanup: 16770 ns, At safepoint: 6947 ns, Total: 39357 ns
[2025-03-04T03:58:35.490+0000][7][safepoint   ] Safepoint "Cleanup", Time since last: 1790006459 ns, Reaching safepoint: 15457 ns, Cleanup: 40466 ns, At safepoint: 6262 ns, Total: 62185 ns
[2025-03-04T03:58:37.492+0000][7][safepoint   ] Safepoint "Cleanup", Time since last: 2001828694 ns, Reaching safepoint: 14734 ns, Cleanup: 30794 ns, At safepoint: 9321 ns, Total: 54849 ns
[2025-03-04T03:58:38.490+0000][7][safepoint   ] Safepoint "Cleanup", Time since last: 1001069031 ns, Reaching safepoint: 19923 ns, Cleanup: 21285 ns, At safepoint: 13091 ns, Total: 54299 ns
[2025-03-04T03:58:40.492+0000][7][safepoint   ] Safepoint "Cleanup", Time since last: 2001777827 ns, Reaching safepoint: 16655 ns, Cleanup: 39757 ns, At safepoint: 8356 ns, Total: 64768 ns
[2025-03-04T03:58:41.493+0000][7][safepoint   ] Safepoint "Cleanup", Time since last: 1000898728 ns, Reaching safepoint: 17997 ns, Cleanup: 43366 ns, At safepoint: 7960 ns, Total: 69323 ns
[2025-03-04T03:58:43.495+0000][7][safepoint   ] Safepoint "Cleanup", Time since last: 2002183876 ns, Reaching safepoint: 47141 ns, Cleanup: 27339 ns, At safepoint: 16298 ns, Total: 90778 ns
[2025-03-04T03:58:44.498+0000][7][safepoint   ] Safepoint "Cleanup", Time since last: 1001843406 ns, Reaching safepoint: 797083 ns, Cleanup: 11081 ns, At safepoint: 61687 ns, Total: 869851 ns
[2025-03-04T03:58:45.500+0000][7][safepoint   ] Safepoint "Cleanup", Time since last: 1001429681 ns, Reaching safepoint: 900094 ns, Cleanup: 40143 ns, At safepoint: 118537 ns, Total: 1058774 ns
[2025-03-04T03:58:46.503+0000][7][safepoint   ] Safepoint "Cleanup", Time since last: 1001709331 ns, Reaching safepoint: 889271 ns, Cleanup: 18923 ns, At safepoint: 77187 ns, Total: 985381 ns
[2025-03-04T03:58:49.507+0000][7][safepoint   ] Safepoint "Cleanup", Time since last: 3002804508 ns, Reaching safepoint: 1023951 ns, Cleanup: 17257 ns, At safepoint: 40106 ns, Total: 1081314 ns
[2025-03-04T03:58:50.509+0000][7][safepoint   ] Safepoint "Cleanup", Time since last: 1001111270 ns, Reaching safepoint: 910443 ns, Cleanup: 11883 ns, At safepoint: 70114 ns, Total: 992440 ns
[2025-03-04T03:58:52.512+0000][7][safepoint   ] Safepoint "Cleanup", Time since last: 2001841666 ns, Reaching safepoint: 997299 ns, Cleanup: 29163 ns, At safepoint: 114478 ns, Total: 1140940 ns
[2025-03-04T03:58:53.514+0000][7][safepoint   ] Safepoint "Cleanup", Time since last: 1000972927 ns, Reaching safepoint: 1020292 ns, Cleanup: 32279 ns, At safepoint: 52910 ns, Total: 1105481 ns
[2025-03-04T03:58:55.516+0000][7][safepoint   ] Safepoint "Cleanup", Time since last: 2001938496 ns, Reaching safepoint: 51553 ns, Cleanup: 79710 ns, At safepoint: 53700 ns, Total: 184963 ns
[2025-03-04T03:58:56.519+0000][7][safepoint   ] Safepoint "Cleanup", Time since last: 1001738876 ns, Reaching safepoint: 885683 ns, Cleanup: 13043 ns, At safepoint: 49350 ns, Total: 948076 ns
[2025-03-04T03:58:58.522+0000][7][safepoint   ] Safepoint "Cleanup", Time since last: 2002100521 ns, Reaching safepoint: 981111 ns, Cleanup: 41843 ns, At safepoint: 58948 ns, Total: 1081902 ns
[2025-03-04T03:58:59.524+0000][7][safepoint   ] Safepoint "Cleanup", Time since last: 1001005290 ns, Reaching safepoint: 957286 ns, Cleanup: 33201 ns, At safepoint: 69771 ns, Total: 1060258 ns
[2025-03-04T03:59:00.525+0000][7][safepoint   ] Safepoint "Cleanup", Time since last: 1000876525 ns, Reaching safepoint: 15557 ns, Cleanup: 22906 ns, At safepoint: 31522 ns, Total: 69985 ns
[2025-03-04T03:59:01.527+0000][7][safepoint   ] Safepoint "Cleanup", Time since last: 1000854131 ns, Reaching safepoint: 857215 ns, Cleanup: 110389 ns, At safepoint: 54359 ns, Total: 1021963 ns
[2025-03-04T03:59:02.529+0000][7][safepoint   ] Safepoint "Cleanup", Time since last: 1001024598 ns, Reaching safepoint: 937545 ns, Cleanup: 27438 ns, At safepoint: 50113 ns, Total: 1015096 ns
[2025-03-04T03:59:03.531+0000][7][safepoint   ] Safepoint "Cleanup", Time since last: 1000794496 ns, Reaching safepoint: 970388 ns, Cleanup: 12533 ns, At safepoint: 37356 ns, Total: 1020277 ns
[2025-03-04T03:59:04.533+0000][7][safepoint   ] Safepoint "Cleanup", Time since last: 1001093179 ns, Reaching safepoint: 890288 ns, Cleanup: 27457 ns, At safepoint: 25531 ns, Total: 943276 ns
[2025-03-04T03:59:05.534+0000][7][safepoint   ] Safepoint "Cleanup", Time since last: 1001023047 ns, Reaching safepoint: 27828 ns, Cleanup: 16500 ns, At safepoint: 26651 ns, Total: 70979 ns
[2025-03-04T03:59:06.536+0000][7][safepoint   ] Safepoint "Cleanup", Time since last: 1000965025 ns, Reaching safepoint: 850545 ns, Cleanup: 11958 ns, At safepoint: 34588 ns, Total: 897091 ns
[2025-03-04T03:59:07.537+0000][7][safepoint   ] Safepoint "Cleanup", Time since last: 1001070950 ns, Reaching safepoint: 14162 ns, Cleanup: 29035 ns, At safepoint: 26278 ns, Total: 69475 ns
[2025-03-04T03:59:08.538+0000][7][safepoint   ] Safepoint "Cleanup", Time since last: 1000950050 ns, Reaching safepoint: 42273 ns, Cleanup: 28760 ns, At safepoint: 80856 ns, Total: 151889 ns
[2025-03-04T03:59:10.265+0000][7][safepoint   ] Safepoint "Cleanup", Time since last: 1726962662 ns, Reaching safepoint: 10088 ns, Cleanup: 14533 ns, At safepoint: 6606 ns, Total: 31227 ns
[2025-03-04T03:59:11.266+0000][7][safepoint   ] Safepoint "Cleanup", Time since last: 1000927854 ns, Reaching safepoint: 19398 ns, Cleanup: 27046 ns, At safepoint: 8866 ns, Total: 55310 ns
[2025-03-04T03:59:14.269+0000][7][safepoint   ] Safepoint "Cleanup", Time since last: 3002986199 ns, Reaching safepoint: 14113 ns, Cleanup: 11501 ns, At safepoint: 6127 ns, Total: 31741 ns
[2025-03-04T03:59:15.271+0000][7][safepoint   ] Safepoint "Cleanup", Time since last: 1000919927 ns, Reaching safepoint: 996014 ns, Cleanup: 12892 ns, At safepoint: 38376 ns, Total: 1047282 ns
[2025-03-04T03:59:17.273+0000][7][safepoint   ] Safepoint "Cleanup", Time since last: 2001847658 ns, Reaching safepoint: 12906 ns, Cleanup: 34621 ns, At safepoint: 5997 ns, Total: 53524 ns
[2025-03-04T03:59:20.276+0000][7][safepoint   ] Safepoint "Cleanup", Time since last: 3003125324 ns, Reaching safepoint: 25556 ns, Cleanup: 14378 ns, At safepoint: 7983 ns, Total: 47917 ns
[2025-03-04T03:59:23.279+0000][7][safepoint   ] Safepoint "Cleanup", Time since last: 3002755412 ns, Reaching safepoint: 14961 ns, Cleanup: 14399 ns, At safepoint: 7467 ns, Total: 36827 ns
[2025-03-04T03:59:26.282+0000][7][safepoint   ] Safepoint "Cleanup", Time since last: 3003166961 ns, Reaching safepoint: 15812 ns, Cleanup: 16525 ns, At safepoint: 7856 ns, Total: 40193 ns
[2025-03-04T03:59:27.283+0000][7][safepoint   ] Safepoint "Cleanup", Time since last: 1000863571 ns, Reaching safepoint: 12305 ns, Cleanup: 13272 ns, At safepoint: 5863 ns, Total: 31440 ns
[2025-03-04T03:59:29.285+0000][7][safepoint   ] Safepoint "Cleanup", Time since last: 2001876170 ns, Reaching safepoint: 16485 ns, Cleanup: 23976 ns, At safepoint: 7697 ns, Total: 48158 ns
[2025-03-04T03:59:30.286+0000][7][safepoint   ] Safepoint "Cleanup", Time since last: 1001077360 ns, Reaching safepoint: 12266 ns, Cleanup: 9908 ns, At safepoint: 6153 ns, Total: 28327 ns
[2025-03-04T03:59:31.287+0000][7][safepoint   ] Safepoint "Cleanup", Time since last: 1000806485 ns, Reaching safepoint: 17499 ns, Cleanup: 11729 ns, At safepoint: 7024 ns, Total: 36252 ns
[2025-03-04T03:59:32.288+0000][7][safepoint   ] Safepoint "Cleanup", Time since last: 1001022926 ns, Reaching safepoint: 16413 ns, Cleanup: 34325 ns, At safepoint: 25096 ns, Total: 75834 ns
[2025-03-04T03:59:33.289+0000][7][safepoint   ] Safepoint "Cleanup", Time since last: 1000988632 ns, Reaching safepoint: 15309 ns, Cleanup: 12076 ns, At safepoint: 6486 ns, Total: 33871 ns
[2025-03-04T03:59:37.739+0000][7][safepoint   ] Safepoint "Cleanup", Time since last: 4449926643 ns, Reaching safepoint: 17793 ns, Cleanup: 34336 ns, At safepoint: 9516 ns, Total: 61645 ns
[2025-03-04T03:59:38.739+0000][7][safepoint   ] Safepoint "Cleanup", Time since last: 1001092980 ns, Reaching safepoint: 19324 ns, Cleanup: 17263 ns, At safepoint: 13068 ns, Total: 49655 ns
[2025-03-04T03:59:40.741+0000][7][safepoint   ] Safepoint "Cleanup", Time since last: 2001898603 ns, Reaching safepoint: 15942 ns, Cleanup: 16989 ns, At safepoint: 6425 ns, Total: 39356 ns
[2025-03-04T03:59:41.744+0000][7][safepoint   ] Safepoint "Cleanup", Time since last: 1002117846 ns, Reaching safepoint: 19968 ns, Cleanup: 17982 ns, At safepoint: 13834 ns, Total: 51784 ns
[2025-03-04T03:59:43.745+0000][7][safepoint   ] Safepoint "Cleanup", Time since last: 2001833635 ns, Reaching safepoint: 19945 ns, Cleanup: 20512 ns, At safepoint: 12100 ns, Total: 52557 ns
[2025-03-04T03:59:46.748+0000][7][safepoint   ] Safepoint "Cleanup", Time since last: 3002881366 ns, Reaching safepoint: 19607 ns, Cleanup: 22387 ns, At safepoint: 13307 ns, Total: 55301 ns
[2025-03-04T03:59:48.750+0000][7][safepoint   ] Safepoint "Cleanup", Time since last: 2001977918 ns, Reaching safepoint: 18492 ns, Cleanup: 15408 ns, At safepoint: 11901 ns, Total: 45801 ns
[2025-03-04T03:59:49.751+0000][7][safepoint   ] Safepoint "Cleanup", Time since last: 1000997726 ns, Reaching safepoint: 16035 ns, Cleanup: 13125 ns, At safepoint: 9148 ns, Total: 38308 ns
[2025-03-04T03:59:50.753+0000][7][safepoint   ] Safepoint "Cleanup", Time since last: 1001014101 ns, Reaching safepoint: 20612 ns, Cleanup: 21711 ns, At safepoint: 12738 ns, Total: 55061 ns
[2025-03-04T03:59:52.756+0000][7][safepoint   ] Safepoint "Cleanup", Time since last: 2003103762 ns, Reaching safepoint: 20410 ns, Cleanup: 53744 ns, At safepoint: 13013 ns, Total: 87167 ns
[2025-03-04T03:59:53.758+0000][7][safepoint   ] Safepoint "Cleanup", Time since last: 1001833005 ns, Reaching safepoint: 19540 ns, Cleanup: 19910 ns, At safepoint: 10889 ns, Total: 50339 ns
[2025-03-04T03:59:55.759+0000][7][safepoint   ] Safepoint "Cleanup", Time since last: 2001677999 ns, Reaching safepoint: 49614 ns, Cleanup: 13169 ns, At safepoint: 6290 ns, Total: 69073 ns
[2025-03-04T03:59:56.760+0000][7][safepoint   ] Safepoint "Cleanup", Time since last: 1000950455 ns, Reaching safepoint: 20528 ns, Cleanup: 19843 ns, At safepoint: 12399 ns, Total: 52770 ns
[2025-03-04T03:59:57.762+0000][7][safepoint   ] Safepoint "Cleanup", Time since last: 1001313595 ns, Reaching safepoint: 16834 ns, Cleanup: 10743 ns, At safepoint: 10934 ns, Total: 38511 ns
[2025-03-04T03:59:58.763+0000][7][safepoint   ] Safepoint "Cleanup", Time since last: 1001650020 ns, Reaching safepoint: 22282 ns, Cleanup: 15885 ns, At safepoint: 8747 ns, Total: 46914 ns
[2025-03-04T03:59:59.764+0000][7][safepoint   ] Safepoint "Cleanup", Time since last: 1000771521 ns, Reaching safepoint: 16046 ns, Cleanup: 10993 ns, At safepoint: 7282 ns, Total: 34321 ns
[2025-03-04T04:00:00.765+0000][7][safepoint   ] Safepoint "Cleanup", Time since last: 1001020185 ns, Reaching safepoint: 16730 ns, Cleanup: 12827 ns, At safepoint: 7745 ns, Total: 37302 ns
[2025-03-04T04:00:01.766+0000][7][safepoint   ] Safepoint "Cleanup", Time since last: 1001019811 ns, Reaching safepoint: 16564 ns, Cleanup: 25159 ns, At safepoint: 8195 ns, Total: 49918 ns
[2025-03-04T04:00:02.767+0000][7][safepoint   ] Safepoint "Cleanup", Time since last: 1000842270 ns, Reaching safepoint: 18850 ns, Cleanup: 21049 ns, At safepoint: 10347 ns, Total: 50246 ns
[2025-03-04T04:00:03.768+0000][7][safepoint   ] Safepoint "Cleanup", Time since last: 1001112948 ns, Reaching safepoint: 16490 ns, Cleanup: 16623 ns, At safepoint: 10276 ns, Total: 43389 ns
[2025-03-04T04:00:04.645+0000][7][gc,start    ] GC(13) Pause Young (Normal) (G1 Evacuation Pause)
[2025-03-04T04:00:04.645+0000][7][gc,task     ] GC(13) Using 13 workers of 13 for evacuation
[2025-03-04T04:00:04.645+0000][7][gc,age      ] GC(13) Desired survivor size 46137344 bytes, new threshold 1 (max threshold 15)
[2025-03-04T04:00:04.670+0000][7][gc,phases   ] GC(13)   Pre Evacuate Collection Set: 0.65ms
[2025-03-04T04:00:04.670+0000][7][gc,phases   ] GC(13)   Merge Heap Roots: 0.33ms
[2025-03-04T04:00:04.671+0000][7][gc,phases   ] GC(13)   Evacuate Collection Set: 20.82ms
[2025-03-04T04:00:04.671+0000][7][gc,phases   ] GC(13)   Post Evacuate Collection Set: 2.56ms
[2025-03-04T04:00:04.671+0000][7][gc,phases   ] GC(13)   Other: 0.39ms
[2025-03-04T04:00:04.671+0000][7][gc,age      ] GC(13) Age table with threshold 1 (max threshold 15)
[2025-03-04T04:00:04.671+0000][7][gc,age      ] GC(13) - age   1:    3776040 bytes,    3776040 total
[2025-03-04T04:00:04.671+0000][7][gc,heap     ] GC(13) Eden regions: 152->0(304)
[2025-03-04T04:00:04.672+0000][7][gc,heap     ] GC(13) Survivor regions: 23->3(22)
[2025-03-04T04:00:04.672+0000][7][gc,heap     ] GC(13) Old regions: 12->34
[2025-03-04T04:00:04.672+0000][7][gc,heap     ] GC(13) Humongous regions: 2->2
[2025-03-04T04:00:04.672+0000][7][gc,metaspace] GC(13) Metaspace: 105565K(108416K)->105565K(108416K) NonClass: 90740K(92352K)->90740K(92352K) Class: 14824K(16064K)->14824K(16064K)
[2025-03-04T04:00:04.672+0000][7][gc          ] GC(13) Pause Young (Normal) (G1 Evacuation Pause) 751M->150M(2048M) 27.131ms
[2025-03-04T04:00:04.672+0000][7][gc,cpu      ] GC(13) User=0.24s Sys=0.03s Real=0.02s
[2025-03-04T04:00:04.673+0000][7][safepoint   ] Safepoint "G1CollectForAllocation", Time since last: 876611064 ns, Reaching safepoint: 14928 ns, Cleanup: 17839 ns, At safepoint: 27545843 ns, Total: 27578610 ns
[2025-03-04T04:00:05.674+0000][7][safepoint   ] Safepoint "Cleanup", Time since last: 1000623632 ns, Reaching safepoint: 1150482 ns, Cleanup: 12460 ns, At safepoint: 34172 ns, Total: 1197114 ns
[2025-03-04T04:00:06.675+0000][7][safepoint   ] Safepoint "Cleanup", Time since last: 1000918167 ns, Reaching safepoint: 37841 ns, Cleanup: 37992 ns, At safepoint: 32108 ns, Total: 107941 ns
[2025-03-04T04:00:07.676+0000][7][safepoint   ] Safepoint "Cleanup", Time since last: 1000953022 ns, Reaching safepoint: 15882 ns, Cleanup: 24431 ns, At safepoint: 32057 ns, Total: 72370 ns
[2025-03-04T04:00:08.678+0000][7][safepoint   ] Safepoint "Cleanup", Time since last: 1001023839 ns, Reaching safepoint: 745386 ns, Cleanup: 17585 ns, At safepoint: 47621 ns, Total: 810592 ns
[2025-03-04T04:00:10.681+0000][7][safepoint   ] Safepoint "Cleanup", Time since last: 2002032144 ns, Reaching safepoint: 16997 ns, Cleanup: 22706 ns, At safepoint: 41244 ns, Total: 80947 ns
[2025-03-04T04:00:13.684+0000][7][safepoint   ] Safepoint "Cleanup", Time since last: 3002910802 ns, Reaching safepoint: 870191 ns, Cleanup: 24411 ns, At safepoint: 46176 ns, Total: 940778 ns
[2025-03-04T04:00:14.686+0000][7][safepoint   ] Safepoint "Cleanup", Time since last: 1001081711 ns, Reaching safepoint: 831604 ns, Cleanup: 16255 ns, At safepoint: 61185 ns, Total: 909044 ns
[2025-03-04T04:00:16.689+0000][7][safepoint   ] Safepoint "Cleanup", Time since last: 2002024724 ns, Reaching safepoint: 38329 ns, Cleanup: 19999 ns, At safepoint: 47091 ns, Total: 105419 ns
[2025-03-04T04:00:17.691+0000][7][safepoint   ] Safepoint "Cleanup", Time since last: 1001006594 ns, Reaching safepoint: 1074338 ns, Cleanup: 27690 ns, At safepoint: 66639 ns, Total: 1168667 ns
[2025-03-04T04:00:19.694+0000][7][safepoint   ] Safepoint "Cleanup", Time since last: 2001788525 ns, Reaching safepoint: 957370 ns, Cleanup: 33840 ns, At safepoint: 68865 ns, Total: 1060075 ns
[2025-03-04T04:00:20.695+0000][7][safepoint   ] Safepoint "Cleanup", Time since last: 1000862739 ns, Reaching safepoint: 963470 ns, Cleanup: 25945 ns, At safepoint: 65707 ns, Total: 1055122 ns
[2025-03-04T04:00:22.698+0000][7][safepoint   ] Safepoint "Cleanup", Time since last: 2001986175 ns, Reaching safepoint: 917146 ns, Cleanup: 29309 ns, At safepoint: 59317 ns, Total: 1005772 ns
[2025-03-04T04:00:23.701+0000][7][safepoint   ] Safepoint "Cleanup", Time since last: 1001071719 ns, Reaching safepoint: 881464 ns, Cleanup: 40733 ns, At safepoint: 114558 ns, Total: 1036755 ns
[2025-03-04T04:00:24.703+0000][7][safepoint   ] Safepoint "Cleanup", Time since last: 1001058868 ns, Reaching safepoint: 1006848 ns, Cleanup: 27927 ns, At safepoint: 82772 ns, Total: 1117547 ns
[2025-03-04T04:00:25.705+0000][7][safepoint   ] Safepoint "Cleanup", Time since last: 1001759998 ns, Reaching safepoint: 17247 ns, Cleanup: 22442 ns, At safepoint: 11552 ns, Total: 51241 ns
[2025-03-04T04:00:26.706+0000][7][safepoint   ] Safepoint "Cleanup", Time since last: 1000927014 ns, Reaching safepoint: 17636 ns, Cleanup: 18549 ns, At safepoint: 9889 ns, Total: 46074 ns
[2025-03-04T04:00:27.706+0000][7][safepoint   ] Safepoint "Cleanup", Time since last: 1000856064 ns, Reaching safepoint: 18512 ns, Cleanup: 18181 ns, At safepoint: 11421 ns, Total: 48114 ns
[2025-03-04T04:00:28.707+0000][7][safepoint   ] Safepoint "Cleanup", Time since last: 1001015957 ns, Reaching safepoint: 16335 ns, Cleanup: 13186 ns, At safepoint: 6669 ns, Total: 36190 ns
[2025-03-04T04:00:29.709+0000][7][safepoint   ] Safepoint "Cleanup", Time since last: 1001031530 ns, Reaching safepoint: 15880 ns, Cleanup: 14688 ns, At safepoint: 8115 ns, Total: 38683 ns
[2025-03-04T04:00:31.711+0000][7][safepoint   ] Safepoint "Cleanup", Time since last: 2001949534 ns, Reaching safepoint: 12884 ns, Cleanup: 16146 ns, At safepoint: 7847 ns, Total: 36877 ns
[2025-03-04T04:00:32.711+0000][7][safepoint   ] Safepoint "Cleanup", Time since last: 1000797740 ns, Reaching safepoint: 13363 ns, Cleanup: 19721 ns, At safepoint: 6230 ns, Total: 39314 ns
[2025-03-04T04:00:34.713+0000][7][safepoint   ] Safepoint "Cleanup", Time since last: 2002022582 ns, Reaching safepoint: 14356 ns, Cleanup: 7200 ns, At safepoint: 5263 ns, Total: 26819 ns
[2025-03-04T04:00:37.974+0000][7][safepoint   ] Safepoint "Cleanup", Time since last: 3260175339 ns, Reaching safepoint: 48766 ns, Cleanup: 22185 ns, At safepoint: 12577 ns, Total: 83528 ns
[2025-03-04T04:00:38.975+0000][7][safepoint   ] Safepoint "Cleanup", Time since last: 1001728658 ns, Reaching safepoint: 18378 ns, Cleanup: 30519 ns, At safepoint: 13404 ns, Total: 62301 ns
[2025-03-04T04:00:40.978+0000][7][safepoint   ] Safepoint "Cleanup", Time since last: 2002063936 ns, Reaching safepoint: 15848 ns, Cleanup: 16462 ns, At safepoint: 8190 ns, Total: 40500 ns
[2025-03-04T04:00:42.979+0000][7][safepoint   ] Safepoint "Cleanup", Time since last: 2001828167 ns, Reaching safepoint: 14598 ns, Cleanup: 48091 ns, At safepoint: 7024 ns, Total: 69713 ns
[2025-03-04T04:00:43.981+0000][7][safepoint   ] Safepoint "Cleanup", Time since last: 1000989636 ns, Reaching safepoint: 66213 ns, Cleanup: 97769 ns, At safepoint: 40871 ns, Total: 204853 ns
[2025-03-04T04:00:45.983+0000][7][safepoint   ] Safepoint "Cleanup", Time since last: 2002776307 ns, Reaching safepoint: 15959 ns, Cleanup: 13791 ns, At safepoint: 8462 ns, Total: 38212 ns
[2025-03-04T04:00:46.984+0000][7][safepoint   ] Safepoint "Cleanup", Time since last: 1000944881 ns, Reaching safepoint: 17852 ns, Cleanup: 21316 ns, At safepoint: 9901 ns, Total: 49069 ns
[2025-03-04T04:00:49.987+0000][7][safepoint   ] Safepoint "Cleanup", Time since last: 3002934424 ns, Reaching safepoint: 16898 ns, Cleanup: 24483 ns, At safepoint: 8904 ns, Total: 50285 ns
[2025-03-04T04:00:51.990+0000][7][safepoint   ] Safepoint "Cleanup", Time since last: 2002059998 ns, Reaching safepoint: 14451 ns, Cleanup: 11119 ns, At safepoint: 8007 ns, Total: 33577 ns
[2025-03-04T04:00:52.991+0000][7][safepoint   ] Safepoint "Cleanup", Time since last: 1001019874 ns, Reaching safepoint: 40807 ns, Cleanup: 107571 ns, At safepoint: 22002 ns, Total: 170380 ns
[2025-03-04T04:00:53.992+0000][7][safepoint   ] Safepoint "Cleanup", Time since last: 1000846848 ns, Reaching safepoint: 31612 ns, Cleanup: 25860 ns, At safepoint: 6981 ns, Total: 64453 ns
[2025-03-04T04:00:54.993+0000][7][safepoint   ] Safepoint "Cleanup", Time since last: 1000850599 ns, Reaching safepoint: 21468 ns, Cleanup: 17159 ns, At safepoint: 12218 ns, Total: 50845 ns
[2025-03-04T04:00:55.994+0000][7][safepoint   ] Safepoint "Cleanup", Time since last: 1001035078 ns, Reaching safepoint: 19418 ns, Cleanup: 18620 ns, At safepoint: 11952 ns, Total: 49990 ns
[2025-03-04T04:00:56.994+0000][7][safepoint   ] Safepoint "Cleanup", Time since last: 1000716178 ns, Reaching safepoint: 18101 ns, Cleanup: 14354 ns, At safepoint: 9973 ns, Total: 42428 ns
[2025-03-04T04:01:02.000+0000][7][safepoint   ] Safepoint "Cleanup", Time since last: 5005142976 ns, Reaching safepoint: 14333 ns, Cleanup: 19264 ns, At safepoint: 7395 ns, Total: 40992 ns
[2025-03-04T04:01:03.001+0000][7][safepoint   ] Safepoint "Cleanup", Time since last: 1001040837 ns, Reaching safepoint: 38910 ns, Cleanup: 27623 ns, At safepoint: 18938 ns, Total: 85471 ns
[2025-03-04T04:01:05.002+0000][7][safepoint   ] Safepoint "Cleanup", Time since last: 2001773284 ns, Reaching safepoint: 15299 ns, Cleanup: 18236 ns, At safepoint: 7324 ns, Total: 40859 ns
[2025-03-04T04:01:06.004+0000][7][safepoint   ] Safepoint "Cleanup", Time since last: 1001866199 ns, Reaching safepoint: 23118 ns, Cleanup: 19343 ns, At safepoint: 9452 ns, Total: 51913 ns
[2025-03-04T04:01:08.006+0000][7][safepoint   ] Safepoint "Cleanup", Time since last: 2001957419 ns, Reaching safepoint: 31216 ns, Cleanup: 12749 ns, At safepoint: 6082 ns, Total: 50047 ns
[2025-03-04T04:01:11.010+0000][7][safepoint   ] Safepoint "Cleanup", Time since last: 3003340728 ns, Reaching safepoint: 20624 ns, Cleanup: 27995 ns, At safepoint: 12262 ns, Total: 60881 ns
[2025-03-04T04:01:14.013+0000][7][safepoint   ] Safepoint "Cleanup", Time since last: 3003523640 ns, Reaching safepoint: 23699 ns, Cleanup: 33318 ns, At safepoint: 12573 ns, Total: 69590 ns
[2025-03-04T04:01:15.014+0000][7][safepoint   ] Safepoint "Cleanup", Time since last: 1000946459 ns, Reaching safepoint: 22603 ns, Cleanup: 16955 ns, At safepoint: 10100 ns, Total: 49658 ns
[2025-03-04T04:01:17.016+0000][7][safepoint   ] Safepoint "Cleanup", Time since last: 2001931647 ns, Reaching safepoint: 17087 ns, Cleanup: 15794 ns, At safepoint: 5009 ns, Total: 37890 ns
[2025-03-04T04:01:18.017+0000][7][safepoint   ] Safepoint "Cleanup", Time since last: 1001119671 ns, Reaching safepoint: 21775 ns, Cleanup: 17731 ns, At safepoint: 10613 ns, Total: 50119 ns
[2025-03-04T04:01:20.019+0000][7][safepoint   ] Safepoint "Cleanup", Time since last: 2001843758 ns, Reaching safepoint: 16270 ns, Cleanup: 20895 ns, At safepoint: 9483 ns, Total: 46648 ns
[2025-03-04T04:01:21.020+0000][7][safepoint   ] Safepoint "Cleanup", Time since last: 1000969324 ns, Reaching safepoint: 17430 ns, Cleanup: 11957 ns, At safepoint: 6607 ns, Total: 35994 ns
[2025-03-04T04:01:23.022+0000][7][safepoint   ] Safepoint "Cleanup", Time since last: 2001871750 ns, Reaching safepoint: 16523 ns, Cleanup: 30282 ns, At safepoint: 7514 ns, Total: 54319 ns
[2025-03-04T04:01:26.025+0000][7][safepoint   ] Safepoint "Cleanup", Time since last: 3003216779 ns, Reaching safepoint: 19248 ns, Cleanup: 48856 ns, At safepoint: 14038 ns, Total: 82142 ns
[2025-03-04T04:01:27.026+0000][7][safepoint   ] Safepoint "Cleanup", Time since last: 1000937480 ns, Reaching safepoint: 19205 ns, Cleanup: 15144 ns, At safepoint: 15083 ns, Total: 49432 ns
[2025-03-04T04:01:29.028+0000][7][safepoint   ] Safepoint "Cleanup", Time since last: 2001945254 ns, Reaching safepoint: 17890 ns, Cleanup: 31681 ns, At safepoint: 9806 ns, Total: 59377 ns
[2025-03-04T04:01:30.029+0000][7][safepoint   ] Safepoint "Cleanup", Time since last: 1000846094 ns, Reaching safepoint: 19883 ns, Cleanup: 14384 ns, At safepoint: 11642 ns, Total: 45909 ns
[2025-03-04T04:01:32.031+0000][7][safepoint   ] Safepoint "Cleanup", Time since last: 2001817548 ns, Reaching safepoint: 14336 ns, Cleanup: 12464 ns, At safepoint: 7162 ns, Total: 33962 ns
[2025-03-04T04:01:33.032+0000][7][safepoint   ] Safepoint "Cleanup", Time since last: 1001061319 ns, Reaching safepoint: 16273 ns, Cleanup: 10505 ns, At safepoint: 9200 ns, Total: 35978 ns
[2025-03-04T04:01:35.034+0000][7][safepoint   ] Safepoint "Cleanup", Time since last: 2001842802 ns, Reaching safepoint: 15293 ns, Cleanup: 12280 ns, At safepoint: 8704 ns, Total: 36277 ns
[2025-03-04T04:01:36.207+0000][7][safepoint   ] Safepoint "Cleanup", Time since last: 1173051825 ns, Reaching safepoint: 22502 ns, Cleanup: 14920 ns, At safepoint: 11042 ns, Total: 48464 ns
[2025-03-04T04:01:38.210+0000][7][safepoint   ] Safepoint "Cleanup", Time since last: 2003056122 ns, Reaching safepoint: 19677 ns, Cleanup: 29617 ns, At safepoint: 13761 ns, Total: 63055 ns
[2025-03-04T04:01:41.214+0000][7][safepoint   ] Safepoint "Cleanup", Time since last: 3002802104 ns, Reaching safepoint: 21285 ns, Cleanup: 44992 ns, At safepoint: 12659 ns, Total: 78936 ns
[2025-03-04T04:01:43.216+0000][7][safepoint   ] Safepoint "Cleanup", Time since last: 2001849187 ns, Reaching safepoint: 17095 ns, Cleanup: 15386 ns, At safepoint: 11424 ns, Total: 43905 ns
[2025-03-04T04:01:44.217+0000][7][safepoint   ] Safepoint "Cleanup", Time since last: 1001157957 ns, Reaching safepoint: 15312 ns, Cleanup: 24468 ns, At safepoint: 12111 ns, Total: 51891 ns
[2025-03-04T04:01:50.225+0000][7][safepoint   ] Safepoint "Cleanup", Time since last: 6007791560 ns, Reaching safepoint: 13462 ns, Cleanup: 14186 ns, At safepoint: 6619 ns, Total: 34267 ns
