[2025-03-03T15:44:53.534+0000][7][gc,init] CardTable entry size: 512
[2025-03-03T15:44:53.534+0000][7][gc     ] Using G1
[2025-03-03T15:44:54.452+0000][7][gc,init] Version: 22.0.2+9-70 (release)
[2025-03-03T15:44:54.455+0000][7][gc,init] CPUs: 16 total, 16 available
[2025-03-03T15:44:54.455+0000][7][gc,init] Memory: 16241M
[2025-03-03T15:44:54.455+0000][7][gc,init] Large Page Support: Disabled
[2025-03-03T15:44:54.455+0000][7][gc,init] NUMA Support: Disabled
[2025-03-03T15:44:54.455+0000][7][gc,init] Compressed Oops: Enabled (32-bit)
[2025-03-03T15:44:54.456+0000][7][gc,init] Heap Region Size: 4M
[2025-03-03T15:44:54.456+0000][7][gc,init] Heap Min Capacity: 2G
[2025-03-03T15:44:54.456+0000][7][gc,init] Heap Initial Capacity: 2G
[2025-03-03T15:44:54.456+0000][7][gc,init] Heap Max Capacity: 2G
[2025-03-03T15:44:54.457+0000][7][gc,init] Pre-touch: Enabled
[2025-03-03T15:44:54.457+0000][7][gc,init] Parallel Workers: 13
[2025-03-03T15:44:54.457+0000][7][gc,init] Concurrent Workers: 3
[2025-03-03T15:44:54.457+0000][7][gc,init] Concurrent Refinement Workers: 13
[2025-03-03T15:44:54.457+0000][7][gc,init] Periodic GC: Disabled
[2025-03-03T15:44:54.470+0000][7][gc,metaspace] CDS archive(s) mapped at: [0x00007fb186000000-0x00007fb186c78000-0x00007fb186c78000), size 13074432, SharedBaseAddress: 0x00007fb186000000, ArchiveRelocationMode: 1.
[2025-03-03T15:44:54.472+0000][7][gc,metaspace] Compressed class space mapped at: 0x00007fb187000000-0x00007fb1c7000000, reserved size: 1073741824
[2025-03-03T15:44:54.472+0000][7][gc,metaspace] Narrow klass base: 0x00007fb186000000, Narrow klass shift: 0, Narrow klass range: 0x100000000
[2025-03-03T15:44:55.551+0000][7][safepoint   ] Safepoint "Cleanup", Time since last: 1074939136 ns, Reaching safepoint: 2200 ns, Cleanup: 61821 ns, At safepoint: 2605 ns, Total: 66626 ns
[2025-03-03T15:44:56.755+0000][7][safepoint   ] Safepoint "ICBufferFull", Time since last: 1203802594 ns, Reaching safepoint: 6362 ns, Cleanup: 96840 ns, At safepoint: 9132 ns, Total: 112334 ns
[2025-03-03T15:44:57.860+0000][7][safepoint   ] Safepoint "ICBufferFull", Time since last: 1104884183 ns, Reaching safepoint: 6054 ns, Cleanup: 102295 ns, At safepoint: 41873 ns, Total: 150222 ns
[2025-03-03T15:44:59.023+0000][7][safepoint   ] Safepoint "Cleanup", Time since last: 1161278811 ns, Reaching safepoint: 918839 ns, Cleanup: 101655 ns, At safepoint: 689135 ns, Total: 1709629 ns
[2025-03-03T15:44:59.421+0000][7][gc,start    ] GC(0) Pause Young (Normal) (G1 Evacuation Pause)
[2025-03-03T15:44:59.422+0000][7][gc,task     ] GC(0) Using 13 workers of 13 for evacuation
[2025-03-03T15:44:59.422+0000][7][gc,age      ] GC(0) Desired survivor size 8388608 bytes, new threshold 15 (max threshold 15)
[2025-03-03T15:44:59.439+0000][7][gc,phases   ] GC(0)   Pre Evacuate Collection Set: 0.73ms
[2025-03-03T15:44:59.439+0000][7][gc,phases   ] GC(0)   Merge Heap Roots: 0.23ms
[2025-03-03T15:44:59.440+0000][7][gc,phases   ] GC(0)   Evacuate Collection Set: 12.58ms
[2025-03-03T15:44:59.440+0000][7][gc,phases   ] GC(0)   Post Evacuate Collection Set: 3.36ms
[2025-03-03T15:44:59.440+0000][7][gc,phases   ] GC(0)   Other: 0.66ms
[2025-03-03T15:44:59.440+0000][7][gc,age      ] GC(0) Age table with threshold 15 (max threshold 15)
[2025-03-03T15:44:59.440+0000][7][gc,age      ] GC(0) - age   1:    7699592 bytes,    7699592 total
[2025-03-03T15:44:59.441+0000][7][gc,heap     ] GC(0) Eden regions: 25->0(23)
[2025-03-03T15:44:59.441+0000][7][gc,heap     ] GC(0) Survivor regions: 0->2(4)
[2025-03-03T15:44:59.441+0000][7][gc,heap     ] GC(0) Old regions: 1->1
[2025-03-03T15:44:59.441+0000][7][gc,heap     ] GC(0) Humongous regions: 0->0
[2025-03-03T15:44:59.441+0000][7][gc,metaspace] GC(0) Metaspace: 15983K(16384K)->15983K(16384K) NonClass: 14128K(14336K)->14128K(14336K) Class: 1854K(2048K)->1854K(2048K)
[2025-03-03T15:44:59.442+0000][7][gc          ] GC(0) Pause Young (Normal) (G1 Evacuation Pause) 101M->8M(2048M) 20.744ms
[2025-03-03T15:44:59.442+0000][7][gc,cpu      ] GC(0) User=0.07s Sys=0.00s Real=0.02s
[2025-03-03T15:44:59.443+0000][7][safepoint   ] Safepoint "G1CollectForAllocation", Time since last: 397710336 ns, Reaching safepoint: 5322 ns, Cleanup: 32319 ns, At safepoint: 21778813 ns, Total: 21816454 ns
[2025-03-03T15:45:00.448+0000][7][safepoint   ] Safepoint "Cleanup", Time since last: 1000803017 ns, Reaching safepoint: 3866253 ns, Cleanup: 126314 ns, At safepoint: 114979 ns, Total: 4107546 ns
[2025-03-03T15:45:00.465+0000][7][gc,start    ] GC(1) Pause Young (Normal) (G1 Evacuation Pause)
[2025-03-03T15:45:00.466+0000][7][gc,task     ] GC(1) Using 13 workers of 13 for evacuation
[2025-03-03T15:45:00.466+0000][7][gc,age      ] GC(1) Desired survivor size 8388608 bytes, new threshold 15 (max threshold 15)
[2025-03-03T15:45:00.494+0000][7][gc,phases   ] GC(1)   Pre Evacuate Collection Set: 2.34ms
[2025-03-03T15:45:00.494+0000][7][gc,phases   ] GC(1)   Merge Heap Roots: 0.15ms
[2025-03-03T15:45:00.494+0000][7][gc,phases   ] GC(1)   Evacuate Collection Set: 21.80ms
[2025-03-03T15:45:00.495+0000][7][gc,phases   ] GC(1)   Post Evacuate Collection Set: 3.11ms
[2025-03-03T15:45:00.495+0000][7][gc,phases   ] GC(1)   Other: 0.94ms
[2025-03-03T15:45:00.495+0000][7][gc,age      ] GC(1) Age table with threshold 15 (max threshold 15)
[2025-03-03T15:45:00.495+0000][7][gc,age      ] GC(1) - age   1:    2273992 bytes,    2273992 total
[2025-03-03T15:45:00.495+0000][7][gc,age      ] GC(1) - age   2:    7553312 bytes,    9827304 total
[2025-03-03T15:45:00.496+0000][7][gc,heap     ] GC(1) Eden regions: 23->0(28)
[2025-03-03T15:45:00.496+0000][7][gc,heap     ] GC(1) Survivor regions: 2->3(4)
[2025-03-03T15:45:00.496+0000][7][gc,heap     ] GC(1) Old regions: 1->1
[2025-03-03T15:45:00.496+0000][7][gc,heap     ] GC(1) Humongous regions: 0->0
[2025-03-03T15:45:00.497+0000][7][gc,metaspace] GC(1) Metaspace: 18090K(18496K)->18090K(18496K) NonClass: 15979K(16192K)->15979K(16192K) Class: 2110K(2304K)->2110K(2304K)
[2025-03-03T15:45:00.497+0000][7][gc          ] GC(1) Pause Young (Normal) (G1 Evacuation Pause) 100M->11M(2048M) 31.835ms
[2025-03-03T15:45:00.497+0000][7][gc,cpu      ] GC(1) User=0.06s Sys=0.01s Real=0.03s
[2025-03-03T15:45:00.498+0000][7][safepoint   ] Safepoint "G1CollectForAllocation", Time since last: 17295210 ns, Reaching safepoint: 9181 ns, Cleanup: 3545 ns, At safepoint: 32420902 ns, Total: 32433628 ns
[2025-03-03T15:45:01.374+0000][7][gc,start    ] GC(2) Pause Young (Normal) (G1 Evacuation Pause)
[2025-03-03T15:45:01.374+0000][7][gc,task     ] GC(2) Using 13 workers of 13 for evacuation
[2025-03-03T15:45:01.375+0000][7][gc,age      ] GC(2) Desired survivor size 8388608 bytes, new threshold 2 (max threshold 15)
[2025-03-03T15:45:01.386+0000][7][gc,phases   ] GC(2)   Pre Evacuate Collection Set: 0.33ms
[2025-03-03T15:45:01.388+0000][7][gc,phases   ] GC(2)   Merge Heap Roots: 0.53ms
[2025-03-03T15:45:01.388+0000][7][gc,phases   ] GC(2)   Evacuate Collection Set: 8.99ms
[2025-03-03T15:45:01.388+0000][7][gc,phases   ] GC(2)   Post Evacuate Collection Set: 1.15ms
[2025-03-03T15:45:01.389+0000][7][gc,phases   ] GC(2)   Other: 0.97ms
[2025-03-03T15:45:01.389+0000][7][gc,age      ] GC(2) Age table with threshold 2 (max threshold 15)
[2025-03-03T15:45:01.389+0000][7][gc,age      ] GC(2) - age   1:    2286744 bytes,    2286744 total
[2025-03-03T15:45:01.389+0000][7][gc,age      ] GC(2) - age   2:    1929368 bytes,    4216112 total
[2025-03-03T15:45:01.389+0000][7][gc,heap     ] GC(2) Eden regions: 28->0(305)
[2025-03-03T15:45:01.390+0000][7][gc,heap     ] GC(2) Survivor regions: 3->2(4)
[2025-03-03T15:45:01.390+0000][7][gc,heap     ] GC(2) Old regions: 1->3
[2025-03-03T15:45:01.390+0000][7][gc,heap     ] GC(2) Humongous regions: 0->0
[2025-03-03T15:45:01.391+0000][7][gc,metaspace] GC(2) Metaspace: 18765K(19200K)->18765K(19200K) NonClass: 16539K(16768K)->16539K(16768K) Class: 2226K(2432K)->2226K(2432K)
[2025-03-03T15:45:01.391+0000][7][gc          ] GC(2) Pause Young (Normal) (G1 Evacuation Pause) 123M->13M(2048M) 16.847ms
[2025-03-03T15:45:01.391+0000][7][gc,cpu      ] GC(2) User=0.06s Sys=0.01s Real=0.02s
[2025-03-03T15:45:01.393+0000][7][safepoint   ] Safepoint "G1CollectForAllocation", Time since last: 876297576 ns, Reaching safepoint: 5685 ns, Cleanup: 55038 ns, At safepoint: 19330388 ns, Total: 19391111 ns
[2025-03-03T15:45:02.397+0000][7][safepoint   ] Safepoint "Cleanup", Time since last: 1002392157 ns, Reaching safepoint: 1065428 ns, Cleanup: 75135 ns, At safepoint: 57469 ns, Total: 1198032 ns
[2025-03-03T15:45:03.237+0000][7][gc,start    ] GC(3) Pause Young (Concurrent Start) (Metadata GC Threshold)
[2025-03-03T15:45:03.238+0000][7][gc,task     ] GC(3) Using 13 workers of 13 for evacuation
[2025-03-03T15:45:03.238+0000][7][gc,age      ] GC(3) Desired survivor size 81788928 bytes, new threshold 15 (max threshold 15)
[2025-03-03T15:45:03.244+0000][7][gc,phases   ] GC(3)   Pre Evacuate Collection Set: 0.61ms
[2025-03-03T15:45:03.244+0000][7][gc,phases   ] GC(3)   Merge Heap Roots: 0.15ms
[2025-03-03T15:45:03.244+0000][7][gc,phases   ] GC(3)   Evacuate Collection Set: 3.38ms
[2025-03-03T15:45:03.245+0000][7][gc,phases   ] GC(3)   Post Evacuate Collection Set: 1.37ms
[2025-03-03T15:45:03.245+0000][7][gc,phases   ] GC(3)   Other: 0.81ms
[2025-03-03T15:45:03.245+0000][7][gc,age      ] GC(3) Age table with threshold 15 (max threshold 15)
[2025-03-03T15:45:03.245+0000][7][gc,age      ] GC(3) - age   1:    6089216 bytes,    6089216 total
[2025-03-03T15:45:03.245+0000][7][gc,age      ] GC(3) - age   2:    1901656 bytes,    7990872 total
[2025-03-03T15:45:03.245+0000][7][gc,age      ] GC(3) - age   3:    1925200 bytes,    9916072 total
[2025-03-03T15:45:03.246+0000][7][gc,heap     ] GC(3) Eden regions: 166->0(304)
[2025-03-03T15:45:03.246+0000][7][gc,heap     ] GC(3) Survivor regions: 2->3(39)
[2025-03-03T15:45:03.246+0000][7][gc,heap     ] GC(3) Old regions: 3->3
[2025-03-03T15:45:03.246+0000][7][gc,heap     ] GC(3) Humongous regions: 0->0
[2025-03-03T15:45:03.246+0000][7][gc,metaspace] GC(3) Metaspace: 21013K(21504K)->21013K(21504K) NonClass: 18459K(18752K)->18459K(18752K) Class: 2553K(2752K)->2553K(2752K)
[2025-03-03T15:45:03.247+0000][7][gc          ] GC(3) Pause Young (Concurrent Start) (Metadata GC Threshold) 677M->18M(2048M) 9.270ms
[2025-03-03T15:45:03.247+0000][7][gc,cpu      ] GC(3) User=0.02s Sys=0.00s Real=0.01s
[2025-03-03T15:45:03.247+0000][7][gc          ] GC(4) Concurrent Mark Cycle
[2025-03-03T15:45:03.247+0000][7][gc,marking  ] GC(4) Concurrent Scan Root Regions
[2025-03-03T15:45:03.247+0000][7][safepoint   ] Safepoint "CollectForMetadataAllocation", Time since last: 840468089 ns, Reaching safepoint: 5278 ns, Cleanup: 36675 ns, At safepoint: 9877766 ns, Total: 9919719 ns
[2025-03-03T15:45:03.250+0000][7][gc,marking  ] GC(4) Concurrent Scan Root Regions 3.134ms
[2025-03-03T15:45:03.251+0000][7][gc,marking  ] GC(4) Concurrent Mark
[2025-03-03T15:45:03.251+0000][7][gc,marking  ] GC(4) Concurrent Mark From Roots
[2025-03-03T15:45:03.251+0000][7][gc,task     ] GC(4) Using 3 workers of 3 for marking
[2025-03-03T15:45:03.259+0000][7][gc,marking  ] GC(4) Concurrent Mark From Roots 8.471ms
[2025-03-03T15:45:03.259+0000][7][gc,marking  ] GC(4) Concurrent Preclean
[2025-03-03T15:45:03.260+0000][7][gc,marking  ] GC(4) Concurrent Preclean 0.363ms
[2025-03-03T15:45:03.261+0000][7][gc,start    ] GC(4) Pause Remark
[2025-03-03T15:45:03.265+0000][7][gc          ] GC(4) Pause Remark 22M->22M(2048M) 4.061ms
[2025-03-03T15:45:03.265+0000][7][gc,cpu      ] GC(4) User=0.01s Sys=0.01s Real=0.00s
[2025-03-03T15:45:03.265+0000][7][safepoint   ] Safepoint "G1PauseRemark", Time since last: 12883769 ns, Reaching safepoint: 532439 ns, Cleanup: 9270 ns, At safepoint: 4594339 ns, Total: 5136048 ns
[2025-03-03T15:45:03.266+0000][7][gc,marking  ] GC(4) Concurrent Mark 15.049ms
[2025-03-03T15:45:03.266+0000][7][gc,marking  ] GC(4) Concurrent Rebuild Remembered Sets and Scrub Regions
[2025-03-03T15:45:03.270+0000][7][gc,marking  ] GC(4) Concurrent Rebuild Remembered Sets and Scrub Regions 4.027ms
[2025-03-03T15:45:03.271+0000][7][gc,start    ] GC(4) Pause Cleanup
[2025-03-03T15:45:03.271+0000][7][gc          ] GC(4) Pause Cleanup 22M->22M(2048M) 0.486ms
[2025-03-03T15:45:03.271+0000][7][gc,cpu      ] GC(4) User=0.00s Sys=0.00s Real=0.00s
[2025-03-03T15:45:03.272+0000][7][safepoint   ] Safepoint "G1PauseCleanup", Time since last: 5004931 ns, Reaching safepoint: 323592 ns, Cleanup: 5046 ns, At safepoint: 1401700 ns, Total: 1730338 ns
[2025-03-03T15:45:03.272+0000][7][gc,marking  ] GC(4) Concurrent Clear Claimed Marks
[2025-03-03T15:45:03.272+0000][7][gc,marking  ] GC(4) Concurrent Clear Claimed Marks 0.246ms
[2025-03-03T15:45:03.273+0000][7][gc,marking  ] GC(4) Concurrent Cleanup for Next Mark
[2025-03-03T15:45:03.275+0000][7][gc,marking  ] GC(4) Concurrent Cleanup for Next Mark 2.219ms
[2025-03-03T15:45:03.275+0000][7][gc          ] GC(4) Concurrent Mark Cycle 28.352ms
[2025-03-03T15:45:04.311+0000][7][safepoint   ] Safepoint "Cleanup", Time since last: 1037873058 ns, Reaching safepoint: 815905 ns, Cleanup: 64844 ns, At safepoint: 50171 ns, Total: 930920 ns
[2025-03-03T15:45:05.625+0000][7][safepoint   ] Safepoint "ICBufferFull", Time since last: 1314364091 ns, Reaching safepoint: 5863 ns, Cleanup: 123977 ns, At safepoint: 9790 ns, Total: 139630 ns
[2025-03-03T15:45:06.628+0000][7][safepoint   ] Safepoint "Cleanup", Time since last: 1001192084 ns, Reaching safepoint: 1089112 ns, Cleanup: 55000 ns, At safepoint: 77025 ns, Total: 1221137 ns
[2025-03-03T15:45:07.631+0000][7][safepoint   ] Safepoint "Cleanup", Time since last: 1002078373 ns, Reaching safepoint: 936213 ns, Cleanup: 32565 ns, At safepoint: 24217 ns, Total: 992995 ns
[2025-03-03T15:45:08.634+0000][7][safepoint   ] Safepoint "Cleanup", Time since last: 1002334581 ns, Reaching safepoint: 571232 ns, Cleanup: 21523 ns, At safepoint: 52869 ns, Total: 645624 ns
[2025-03-03T15:45:09.456+0000][7][gc,start    ] GC(5) Pause Young (Prepare Mixed) (Metadata GC Threshold)
[2025-03-03T15:45:09.456+0000][7][gc,task     ] GC(5) Using 13 workers of 13 for evacuation
[2025-03-03T15:45:09.457+0000][7][gc,age      ] GC(5) Desired survivor size 81788928 bytes, new threshold 15 (max threshold 15)
[2025-03-03T15:45:09.483+0000][7][gc,phases   ] GC(5)   Pre Evacuate Collection Set: 0.56ms
[2025-03-03T15:45:09.483+0000][7][gc,phases   ] GC(5)   Merge Heap Roots: 0.31ms
[2025-03-03T15:45:09.484+0000][7][gc,phases   ] GC(5)   Evacuate Collection Set: 22.25ms
[2025-03-03T15:45:09.484+0000][7][gc,phases   ] GC(5)   Post Evacuate Collection Set: 2.90ms
[2025-03-03T15:45:09.484+0000][7][gc,phases   ] GC(5)   Other: 0.69ms
[2025-03-03T15:45:09.484+0000][7][gc,age      ] GC(5) Age table with threshold 15 (max threshold 15)
[2025-03-03T15:45:09.484+0000][7][gc,age      ] GC(5) - age   1:   28775520 bytes,   28775520 total
[2025-03-03T15:45:09.485+0000][7][gc,age      ] GC(5) - age   2:    5974768 bytes,   34750288 total
[2025-03-03T15:45:09.485+0000][7][gc,age      ] GC(5) - age   3:    1887032 bytes,   36637320 total
[2025-03-03T15:45:09.485+0000][7][gc,age      ] GC(5) - age   4:    1849368 bytes,   38486688 total
[2025-03-03T15:45:09.485+0000][7][gc,heap     ] GC(5) Eden regions: 173->0(241)
[2025-03-03T15:45:09.485+0000][7][gc,heap     ] GC(5) Survivor regions: 3->10(39)
[2025-03-03T15:45:09.486+0000][7][gc,heap     ] GC(5) Old regions: 3->3
[2025-03-03T15:45:09.486+0000][7][gc,heap     ] GC(5) Humongous regions: 0->0
[2025-03-03T15:45:09.486+0000][7][gc,metaspace] GC(5) Metaspace: 35100K(36096K)->35100K(36096K) NonClass: 30476K(31040K)->30476K(31040K) Class: 4623K(5056K)->4623K(5056K)
[2025-03-03T15:45:09.486+0000][7][gc          ] GC(5) Pause Young (Prepare Mixed) (Metadata GC Threshold) 708M->48M(2048M) 29.872ms
[2025-03-03T15:45:09.486+0000][7][gc,cpu      ] GC(5) User=0.14s Sys=0.02s Real=0.03s
[2025-03-03T15:45:09.487+0000][7][safepoint   ] Safepoint "CollectForMetadataAllocation", Time since last: 822282261 ns, Reaching safepoint: 7290 ns, Cleanup: 106946 ns, At safepoint: 30425575 ns, Total: 30539811 ns
[2025-03-03T15:45:09.530+0000][7][gc,start    ] GC(6) Pause Young (Mixed) (Metadata GC Threshold)
[2025-03-03T15:45:09.530+0000][7][gc,task     ] GC(6) Using 13 workers of 13 for evacuation
[2025-03-03T15:45:09.530+0000][7][gc,age      ] GC(6) Desired survivor size 67108864 bytes, new threshold 15 (max threshold 15)
[2025-03-03T15:45:09.552+0000][7][gc,phases   ] GC(6)   Pre Evacuate Collection Set: 0.68ms
[2025-03-03T15:45:09.553+0000][7][gc,phases   ] GC(6)   Merge Heap Roots: 0.63ms
[2025-03-03T15:45:09.555+0000][7][gc,phases   ] GC(6)   Evacuate Collection Set: 17.20ms
[2025-03-03T15:45:09.555+0000][7][gc,phases   ] GC(6)   Post Evacuate Collection Set: 2.91ms
[2025-03-03T15:45:09.555+0000][7][gc,phases   ] GC(6)   Other: 0.94ms
[2025-03-03T15:45:09.555+0000][7][gc,age      ] GC(6) Age table with threshold 15 (max threshold 15)
[2025-03-03T15:45:09.556+0000][7][gc,age      ] GC(6) - age   1:     100880 bytes,     100880 total
[2025-03-03T15:45:09.556+0000][7][gc,age      ] GC(6) - age   2:   28620544 bytes,   28721424 total
[2025-03-03T15:45:09.556+0000][7][gc,age      ] GC(6) - age   3:    5974736 bytes,   34696160 total
[2025-03-03T15:45:09.556+0000][7][gc,age      ] GC(6) - age   4:    1887032 bytes,   36583192 total
[2025-03-03T15:45:09.556+0000][7][gc,age      ] GC(6) - age   5:    1849368 bytes,   38432560 total
[2025-03-03T15:45:09.557+0000][7][gc,heap     ] GC(6) Eden regions: 2->0(54)
[2025-03-03T15:45:09.557+0000][7][gc,heap     ] GC(6) Survivor regions: 10->10(32)
[2025-03-03T15:45:09.557+0000][7][gc,heap     ] GC(6) Old regions: 3->3
[2025-03-03T15:45:09.557+0000][7][gc,heap     ] GC(6) Humongous regions: 0->0
[2025-03-03T15:45:09.558+0000][7][gc,metaspace] GC(6) Metaspace: 35472K(36416K)->35472K(36416K) NonClass: 30796K(31360K)->30796K(31360K) Class: 4676K(5056K)->4676K(5056K)
[2025-03-03T15:45:09.558+0000][7][gc          ] GC(6) Pause Young (Mixed) (Metadata GC Threshold) 55M->48M(2048M) 28.372ms
[2025-03-03T15:45:09.558+0000][7][gc,cpu      ] GC(6) User=0.12s Sys=0.03s Real=0.02s
[2025-03-03T15:45:09.559+0000][7][safepoint   ] Safepoint "CollectForMetadataAllocation", Time since last: 42447893 ns, Reaching safepoint: 505533 ns, Cleanup: 17011 ns, At safepoint: 29242777 ns, Total: 29765321 ns
[2025-03-03T15:45:09.590+0000][7][gc,start    ] GC(7) Pause Young (Concurrent Start) (Metadata GC Threshold)
[2025-03-03T15:45:09.590+0000][7][gc,task     ] GC(7) Using 13 workers of 13 for evacuation
[2025-03-03T15:45:09.590+0000][7][gc,age      ] GC(7) Desired survivor size 16777216 bytes, new threshold 2 (max threshold 15)
[2025-03-03T15:45:09.616+0000][7][gc,phases   ] GC(7)   Pre Evacuate Collection Set: 0.46ms
[2025-03-03T15:45:09.620+0000][7][gc,phases   ] GC(7)   Merge Heap Roots: 0.09ms
[2025-03-03T15:45:09.620+0000][7][gc,phases   ] GC(7)   Evacuate Collection Set: 22.30ms
[2025-03-03T15:45:09.620+0000][7][gc,phases   ] GC(7)   Post Evacuate Collection Set: 2.23ms
[2025-03-03T15:45:09.620+0000][7][gc,phases   ] GC(7)   Other: 0.80ms
[2025-03-03T15:45:09.621+0000][7][gc,age      ] GC(7) Age table with threshold 2 (max threshold 15)
[2025-03-03T15:45:09.621+0000][7][gc,age      ] GC(7) - age   1:      80056 bytes,      80056 total
[2025-03-03T15:45:09.621+0000][7][gc,age      ] GC(7) - age   2:      80832 bytes,     160888 total
[2025-03-03T15:45:09.621+0000][7][gc,heap     ] GC(7) Eden regions: 1->0(305)
[2025-03-03T15:45:09.622+0000][7][gc,heap     ] GC(7) Survivor regions: 10->2(8)
[2025-03-03T15:45:09.622+0000][7][gc,heap     ] GC(7) Old regions: 3->12
[2025-03-03T15:45:09.622+0000][7][gc,heap     ] GC(7) Humongous regions: 0->0
[2025-03-03T15:45:09.622+0000][7][gc,metaspace] GC(7) Metaspace: 35784K(36736K)->35784K(36736K) NonClass: 31072K(31616K)->31072K(31616K) Class: 4711K(5120K)->4711K(5120K)
[2025-03-03T15:45:09.623+0000][7][gc          ] GC(7) Pause Young (Concurrent Start) (Metadata GC Threshold) 52M->52M(2048M) 32.959ms
[2025-03-03T15:45:09.623+0000][7][gc,cpu      ] GC(7) User=0.13s Sys=0.01s Real=0.03s
[2025-03-03T15:45:09.623+0000][7][gc          ] GC(8) Concurrent Mark Cycle
[2025-03-03T15:45:09.624+0000][7][gc,marking  ] GC(8) Concurrent Scan Root Regions
[2025-03-03T15:45:09.624+0000][7][safepoint   ] Safepoint "CollectForMetadataAllocation", Time since last: 30937217 ns, Reaching safepoint: 7487 ns, Cleanup: 15414 ns, At safepoint: 33902573 ns, Total: 33925474 ns
[2025-03-03T15:45:09.644+0000][7][gc,marking  ] GC(8) Concurrent Scan Root Regions 20.530ms
[2025-03-03T15:45:09.645+0000][7][gc,marking  ] GC(8) Concurrent Mark
[2025-03-03T15:45:09.645+0000][7][gc,marking  ] GC(8) Concurrent Mark From Roots
[2025-03-03T15:45:09.645+0000][7][gc,task     ] GC(8) Using 3 workers of 3 for marking
[2025-03-03T15:45:09.655+0000][7][gc,marking  ] GC(8) Concurrent Mark From Roots 10.021ms
[2025-03-03T15:45:09.655+0000][7][gc,marking  ] GC(8) Concurrent Preclean
[2025-03-03T15:45:09.656+0000][7][gc,marking  ] GC(8) Concurrent Preclean 0.263ms
[2025-03-03T15:45:09.658+0000][7][gc,start    ] GC(8) Pause Remark
[2025-03-03T15:45:09.666+0000][7][gc          ] GC(8) Pause Remark 54M->54M(2048M) 8.751ms
[2025-03-03T15:45:09.667+0000][7][gc,cpu      ] GC(8) User=0.02s Sys=0.01s Real=0.01s
[2025-03-03T15:45:09.667+0000][7][safepoint   ] Safepoint "G1PauseRemark", Time since last: 32632338 ns, Reaching safepoint: 1222920 ns, Cleanup: 6050 ns, At safepoint: 9639242 ns, Total: 10868212 ns
[2025-03-03T15:45:09.667+0000][7][gc,marking  ] GC(8) Concurrent Mark 22.677ms
[2025-03-03T15:45:09.668+0000][7][gc,marking  ] GC(8) Concurrent Rebuild Remembered Sets and Scrub Regions
[2025-03-03T15:45:09.685+0000][7][gc,marking  ] GC(8) Concurrent Rebuild Remembered Sets and Scrub Regions 16.673ms
[2025-03-03T15:45:09.686+0000][7][gc,start    ] GC(8) Pause Cleanup
[2025-03-03T15:45:09.686+0000][7][gc          ] GC(8) Pause Cleanup 54M->54M(2048M) 0.676ms
[2025-03-03T15:45:09.687+0000][7][gc,cpu      ] GC(8) User=0.00s Sys=0.00s Real=0.00s
[2025-03-03T15:45:09.687+0000][7][safepoint   ] Safepoint "G1PauseCleanup", Time since last: 17717710 ns, Reaching safepoint: 761848 ns, Cleanup: 13398 ns, At safepoint: 1359902 ns, Total: 2135148 ns
[2025-03-03T15:45:09.687+0000][7][gc,marking  ] GC(8) Concurrent Clear Claimed Marks
[2025-03-03T15:45:09.688+0000][7][gc,marking  ] GC(8) Concurrent Clear Claimed Marks 0.266ms
[2025-03-03T15:45:09.688+0000][7][gc,marking  ] GC(8) Concurrent Cleanup for Next Mark
[2025-03-03T15:45:09.691+0000][7][gc,marking  ] GC(8) Concurrent Cleanup for Next Mark 3.584ms
[2025-03-03T15:45:09.692+0000][7][gc          ] GC(8) Concurrent Mark Cycle 68.695ms
[2025-03-03T15:45:11.475+0000][7][safepoint   ] Safepoint "Cleanup", Time since last: 1784832328 ns, Reaching safepoint: 3246833 ns, Cleanup: 109651 ns, At safepoint: 53821 ns, Total: 3410305 ns
[2025-03-03T15:45:12.699+0000][7][safepoint   ] Safepoint "Cleanup", Time since last: 1222409301 ns, Reaching safepoint: 1144748 ns, Cleanup: 112016 ns, At safepoint: 52703 ns, Total: 1309467 ns
[2025-03-03T15:45:13.701+0000][7][safepoint   ] Safepoint "Cleanup", Time since last: 1000748640 ns, Reaching safepoint: 802203 ns, Cleanup: 46548 ns, At safepoint: 56870 ns, Total: 905621 ns
[2025-03-03T15:45:14.709+0000][7][safepoint   ] Safepoint "Cleanup", Time since last: 1000979340 ns, Reaching safepoint: 6152000 ns, Cleanup: 1586304 ns, At safepoint: 66459 ns, Total: 7804763 ns
[2025-03-03T15:45:15.887+0000][7][safepoint   ] Safepoint "Cleanup", Time since last: 1172020968 ns, Reaching safepoint: 4969387 ns, Cleanup: 44603 ns, At safepoint: 57340 ns, Total: 5071330 ns
[2025-03-03T15:45:17.161+0000][7][gc,start    ] GC(9) Pause Young (Concurrent Start) (Metadata GC Threshold)
[2025-03-03T15:45:17.161+0000][7][gc,task     ] GC(9) Using 13 workers of 13 for evacuation
[2025-03-03T15:45:17.161+0000][7][gc,age      ] GC(9) Desired survivor size 81788928 bytes, new threshold 15 (max threshold 15)
[2025-03-03T15:45:17.176+0000][7][gc,phases   ] GC(9)   Pre Evacuate Collection Set: 0.75ms
[2025-03-03T15:45:17.176+0000][7][gc,phases   ] GC(9)   Merge Heap Roots: 0.47ms
[2025-03-03T15:45:17.176+0000][7][gc,phases   ] GC(9)   Evacuate Collection Set: 8.62ms
[2025-03-03T15:45:17.176+0000][7][gc,phases   ] GC(9)   Post Evacuate Collection Set: 4.19ms
[2025-03-03T15:45:17.177+0000][7][gc,phases   ] GC(9)   Other: 0.64ms
[2025-03-03T15:45:17.177+0000][7][gc,age      ] GC(9) Age table with threshold 15 (max threshold 15)
[2025-03-03T15:45:17.177+0000][7][gc,age      ] GC(9) - age   1:   12555088 bytes,   12555088 total
[2025-03-03T15:45:17.177+0000][7][gc,age      ] GC(9) - age   2:      59440 bytes,   12614528 total
[2025-03-03T15:45:17.177+0000][7][gc,age      ] GC(9) - age   3:      80488 bytes,   12695016 total
[2025-03-03T15:45:17.178+0000][7][gc,heap     ] GC(9) Eden regions: 117->0(303)
[2025-03-03T15:45:17.178+0000][7][gc,heap     ] GC(9) Survivor regions: 2->4(39)
[2025-03-03T15:45:17.178+0000][7][gc,heap     ] GC(9) Old regions: 12->12
[2025-03-03T15:45:17.178+0000][7][gc,heap     ] GC(9) Humongous regions: 0->0
[2025-03-03T15:45:17.178+0000][7][gc,metaspace] GC(9) Metaspace: 60594K(61760K)->60594K(61760K) NonClass: 52317K(53056K)->52317K(53056K) Class: 8277K(8704K)->8277K(8704K)
[2025-03-03T15:45:17.178+0000][7][gc          ] GC(9) Pause Young (Concurrent Start) (Metadata GC Threshold) 520M->59M(2048M) 17.342ms
[2025-03-03T15:45:17.178+0000][7][gc,cpu      ] GC(9) User=0.05s Sys=0.00s Real=0.01s
[2025-03-03T15:45:17.178+0000][7][gc          ] GC(10) Concurrent Mark Cycle
[2025-03-03T15:45:17.183+0000][7][gc,marking  ] GC(10) Concurrent Scan Root Regions
[2025-03-03T15:45:17.179+0000][7][safepoint   ] Safepoint "CollectForMetadataAllocation", Time since last: 1274202008 ns, Reaching safepoint: 7676 ns, Cleanup: 99143 ns, At safepoint: 17817670 ns, Total: 17924489 ns
[2025-03-03T15:45:17.195+0000][7][gc,marking  ] GC(10) Concurrent Scan Root Regions 12.389ms
[2025-03-03T15:45:17.197+0000][7][gc,marking  ] GC(10) Concurrent Mark
[2025-03-03T15:45:17.197+0000][7][gc,marking  ] GC(10) Concurrent Mark From Roots
[2025-03-03T15:45:17.197+0000][7][gc,task     ] GC(10) Using 3 workers of 3 for marking
[2025-03-03T15:45:17.250+0000][7][gc,marking  ] GC(10) Concurrent Mark From Roots 53.224ms
[2025-03-03T15:45:17.253+0000][7][gc,marking  ] GC(10) Concurrent Preclean
[2025-03-03T15:45:17.254+0000][7][gc,marking  ] GC(10) Concurrent Preclean 0.529ms
[2025-03-03T15:45:17.254+0000][7][gc,start    ] GC(10) Pause Remark
[2025-03-03T15:45:17.262+0000][7][gc          ] GC(10) Pause Remark 63M->63M(2048M) 8.045ms
[2025-03-03T15:45:17.263+0000][7][gc,cpu      ] GC(10) User=0.02s Sys=0.00s Real=0.01s
[2025-03-03T15:45:17.263+0000][7][safepoint   ] Safepoint "G1PauseRemark", Time since last: 75715847 ns, Reaching safepoint: 8965 ns, Cleanup: 10397 ns, At safepoint: 8810389 ns, Total: 8829751 ns
[2025-03-03T15:45:17.264+0000][7][gc,marking  ] GC(10) Concurrent Mark 66.971ms
[2025-03-03T15:45:17.264+0000][7][gc,marking  ] GC(10) Concurrent Rebuild Remembered Sets and Scrub Regions
[2025-03-03T15:45:17.281+0000][7][gc,marking  ] GC(10) Concurrent Rebuild Remembered Sets and Scrub Regions 17.380ms
[2025-03-03T15:45:17.283+0000][7][gc,start    ] GC(10) Pause Cleanup
[2025-03-03T15:45:17.283+0000][7][gc          ] GC(10) Pause Cleanup 67M->67M(2048M) 0.512ms
[2025-03-03T15:45:17.284+0000][7][gc,cpu      ] GC(10) User=0.00s Sys=0.00s Real=0.00s
[2025-03-03T15:45:17.284+0000][7][safepoint   ] Safepoint "G1PauseCleanup", Time since last: 18387867 ns, Reaching safepoint: 1088145 ns, Cleanup: 11769 ns, At safepoint: 1129990 ns, Total: 2229904 ns
[2025-03-03T15:45:17.284+0000][7][gc,marking  ] GC(10) Concurrent Clear Claimed Marks
[2025-03-03T15:45:17.284+0000][7][gc,marking  ] GC(10) Concurrent Clear Claimed Marks 0.291ms
[2025-03-03T15:45:17.285+0000][7][gc,marking  ] GC(10) Concurrent Cleanup for Next Mark
[2025-03-03T15:45:17.287+0000][7][gc,marking  ] GC(10) Concurrent Cleanup for Next Mark 2.176ms
[2025-03-03T15:45:17.287+0000][7][gc          ] GC(10) Concurrent Mark Cycle 108.984ms
[2025-03-03T15:45:18.289+0000][7][safepoint   ] Safepoint "Cleanup", Time since last: 1003704292 ns, Reaching safepoint: 2328090 ns, Cleanup: 33340 ns, At safepoint: 58279 ns, Total: 2419709 ns
[2025-03-03T15:45:19.266+0000][7][safepoint   ] Safepoint "ICBufferFull", Time since last: 974078633 ns, Reaching safepoint: 1808784 ns, Cleanup: 158193 ns, At safepoint: 200983 ns, Total: 2167960 ns
[2025-03-03T15:45:20.835+0000][7][safepoint   ] Safepoint "Cleanup", Time since last: 1568460606 ns, Reaching safepoint: 920190 ns, Cleanup: 142623 ns, At safepoint: 51782 ns, Total: 1114595 ns
[2025-03-03T15:45:21.921+0000][7][safepoint   ] Safepoint "ICBufferFull", Time since last: 1085436601 ns, Reaching safepoint: 10426 ns, Cleanup: 118917 ns, At safepoint: 39290 ns, Total: 168633 ns
[2025-03-03T15:45:22.922+0000][7][safepoint   ] Safepoint "Cleanup", Time since last: 1001289973 ns, Reaching safepoint: 13800 ns, Cleanup: 58179 ns, At safepoint: 12346 ns, Total: 84325 ns
[2025-03-03T15:45:23.925+0000][7][safepoint   ] Safepoint "Cleanup", Time since last: 1003106689 ns, Reaching safepoint: 11079 ns, Cleanup: 31523 ns, At safepoint: 8021 ns, Total: 50623 ns
[2025-03-03T15:45:24.926+0000][7][safepoint   ] Safepoint "Cleanup", Time since last: 1000655809 ns, Reaching safepoint: 13358 ns, Cleanup: 143754 ns, At safepoint: 58233 ns, Total: 215345 ns
[2025-03-03T15:45:25.873+0000][7][safepoint   ] Safepoint "ICBufferFull", Time since last: 946812518 ns, Reaching safepoint: 9689 ns, Cleanup: 87482 ns, At safepoint: 75832 ns, Total: 173003 ns
[2025-03-03T15:45:27.150+0000][7][safepoint   ] Safepoint "Cleanup", Time since last: 1276824043 ns, Reaching safepoint: 15403 ns, Cleanup: 112367 ns, At safepoint: 15397 ns, Total: 143167 ns
[2025-03-03T15:45:28.151+0000][7][safepoint   ] Safepoint "Cleanup", Time since last: 1000900590 ns, Reaching safepoint: 15717 ns, Cleanup: 43305 ns, At safepoint: 12191 ns, Total: 71213 ns
[2025-03-03T15:45:29.156+0000][7][safepoint   ] Safepoint "Cleanup", Time since last: 1005067029 ns, Reaching safepoint: 11257 ns, Cleanup: 56367 ns, At safepoint: 10552 ns, Total: 78176 ns
[2025-03-03T15:45:30.157+0000][7][safepoint   ] Safepoint "Cleanup", Time since last: 1000834382 ns, Reaching safepoint: 15162 ns, Cleanup: 52154 ns, At safepoint: 45879 ns, Total: 113195 ns
[2025-03-03T15:45:30.732+0000][7][safepoint   ] Safepoint "ICBufferFull", Time since last: 574508645 ns, Reaching safepoint: 22200 ns, Cleanup: 133861 ns, At safepoint: 357512 ns, Total: 513573 ns
[2025-03-03T15:45:31.528+0000][7][safepoint   ] Safepoint "ICBufferFull", Time since last: 795646555 ns, Reaching safepoint: 15281 ns, Cleanup: 184708 ns, At safepoint: 17606 ns, Total: 217595 ns
[2025-03-03T15:45:32.308+0000][7][safepoint   ] Safepoint "ICBufferFull", Time since last: 779418232 ns, Reaching safepoint: 12092 ns, Cleanup: 97213 ns, At safepoint: 7959 ns, Total: 117264 ns
[2025-03-03T15:45:33.310+0000][7][safepoint   ] Safepoint "Cleanup", Time since last: 1002307622 ns, Reaching safepoint: 12598 ns, Cleanup: 50700 ns, At safepoint: 6836 ns, Total: 70134 ns
[2025-03-03T15:45:34.148+0000][7][safepoint   ] Safepoint "ICBufferFull", Time since last: 837999781 ns, Reaching safepoint: 20286 ns, Cleanup: 150342 ns, At safepoint: 25153 ns, Total: 195781 ns
[2025-03-03T15:45:35.151+0000][7][safepoint   ] Safepoint "Cleanup", Time since last: 1001949138 ns, Reaching safepoint: 823729 ns, Cleanup: 402903 ns, At safepoint: 74339 ns, Total: 1300971 ns
[2025-03-03T15:45:36.156+0000][7][safepoint   ] Safepoint "Cleanup", Time since last: 1004588614 ns, Reaching safepoint: 21013 ns, Cleanup: 266590 ns, At safepoint: 27675 ns, Total: 315278 ns
[2025-03-03T15:45:36.636+0000][7][safepoint   ] Safepoint "ICBufferFull", Time since last: 479187995 ns, Reaching safepoint: 24506 ns, Cleanup: 159591 ns, At safepoint: 62772 ns, Total: 246869 ns
[2025-03-03T15:45:37.638+0000][7][safepoint   ] Safepoint "Cleanup", Time since last: 1001185840 ns, Reaching safepoint: 1050985 ns, Cleanup: 108102 ns, At safepoint: 35678 ns, Total: 1194765 ns
[2025-03-03T15:45:38.644+0000][7][safepoint   ] Safepoint "Cleanup", Time since last: 1006100700 ns, Reaching safepoint: 18917 ns, Cleanup: 93174 ns, At safepoint: 9329 ns, Total: 121420 ns
[2025-03-03T15:45:39.645+0000][7][safepoint   ] Safepoint "Cleanup", Time since last: 1000561974 ns, Reaching safepoint: 20516 ns, Cleanup: 12790 ns, At safepoint: 6716 ns, Total: 40022 ns
[2025-03-03T15:45:39.722+0000][7][gc,start    ] GC(11) Pause Young (Concurrent Start) (Metadata GC Threshold)
[2025-03-03T15:45:39.722+0000][7][gc,task     ] GC(11) Using 13 workers of 13 for evacuation
[2025-03-03T15:45:39.722+0000][7][gc,age      ] GC(11) Desired survivor size 81788928 bytes, new threshold 15 (max threshold 15)
[2025-03-03T15:45:39.753+0000][7][gc,phases   ] GC(11)   Pre Evacuate Collection Set: 0.73ms
[2025-03-03T15:45:39.753+0000][7][gc,phases   ] GC(11)   Merge Heap Roots: 0.54ms
[2025-03-03T15:45:39.753+0000][7][gc,phases   ] GC(11)   Evacuate Collection Set: 23.38ms
[2025-03-03T15:45:39.754+0000][7][gc,phases   ] GC(11)   Post Evacuate Collection Set: 5.34ms
[2025-03-03T15:45:39.754+0000][7][gc,phases   ] GC(11)   Other: 0.78ms
[2025-03-03T15:45:39.754+0000][7][gc,age      ] GC(11) Age table with threshold 15 (max threshold 15)
[2025-03-03T15:45:39.754+0000][7][gc,age      ] GC(11) - age   1:   66096544 bytes,   66096544 total
[2025-03-03T15:45:39.754+0000][7][gc,age      ] GC(11) - age   2:   11775160 bytes,   77871704 total
[2025-03-03T15:45:39.755+0000][7][gc,age      ] GC(11) - age   3:      58560 bytes,   77930264 total
[2025-03-03T15:45:39.755+0000][7][gc,age      ] GC(11) - age   4:      78800 bytes,   78009064 total
[2025-03-03T15:45:39.755+0000][7][gc,heap     ] GC(11) Eden regions: 151->0(259)
[2025-03-03T15:45:39.755+0000][7][gc,heap     ] GC(11) Survivor regions: 4->20(39)
[2025-03-03T15:45:39.755+0000][7][gc,heap     ] GC(11) Old regions: 12->12
[2025-03-03T15:45:39.755+0000][7][gc,heap     ] GC(11) Humongous regions: 2->2
[2025-03-03T15:45:39.755+0000][7][gc,metaspace] GC(11) Metaspace: 100679K(103488K)->100679K(103488K) NonClass: 86369K(88000K)->86369K(88000K) Class: 14309K(15488K)->14309K(15488K)
[2025-03-03T15:45:39.756+0000][7][gc          ] GC(11) Pause Young (Concurrent Start) (Metadata GC Threshold) 669M->133M(2048M) 33.590ms
[2025-03-03T15:45:39.756+0000][7][gc,cpu      ] GC(11) User=0.25s Sys=0.04s Real=0.03s
[2025-03-03T15:45:39.756+0000][7][gc          ] GC(12) Concurrent Mark Cycle
[2025-03-03T15:45:39.756+0000][7][gc,marking  ] GC(12) Concurrent Scan Root Regions
[2025-03-03T15:45:39.756+0000][7][safepoint   ] Safepoint "CollectForMetadataAllocation", Time since last: 76987099 ns, Reaching safepoint: 13261 ns, Cleanup: 7513 ns, At safepoint: 34126069 ns, Total: 34146843 ns
[2025-03-03T15:45:39.775+0000][7][gc,marking  ] GC(12) Concurrent Scan Root Regions 19.362ms
[2025-03-03T15:45:39.776+0000][7][gc,marking  ] GC(12) Concurrent Mark
[2025-03-03T15:45:39.776+0000][7][gc,marking  ] GC(12) Concurrent Mark From Roots
[2025-03-03T15:45:39.776+0000][7][gc,task     ] GC(12) Using 3 workers of 3 for marking
[2025-03-03T15:45:39.803+0000][7][gc,marking  ] GC(12) Concurrent Mark From Roots 27.341ms
[2025-03-03T15:45:39.804+0000][7][gc,marking  ] GC(12) Concurrent Preclean
[2025-03-03T15:45:39.804+0000][7][gc,marking  ] GC(12) Concurrent Preclean 0.426ms
[2025-03-03T15:45:39.805+0000][7][gc,start    ] GC(12) Pause Remark
[2025-03-03T15:45:39.812+0000][7][gc          ] GC(12) Pause Remark 140M->140M(2048M) 7.581ms
[2025-03-03T15:45:39.813+0000][7][gc,cpu      ] GC(12) User=0.04s Sys=0.00s Real=0.01s
[2025-03-03T15:45:39.813+0000][7][safepoint   ] Safepoint "G1PauseRemark", Time since last: 48202783 ns, Reaching safepoint: 562097 ns, Cleanup: 16479 ns, At safepoint: 8153842 ns, Total: 8732418 ns
[2025-03-03T15:45:39.813+0000][7][gc,marking  ] GC(12) Concurrent Mark 37.539ms
[2025-03-03T15:45:39.813+0000][7][gc,marking  ] GC(12) Concurrent Rebuild Remembered Sets and Scrub Regions
[2025-03-03T15:45:39.826+0000][7][gc,marking  ] GC(12) Concurrent Rebuild Remembered Sets and Scrub Regions 12.202ms
[2025-03-03T15:45:39.827+0000][7][gc,start    ] GC(12) Pause Cleanup
[2025-03-03T15:45:39.828+0000][7][gc          ] GC(12) Pause Cleanup 140M->140M(2048M) 0.724ms
[2025-03-03T15:45:39.828+0000][7][gc,cpu      ] GC(12) User=0.00s Sys=0.00s Real=0.01s
[2025-03-03T15:45:39.828+0000][7][safepoint   ] Safepoint "G1PauseCleanup", Time since last: 13108855 ns, Reaching safepoint: 844219 ns, Cleanup: 12566 ns, At safepoint: 1176157 ns, Total: 2032942 ns
[2025-03-03T15:45:39.828+0000][7][gc,marking  ] GC(12) Concurrent Clear Claimed Marks
[2025-03-03T15:45:39.829+0000][7][gc,marking  ] GC(12) Concurrent Clear Claimed Marks 0.383ms
[2025-03-03T15:45:39.829+0000][7][gc,marking  ] GC(12) Concurrent Cleanup for Next Mark
[2025-03-03T15:45:39.832+0000][7][gc,marking  ] GC(12) Concurrent Cleanup for Next Mark 2.424ms
[2025-03-03T15:45:39.832+0000][7][gc          ] GC(12) Concurrent Mark Cycle 76.234ms
[2025-03-03T15:45:40.719+0000][7][safepoint   ] Safepoint "ICBufferFull", Time since last: 890634902 ns, Reaching safepoint: 56856 ns, Cleanup: 133106 ns, At safepoint: 224970 ns, Total: 414932 ns
[2025-03-03T15:45:41.840+0000][7][safepoint   ] Safepoint "Cleanup", Time since last: 1120779831 ns, Reaching safepoint: 15583 ns, Cleanup: 85141 ns, At safepoint: 6658 ns, Total: 107382 ns
[2025-03-03T15:45:42.841+0000][7][safepoint   ] Safepoint "Cleanup", Time since last: 1000821880 ns, Reaching safepoint: 15536 ns, Cleanup: 76150 ns, At safepoint: 7750 ns, Total: 99436 ns
[2025-03-03T15:45:43.842+0000][7][safepoint   ] Safepoint "Cleanup", Time since last: 1000868759 ns, Reaching safepoint: 15764 ns, Cleanup: 30861 ns, At safepoint: 6222 ns, Total: 52847 ns
[2025-03-03T15:45:44.852+0000][7][safepoint   ] Safepoint "Cleanup", Time since last: 1009948666 ns, Reaching safepoint: 15577 ns, Cleanup: 16887 ns, At safepoint: 6558 ns, Total: 39022 ns
[2025-03-03T15:45:45.854+0000][7][safepoint   ] Safepoint "Cleanup", Time since last: 1001026804 ns, Reaching safepoint: 957915 ns, Cleanup: 39298 ns, At safepoint: 33261 ns, Total: 1030474 ns
[2025-03-03T15:45:46.855+0000][7][safepoint   ] Safepoint "Cleanup", Time since last: 1001138307 ns, Reaching safepoint: 23265 ns, Cleanup: 46475 ns, At safepoint: 11500 ns, Total: 81240 ns
[2025-03-03T15:45:48.855+0000][7][safepoint   ] Safepoint "Cleanup", Time since last: 2003045315 ns, Reaching safepoint: 22841 ns, Cleanup: 27458 ns, At safepoint: 12696 ns, Total: 62995 ns
[2025-03-03T15:45:49.856+0000][7][safepoint   ] Safepoint "Cleanup", Time since last: 1000497289 ns, Reaching safepoint: 17423 ns, Cleanup: 61497 ns, At safepoint: 7005 ns, Total: 85925 ns
[2025-03-03T15:45:50.863+0000][7][safepoint   ] Safepoint "Cleanup", Time since last: 1006688022 ns, Reaching safepoint: 19914 ns, Cleanup: 11335 ns, At safepoint: 5166 ns, Total: 36415 ns
[2025-03-03T15:45:51.863+0000][7][safepoint   ] Safepoint "Cleanup", Time since last: 1000697812 ns, Reaching safepoint: 33309 ns, Cleanup: 24233 ns, At safepoint: 18894 ns, Total: 76436 ns
[2025-03-03T15:45:52.865+0000][7][safepoint   ] Safepoint "Cleanup", Time since last: 1001716962 ns, Reaching safepoint: 51071 ns, Cleanup: 15478 ns, At safepoint: 13444 ns, Total: 79993 ns
[2025-03-03T15:45:54.532+0000][7][safepoint   ] Safepoint "Cleanup", Time since last: 1666880358 ns, Reaching safepoint: 18258 ns, Cleanup: 47133 ns, At safepoint: 8370 ns, Total: 73761 ns
[2025-03-03T15:45:55.533+0000][7][safepoint   ] Safepoint "Cleanup", Time since last: 1000674104 ns, Reaching safepoint: 27837 ns, Cleanup: 36283 ns, At safepoint: 7507 ns, Total: 71627 ns
[2025-03-03T15:45:56.534+0000][7][safepoint   ] Safepoint "Cleanup", Time since last: 1001213117 ns, Reaching safepoint: 31317 ns, Cleanup: 38678 ns, At safepoint: 17058 ns, Total: 87053 ns
[2025-03-03T15:45:57.536+0000][7][safepoint   ] Safepoint "Cleanup", Time since last: 1001854202 ns, Reaching safepoint: 20099 ns, Cleanup: 8087 ns, At safepoint: 6545 ns, Total: 34731 ns
[2025-03-03T15:46:00.538+0000][7][safepoint   ] Safepoint "Cleanup", Time since last: 3001793459 ns, Reaching safepoint: 12113 ns, Cleanup: 6206 ns, At safepoint: 6193 ns, Total: 24512 ns
[2025-03-03T15:46:01.539+0000][7][safepoint   ] Safepoint "Cleanup", Time since last: 1000947517 ns, Reaching safepoint: 19764 ns, Cleanup: 17307 ns, At safepoint: 8754 ns, Total: 45825 ns
[2025-03-03T15:46:02.540+0000][7][safepoint   ] Safepoint "Cleanup", Time since last: 1001236751 ns, Reaching safepoint: 28812 ns, Cleanup: 19189 ns, At safepoint: 10679 ns, Total: 58680 ns
[2025-03-03T15:46:03.541+0000][7][safepoint   ] Safepoint "Cleanup", Time since last: 1000713902 ns, Reaching safepoint: 19972 ns, Cleanup: 10596 ns, At safepoint: 8548 ns, Total: 39116 ns
[2025-03-03T15:46:07.545+0000][7][safepoint   ] Safepoint "Cleanup", Time since last: 4003992216 ns, Reaching safepoint: 52204 ns, Cleanup: 26534 ns, At safepoint: 11014 ns, Total: 89752 ns
[2025-03-03T15:46:08.546+0000][7][safepoint   ] Safepoint "Cleanup", Time since last: 1000978184 ns, Reaching safepoint: 50060 ns, Cleanup: 19933 ns, At safepoint: 9804 ns, Total: 79797 ns
[2025-03-03T15:46:10.550+0000][7][safepoint   ] Safepoint "Cleanup", Time since last: 2003820140 ns, Reaching safepoint: 17341 ns, Cleanup: 35440 ns, At safepoint: 7439 ns, Total: 60220 ns
[2025-03-03T15:46:11.551+0000][7][safepoint   ] Safepoint "Cleanup", Time since last: 1000994738 ns, Reaching safepoint: 18266 ns, Cleanup: 11585 ns, At safepoint: 8519 ns, Total: 38370 ns
[2025-03-03T15:46:12.552+0000][7][safepoint   ] Safepoint "Cleanup", Time since last: 1000891233 ns, Reaching safepoint: 18621 ns, Cleanup: 12495 ns, At safepoint: 9975 ns, Total: 41091 ns
[2025-03-03T15:46:13.557+0000][7][safepoint   ] Safepoint "Cleanup", Time since last: 1004498951 ns, Reaching safepoint: 32604 ns, Cleanup: 23355 ns, At safepoint: 14500 ns, Total: 70459 ns
[2025-03-03T15:46:14.560+0000][7][safepoint   ] Safepoint "Cleanup", Time since last: 1003472152 ns, Reaching safepoint: 24627 ns, Cleanup: 22132 ns, At safepoint: 38912 ns, Total: 85671 ns
[2025-03-03T15:46:15.561+0000][7][safepoint   ] Safepoint "Cleanup", Time since last: 1001002120 ns, Reaching safepoint: 71882 ns, Cleanup: 37849 ns, At safepoint: 32908 ns, Total: 142639 ns
[2025-03-03T15:46:16.563+0000][7][safepoint   ] Safepoint "Cleanup", Time since last: 1001722542 ns, Reaching safepoint: 27337 ns, Cleanup: 16863 ns, At safepoint: 9174 ns, Total: 53374 ns
[2025-03-03T15:46:18.565+0000][7][safepoint   ] Safepoint "Cleanup", Time since last: 2001972317 ns, Reaching safepoint: 25231 ns, Cleanup: 15384 ns, At safepoint: 14375 ns, Total: 54990 ns
[2025-03-03T15:46:19.566+0000][7][safepoint   ] Safepoint "Cleanup", Time since last: 1000888245 ns, Reaching safepoint: 87598 ns, Cleanup: 70369 ns, At safepoint: 12465 ns, Total: 170432 ns
[2025-03-03T15:46:20.567+0000][7][safepoint   ] Safepoint "Cleanup", Time since last: 1001802689 ns, Reaching safepoint: 17779 ns, Cleanup: 19743 ns, At safepoint: 7908 ns, Total: 45430 ns
[2025-03-03T15:46:21.569+0000][7][safepoint   ] Safepoint "Cleanup", Time since last: 1001011015 ns, Reaching safepoint: 25053 ns, Cleanup: 21490 ns, At safepoint: 10408 ns, Total: 56951 ns
[2025-03-03T15:46:23.571+0000][7][safepoint   ] Safepoint "Cleanup", Time since last: 2001968846 ns, Reaching safepoint: 38086 ns, Cleanup: 13363 ns, At safepoint: 7283 ns, Total: 58732 ns
[2025-03-03T15:46:24.572+0000][7][safepoint   ] Safepoint "Cleanup", Time since last: 1001107015 ns, Reaching safepoint: 29210 ns, Cleanup: 23494 ns, At safepoint: 11476 ns, Total: 64180 ns
[2025-03-03T15:46:25.573+0000][7][safepoint   ] Safepoint "Cleanup", Time since last: 1001731734 ns, Reaching safepoint: 14662 ns, Cleanup: 14634 ns, At safepoint: 5445 ns, Total: 34741 ns
[2025-03-03T15:46:26.575+0000][7][safepoint   ] Safepoint "Cleanup", Time since last: 1000985865 ns, Reaching safepoint: 13737 ns, Cleanup: 14187 ns, At safepoint: 6304 ns, Total: 34228 ns
[2025-03-03T15:46:27.576+0000][7][safepoint   ] Safepoint "Cleanup", Time since last: 1000931034 ns, Reaching safepoint: 55557 ns, Cleanup: 12683 ns, At safepoint: 7620 ns, Total: 75860 ns
[2025-03-03T15:46:30.578+0000][7][safepoint   ] Safepoint "Cleanup", Time since last: 3002873182 ns, Reaching safepoint: 39424 ns, Cleanup: 14141 ns, At safepoint: 12030 ns, Total: 65595 ns
[2025-03-03T15:46:31.579+0000][7][safepoint   ] Safepoint "Cleanup", Time since last: 1000941927 ns, Reaching safepoint: 15066 ns, Cleanup: 23452 ns, At safepoint: 6071 ns, Total: 44589 ns
[2025-03-03T15:46:33.583+0000][7][safepoint   ] Safepoint "Cleanup", Time since last: 2002036838 ns, Reaching safepoint: 951438 ns, Cleanup: 56413 ns, At safepoint: 130312 ns, Total: 1138163 ns
[2025-03-03T15:46:36.585+0000][7][safepoint   ] Safepoint "Cleanup", Time since last: 3002780901 ns, Reaching safepoint: 24625 ns, Cleanup: 20828 ns, At safepoint: 9459 ns, Total: 54912 ns
[2025-03-03T15:46:37.587+0000][7][safepoint   ] Safepoint "Cleanup", Time since last: 1001056760 ns, Reaching safepoint: 24780 ns, Cleanup: 87608 ns, At safepoint: 10104 ns, Total: 122492 ns
[2025-03-03T15:46:38.587+0000][7][safepoint   ] Safepoint "Cleanup", Time since last: 1000762233 ns, Reaching safepoint: 17621 ns, Cleanup: 11277 ns, At safepoint: 8073 ns, Total: 36971 ns
[2025-03-03T15:46:39.589+0000][7][safepoint   ] Safepoint "Cleanup", Time since last: 1001168354 ns, Reaching safepoint: 60771 ns, Cleanup: 14699 ns, At safepoint: 130983 ns, Total: 206453 ns
[2025-03-03T15:46:41.591+0000][7][safepoint   ] Safepoint "Cleanup", Time since last: 2001699928 ns, Reaching safepoint: 22649 ns, Cleanup: 13220 ns, At safepoint: 7931 ns, Total: 43800 ns
[2025-03-03T15:46:42.591+0000][7][safepoint   ] Safepoint "Cleanup", Time since last: 1000904494 ns, Reaching safepoint: 16998 ns, Cleanup: 15715 ns, At safepoint: 10873 ns, Total: 43586 ns
[2025-03-03T15:46:43.610+0000][7][safepoint   ] Safepoint "Cleanup", Time since last: 1018119836 ns, Reaching safepoint: 22845 ns, Cleanup: 82803 ns, At safepoint: 16602 ns, Total: 122250 ns
[2025-03-03T15:46:44.612+0000][7][safepoint   ] Safepoint "Cleanup", Time since last: 1001965892 ns, Reaching safepoint: 23124 ns, Cleanup: 17400 ns, At safepoint: 48480 ns, Total: 89004 ns
[2025-03-03T15:46:45.613+0000][7][safepoint   ] Safepoint "Cleanup", Time since last: 1000798512 ns, Reaching safepoint: 28978 ns, Cleanup: 22890 ns, At safepoint: 13764 ns, Total: 65632 ns
[2025-03-03T15:46:46.615+0000][7][safepoint   ] Safepoint "Cleanup", Time since last: 1001801488 ns, Reaching safepoint: 18817 ns, Cleanup: 29151 ns, At safepoint: 7453 ns, Total: 55421 ns
[2025-03-03T15:46:47.616+0000][7][safepoint   ] Safepoint "Cleanup", Time since last: 1001021018 ns, Reaching safepoint: 19072 ns, Cleanup: 21291 ns, At safepoint: 13138 ns, Total: 53501 ns
[2025-03-03T15:46:48.618+0000][7][safepoint   ] Safepoint "Cleanup", Time since last: 1002290131 ns, Reaching safepoint: 36329 ns, Cleanup: 42777 ns, At safepoint: 53642 ns, Total: 132748 ns
[2025-03-03T15:46:49.623+0000][7][safepoint   ] Safepoint "Cleanup", Time since last: 1004745818 ns, Reaching safepoint: 89689 ns, Cleanup: 83963 ns, At safepoint: 41383 ns, Total: 215035 ns
[2025-03-03T15:46:50.625+0000][7][safepoint   ] Safepoint "Cleanup", Time since last: 1001553458 ns, Reaching safepoint: 24869 ns, Cleanup: 17127 ns, At safepoint: 8616 ns, Total: 50612 ns
[2025-03-03T15:46:53.534+0000][7][safepoint   ] Safepoint "Cleanup", Time since last: 2909314504 ns, Reaching safepoint: 9727 ns, Cleanup: 14142 ns, At safepoint: 4394 ns, Total: 28263 ns
[2025-03-03T15:46:54.536+0000][7][safepoint   ] Safepoint "Cleanup", Time since last: 1001567826 ns, Reaching safepoint: 38204 ns, Cleanup: 13669 ns, At safepoint: 10836 ns, Total: 62709 ns
[2025-03-03T15:46:55.553+0000][7][safepoint   ] Safepoint "Cleanup", Time since last: 1017286996 ns, Reaching safepoint: 31182 ns, Cleanup: 34410 ns, At safepoint: 13448 ns, Total: 79040 ns
[2025-03-03T15:46:59.560+0000][7][safepoint   ] Safepoint "Cleanup", Time since last: 4006509378 ns, Reaching safepoint: 27164 ns, Cleanup: 17212 ns, At safepoint: 9881 ns, Total: 54257 ns
[2025-03-03T15:47:00.562+0000][7][safepoint   ] Safepoint "Cleanup", Time since last: 1001279854 ns, Reaching safepoint: 687902 ns, Cleanup: 67252 ns, At safepoint: 118202 ns, Total: 873356 ns
[2025-03-03T15:47:01.564+0000][7][safepoint   ] Safepoint "Cleanup", Time since last: 1001213618 ns, Reaching safepoint: 94992 ns, Cleanup: 170343 ns, At safepoint: 20167 ns, Total: 285502 ns
[2025-03-03T15:47:03.566+0000][7][safepoint   ] Safepoint "Cleanup", Time since last: 2002441594 ns, Reaching safepoint: 15199 ns, Cleanup: 9540 ns, At safepoint: 7370 ns, Total: 32109 ns
[2025-03-03T15:47:04.568+0000][7][safepoint   ] Safepoint "Cleanup", Time since last: 1001949203 ns, Reaching safepoint: 14734 ns, Cleanup: 6676 ns, At safepoint: 5957 ns, Total: 27367 ns
[2025-03-03T15:47:07.571+0000][7][safepoint   ] Safepoint "Cleanup", Time since last: 3002996862 ns, Reaching safepoint: 19397 ns, Cleanup: 58618 ns, At safepoint: 9236 ns, Total: 87251 ns
[2025-03-03T15:47:10.578+0000][7][safepoint   ] Safepoint "Cleanup", Time since last: 3006831752 ns, Reaching safepoint: 50279 ns, Cleanup: 8456 ns, At safepoint: 38514 ns, Total: 97249 ns
[2025-03-03T15:47:11.579+0000][7][safepoint   ] Safepoint "Cleanup", Time since last: 1000875972 ns, Reaching safepoint: 35214 ns, Cleanup: 29214 ns, At safepoint: 47453 ns, Total: 111881 ns
[2025-03-03T15:47:12.581+0000][7][safepoint   ] Safepoint "Cleanup", Time since last: 1000834273 ns, Reaching safepoint: 1146560 ns, Cleanup: 12300 ns, At safepoint: 66904 ns, Total: 1225764 ns
[2025-03-03T15:47:13.583+0000][7][safepoint   ] Safepoint "Cleanup", Time since last: 1000835040 ns, Reaching safepoint: 1042686 ns, Cleanup: 15777 ns, At safepoint: 194471 ns, Total: 1252934 ns
[2025-03-03T15:47:14.584+0000][7][safepoint   ] Safepoint "Cleanup", Time since last: 1000722808 ns, Reaching safepoint: 36379 ns, Cleanup: 24687 ns, At safepoint: 30380 ns, Total: 91446 ns
[2025-03-03T15:47:15.585+0000][7][safepoint   ] Safepoint "Cleanup", Time since last: 1000946844 ns, Reaching safepoint: 13273 ns, Cleanup: 10077 ns, At safepoint: 7310 ns, Total: 30660 ns
[2025-03-03T15:47:17.587+0000][7][safepoint   ] Safepoint "Cleanup", Time since last: 2002051838 ns, Reaching safepoint: 14559 ns, Cleanup: 7891 ns, At safepoint: 26267 ns, Total: 48717 ns
[2025-03-03T15:47:18.590+0000][7][safepoint   ] Safepoint "Cleanup", Time since last: 1000847138 ns, Reaching safepoint: 11856 ns, Cleanup: 7673 ns, At safepoint: 53494 ns, Total: 73023 ns
[2025-03-03T15:47:19.592+0000][7][safepoint   ] Safepoint "Cleanup", Time since last: 1001020847 ns, Reaching safepoint: 1005717 ns, Cleanup: 15855 ns, At safepoint: 29213 ns, Total: 1050785 ns
[2025-03-03T15:47:21.595+0000][7][safepoint   ] Safepoint "Cleanup", Time since last: 2002009536 ns, Reaching safepoint: 879349 ns, Cleanup: 17679 ns, At safepoint: 37388 ns, Total: 934416 ns
[2025-03-03T15:47:24.598+0000][7][safepoint   ] Safepoint "Cleanup", Time since last: 3002926086 ns, Reaching safepoint: 13657 ns, Cleanup: 16335 ns, At safepoint: 6849 ns, Total: 36841 ns
[2025-03-03T15:47:25.599+0000][7][safepoint   ] Safepoint "Cleanup", Time since last: 1001066085 ns, Reaching safepoint: 38419 ns, Cleanup: 8362 ns, At safepoint: 6116 ns, Total: 52897 ns
[2025-03-03T15:47:26.600+0000][7][safepoint   ] Safepoint "Cleanup", Time since last: 1000899891 ns, Reaching safepoint: 15590 ns, Cleanup: 9838 ns, At safepoint: 41239 ns, Total: 66667 ns
[2025-03-03T15:47:27.602+0000][7][safepoint   ] Safepoint "Cleanup", Time since last: 1001055208 ns, Reaching safepoint: 986300 ns, Cleanup: 7911 ns, At safepoint: 58722 ns, Total: 1052933 ns
[2025-03-03T15:47:28.614+0000][7][safepoint   ] Safepoint "Cleanup", Time since last: 1008169991 ns, Reaching safepoint: 4178250 ns, Cleanup: 20087 ns, At safepoint: 12997 ns, Total: 4211334 ns
[2025-03-03T15:47:30.625+0000][7][safepoint   ] Safepoint "Cleanup", Time since last: 2010328323 ns, Reaching safepoint: 19455 ns, Cleanup: 38815 ns, At safepoint: 17355 ns, Total: 75625 ns
[2025-03-03T15:47:31.626+0000][7][safepoint   ] Safepoint "Cleanup", Time since last: 1001012017 ns, Reaching safepoint: 15604 ns, Cleanup: 44617 ns, At safepoint: 5959 ns, Total: 66180 ns
[2025-03-03T15:47:33.628+0000][7][safepoint   ] Safepoint "Cleanup", Time since last: 2001982621 ns, Reaching safepoint: 13882 ns, Cleanup: 28046 ns, At safepoint: 5687 ns, Total: 47615 ns
[2025-03-03T15:47:35.630+0000][7][safepoint   ] Safepoint "Cleanup", Time since last: 2001888310 ns, Reaching safepoint: 33188 ns, Cleanup: 36891 ns, At safepoint: 5966 ns, Total: 76045 ns
[2025-03-03T15:47:36.631+0000][7][safepoint   ] Safepoint "Cleanup", Time since last: 1000831495 ns, Reaching safepoint: 13245 ns, Cleanup: 8382 ns, At safepoint: 5710 ns, Total: 27337 ns
[2025-03-03T15:47:37.632+0000][7][safepoint   ] Safepoint "Cleanup", Time since last: 1001181857 ns, Reaching safepoint: 12990 ns, Cleanup: 30299 ns, At safepoint: 5146 ns, Total: 48435 ns
[2025-03-03T15:47:39.634+0000][7][safepoint   ] Safepoint "Cleanup", Time since last: 2001754297 ns, Reaching safepoint: 16067 ns, Cleanup: 11077 ns, At safepoint: 6827 ns, Total: 33971 ns
[2025-03-03T15:47:42.637+0000][7][safepoint   ] Safepoint "Cleanup", Time since last: 3002924090 ns, Reaching safepoint: 27361 ns, Cleanup: 34288 ns, At safepoint: 6954 ns, Total: 68603 ns
[2025-03-03T15:47:43.638+0000][7][safepoint   ] Safepoint "Cleanup", Time since last: 1001202223 ns, Reaching safepoint: 36437 ns, Cleanup: 19470 ns, At safepoint: 21511 ns, Total: 77418 ns
[2025-03-03T15:47:45.640+0000][7][safepoint   ] Safepoint "Cleanup", Time since last: 2001853516 ns, Reaching safepoint: 13973 ns, Cleanup: 14021 ns, At safepoint: 5894 ns, Total: 33888 ns
[2025-03-03T15:47:46.641+0000][7][safepoint   ] Safepoint "Cleanup", Time since last: 1001112026 ns, Reaching safepoint: 112469 ns, Cleanup: 14303 ns, At safepoint: 5887 ns, Total: 132659 ns
[2025-03-03T15:47:47.643+0000][7][safepoint   ] Safepoint "Cleanup", Time since last: 1001693933 ns, Reaching safepoint: 17144 ns, Cleanup: 14851 ns, At safepoint: 29956 ns, Total: 61951 ns
[2025-03-03T15:47:48.646+0000][7][safepoint   ] Safepoint "Cleanup", Time since last: 1001102327 ns, Reaching safepoint: 989132 ns, Cleanup: 16232 ns, At safepoint: 150674 ns, Total: 1156038 ns
[2025-03-03T15:47:49.648+0000][7][safepoint   ] Safepoint "Cleanup", Time since last: 1002563248 ns, Reaching safepoint: 16317 ns, Cleanup: 49285 ns, At safepoint: 17654 ns, Total: 83256 ns
[2025-03-03T15:47:50.649+0000][7][safepoint   ] Safepoint "Cleanup", Time since last: 1000865220 ns, Reaching safepoint: 13348 ns, Cleanup: 7694 ns, At safepoint: 6839 ns, Total: 27881 ns
[2025-03-03T15:47:51.650+0000][7][safepoint   ] Safepoint "Cleanup", Time since last: 1000969739 ns, Reaching safepoint: 13783 ns, Cleanup: 12271 ns, At safepoint: 6337 ns, Total: 32391 ns
[2025-03-03T15:47:55.540+0000][7][safepoint   ] Safepoint "Cleanup", Time since last: 3889982351 ns, Reaching safepoint: 32383 ns, Cleanup: 19082 ns, At safepoint: 32530 ns, Total: 83995 ns
[2025-03-03T15:47:56.541+0000][7][safepoint   ] Safepoint "Cleanup", Time since last: 1000987019 ns, Reaching safepoint: 20725 ns, Cleanup: 44417 ns, At safepoint: 10163 ns, Total: 75305 ns
[2025-03-03T15:47:57.542+0000][7][safepoint   ] Safepoint "Cleanup", Time since last: 1000968569 ns, Reaching safepoint: 16742 ns, Cleanup: 28249 ns, At safepoint: 7300 ns, Total: 52291 ns
[2025-03-03T15:48:01.546+0000][7][safepoint   ] Safepoint "Cleanup", Time since last: 4004015225 ns, Reaching safepoint: 23580 ns, Cleanup: 29250 ns, At safepoint: 12790 ns, Total: 65620 ns
[2025-03-03T15:48:04.550+0000][7][safepoint   ] Safepoint "Cleanup", Time since last: 3004031335 ns, Reaching safepoint: 30349 ns, Cleanup: 24435 ns, At safepoint: 17704 ns, Total: 72488 ns
[2025-03-03T15:48:07.554+0000][7][safepoint   ] Safepoint "Cleanup", Time since last: 3003696805 ns, Reaching safepoint: 15472 ns, Cleanup: 18205 ns, At safepoint: 6940 ns, Total: 40617 ns
[2025-03-03T15:48:08.555+0000][7][safepoint   ] Safepoint "Cleanup", Time since last: 1001114614 ns, Reaching safepoint: 31910 ns, Cleanup: 33481 ns, At safepoint: 7045 ns, Total: 72436 ns
[2025-03-03T15:48:09.556+0000][7][safepoint   ] Safepoint "Cleanup", Time since last: 1000835056 ns, Reaching safepoint: 20635 ns, Cleanup: 14099 ns, At safepoint: 9381 ns, Total: 44115 ns
[2025-03-03T15:48:10.557+0000][7][safepoint   ] Safepoint "Cleanup", Time since last: 1000939383 ns, Reaching safepoint: 18618 ns, Cleanup: 13915 ns, At safepoint: 10638 ns, Total: 43171 ns
[2025-03-03T15:48:11.558+0000][7][safepoint   ] Safepoint "Cleanup", Time since last: 1001014908 ns, Reaching safepoint: 43965 ns, Cleanup: 14292 ns, At safepoint: 10069 ns, Total: 68326 ns
[2025-03-03T15:48:12.559+0000][7][safepoint   ] Safepoint "Cleanup", Time since last: 1000876123 ns, Reaching safepoint: 19440 ns, Cleanup: 29380 ns, At safepoint: 17506 ns, Total: 66326 ns
[2025-03-03T15:48:13.560+0000][7][safepoint   ] Safepoint "Cleanup", Time since last: 1001063232 ns, Reaching safepoint: 15582 ns, Cleanup: 17287 ns, At safepoint: 7135 ns, Total: 40004 ns
[2025-03-03T15:48:14.562+0000][7][safepoint   ] Safepoint "Cleanup", Time since last: 1001877767 ns, Reaching safepoint: 16957 ns, Cleanup: 13290 ns, At safepoint: 8670 ns, Total: 38917 ns
[2025-03-03T15:48:17.565+0000][7][safepoint   ] Safepoint "Cleanup", Time since last: 3002805996 ns, Reaching safepoint: 14973 ns, Cleanup: 11133 ns, At safepoint: 7098 ns, Total: 33204 ns
[2025-03-03T15:48:19.568+0000][7][safepoint   ] Safepoint "Cleanup", Time since last: 2001966999 ns, Reaching safepoint: 19196 ns, Cleanup: 32837 ns, At safepoint: 6862 ns, Total: 58895 ns
[2025-03-03T15:48:20.569+0000][7][safepoint   ] Safepoint "Cleanup", Time since last: 1001157568 ns, Reaching safepoint: 34595 ns, Cleanup: 55661 ns, At safepoint: 5919 ns, Total: 96175 ns
[2025-03-03T15:48:21.570+0000][7][safepoint   ] Safepoint "Cleanup", Time since last: 1000846797 ns, Reaching safepoint: 15016 ns, Cleanup: 11309 ns, At safepoint: 6603 ns, Total: 32928 ns
[2025-03-03T15:48:25.574+0000][7][safepoint   ] Safepoint "Cleanup", Time since last: 4004013708 ns, Reaching safepoint: 18047 ns, Cleanup: 33095 ns, At safepoint: 7993 ns, Total: 59135 ns
[2025-03-03T15:48:26.576+0000][7][safepoint   ] Safepoint "Cleanup", Time since last: 1001825138 ns, Reaching safepoint: 47125 ns, Cleanup: 16000 ns, At safepoint: 17113 ns, Total: 80238 ns
[2025-03-03T15:48:28.577+0000][7][safepoint   ] Safepoint "Cleanup", Time since last: 2001101324 ns, Reaching safepoint: 28979 ns, Cleanup: 15543 ns, At safepoint: 6282 ns, Total: 50804 ns
[2025-03-03T15:48:31.580+0000][7][safepoint   ] Safepoint "Cleanup", Time since last: 3002908590 ns, Reaching safepoint: 24410 ns, Cleanup: 41734 ns, At safepoint: 14247 ns, Total: 80391 ns
[2025-03-03T15:48:33.583+0000][7][safepoint   ] Safepoint "Cleanup", Time since last: 2002850553 ns, Reaching safepoint: 14800 ns, Cleanup: 37482 ns, At safepoint: 32609 ns, Total: 84891 ns
[2025-03-03T15:48:34.584+0000][7][safepoint   ] Safepoint "Cleanup", Time since last: 1000845870 ns, Reaching safepoint: 35298 ns, Cleanup: 15842 ns, At safepoint: 9662 ns, Total: 60802 ns
[2025-03-03T15:48:36.586+0000][7][safepoint   ] Safepoint "Cleanup", Time since last: 2001991562 ns, Reaching safepoint: 17519 ns, Cleanup: 11005 ns, At safepoint: 112170 ns, Total: 140694 ns
[2025-03-03T15:48:37.587+0000][7][safepoint   ] Safepoint "Cleanup", Time since last: 1000869761 ns, Reaching safepoint: 17339 ns, Cleanup: 30147 ns, At safepoint: 7722 ns, Total: 55208 ns
[2025-03-03T15:48:39.588+0000][7][safepoint   ] Safepoint "Cleanup", Time since last: 2000888683 ns, Reaching safepoint: 19258 ns, Cleanup: 27965 ns, At safepoint: 17691 ns, Total: 64914 ns
[2025-03-03T15:48:40.590+0000][7][safepoint   ] Safepoint "Cleanup", Time since last: 1001858545 ns, Reaching safepoint: 17835 ns, Cleanup: 35645 ns, At safepoint: 7892 ns, Total: 61372 ns
[2025-03-03T15:48:42.593+0000][7][safepoint   ] Safepoint "Cleanup", Time since last: 2001983031 ns, Reaching safepoint: 985731 ns, Cleanup: 6585 ns, At safepoint: 39040 ns, Total: 1031356 ns
[2025-03-03T15:48:43.594+0000][7][safepoint   ] Safepoint "Cleanup", Time since last: 1001034299 ns, Reaching safepoint: 15426 ns, Cleanup: 16667 ns, At safepoint: 6406 ns, Total: 38499 ns
[2025-03-03T15:48:45.596+0000][7][safepoint   ] Safepoint "Cleanup", Time since last: 2001901412 ns, Reaching safepoint: 31780 ns, Cleanup: 9621 ns, At safepoint: 27741 ns, Total: 69142 ns
[2025-03-03T15:48:48.600+0000][7][safepoint   ] Safepoint "Cleanup", Time since last: 3003104270 ns, Reaching safepoint: 18514 ns, Cleanup: 36830 ns, At safepoint: 7973 ns, Total: 63317 ns
[2025-03-03T15:48:49.601+0000][7][safepoint   ] Safepoint "Cleanup", Time since last: 1000726768 ns, Reaching safepoint: 18968 ns, Cleanup: 57787 ns, At safepoint: 7553 ns, Total: 84308 ns
[2025-03-03T15:48:51.604+0000][7][safepoint   ] Safepoint "Cleanup", Time since last: 2002046962 ns, Reaching safepoint: 996401 ns, Cleanup: 18357 ns, At safepoint: 61775 ns, Total: 1076533 ns
[2025-03-03T15:48:52.606+0000][7][safepoint   ] Safepoint "Cleanup", Time since last: 1001858248 ns, Reaching safepoint: 22439 ns, Cleanup: 23714 ns, At safepoint: 10808 ns, Total: 56961 ns
[2025-03-03T15:48:53.607+0000][7][safepoint   ] Safepoint "Cleanup", Time since last: 1000978090 ns, Reaching safepoint: 17002 ns, Cleanup: 28155 ns, At safepoint: 21002 ns, Total: 66159 ns
[2025-03-03T15:48:54.780+0000][7][safepoint   ] Safepoint "Cleanup", Time since last: 1172883717 ns, Reaching safepoint: 17116 ns, Cleanup: 19350 ns, At safepoint: 7179 ns, Total: 43645 ns
[2025-03-03T15:48:55.781+0000][7][safepoint   ] Safepoint "Cleanup", Time since last: 1001049388 ns, Reaching safepoint: 18596 ns, Cleanup: 15965 ns, At safepoint: 41934 ns, Total: 76495 ns
[2025-03-03T15:48:57.783+0000][7][safepoint   ] Safepoint "Cleanup", Time since last: 2002047896 ns, Reaching safepoint: 49706 ns, Cleanup: 15337 ns, At safepoint: 8780 ns, Total: 73823 ns
[2025-03-03T15:48:58.784+0000][7][safepoint   ] Safepoint "Cleanup", Time since last: 1000813363 ns, Reaching safepoint: 17163 ns, Cleanup: 14131 ns, At safepoint: 7023 ns, Total: 38317 ns
[2025-03-03T15:48:59.785+0000][7][safepoint   ] Safepoint "Cleanup", Time since last: 1000856074 ns, Reaching safepoint: 22589 ns, Cleanup: 14414 ns, At safepoint: 10906 ns, Total: 47909 ns
[2025-03-03T15:49:00.786+0000][7][safepoint   ] Safepoint "Cleanup", Time since last: 1000929401 ns, Reaching safepoint: 24809 ns, Cleanup: 14413 ns, At safepoint: 9087 ns, Total: 48309 ns
[2025-03-03T15:49:01.787+0000][7][safepoint   ] Safepoint "Cleanup", Time since last: 1001038666 ns, Reaching safepoint: 16823 ns, Cleanup: 16517 ns, At safepoint: 6901 ns, Total: 40241 ns
[2025-03-03T15:49:03.789+0000][7][safepoint   ] Safepoint "Cleanup", Time since last: 2001909032 ns, Reaching safepoint: 18361 ns, Cleanup: 15028 ns, At safepoint: 31832 ns, Total: 65221 ns
[2025-03-03T15:49:06.792+0000][7][safepoint   ] Safepoint "Cleanup", Time since last: 3003004075 ns, Reaching safepoint: 15036 ns, Cleanup: 47188 ns, At safepoint: 8427 ns, Total: 70651 ns
[2025-03-03T15:49:07.793+0000][7][safepoint   ] Safepoint "Cleanup", Time since last: 1001004713 ns, Reaching safepoint: 16873 ns, Cleanup: 15603 ns, At safepoint: 20573 ns, Total: 53049 ns
[2025-03-03T15:49:09.795+0000][7][safepoint   ] Safepoint "Cleanup", Time since last: 2001852099 ns, Reaching safepoint: 29154 ns, Cleanup: 10651 ns, At safepoint: 5974 ns, Total: 45779 ns
[2025-03-03T15:49:12.798+0000][7][safepoint   ] Safepoint "Cleanup", Time since last: 3002908426 ns, Reaching safepoint: 35185 ns, Cleanup: 22700 ns, At safepoint: 8148 ns, Total: 66033 ns
[2025-03-03T15:49:13.800+0000][7][safepoint   ] Safepoint "Cleanup", Time since last: 1001959682 ns, Reaching safepoint: 58599 ns, Cleanup: 32909 ns, At safepoint: 21926 ns, Total: 113434 ns
[2025-03-03T15:49:15.802+0000][7][safepoint   ] Safepoint "Cleanup", Time since last: 2001907679 ns, Reaching safepoint: 15372 ns, Cleanup: 11185 ns, At safepoint: 6334 ns, Total: 32891 ns
[2025-03-03T15:49:18.812+0000][7][safepoint   ] Safepoint "Cleanup", Time since last: 3010981344 ns, Reaching safepoint: 14899 ns, Cleanup: 17101 ns, At safepoint: 7092 ns, Total: 39092 ns
[2025-03-03T15:49:19.813+0000][7][safepoint   ] Safepoint "Cleanup", Time since last: 1000875706 ns, Reaching safepoint: 16818 ns, Cleanup: 19679 ns, At safepoint: 7042 ns, Total: 43539 ns
[2025-03-03T15:49:20.817+0000][7][safepoint   ] Safepoint "Cleanup", Time since last: 1004042535 ns, Reaching safepoint: 14004 ns, Cleanup: 9576 ns, At safepoint: 5442 ns, Total: 29022 ns
[2025-03-03T15:49:21.822+0000][7][safepoint   ] Safepoint "Cleanup", Time since last: 1004050277 ns, Reaching safepoint: 22337 ns, Cleanup: 24582 ns, At safepoint: 11147 ns, Total: 58066 ns
[2025-03-03T15:49:24.824+0000][7][safepoint   ] Safepoint "Cleanup", Time since last: 3002867501 ns, Reaching safepoint: 15748 ns, Cleanup: 8962 ns, At safepoint: 5857 ns, Total: 30567 ns
[2025-03-03T15:49:25.826+0000][7][safepoint   ] Safepoint "Cleanup", Time since last: 1000982976 ns, Reaching safepoint: 57389 ns, Cleanup: 27764 ns, At safepoint: 5692 ns, Total: 90845 ns
[2025-03-03T15:49:27.829+0000][7][safepoint   ] Safepoint "Cleanup", Time since last: 2003099722 ns, Reaching safepoint: 26049 ns, Cleanup: 15557 ns, At safepoint: 7748 ns, Total: 49354 ns
[2025-03-03T15:49:30.832+0000][7][safepoint   ] Safepoint "Cleanup", Time since last: 3003660672 ns, Reaching safepoint: 17245 ns, Cleanup: 17720 ns, At safepoint: 7437 ns, Total: 42402 ns
[2025-03-03T15:49:31.833+0000][7][safepoint   ] Safepoint "Cleanup", Time since last: 1001050954 ns, Reaching safepoint: 16251 ns, Cleanup: 29109 ns, At safepoint: 6440 ns, Total: 51800 ns
[2025-03-03T15:49:32.834+0000][7][safepoint   ] Safepoint "Cleanup", Time since last: 1000790846 ns, Reaching safepoint: 14944 ns, Cleanup: 13781 ns, At safepoint: 4905 ns, Total: 33630 ns
[2025-03-03T15:49:34.604+0000][7][safepoint   ] Safepoint "Cleanup", Time since last: 1770043931 ns, Reaching safepoint: 12647 ns, Cleanup: 15295 ns, At safepoint: 5772 ns, Total: 33714 ns
[2025-03-03T15:49:36.606+0000][7][safepoint   ] Safepoint "Cleanup", Time since last: 2001900013 ns, Reaching safepoint: 39649 ns, Cleanup: 16364 ns, At safepoint: 36427 ns, Total: 92440 ns
[2025-03-03T15:49:37.892+0000][7][safepoint   ] Safepoint "Cleanup", Time since last: 1285002246 ns, Reaching safepoint: 29316 ns, Cleanup: 95971 ns, At safepoint: 59563 ns, Total: 184850 ns
[2025-03-03T15:49:41.896+0000][7][safepoint   ] Safepoint "Cleanup", Time since last: 4003944804 ns, Reaching safepoint: 18055 ns, Cleanup: 11558 ns, At safepoint: 6580 ns, Total: 36193 ns
[2025-03-03T15:49:42.897+0000][7][safepoint   ] Safepoint "Cleanup", Time since last: 1000868971 ns, Reaching safepoint: 16405 ns, Cleanup: 33328 ns, At safepoint: 22686 ns, Total: 72419 ns
[2025-03-03T15:49:44.899+0000][7][safepoint   ] Safepoint "Cleanup", Time since last: 2002050573 ns, Reaching safepoint: 38985 ns, Cleanup: 12377 ns, At safepoint: 7114 ns, Total: 58476 ns
[2025-03-03T15:49:46.900+0000][7][safepoint   ] Safepoint "Cleanup", Time since last: 2001809216 ns, Reaching safepoint: 15309 ns, Cleanup: 11675 ns, At safepoint: 5450 ns, Total: 32434 ns
[2025-03-03T15:49:49.905+0000][7][safepoint   ] Safepoint "Cleanup", Time since last: 3002822141 ns, Reaching safepoint: 16337 ns, Cleanup: 10412 ns, At safepoint: 7422 ns, Total: 34171 ns
[2025-03-03T15:49:53.909+0000][7][safepoint   ] Safepoint "Cleanup", Time since last: 4004080891 ns, Reaching safepoint: 14968 ns, Cleanup: 10919 ns, At safepoint: 6907 ns, Total: 32794 ns
[2025-03-03T15:49:55.020+0000][7][safepoint   ] Safepoint "Cleanup", Time since last: 1110892007 ns, Reaching safepoint: 11805 ns, Cleanup: 16012 ns, At safepoint: 6468 ns, Total: 34285 ns
[2025-03-03T15:49:59.024+0000][7][safepoint   ] Safepoint "Cleanup", Time since last: 4003994607 ns, Reaching safepoint: 27000 ns, Cleanup: 21125 ns, At safepoint: 14910 ns, Total: 63035 ns
[2025-03-03T15:50:01.026+0000][7][safepoint   ] Safepoint "Cleanup", Time since last: 2001966728 ns, Reaching safepoint: 13840 ns, Cleanup: 21570 ns, At safepoint: 6395 ns, Total: 41805 ns
[2025-03-03T15:50:07.032+0000][7][safepoint   ] Safepoint "Cleanup", Time since last: 6006017195 ns, Reaching safepoint: 26848 ns, Cleanup: 15364 ns, At safepoint: 8462 ns, Total: 50674 ns
[2025-03-03T15:50:15.040+0000][7][safepoint   ] Safepoint "Cleanup", Time since last: 8007934631 ns, Reaching safepoint: 42618 ns, Cleanup: 10843 ns, At safepoint: 20642 ns, Total: 74103 ns
[2025-03-03T15:50:18.047+0000][7][safepoint   ] Safepoint "Cleanup", Time since last: 3007000186 ns, Reaching safepoint: 20477 ns, Cleanup: 11982 ns, At safepoint: 7021 ns, Total: 39480 ns
[2025-03-03T15:50:19.049+0000][7][safepoint   ] Safepoint "Cleanup", Time since last: 1000998035 ns, Reaching safepoint: 22522 ns, Cleanup: 20250 ns, At safepoint: 8184 ns, Total: 50956 ns
[2025-03-03T15:50:20.050+0000][7][safepoint   ] Safepoint "Cleanup", Time since last: 1000881603 ns, Reaching safepoint: 17625 ns, Cleanup: 10394 ns, At safepoint: 6315 ns, Total: 34334 ns
[2025-03-03T15:50:21.051+0000][7][safepoint   ] Safepoint "Cleanup", Time since last: 1000976764 ns, Reaching safepoint: 42600 ns, Cleanup: 18089 ns, At safepoint: 15284 ns, Total: 75973 ns
[2025-03-03T15:50:25.058+0000][7][safepoint   ] Safepoint "Cleanup", Time since last: 4006907803 ns, Reaching safepoint: 19481 ns, Cleanup: 23371 ns, At safepoint: 8118 ns, Total: 50970 ns
[2025-03-03T15:50:26.059+0000][7][safepoint   ] Safepoint "Cleanup", Time since last: 1000823604 ns, Reaching safepoint: 16936 ns, Cleanup: 50880 ns, At safepoint: 34516 ns, Total: 102332 ns
[2025-03-03T15:50:31.064+0000][7][safepoint   ] Safepoint "Cleanup", Time since last: 5004971011 ns, Reaching safepoint: 53538 ns, Cleanup: 24329 ns, At safepoint: 16546 ns, Total: 94413 ns
[2025-03-03T15:50:31.676+0000][7][gc,start    ] GC(13) Pause Young (Normal) (G1 Evacuation Pause)
[2025-03-03T15:50:31.676+0000][7][gc,task     ] GC(13) Using 13 workers of 13 for evacuation
[2025-03-03T15:50:31.677+0000][7][gc,age      ] GC(13) Desired survivor size 69206016 bytes, new threshold 2 (max threshold 15)
[2025-03-03T15:50:31.703+0000][7][gc,phases   ] GC(13)   Pre Evacuate Collection Set: 1.32ms
[2025-03-03T15:50:31.703+0000][7][gc,phases   ] GC(13)   Merge Heap Roots: 0.37ms
[2025-03-03T15:50:31.703+0000][7][gc,phases   ] GC(13)   Evacuate Collection Set: 20.52ms
[2025-03-03T15:50:31.704+0000][7][gc,phases   ] GC(13)   Post Evacuate Collection Set: 4.01ms
[2025-03-03T15:50:31.704+0000][7][gc,phases   ] GC(13)   Other: 0.41ms
[2025-03-03T15:50:31.704+0000][7][gc,age      ] GC(13) Age table with threshold 2 (max threshold 15)
[2025-03-03T15:50:31.704+0000][7][gc,age      ] GC(13) - age   1:    2685208 bytes,    2685208 total
[2025-03-03T15:50:31.704+0000][7][gc,age      ] GC(13) - age   2:   64558168 bytes,   67243376 total
[2025-03-03T15:50:31.704+0000][7][gc,heap     ] GC(13) Eden regions: 238->0(264)
[2025-03-03T15:50:31.704+0000][7][gc,heap     ] GC(13) Survivor regions: 20->18(33)
[2025-03-03T15:50:31.705+0000][7][gc,heap     ] GC(13) Old regions: 12->15
[2025-03-03T15:50:31.705+0000][7][gc,heap     ] GC(13) Humongous regions: 2->2
[2025-03-03T15:50:31.705+0000][7][gc,metaspace] GC(13) Metaspace: 106227K(109056K)->106227K(109056K) NonClass: 91444K(93056K)->91444K(93056K) Class: 14782K(16000K)->14782K(16000K)
[2025-03-03T15:50:31.705+0000][7][gc          ] GC(13) Pause Young (Normal) (G1 Evacuation Pause) 1085M->137M(2048M) 28.665ms
[2025-03-03T15:50:31.705+0000][7][gc,cpu      ] GC(13) User=0.28s Sys=0.00s Real=0.03s
[2025-03-03T15:50:31.705+0000][7][safepoint   ] Safepoint "G1CollectForAllocation", Time since last: 612352407 ns, Reaching safepoint: 17197 ns, Cleanup: 10459 ns, At safepoint: 29100003 ns, Total: 29127659 ns
[2025-03-03T15:50:33.708+0000][7][safepoint   ] Safepoint "Cleanup", Time since last: 2002459617 ns, Reaching safepoint: 19125 ns, Cleanup: 9348 ns, At safepoint: 6225 ns, Total: 34698 ns
[2025-03-03T15:50:34.709+0000][7][safepoint   ] Safepoint "Cleanup", Time since last: 1000961830 ns, Reaching safepoint: 22570 ns, Cleanup: 15043 ns, At safepoint: 8779 ns, Total: 46392 ns
[2025-03-03T15:50:36.727+0000][7][safepoint   ] Safepoint "Cleanup", Time since last: 2001784149 ns, Reaching safepoint: 16269629 ns, Cleanup: 26358 ns, At safepoint: 127983 ns, Total: 16423970 ns
[2025-03-03T15:50:37.734+0000][7][safepoint   ] Safepoint "Cleanup", Time since last: 1007107955 ns, Reaching safepoint: 39870 ns, Cleanup: 130420 ns, At safepoint: 13859 ns, Total: 184149 ns
[2025-03-03T15:50:38.736+0000][7][safepoint   ] Safepoint "Cleanup", Time since last: 1001340602 ns, Reaching safepoint: 16629 ns, Cleanup: 13188 ns, At safepoint: 7976 ns, Total: 37793 ns
[2025-03-03T15:50:39.737+0000][7][safepoint   ] Safepoint "Cleanup", Time since last: 1000965941 ns, Reaching safepoint: 17789 ns, Cleanup: 12174 ns, At safepoint: 8426 ns, Total: 38389 ns
[2025-03-03T15:50:41.739+0000][7][safepoint   ] Safepoint "Cleanup", Time since last: 2001895368 ns, Reaching safepoint: 23178 ns, Cleanup: 13960 ns, At safepoint: 29810 ns, Total: 66948 ns
[2025-03-03T15:50:42.740+0000][7][safepoint   ] Safepoint "Cleanup", Time since last: 1001029778 ns, Reaching safepoint: 19646 ns, Cleanup: 14655 ns, At safepoint: 7192 ns, Total: 41493 ns
[2025-03-03T15:50:43.741+0000][7][safepoint   ] Safepoint "Cleanup", Time since last: 1001018376 ns, Reaching safepoint: 14191 ns, Cleanup: 15150 ns, At safepoint: 4813 ns, Total: 34154 ns
[2025-03-03T15:50:44.742+0000][7][safepoint   ] Safepoint "Cleanup", Time since last: 1000871414 ns, Reaching safepoint: 17303 ns, Cleanup: 13215 ns, At safepoint: 6580 ns, Total: 37098 ns
[2025-03-03T15:50:48.747+0000][7][safepoint   ] Safepoint "Cleanup", Time since last: 4004099448 ns, Reaching safepoint: 16675 ns, Cleanup: 12060 ns, At safepoint: 6005 ns, Total: 34740 ns
[2025-03-03T15:50:49.748+0000][7][safepoint   ] Safepoint "Cleanup", Time since last: 1000939026 ns, Reaching safepoint: 28119 ns, Cleanup: 19503 ns, At safepoint: 4983 ns, Total: 52605 ns
[2025-03-03T15:50:53.751+0000][7][safepoint   ] Safepoint "Cleanup", Time since last: 4003785150 ns, Reaching safepoint: 15258 ns, Cleanup: 8740 ns, At safepoint: 5385 ns, Total: 29383 ns
[2025-03-03T15:50:55.273+0000][7][safepoint   ] Safepoint "Cleanup", Time since last: 1521158361 ns, Reaching safepoint: 16146 ns, Cleanup: 10561 ns, At safepoint: 52195 ns, Total: 78902 ns
[2025-03-03T15:50:58.275+0000][7][safepoint   ] Safepoint "Cleanup", Time since last: 3002789061 ns, Reaching safepoint: 18208 ns, Cleanup: 15052 ns, At safepoint: 7799 ns, Total: 41059 ns
[2025-03-03T15:51:01.280+0000][7][safepoint   ] Safepoint "Cleanup", Time since last: 3004978473 ns, Reaching safepoint: 20164 ns, Cleanup: 16231 ns, At safepoint: 7750 ns, Total: 44145 ns
[2025-03-03T15:51:05.285+0000][7][safepoint   ] Safepoint "Cleanup", Time since last: 4004093215 ns, Reaching safepoint: 42840 ns, Cleanup: 24757 ns, At safepoint: 14898 ns, Total: 82495 ns
[2025-03-03T15:51:07.287+0000][7][safepoint   ] Safepoint "Cleanup", Time since last: 2001953736 ns, Reaching safepoint: 19816 ns, Cleanup: 15650 ns, At safepoint: 7936 ns, Total: 43402 ns
[2025-03-03T15:51:08.288+0000][7][safepoint   ] Safepoint "Cleanup", Time since last: 1000886549 ns, Reaching safepoint: 14093 ns, Cleanup: 10516 ns, At safepoint: 5813 ns, Total: 30422 ns
[2025-03-03T15:51:11.291+0000][7][safepoint   ] Safepoint "Cleanup", Time since last: 3003067389 ns, Reaching safepoint: 31512 ns, Cleanup: 6286 ns, At safepoint: 5719 ns, Total: 43517 ns
[2025-03-03T15:51:13.292+0000][7][safepoint   ] Safepoint "Cleanup", Time since last: 2001752096 ns, Reaching safepoint: 20671 ns, Cleanup: 34180 ns, At safepoint: 7738 ns, Total: 62589 ns
[2025-03-03T15:51:16.295+0000][7][safepoint   ] Safepoint "Cleanup", Time since last: 3002893890 ns, Reaching safepoint: 18571 ns, Cleanup: 14570 ns, At safepoint: 6483 ns, Total: 39624 ns
[2025-03-03T15:51:17.297+0000][7][safepoint   ] Safepoint "Cleanup", Time since last: 1001105742 ns, Reaching safepoint: 78851 ns, Cleanup: 16710 ns, At safepoint: 16924 ns, Total: 112485 ns
[2025-03-03T15:51:19.301+0000][7][safepoint   ] Safepoint "Cleanup", Time since last: 2003590854 ns, Reaching safepoint: 35196 ns, Cleanup: 34128 ns, At safepoint: 493444 ns, Total: 562768 ns
[2025-03-03T15:51:20.304+0000][7][safepoint   ] Safepoint "Cleanup", Time since last: 1001670451 ns, Reaching safepoint: 1034309 ns, Cleanup: 23046 ns, At safepoint: 54062 ns, Total: 1111417 ns
[2025-03-03T15:51:21.306+0000][7][safepoint   ] Safepoint "Cleanup", Time since last: 1000830330 ns, Reaching safepoint: 977594 ns, Cleanup: 10551 ns, At safepoint: 37444 ns, Total: 1025589 ns
[2025-03-03T15:51:22.307+0000][7][safepoint   ] Safepoint "Cleanup", Time since last: 1001194410 ns, Reaching safepoint: 47176 ns, Cleanup: 13404 ns, At safepoint: 42539 ns, Total: 103119 ns
[2025-03-03T15:51:25.310+0000][7][safepoint   ] Safepoint "Cleanup", Time since last: 3002629029 ns, Reaching safepoint: 20400 ns, Cleanup: 19218 ns, At safepoint: 32736 ns, Total: 72354 ns
[2025-03-03T15:51:28.313+0000][7][safepoint   ] Safepoint "Cleanup", Time since last: 3002982244 ns, Reaching safepoint: 24395 ns, Cleanup: 10666 ns, At safepoint: 31722 ns, Total: 66783 ns
[2025-03-03T15:51:29.315+0000][7][safepoint   ] Safepoint "Cleanup", Time since last: 1001068486 ns, Reaching safepoint: 928644 ns, Cleanup: 25446 ns, At safepoint: 50404 ns, Total: 1004494 ns
[2025-03-03T15:51:31.318+0000][7][safepoint   ] Safepoint "Cleanup", Time since last: 2002011569 ns, Reaching safepoint: 930328 ns, Cleanup: 12491 ns, At safepoint: 59734 ns, Total: 1002553 ns
[2025-03-03T15:51:32.319+0000][7][safepoint   ] Safepoint "Cleanup", Time since last: 1001070488 ns, Reaching safepoint: 14908 ns, Cleanup: 16043 ns, At safepoint: 6455 ns, Total: 37406 ns
[2025-03-03T15:51:34.322+0000][7][safepoint   ] Safepoint "Cleanup", Time since last: 2001954204 ns, Reaching safepoint: 914321 ns, Cleanup: 55702 ns, At safepoint: 223141 ns, Total: 1193164 ns
[2025-03-03T15:51:37.326+0000][7][safepoint   ] Safepoint "Cleanup", Time since last: 3002644710 ns, Reaching safepoint: 1026176 ns, Cleanup: 32795 ns, At safepoint: 65958 ns, Total: 1124929 ns
[2025-03-03T15:51:43.332+0000][7][safepoint   ] Safepoint "Cleanup", Time since last: 6005790943 ns, Reaching safepoint: 25492 ns, Cleanup: 15225 ns, At safepoint: 34108 ns, Total: 74825 ns
[2025-03-03T15:51:49.343+0000][7][safepoint   ] Safepoint "Cleanup", Time since last: 6010106878 ns, Reaching safepoint: 27197 ns, Cleanup: 20655 ns, At safepoint: 11940 ns, Total: 59792 ns
[2025-03-03T15:51:55.279+0000][7][safepoint   ] Safepoint "Cleanup", Time since last: 5935927991 ns, Reaching safepoint: 15576 ns, Cleanup: 13973 ns, At safepoint: 6160 ns, Total: 35709 ns
[2025-03-03T15:51:58.283+0000][7][safepoint   ] Safepoint "Cleanup", Time since last: 3004010950 ns, Reaching safepoint: 19239 ns, Cleanup: 11707 ns, At safepoint: 7938 ns, Total: 38884 ns
[2025-03-03T15:52:01.286+0000][7][safepoint   ] Safepoint "Cleanup", Time since last: 3002897994 ns, Reaching safepoint: 36036 ns, Cleanup: 21941 ns, At safepoint: 11261 ns, Total: 69238 ns
[2025-03-03T15:52:02.287+0000][7][safepoint   ] Safepoint "Cleanup", Time since last: 1000755378 ns, Reaching safepoint: 17976 ns, Cleanup: 20470 ns, At safepoint: 7375 ns, Total: 45821 ns
[2025-03-03T15:52:07.292+0000][7][safepoint   ] Safepoint "Cleanup", Time since last: 5004984718 ns, Reaching safepoint: 23843 ns, Cleanup: 19515 ns, At safepoint: 12411 ns, Total: 55769 ns
[2025-03-03T15:52:08.293+0000][7][safepoint   ] Safepoint "Cleanup", Time since last: 1001456504 ns, Reaching safepoint: 59377 ns, Cleanup: 35518 ns, At safepoint: 13455 ns, Total: 108350 ns
[2025-03-03T15:52:13.299+0000][7][safepoint   ] Safepoint "Cleanup", Time since last: 5005564598 ns, Reaching safepoint: 31548 ns, Cleanup: 21619 ns, At safepoint: 8546 ns, Total: 61713 ns
[2025-03-03T15:52:14.301+0000][7][safepoint   ] Safepoint "Cleanup", Time since last: 1001890394 ns, Reaching safepoint: 18626 ns, Cleanup: 11458 ns, At safepoint: 30032 ns, Total: 60116 ns
[2025-03-03T15:52:15.302+0000][7][safepoint   ] Safepoint "Cleanup", Time since last: 1000975094 ns, Reaching safepoint: 19298 ns, Cleanup: 19883 ns, At safepoint: 9508 ns, Total: 48689 ns
[2025-03-03T15:52:16.303+0000][7][safepoint   ] Safepoint "Cleanup", Time since last: 1000757658 ns, Reaching safepoint: 32066 ns, Cleanup: 10695 ns, At safepoint: 6022 ns, Total: 48783 ns
[2025-03-03T15:52:17.304+0000][7][safepoint   ] Safepoint "Cleanup", Time since last: 1001087318 ns, Reaching safepoint: 21000 ns, Cleanup: 10905 ns, At safepoint: 6967 ns, Total: 38872 ns
[2025-03-03T15:52:19.303+0000][7][safepoint   ] Safepoint "Cleanup", Time since last: 2001923477 ns, Reaching safepoint: 22774 ns, Cleanup: 22315 ns, At safepoint: 11937 ns, Total: 57026 ns
[2025-03-03T15:52:20.305+0000][7][safepoint   ] Safepoint "Cleanup", Time since last: 1001080410 ns, Reaching safepoint: 27361 ns, Cleanup: 20159 ns, At safepoint: 10732 ns, Total: 58252 ns
[2025-03-03T15:52:24.308+0000][7][safepoint   ] Safepoint "Cleanup", Time since last: 4003729034 ns, Reaching safepoint: 19307 ns, Cleanup: 11822 ns, At safepoint: 8380 ns, Total: 39509 ns
[2025-03-03T15:52:25.309+0000][7][safepoint   ] Safepoint "Cleanup", Time since last: 1000946204 ns, Reaching safepoint: 34302 ns, Cleanup: 10800 ns, At safepoint: 6577 ns, Total: 51679 ns
[2025-03-03T15:52:31.316+0000][7][safepoint   ] Safepoint "Cleanup", Time since last: 6006132265 ns, Reaching safepoint: 17513 ns, Cleanup: 53779 ns, At safepoint: 7746 ns, Total: 79038 ns
[2025-03-03T15:52:32.318+0000][7][safepoint   ] Safepoint "Cleanup", Time since last: 1001883892 ns, Reaching safepoint: 44979 ns, Cleanup: 15056 ns, At safepoint: 9993 ns, Total: 70028 ns
[2025-03-03T15:52:34.320+0000][7][safepoint   ] Safepoint "Cleanup", Time since last: 2001959980 ns, Reaching safepoint: 64856 ns, Cleanup: 39712 ns, At safepoint: 8627 ns, Total: 113195 ns
[2025-03-03T15:52:35.321+0000][7][safepoint   ] Safepoint "Cleanup", Time since last: 1000993683 ns, Reaching safepoint: 24531 ns, Cleanup: 11251 ns, At safepoint: 8264 ns, Total: 44046 ns
[2025-03-03T15:52:37.323+0000][7][safepoint   ] Safepoint "Cleanup", Time since last: 2001820275 ns, Reaching safepoint: 15211 ns, Cleanup: 12897 ns, At safepoint: 6005 ns, Total: 34113 ns
[2025-03-03T15:52:38.324+0000][7][safepoint   ] Safepoint "Cleanup", Time since last: 1001017126 ns, Reaching safepoint: 15216 ns, Cleanup: 9430 ns, At safepoint: 5450 ns, Total: 30096 ns
[2025-03-03T15:52:49.332+0000][7][safepoint   ] Safepoint "Cleanup", Time since last: 11009996995 ns, Reaching safepoint: 19073 ns, Cleanup: 13188 ns, At safepoint: 7357 ns, Total: 39618 ns
[2025-03-03T15:52:52.337+0000][7][safepoint   ] Safepoint "Cleanup", Time since last: 3004919049 ns, Reaching safepoint: 25049 ns, Cleanup: 11513 ns, At safepoint: 7505 ns, Total: 44067 ns
[2025-03-03T15:52:55.516+0000][7][safepoint   ] Safepoint "Cleanup", Time since last: 3178989808 ns, Reaching safepoint: 18694 ns, Cleanup: 19916 ns, At safepoint: 6629 ns, Total: 45239 ns
[2025-03-03T15:52:58.518+0000][7][safepoint   ] Safepoint "Cleanup", Time since last: 3002724701 ns, Reaching safepoint: 18347 ns, Cleanup: 14209 ns, At safepoint: 6481 ns, Total: 39037 ns
[2025-03-03T15:52:59.519+0000][7][safepoint   ] Safepoint "Cleanup", Time since last: 1000982769 ns, Reaching safepoint: 15375 ns, Cleanup: 9584 ns, At safepoint: 5795 ns, Total: 30754 ns
[2025-03-03T15:53:01.521+0000][7][safepoint   ] Safepoint "Cleanup", Time since last: 2001926753 ns, Reaching safepoint: 23542 ns, Cleanup: 31066 ns, At safepoint: 7347 ns, Total: 61955 ns
[2025-03-03T15:53:04.525+0000][7][safepoint   ] Safepoint "Cleanup", Time since last: 3003069817 ns, Reaching safepoint: 46488 ns, Cleanup: 13888 ns, At safepoint: 8855 ns, Total: 69231 ns
[2025-03-03T15:53:05.525+0000][7][safepoint   ] Safepoint "Cleanup", Time since last: 1000921869 ns, Reaching safepoint: 20096 ns, Cleanup: 11982 ns, At safepoint: 6952 ns, Total: 39030 ns
[2025-03-03T15:53:07.527+0000][7][safepoint   ] Safepoint "Cleanup", Time since last: 2001953020 ns, Reaching safepoint: 22343 ns, Cleanup: 13166 ns, At safepoint: 8742 ns, Total: 44251 ns
[2025-03-03T15:53:08.529+0000][7][safepoint   ] Safepoint "Cleanup", Time since last: 1001189120 ns, Reaching safepoint: 28181 ns, Cleanup: 33615 ns, At safepoint: 33057 ns, Total: 94853 ns
[2025-03-03T15:53:13.535+0000][7][safepoint   ] Safepoint "Cleanup", Time since last: 5005699684 ns, Reaching safepoint: 18531 ns, Cleanup: 11350 ns, At safepoint: 6910 ns, Total: 36791 ns
[2025-03-03T15:53:14.535+0000][7][safepoint   ] Safepoint "Cleanup", Time since last: 1000814984 ns, Reaching safepoint: 16571 ns, Cleanup: 9509 ns, At safepoint: 6151 ns, Total: 32231 ns
[2025-03-03T15:53:19.541+0000][7][safepoint   ] Safepoint "Cleanup", Time since last: 5005080219 ns, Reaching safepoint: 19417 ns, Cleanup: 20006 ns, At safepoint: 7215 ns, Total: 46638 ns
[2025-03-03T15:53:20.542+0000][7][safepoint   ] Safepoint "Cleanup", Time since last: 1001058505 ns, Reaching safepoint: 23079 ns, Cleanup: 18197 ns, At safepoint: 8738 ns, Total: 50014 ns
[2025-03-03T15:53:24.546+0000][7][safepoint   ] Safepoint "Cleanup", Time since last: 4003900375 ns, Reaching safepoint: 20643 ns, Cleanup: 11251 ns, At safepoint: 27115 ns, Total: 59009 ns
[2025-03-03T15:53:25.547+0000][7][safepoint   ] Safepoint "Cleanup", Time since last: 1000948967 ns, Reaching safepoint: 25553 ns, Cleanup: 17578 ns, At safepoint: 7350 ns, Total: 50481 ns
[2025-03-03T15:53:30.552+0000][7][safepoint   ] Safepoint "Cleanup", Time since last: 5004826376 ns, Reaching safepoint: 27409 ns, Cleanup: 18745 ns, At safepoint: 9809 ns, Total: 55963 ns
[2025-03-03T15:53:31.554+0000][7][safepoint   ] Safepoint "Cleanup", Time since last: 1001937397 ns, Reaching safepoint: 20430 ns, Cleanup: 17759 ns, At safepoint: 8104 ns, Total: 46293 ns
[2025-03-03T15:53:37.564+0000][7][safepoint   ] Safepoint "Cleanup", Time since last: 6009958822 ns, Reaching safepoint: 26225 ns, Cleanup: 16268 ns, At safepoint: 11012 ns, Total: 53505 ns
[2025-03-03T15:53:43.570+0000][7][safepoint   ] Safepoint "Cleanup", Time since last: 6006048883 ns, Reaching safepoint: 28126 ns, Cleanup: 34895 ns, At safepoint: 12801 ns, Total: 75822 ns
[2025-03-03T15:53:57.767+0000][7][safepoint   ] Safepoint "Cleanup", Time since last: 14196847287 ns, Reaching safepoint: 20634 ns, Cleanup: 13788 ns, At safepoint: 10547 ns, Total: 44969 ns
[2025-03-03T15:54:02.772+0000][7][safepoint   ] Safepoint "Cleanup", Time since last: 5005026578 ns, Reaching safepoint: 15276 ns, Cleanup: 9387 ns, At safepoint: 5824 ns, Total: 30487 ns
[2025-03-03T15:54:06.775+0000][7][safepoint   ] Safepoint "Cleanup", Time since last: 4002953842 ns, Reaching safepoint: 32543 ns, Cleanup: 14706 ns, At safepoint: 32819 ns, Total: 80068 ns
[2025-03-03T15:54:07.776+0000][7][safepoint   ] Safepoint "Cleanup", Time since last: 1000884787 ns, Reaching safepoint: 20154 ns, Cleanup: 12863 ns, At safepoint: 8059 ns, Total: 41076 ns
[2025-03-03T15:54:08.777+0000][7][safepoint   ] Safepoint "Cleanup", Time since last: 1001063851 ns, Reaching safepoint: 21631 ns, Cleanup: 38085 ns, At safepoint: 7539 ns, Total: 67255 ns
[2025-03-03T15:54:12.781+0000][7][safepoint   ] Safepoint "Cleanup", Time since last: 4003798750 ns, Reaching safepoint: 18165 ns, Cleanup: 13307 ns, At safepoint: 7090 ns, Total: 38562 ns
[2025-03-03T15:54:13.782+0000][7][safepoint   ] Safepoint "Cleanup", Time since last: 1001015207 ns, Reaching safepoint: 25349 ns, Cleanup: 14841 ns, At safepoint: 9572 ns, Total: 49762 ns
[2025-03-03T15:54:18.788+0000][7][safepoint   ] Safepoint "Cleanup", Time since last: 5005053791 ns, Reaching safepoint: 154717 ns, Cleanup: 46426 ns, At safepoint: 31305 ns, Total: 232448 ns
[2025-03-03T15:54:19.790+0000][7][safepoint   ] Safepoint "Cleanup", Time since last: 1001792146 ns, Reaching safepoint: 29429 ns, Cleanup: 17520 ns, At safepoint: 11512 ns, Total: 58461 ns
[2025-03-03T15:54:20.791+0000][7][safepoint   ] Safepoint "Cleanup", Time since last: 1000826158 ns, Reaching safepoint: 18821 ns, Cleanup: 11541 ns, At safepoint: 7625 ns, Total: 37987 ns
[2025-03-03T15:54:22.793+0000][7][safepoint   ] Safepoint "Cleanup", Time since last: 2001883060 ns, Reaching safepoint: 18830 ns, Cleanup: 12690 ns, At safepoint: 7721 ns, Total: 39241 ns
[2025-03-03T15:54:23.794+0000][7][safepoint   ] Safepoint "Cleanup", Time since last: 1001283332 ns, Reaching safepoint: 63455 ns, Cleanup: 33066 ns, At safepoint: 23856 ns, Total: 120377 ns
[2025-03-03T15:54:36.808+0000][7][safepoint   ] Safepoint "Cleanup", Time since last: 13013638822 ns, Reaching safepoint: 44587 ns, Cleanup: 33173 ns, At safepoint: 19917 ns, Total: 97677 ns
[2025-03-03T15:54:37.809+0000][7][safepoint   ] Safepoint "Cleanup", Time since last: 1000813671 ns, Reaching safepoint: 21249 ns, Cleanup: 18496 ns, At safepoint: 8489 ns, Total: 48234 ns
[2025-03-03T15:54:42.814+0000][7][safepoint   ] Safepoint "Cleanup", Time since last: 5005014663 ns, Reaching safepoint: 83071 ns, Cleanup: 185821 ns, At safepoint: 79704 ns, Total: 348596 ns
[2025-03-03T15:54:43.815+0000][7][safepoint   ] Safepoint "Cleanup", Time since last: 1000722189 ns, Reaching safepoint: 19251 ns, Cleanup: 18181 ns, At safepoint: 8715 ns, Total: 46147 ns
[2025-03-03T15:54:56.005+0000][7][safepoint   ] Safepoint "Cleanup", Time since last: 12189101090 ns, Reaching safepoint: 50435 ns, Cleanup: 24185 ns, At safepoint: 20830 ns, Total: 95450 ns
[2025-03-03T15:54:57.008+0000][7][safepoint   ] Safepoint "Cleanup", Time since last: 1002906999 ns, Reaching safepoint: 67193 ns, Cleanup: 36095 ns, At safepoint: 19755 ns, Total: 123043 ns
[2025-03-03T15:55:01.012+0000][7][safepoint   ] Safepoint "Cleanup", Time since last: 4003843022 ns, Reaching safepoint: 26258 ns, Cleanup: 15673 ns, At safepoint: 79478 ns, Total: 121409 ns
[2025-03-03T15:55:02.013+0000][7][safepoint   ] Safepoint "Cleanup", Time since last: 1000695551 ns, Reaching safepoint: 21189 ns, Cleanup: 12019 ns, At safepoint: 10592 ns, Total: 43800 ns
[2025-03-03T15:55:03.014+0000][7][safepoint   ] Safepoint "Cleanup", Time since last: 1000910271 ns, Reaching safepoint: 22412 ns, Cleanup: 140884 ns, At safepoint: 31058 ns, Total: 194354 ns
[2025-03-03T15:55:04.015+0000][7][safepoint   ] Safepoint "Cleanup", Time since last: 1001200720 ns, Reaching safepoint: 33155 ns, Cleanup: 17906 ns, At safepoint: 10163 ns, Total: 61224 ns
[2025-03-03T15:55:07.019+0000][7][safepoint   ] Safepoint "Cleanup", Time since last: 3003673493 ns, Reaching safepoint: 69632 ns, Cleanup: 16778 ns, At safepoint: 7822 ns, Total: 94232 ns
[2025-03-03T15:55:10.022+0000][7][safepoint   ] Safepoint "Cleanup", Time since last: 3002912808 ns, Reaching safepoint: 19555 ns, Cleanup: 10773 ns, At safepoint: 6753 ns, Total: 37081 ns
[2025-03-03T15:55:13.025+0000][7][safepoint   ] Safepoint "Cleanup", Time since last: 3002822375 ns, Reaching safepoint: 20832 ns, Cleanup: 18059 ns, At safepoint: 7637 ns, Total: 46528 ns
[2025-03-03T15:55:19.032+0000][7][safepoint   ] Safepoint "Cleanup", Time since last: 6006609028 ns, Reaching safepoint: 28250 ns, Cleanup: 14703 ns, At safepoint: 11539 ns, Total: 54492 ns
[2025-03-03T15:55:20.044+0000][7][safepoint   ] Safepoint "Cleanup", Time since last: 1011426602 ns, Reaching safepoint: 22273 ns, Cleanup: 19730 ns, At safepoint: 14156 ns, Total: 56159 ns
[2025-03-03T15:55:22.055+0000][7][safepoint   ] Safepoint "Cleanup", Time since last: 2010646090 ns, Reaching safepoint: 251876 ns, Cleanup: 85857 ns, At safepoint: 98297 ns, Total: 436030 ns
[2025-03-03T15:55:25.058+0000][7][safepoint   ] Safepoint "Cleanup", Time since last: 3002753085 ns, Reaching safepoint: 18915 ns, Cleanup: 15940 ns, At safepoint: 6810 ns, Total: 41665 ns
[2025-03-03T15:55:29.062+0000][7][safepoint   ] Safepoint "Cleanup", Time since last: 4004056425 ns, Reaching safepoint: 20909 ns, Cleanup: 12813 ns, At safepoint: 7877 ns, Total: 41599 ns
[2025-03-03T15:55:31.064+0000][7][safepoint   ] Safepoint "Cleanup", Time since last: 2001936200 ns, Reaching safepoint: 20106 ns, Cleanup: 14807 ns, At safepoint: 7905 ns, Total: 42818 ns
[2025-03-03T15:55:32.065+0000][7][safepoint   ] Safepoint "Cleanup", Time since last: 1001306711 ns, Reaching safepoint: 62863 ns, Cleanup: 35406 ns, At safepoint: 20576 ns, Total: 118845 ns
[2025-03-03T15:55:34.074+0000][7][safepoint   ] Safepoint "Cleanup", Time since last: 2008410457 ns, Reaching safepoint: 23970 ns, Cleanup: 33921 ns, At safepoint: 8477 ns, Total: 66368 ns
[2025-03-03T15:55:42.082+0000][7][safepoint   ] Safepoint "Cleanup", Time since last: 8008092180 ns, Reaching safepoint: 63989 ns, Cleanup: 15972 ns, At safepoint: 8246 ns, Total: 88207 ns
[2025-03-03T15:55:43.083+0000][7][safepoint   ] Safepoint "Cleanup", Time since last: 1000924189 ns, Reaching safepoint: 128832 ns, Cleanup: 39513 ns, At safepoint: 54607 ns, Total: 222952 ns
[2025-03-03T15:55:44.085+0000][7][safepoint   ] Safepoint "Cleanup", Time since last: 1001680937 ns, Reaching safepoint: 18714 ns, Cleanup: 18338 ns, At safepoint: 7175 ns, Total: 44227 ns
[2025-03-03T15:55:45.086+0000][7][safepoint   ] Safepoint "Cleanup", Time since last: 1001437540 ns, Reaching safepoint: 113875 ns, Cleanup: 54718 ns, At safepoint: 19570 ns, Total: 188163 ns
[2025-03-03T15:55:46.088+0000][7][safepoint   ] Safepoint "Cleanup", Time since last: 1001585362 ns, Reaching safepoint: 17969 ns, Cleanup: 12010 ns, At safepoint: 7069 ns, Total: 37048 ns
[2025-03-03T15:55:47.089+0000][7][safepoint   ] Safepoint "Cleanup", Time since last: 1000826623 ns, Reaching safepoint: 29679 ns, Cleanup: 14743 ns, At safepoint: 10556 ns, Total: 54978 ns
[2025-03-03T15:55:48.090+0000][7][safepoint   ] Safepoint "Cleanup", Time since last: 1000726181 ns, Reaching safepoint: 41081 ns, Cleanup: 13636 ns, At safepoint: 16890 ns, Total: 71607 ns
[2025-03-03T15:55:52.094+0000][7][safepoint   ] Safepoint "Cleanup", Time since last: 4004086506 ns, Reaching safepoint: 19829 ns, Cleanup: 11252 ns, At safepoint: 9226 ns, Total: 40307 ns
[2025-03-03T15:55:55.098+0000][7][safepoint   ] Safepoint "Cleanup", Time since last: 3003932285 ns, Reaching safepoint: 22761 ns, Cleanup: 11453 ns, At safepoint: 6798 ns, Total: 41012 ns
[2025-03-03T15:56:01.258+0000][7][safepoint   ] Safepoint "Cleanup", Time since last: 6160084379 ns, Reaching safepoint: 21604 ns, Cleanup: 13067 ns, At safepoint: 8646 ns, Total: 43317 ns
[2025-03-03T15:56:02.260+0000][7][safepoint   ] Safepoint "Cleanup", Time since last: 1001954808 ns, Reaching safepoint: 325014 ns, Cleanup: 40534 ns, At safepoint: 63309 ns, Total: 428857 ns
[2025-03-03T15:56:07.266+0000][7][safepoint   ] Safepoint "Cleanup", Time since last: 5005420026 ns, Reaching safepoint: 47695 ns, Cleanup: 13238 ns, At safepoint: 8242 ns, Total: 69175 ns
[2025-03-03T15:56:08.267+0000][7][safepoint   ] Safepoint "Cleanup", Time since last: 1000944854 ns, Reaching safepoint: 21174 ns, Cleanup: 17821 ns, At safepoint: 9426 ns, Total: 48421 ns
[2025-03-03T15:56:09.268+0000][7][safepoint   ] Safepoint "Cleanup", Time since last: 1001015016 ns, Reaching safepoint: 35557 ns, Cleanup: 18098 ns, At safepoint: 12172 ns, Total: 65827 ns
[2025-03-03T15:56:13.272+0000][7][safepoint   ] Safepoint "Cleanup", Time since last: 4004034926 ns, Reaching safepoint: 52770 ns, Cleanup: 13927 ns, At safepoint: 11121 ns, Total: 77818 ns
[2025-03-03T15:56:24.281+0000][7][safepoint   ] Safepoint "Cleanup", Time since last: 11010711196 ns, Reaching safepoint: 20311 ns, Cleanup: 11857 ns, At safepoint: 8185 ns, Total: 40353 ns
[2025-03-03T15:56:25.283+0000][7][safepoint   ] Safepoint "Cleanup", Time since last: 1001994064 ns, Reaching safepoint: 22048 ns, Cleanup: 12111 ns, At safepoint: 7626 ns, Total: 41785 ns
[2025-03-03T15:56:28.286+0000][7][safepoint   ] Safepoint "Cleanup", Time since last: 3003019708 ns, Reaching safepoint: 21513 ns, Cleanup: 14782 ns, At safepoint: 10922 ns, Total: 47217 ns
[2025-03-03T15:56:31.289+0000][7][safepoint   ] Safepoint "Cleanup", Time since last: 3002890080 ns, Reaching safepoint: 30045 ns, Cleanup: 25703 ns, At safepoint: 12008 ns, Total: 67756 ns
[2025-03-03T15:56:37.295+0000][7][safepoint   ] Safepoint "Cleanup", Time since last: 6005957432 ns, Reaching safepoint: 22636 ns, Cleanup: 34896 ns, At safepoint: 7438 ns, Total: 64970 ns
[2025-03-03T15:56:38.296+0000][7][safepoint   ] Safepoint "Cleanup", Time since last: 1000857297 ns, Reaching safepoint: 56397 ns, Cleanup: 19595 ns, At safepoint: 13107 ns, Total: 89099 ns
[2025-03-03T15:56:43.301+0000][7][safepoint   ] Safepoint "Cleanup", Time since last: 5005029160 ns, Reaching safepoint: 31324 ns, Cleanup: 62747 ns, At safepoint: 57600 ns, Total: 151671 ns
[2025-03-03T15:56:43.315+0000][7][gc,start    ] GC(14) Pause Young (Normal) (G1 Evacuation Pause)
[2025-03-03T15:56:43.316+0000][7][gc,task     ] GC(14) Using 13 workers of 13 for evacuation
[2025-03-03T15:56:43.317+0000][7][gc,age      ] GC(14) Desired survivor size 73400320 bytes, new threshold 15 (max threshold 15)
[2025-03-03T15:56:43.349+0000][7][gc,phases   ] GC(14)   Pre Evacuate Collection Set: 1.41ms
[2025-03-03T15:56:43.350+0000][7][gc,phases   ] GC(14)   Merge Heap Roots: 0.85ms
[2025-03-03T15:56:43.350+0000][7][gc,phases   ] GC(14)   Evacuate Collection Set: 23.43ms
[2025-03-03T15:56:43.350+0000][7][gc,phases   ] GC(14)   Post Evacuate Collection Set: 6.40ms
[2025-03-03T15:56:43.351+0000][7][gc,phases   ] GC(14)   Other: 0.99ms
[2025-03-03T15:56:43.351+0000][7][gc,age      ] GC(14) Age table with threshold 15 (max threshold 15)
[2025-03-03T15:56:43.351+0000][7][gc,age      ] GC(14) - age   1:    1392640 bytes,    1392640 total
[2025-03-03T15:56:43.352+0000][7][gc,age      ] GC(14) - age   2:    1529888 bytes,    2922528 total
[2025-03-03T15:56:43.352+0000][7][gc,age      ] GC(14) - age   3:   64521520 bytes,   67444048 total
[2025-03-03T15:56:43.352+0000][7][gc,heap     ] GC(14) Eden regions: 260->0(289)
[2025-03-03T15:56:43.352+0000][7][gc,heap     ] GC(14) Survivor regions: 18->18(35)
[2025-03-03T15:56:43.353+0000][7][gc,heap     ] GC(14) Old regions: 15->15
[2025-03-03T15:56:43.353+0000][7][gc,heap     ] GC(14) Humongous regions: 2->2
[2025-03-03T15:56:43.353+0000][7][gc,metaspace] GC(14) Metaspace: 107334K(110208K)->107334K(110208K) NonClass: 92504K(94144K)->92504K(94144K) Class: 14829K(16064K)->14829K(16064K)
[2025-03-03T15:56:43.354+0000][7][gc          ] GC(14) Pause Young (Normal) (G1 Evacuation Pause) 1177M->136M(2048M) 38.172ms
[2025-03-03T15:56:43.355+0000][7][gc,cpu      ] GC(14) User=0.31s Sys=0.03s Real=0.04s
[2025-03-03T15:56:43.355+0000][7][safepoint   ] Safepoint "G1CollectForAllocation", Time since last: 14071644 ns, Reaching safepoint: 61154 ns, Cleanup: 14674 ns, At safepoint: 40099973 ns, Total: 40175801 ns
[2025-03-03T15:56:49.363+0000][7][safepoint   ] Safepoint "Cleanup", Time since last: 6006578212 ns, Reaching safepoint: 25443 ns, Cleanup: 13843 ns, At safepoint: 7872 ns, Total: 47158 ns
[2025-03-03T15:56:55.369+0000][7][safepoint   ] Safepoint "Cleanup", Time since last: 6005834810 ns, Reaching safepoint: 22644 ns, Cleanup: 14506 ns, At safepoint: 5930 ns, Total: 43080 ns
[2025-03-03T15:56:56.494+0000][7][safepoint   ] Safepoint "Cleanup", Time since last: 1125031056 ns, Reaching safepoint: 18141 ns, Cleanup: 14350 ns, At safepoint: 6805 ns, Total: 39296 ns
[2025-03-03T15:57:01.499+0000][7][safepoint   ] Safepoint "Cleanup", Time since last: 5005122502 ns, Reaching safepoint: 28856 ns, Cleanup: 26932 ns, At safepoint: 10482 ns, Total: 66270 ns
[2025-03-03T15:57:13.512+0000][7][safepoint   ] Safepoint "Cleanup", Time since last: 12012864177 ns, Reaching safepoint: 80218 ns, Cleanup: 15369 ns, At safepoint: 8972 ns, Total: 104559 ns
[2025-03-03T15:57:14.514+0000][7][safepoint   ] Safepoint "Cleanup", Time since last: 1001774768 ns, Reaching safepoint: 23127 ns, Cleanup: 16989 ns, At safepoint: 10336 ns, Total: 50452 ns
[2025-03-03T15:57:15.515+0000][7][safepoint   ] Safepoint "Cleanup", Time since last: 1000993497 ns, Reaching safepoint: 87780 ns, Cleanup: 15335 ns, At safepoint: 17492 ns, Total: 120607 ns
[2025-03-03T15:57:16.516+0000][7][safepoint   ] Safepoint "Cleanup", Time since last: 1000822738 ns, Reaching safepoint: 26077 ns, Cleanup: 20009 ns, At safepoint: 8468 ns, Total: 54554 ns
[2025-03-03T15:57:19.520+0000][7][safepoint   ] Safepoint "Cleanup", Time since last: 3003622055 ns, Reaching safepoint: 186413 ns, Cleanup: 53035 ns, At safepoint: 147900 ns, Total: 387348 ns
[2025-03-03T15:57:20.522+0000][7][safepoint   ] Safepoint "Cleanup", Time since last: 1001049511 ns, Reaching safepoint: 65504 ns, Cleanup: 38322 ns, At safepoint: 10941 ns, Total: 114767 ns
[2025-03-03T15:57:25.526+0000][7][safepoint   ] Safepoint "Cleanup", Time since last: 5004824365 ns, Reaching safepoint: 29150 ns, Cleanup: 17700 ns, At safepoint: 12136 ns, Total: 58986 ns
[2025-03-03T15:57:26.528+0000][7][safepoint   ] Safepoint "Cleanup", Time since last: 1001089405 ns, Reaching safepoint: 19667 ns, Cleanup: 12321 ns, At safepoint: 7131 ns, Total: 39119 ns
[2025-03-03T15:57:34.535+0000][7][safepoint   ] Safepoint "Cleanup", Time since last: 8007748485 ns, Reaching safepoint: 18964 ns, Cleanup: 23441 ns, At safepoint: 7139 ns, Total: 49544 ns
[2025-03-03T15:57:37.539+0000][7][safepoint   ] Safepoint "Cleanup", Time since last: 3003047343 ns, Reaching safepoint: 17838 ns, Cleanup: 13556 ns, At safepoint: 7297 ns, Total: 38691 ns
[2025-03-03T15:57:38.540+0000][7][safepoint   ] Safepoint "Cleanup", Time since last: 1000995923 ns, Reaching safepoint: 46066 ns, Cleanup: 11846 ns, At safepoint: 7768 ns, Total: 65680 ns
[2025-03-03T15:57:44.545+0000][7][safepoint   ] Safepoint "Cleanup", Time since last: 6005775610 ns, Reaching safepoint: 45963 ns, Cleanup: 12596 ns, At safepoint: 7618 ns, Total: 66177 ns
[2025-03-03T15:57:46.560+0000][7][safepoint   ] Safepoint "Cleanup", Time since last: 2015044696 ns, Reaching safepoint: 20743 ns, Cleanup: 14505 ns, At safepoint: 8474 ns, Total: 43722 ns
[2025-03-03T15:57:49.564+0000][7][safepoint   ] Safepoint "Cleanup", Time since last: 3003103202 ns, Reaching safepoint: 27537 ns, Cleanup: 22051 ns, At safepoint: 12641 ns, Total: 62229 ns
[2025-03-03T15:57:50.565+0000][7][safepoint   ] Safepoint "Cleanup", Time since last: 1000786416 ns, Reaching safepoint: 49250 ns, Cleanup: 32045 ns, At safepoint: 14776 ns, Total: 96071 ns
[2025-03-03T15:57:51.568+0000][7][safepoint   ] Safepoint "Cleanup", Time since last: 1002959662 ns, Reaching safepoint: 27004 ns, Cleanup: 13319 ns, At safepoint: 42366 ns, Total: 82689 ns
[2025-03-03T15:57:55.502+0000][7][safepoint   ] Safepoint "Cleanup", Time since last: 3934066679 ns, Reaching safepoint: 5883 ns, Cleanup: 11663 ns, At safepoint: 3681 ns, Total: 21227 ns
[2025-03-03T15:57:56.503+0000][7][safepoint   ] Safepoint "Cleanup", Time since last: 1000861296 ns, Reaching safepoint: 19083 ns, Cleanup: 11770 ns, At safepoint: 7596 ns, Total: 38449 ns
[2025-03-03T15:58:01.508+0000][7][safepoint   ] Safepoint "Cleanup", Time since last: 5004947421 ns, Reaching safepoint: 19901 ns, Cleanup: 13047 ns, At safepoint: 7462 ns, Total: 40410 ns
[2025-03-03T15:58:13.520+0000][7][safepoint   ] Safepoint "Cleanup", Time since last: 12011865732 ns, Reaching safepoint: 41047 ns, Cleanup: 17796 ns, At safepoint: 10054 ns, Total: 68897 ns
[2025-03-03T15:58:14.521+0000][7][safepoint   ] Safepoint "Cleanup", Time since last: 1001025561 ns, Reaching safepoint: 29458 ns, Cleanup: 20903 ns, At safepoint: 12301 ns, Total: 62662 ns
[2025-03-03T15:58:15.522+0000][7][safepoint   ] Safepoint "Cleanup", Time since last: 1000881861 ns, Reaching safepoint: 19402 ns, Cleanup: 9886 ns, At safepoint: 7161 ns, Total: 36449 ns
[2025-03-03T15:58:16.523+0000][7][safepoint   ] Safepoint "Cleanup", Time since last: 1000822967 ns, Reaching safepoint: 20239 ns, Cleanup: 30444 ns, At safepoint: 17960 ns, Total: 68643 ns
[2025-03-03T15:58:19.527+0000][7][safepoint   ] Safepoint "Cleanup", Time since last: 3002993517 ns, Reaching safepoint: 21969 ns, Cleanup: 12256 ns, At safepoint: 9230 ns, Total: 43455 ns
[2025-03-03T15:58:22.530+0000][7][safepoint   ] Safepoint "Cleanup", Time since last: 3002904273 ns, Reaching safepoint: 19536 ns, Cleanup: 10541 ns, At safepoint: 7180 ns, Total: 37257 ns
[2025-03-03T15:58:26.534+0000][7][safepoint   ] Safepoint "Cleanup", Time since last: 4004158080 ns, Reaching safepoint: 35661 ns, Cleanup: 17237 ns, At safepoint: 8110 ns, Total: 61008 ns
[2025-03-03T15:58:28.536+0000][7][safepoint   ] Safepoint "Cleanup", Time since last: 2002061318 ns, Reaching safepoint: 45974 ns, Cleanup: 25645 ns, At safepoint: 16436 ns, Total: 88055 ns
[2025-03-03T15:58:30.539+0000][7][safepoint   ] Safepoint "Cleanup", Time since last: 2002620289 ns, Reaching safepoint: 19340 ns, Cleanup: 10910 ns, At safepoint: 7304 ns, Total: 37554 ns
[2025-03-03T15:58:31.540+0000][7][safepoint   ] Safepoint "Cleanup", Time since last: 1001047138 ns, Reaching safepoint: 18389 ns, Cleanup: 15757 ns, At safepoint: 7917 ns, Total: 42063 ns
[2025-03-03T15:58:34.543+0000][7][safepoint   ] Safepoint "Cleanup", Time since last: 3003085733 ns, Reaching safepoint: 49340 ns, Cleanup: 92975 ns, At safepoint: 17941 ns, Total: 160256 ns
[2025-03-03T15:58:42.553+0000][7][safepoint   ] Safepoint "Cleanup", Time since last: 8009703835 ns, Reaching safepoint: 32345 ns, Cleanup: 26417 ns, At safepoint: 10510 ns, Total: 69272 ns
[2025-03-03T15:58:43.554+0000][7][safepoint   ] Safepoint "Cleanup", Time since last: 1001070421 ns, Reaching safepoint: 29726 ns, Cleanup: 33526 ns, At safepoint: 12972 ns, Total: 76224 ns
[2025-03-03T15:58:50.562+0000][7][safepoint   ] Safepoint "Cleanup", Time since last: 7006838117 ns, Reaching safepoint: 28124 ns, Cleanup: 14756 ns, At safepoint: 8749 ns, Total: 51629 ns
[2025-03-03T15:58:55.567+0000][7][safepoint   ] Safepoint "Cleanup", Time since last: 5005170493 ns, Reaching safepoint: 50822 ns, Cleanup: 42025 ns, At safepoint: 21413 ns, Total: 114260 ns
[2025-03-03T15:59:01.756+0000][7][safepoint   ] Safepoint "Cleanup", Time since last: 6188555296 ns, Reaching safepoint: 18990 ns, Cleanup: 13385 ns, At safepoint: 8296 ns, Total: 40671 ns
[2025-03-03T15:59:07.763+0000][7][safepoint   ] Safepoint "Cleanup", Time since last: 6006947201 ns, Reaching safepoint: 22090 ns, Cleanup: 20042 ns, At safepoint: 7952 ns, Total: 50084 ns
[2025-03-03T15:59:08.765+0000][7][safepoint   ] Safepoint "Cleanup", Time since last: 1002075341 ns, Reaching safepoint: 20438 ns, Cleanup: 11779 ns, At safepoint: 6921 ns, Total: 39138 ns
[2025-03-03T15:59:13.770+0000][7][safepoint   ] Safepoint "Cleanup", Time since last: 5004950955 ns, Reaching safepoint: 15851 ns, Cleanup: 7730 ns, At safepoint: 6286 ns, Total: 29867 ns
[2025-03-03T15:59:18.775+0000][7][safepoint   ] Safepoint "Cleanup", Time since last: 5004876999 ns, Reaching safepoint: 21296 ns, Cleanup: 12288 ns, At safepoint: 8277 ns, Total: 41861 ns
[2025-03-03T15:59:19.776+0000][7][safepoint   ] Safepoint "Cleanup", Time since last: 1000915435 ns, Reaching safepoint: 18725 ns, Cleanup: 11444 ns, At safepoint: 9147 ns, Total: 39316 ns
[2025-03-03T15:59:26.783+0000][7][safepoint   ] Safepoint "Cleanup", Time since last: 7006943086 ns, Reaching safepoint: 19124 ns, Cleanup: 66000 ns, At safepoint: 19598 ns, Total: 104722 ns
[2025-03-03T15:59:37.794+0000][7][safepoint   ] Safepoint "Cleanup", Time since last: 11011106809 ns, Reaching safepoint: 20429 ns, Cleanup: 12839 ns, At safepoint: 8189 ns, Total: 41457 ns
[2025-03-03T15:59:43.801+0000][7][safepoint   ] Safepoint "Cleanup", Time since last: 6006826131 ns, Reaching safepoint: 67466 ns, Cleanup: 13435 ns, At safepoint: 27308 ns, Total: 108209 ns
[2025-03-03T15:59:45.804+0000][7][safepoint   ] Safepoint "Cleanup", Time since last: 2002878890 ns, Reaching safepoint: 21619 ns, Cleanup: 11308 ns, At safepoint: 7805 ns, Total: 40732 ns
[2025-03-03T15:59:49.808+0000][7][safepoint   ] Safepoint "Cleanup", Time since last: 4003031023 ns, Reaching safepoint: 36071 ns, Cleanup: 24045 ns, At safepoint: 21093 ns, Total: 81209 ns
[2025-03-03T15:59:55.990+0000][7][safepoint   ] Safepoint "Cleanup", Time since last: 6182242160 ns, Reaching safepoint: 6972 ns, Cleanup: 20853 ns, At safepoint: 4706 ns, Total: 32531 ns
[2025-03-03T16:00:01.998+0000][7][safepoint   ] Safepoint "Cleanup", Time since last: 6006631732 ns, Reaching safepoint: 1082699 ns, Cleanup: 32029 ns, At safepoint: 119190 ns, Total: 1233918 ns
[2025-03-03T16:00:10.007+0000][7][safepoint   ] Safepoint "Cleanup", Time since last: 8008660073 ns, Reaching safepoint: 19417 ns, Cleanup: 11611 ns, At safepoint: 7027 ns, Total: 38055 ns
[2025-03-03T16:00:13.010+0000][7][safepoint   ] Safepoint "Cleanup", Time since last: 3002962419 ns, Reaching safepoint: 36931 ns, Cleanup: 27623 ns, At safepoint: 15122 ns, Total: 79676 ns
[2025-03-03T16:00:14.011+0000][7][safepoint   ] Safepoint "Cleanup", Time since last: 1001003312 ns, Reaching safepoint: 20888 ns, Cleanup: 16429 ns, At safepoint: 7425 ns, Total: 44742 ns
[2025-03-03T16:00:22.020+0000][7][safepoint   ] Safepoint "Cleanup", Time since last: 8008111189 ns, Reaching safepoint: 42455 ns, Cleanup: 25665 ns, At safepoint: 14403 ns, Total: 82523 ns
[2025-03-03T16:00:25.026+0000][7][safepoint   ] Safepoint "Cleanup", Time since last: 3005655467 ns, Reaching safepoint: 25386 ns, Cleanup: 17106 ns, At safepoint: 46212 ns, Total: 88704 ns
[2025-03-03T16:00:42.043+0000][7][safepoint   ] Safepoint "Cleanup", Time since last: 17017598264 ns, Reaching safepoint: 73020 ns, Cleanup: 59918 ns, At safepoint: 60395 ns, Total: 193333 ns
[2025-03-03T16:00:50.053+0000][7][safepoint   ] Safepoint "Cleanup", Time since last: 8008181754 ns, Reaching safepoint: 28739 ns, Cleanup: 19728 ns, At safepoint: 8121 ns, Total: 56588 ns
[2025-03-03T16:00:56.996+0000][7][safepoint   ] Safepoint "Cleanup", Time since last: 6943863975 ns, Reaching safepoint: 20381 ns, Cleanup: 12396 ns, At safepoint: 8020 ns, Total: 40797 ns
[2025-03-03T16:01:02.003+0000][7][safepoint   ] Safepoint "Cleanup", Time since last: 5006150118 ns, Reaching safepoint: 62553 ns, Cleanup: 14078 ns, At safepoint: 7910 ns, Total: 84541 ns
[2025-03-03T16:01:07.006+0000][7][safepoint   ] Safepoint "Cleanup", Time since last: 5003768314 ns, Reaching safepoint: 26764 ns, Cleanup: 19373 ns, At safepoint: 10067 ns, Total: 56204 ns
[2025-03-03T16:01:08.008+0000][7][safepoint   ] Safepoint "Cleanup", Time since last: 1001088130 ns, Reaching safepoint: 25470 ns, Cleanup: 11230 ns, At safepoint: 25613 ns, Total: 62313 ns
[2025-03-03T16:01:12.011+0000][7][safepoint   ] Safepoint "Cleanup", Time since last: 4003787392 ns, Reaching safepoint: 20256 ns, Cleanup: 12234 ns, At safepoint: 8190 ns, Total: 40680 ns
[2025-03-03T16:01:13.012+0000][7][safepoint   ] Safepoint "Cleanup", Time since last: 1000974102 ns, Reaching safepoint: 19174 ns, Cleanup: 11463 ns, At safepoint: 9869 ns, Total: 40506 ns
[2025-03-03T16:01:19.020+0000][7][safepoint   ] Safepoint "Cleanup", Time since last: 6005914920 ns, Reaching safepoint: 1038264 ns, Cleanup: 11037 ns, At safepoint: 83510 ns, Total: 1132811 ns
[2025-03-03T16:01:20.021+0000][7][safepoint   ] Safepoint "Cleanup", Time since last: 1000983185 ns, Reaching safepoint: 29726 ns, Cleanup: 17837 ns, At safepoint: 10121 ns, Total: 57684 ns
[2025-03-03T16:01:21.022+0000][7][safepoint   ] Safepoint "Cleanup", Time since last: 1001045473 ns, Reaching safepoint: 44584 ns, Cleanup: 24737 ns, At safepoint: 17467 ns, Total: 86788 ns
[2025-03-03T16:01:22.023+0000][7][safepoint   ] Safepoint "Cleanup", Time since last: 1000868579 ns, Reaching safepoint: 26946 ns, Cleanup: 17382 ns, At safepoint: 11342 ns, Total: 55670 ns
[2025-03-03T16:01:25.040+0000][7][safepoint   ] Safepoint "Cleanup", Time since last: 3016799383 ns, Reaching safepoint: 22931 ns, Cleanup: 15327 ns, At safepoint: 7240 ns, Total: 45498 ns
[2025-03-03T16:01:27.042+0000][7][safepoint   ] Safepoint "Cleanup", Time since last: 2001936488 ns, Reaching safepoint: 20679 ns, Cleanup: 16118 ns, At safepoint: 9439 ns, Total: 46236 ns
[2025-03-03T16:01:28.043+0000][7][safepoint   ] Safepoint "Cleanup", Time since last: 1001082820 ns, Reaching safepoint: 26720 ns, Cleanup: 13568 ns, At safepoint: 9180 ns, Total: 49468 ns
[2025-03-03T16:01:29.044+0000][7][safepoint   ] Safepoint "Cleanup", Time since last: 1000792581 ns, Reaching safepoint: 19719 ns, Cleanup: 15327 ns, At safepoint: 6426 ns, Total: 41472 ns
[2025-03-03T16:01:38.053+0000][7][safepoint   ] Safepoint "Cleanup", Time since last: 9009143341 ns, Reaching safepoint: 26209 ns, Cleanup: 21146 ns, At safepoint: 12666 ns, Total: 60021 ns
[2025-03-03T16:01:44.059+0000][7][safepoint   ] Safepoint "Cleanup", Time since last: 6005823544 ns, Reaching safepoint: 89077 ns, Cleanup: 38749 ns, At safepoint: 35073 ns, Total: 162899 ns
[2025-03-03T16:01:52.070+0000][7][safepoint   ] Safepoint "Cleanup", Time since last: 8009859775 ns, Reaching safepoint: 48043 ns, Cleanup: 14881 ns, At safepoint: 8318 ns, Total: 71242 ns
[2025-03-03T16:01:54.072+0000][7][safepoint   ] Safepoint "Cleanup", Time since last: 2001922914 ns, Reaching safepoint: 19030 ns, Cleanup: 9779 ns, At safepoint: 5548 ns, Total: 34357 ns
[2025-03-03T16:01:56.075+0000][7][safepoint   ] Safepoint "Cleanup", Time since last: 2001994735 ns, Reaching safepoint: 962307 ns, Cleanup: 19724 ns, At safepoint: 72124 ns, Total: 1054155 ns
[2025-03-03T16:02:01.245+0000][7][safepoint   ] Safepoint "Cleanup", Time since last: 5169849164 ns, Reaching safepoint: 19291 ns, Cleanup: 12600 ns, At safepoint: 7097 ns, Total: 38988 ns
[2025-03-03T16:02:02.246+0000][7][safepoint   ] Safepoint "Cleanup", Time since last: 1001059700 ns, Reaching safepoint: 19601 ns, Cleanup: 10573 ns, At safepoint: 7261 ns, Total: 37435 ns
[2025-03-03T16:02:07.251+0000][7][safepoint   ] Safepoint "Cleanup", Time since last: 5004103862 ns, Reaching safepoint: 955314 ns, Cleanup: 18004 ns, At safepoint: 72466 ns, Total: 1045784 ns
[2025-03-03T16:02:19.264+0000][7][safepoint   ] Safepoint "Cleanup", Time since last: 12011919107 ns, Reaching safepoint: 21947 ns, Cleanup: 11888 ns, At safepoint: 9303 ns, Total: 43138 ns
[2025-03-03T16:02:20.264+0000][7][safepoint   ] Safepoint "Cleanup", Time since last: 1000880104 ns, Reaching safepoint: 18568 ns, Cleanup: 10440 ns, At safepoint: 6836 ns, Total: 35844 ns
[2025-03-03T16:02:22.266+0000][7][safepoint   ] Safepoint "Cleanup", Time since last: 2001827823 ns, Reaching safepoint: 19974 ns, Cleanup: 10636 ns, At safepoint: 7625 ns, Total: 38235 ns
[2025-03-03T16:02:31.276+0000][7][safepoint   ] Safepoint "Cleanup", Time since last: 9010015770 ns, Reaching safepoint: 20856 ns, Cleanup: 17945 ns, At safepoint: 7040 ns, Total: 45841 ns
[2025-03-03T16:02:32.279+0000][7][safepoint   ] Safepoint "Cleanup", Time since last: 1002086333 ns, Reaching safepoint: 19621 ns, Cleanup: 10721 ns, At safepoint: 7421 ns, Total: 37763 ns
[2025-03-03T16:02:44.291+0000][7][safepoint   ] Safepoint "Cleanup", Time since last: 12011995897 ns, Reaching safepoint: 54899 ns, Cleanup: 27684 ns, At safepoint: 16407 ns, Total: 98990 ns
[2025-03-03T16:02:49.297+0000][7][safepoint   ] Safepoint "Cleanup", Time since last: 5005897606 ns, Reaching safepoint: 61990 ns, Cleanup: 13732 ns, At safepoint: 8733 ns, Total: 84455 ns
[2025-03-03T16:02:52.300+0000][7][safepoint   ] Safepoint "Cleanup", Time since last: 3002894468 ns, Reaching safepoint: 21804 ns, Cleanup: 13095 ns, At safepoint: 8103 ns, Total: 43002 ns
[2025-03-03T16:03:01.498+0000][7][safepoint   ] Safepoint "Cleanup", Time since last: 9197037496 ns, Reaching safepoint: 75150 ns, Cleanup: 23466 ns, At safepoint: 15130 ns, Total: 113746 ns
[2025-03-03T16:03:02.501+0000][7][safepoint   ] Safepoint "Cleanup", Time since last: 1003080157 ns, Reaching safepoint: 81186 ns, Cleanup: 44399 ns, At safepoint: 37234 ns, Total: 162819 ns
[2025-03-03T16:03:07.506+0000][7][safepoint   ] Safepoint "Cleanup", Time since last: 5005348435 ns, Reaching safepoint: 17467 ns, Cleanup: 9206 ns, At safepoint: 6806 ns, Total: 33479 ns
[2025-03-03T16:03:13.512+0000][7][safepoint   ] Safepoint "Cleanup", Time since last: 6006026836 ns, Reaching safepoint: 24115 ns, Cleanup: 12827 ns, At safepoint: 8642 ns, Total: 45584 ns
[2025-03-03T16:03:20.520+0000][7][safepoint   ] Safepoint "Cleanup", Time since last: 7007074707 ns, Reaching safepoint: 31709 ns, Cleanup: 22678 ns, At safepoint: 11372 ns, Total: 65759 ns
[2025-03-03T16:03:28.528+0000][7][safepoint   ] Safepoint "Cleanup", Time since last: 8007956800 ns, Reaching safepoint: 45910 ns, Cleanup: 18137 ns, At safepoint: 15432 ns, Total: 79479 ns
[2025-03-03T16:03:29.529+0000][7][safepoint   ] Safepoint "Cleanup", Time since last: 1001075828 ns, Reaching safepoint: 55002 ns, Cleanup: 63765 ns, At safepoint: 42734 ns, Total: 161501 ns
[2025-03-03T16:03:31.532+0000][7][safepoint   ] Safepoint "Cleanup", Time since last: 2002725921 ns, Reaching safepoint: 23082 ns, Cleanup: 13110 ns, At safepoint: 8833 ns, Total: 45025 ns
[2025-03-03T16:03:34.535+0000][7][safepoint   ] Safepoint "Cleanup", Time since last: 3003048733 ns, Reaching safepoint: 29299 ns, Cleanup: 39338 ns, At safepoint: 22067 ns, Total: 90704 ns
[2025-03-03T16:03:35.536+0000][7][safepoint   ] Safepoint "Cleanup", Time since last: 1000777325 ns, Reaching safepoint: 21730 ns, Cleanup: 11678 ns, At safepoint: 7222 ns, Total: 40630 ns
[2025-03-03T16:03:36.537+0000][7][safepoint   ] Safepoint "Cleanup", Time since last: 1000917530 ns, Reaching safepoint: 19209 ns, Cleanup: 11570 ns, At safepoint: 8035 ns, Total: 38814 ns
[2025-03-03T16:03:37.538+0000][7][safepoint   ] Safepoint "Cleanup", Time since last: 1000936722 ns, Reaching safepoint: 20280 ns, Cleanup: 12045 ns, At safepoint: 6504 ns, Total: 38829 ns
[2025-03-03T16:03:43.545+0000][7][safepoint   ] Safepoint "Cleanup", Time since last: 6006335418 ns, Reaching safepoint: 122539 ns, Cleanup: 65329 ns, At safepoint: 47430 ns, Total: 235298 ns
[2025-03-03T16:03:44.546+0000][7][safepoint   ] Safepoint "Cleanup", Time since last: 1001481847 ns, Reaching safepoint: 31626 ns, Cleanup: 16482 ns, At safepoint: 13613 ns, Total: 61721 ns
[2025-03-03T16:03:55.563+0000][7][safepoint   ] Safepoint "Cleanup", Time since last: 11015947496 ns, Reaching safepoint: 97576 ns, Cleanup: 18270 ns, At safepoint: 35402 ns, Total: 151248 ns
[2025-03-03T16:04:00.525+0000][7][safepoint   ] Safepoint "Cleanup", Time since last: 4961722763 ns, Reaching safepoint: 19899 ns, Cleanup: 12566 ns, At safepoint: 7428 ns, Total: 39893 ns
[2025-03-03T16:04:07.024+0000][7][gc,start    ] GC(15) Pause Young (Normal) (G1 Evacuation Pause)
[2025-03-03T16:04:07.024+0000][7][gc,task     ] GC(15) Using 13 workers of 13 for evacuation
[2025-03-03T16:04:07.024+0000][7][gc,age      ] GC(15) Desired survivor size 81788928 bytes, new threshold 15 (max threshold 15)
[2025-03-03T16:04:07.055+0000][7][gc,phases   ] GC(15)   Pre Evacuate Collection Set: 0.59ms
[2025-03-03T16:04:07.055+0000][7][gc,phases   ] GC(15)   Merge Heap Roots: 0.42ms
[2025-03-03T16:04:07.055+0000][7][gc,phases   ] GC(15)   Evacuate Collection Set: 25.63ms
[2025-03-03T16:04:07.055+0000][7][gc,phases   ] GC(15)   Post Evacuate Collection Set: 3.72ms
[2025-03-03T16:04:07.055+0000][7][gc,phases   ] GC(15)   Other: 0.35ms
[2025-03-03T16:04:07.056+0000][7][gc,age      ] GC(15) Age table with threshold 15 (max threshold 15)
[2025-03-03T16:04:07.056+0000][7][gc,age      ] GC(15) - age   1:    1470928 bytes,    1470928 total
[2025-03-03T16:04:07.056+0000][7][gc,age      ] GC(15) - age   2:     400568 bytes,    1871496 total
[2025-03-03T16:04:07.056+0000][7][gc,age      ] GC(15) - age   3:    1479104 bytes,    3350600 total
[2025-03-03T16:04:07.056+0000][7][gc,age      ] GC(15) - age   4:   64521280 bytes,   67871880 total
[2025-03-03T16:04:07.056+0000][7][gc,heap     ] GC(15) Eden regions: 289->0(289)
[2025-03-03T16:04:07.056+0000][7][gc,heap     ] GC(15) Survivor regions: 18->18(39)
[2025-03-03T16:04:07.056+0000][7][gc,heap     ] GC(15) Old regions: 15->15
[2025-03-03T16:04:07.056+0000][7][gc,heap     ] GC(15) Humongous regions: 2->2
[2025-03-03T16:04:07.057+0000][7][gc,metaspace] GC(15) Metaspace: 107761K(110592K)->107761K(110592K) NonClass: 92915K(94528K)->92915K(94528K) Class: 14846K(16064K)->14846K(16064K)
[2025-03-03T16:04:07.057+0000][7][gc          ] GC(15) Pause Young (Normal) (G1 Evacuation Pause) 1292M->138M(2048M) 33.082ms
[2025-03-03T16:04:07.057+0000][7][gc,cpu      ] GC(15) User=0.34s Sys=0.00s Real=0.03s
[2025-03-03T16:04:07.057+0000][7][safepoint   ] Safepoint "G1CollectForAllocation", Time since last: 6498963311 ns, Reaching safepoint: 27341 ns, Cleanup: 4867 ns, At safepoint: 33419538 ns, Total: 33451746 ns
[2025-03-03T16:04:08.058+0000][7][safepoint   ] Safepoint "Cleanup", Time since last: 1000466452 ns, Reaching safepoint: 19849 ns, Cleanup: 13867 ns, At safepoint: 7031 ns, Total: 40747 ns
[2025-03-03T16:04:34.084+0000][7][safepoint   ] Safepoint "Cleanup", Time since last: 26026087335 ns, Reaching safepoint: 43170 ns, Cleanup: 37940 ns, At safepoint: 11221 ns, Total: 92331 ns
[2025-03-03T16:04:44.095+0000][7][safepoint   ] Safepoint "Cleanup", Time since last: 10011157440 ns, Reaching safepoint: 22889 ns, Cleanup: 12629 ns, At safepoint: 8179 ns, Total: 43697 ns
[2025-03-03T16:04:50.102+0000][7][safepoint   ] Safepoint "Cleanup", Time since last: 6005679870 ns, Reaching safepoint: 103893 ns, Cleanup: 13463 ns, At safepoint: 31292 ns, Total: 148648 ns
[2025-03-03T16:04:55.108+0000][7][safepoint   ] Safepoint "Cleanup", Time since last: 5005824466 ns, Reaching safepoint: 19711 ns, Cleanup: 11390 ns, At safepoint: 7873 ns, Total: 38974 ns
[2025-03-03T16:04:56.109+0000][7][safepoint   ] Safepoint "Cleanup", Time since last: 1000866945 ns, Reaching safepoint: 22382 ns, Cleanup: 20237 ns, At safepoint: 6509 ns, Total: 49128 ns
[2025-03-03T16:05:01.776+0000][7][safepoint   ] Safepoint "Cleanup", Time since last: 5666977347 ns, Reaching safepoint: 63907 ns, Cleanup: 28793 ns, At safepoint: 6791 ns, Total: 99491 ns
[2025-03-03T16:05:41.819+0000][7][safepoint   ] Safepoint "Cleanup", Time since last: 40042029850 ns, Reaching safepoint: 22527 ns, Cleanup: 12080 ns, At safepoint: 9102 ns, Total: 43709 ns
[2025-03-03T16:05:49.828+0000][7][safepoint   ] Safepoint "Cleanup", Time since last: 8008819577 ns, Reaching safepoint: 24628 ns, Cleanup: 11355 ns, At safepoint: 7590 ns, Total: 43573 ns
[2025-03-03T16:05:52.832+0000][7][safepoint   ] Safepoint "Cleanup", Time since last: 3003075013 ns, Reaching safepoint: 66437 ns, Cleanup: 11889 ns, At safepoint: 9261 ns, Total: 87587 ns
[2025-03-03T16:05:55.835+0000][7][safepoint   ] Safepoint "Cleanup", Time since last: 3003065192 ns, Reaching safepoint: 39144 ns, Cleanup: 21838 ns, At safepoint: 12363 ns, Total: 73345 ns
[2025-03-03T16:06:03.808+0000][7][safepoint   ] Safepoint "Cleanup", Time since last: 7973712627 ns, Reaching safepoint: 20251 ns, Cleanup: 11151 ns, At safepoint: 8228 ns, Total: 39630 ns
[2025-03-03T16:06:04.811+0000][7][safepoint   ] Safepoint "Cleanup", Time since last: 1002031184 ns, Reaching safepoint: 68185 ns, Cleanup: 12593 ns, At safepoint: 104797 ns, Total: 185575 ns
[2025-03-03T16:06:07.814+0000][7][safepoint   ] Safepoint "Cleanup", Time since last: 3002804604 ns, Reaching safepoint: 45144 ns, Cleanup: 14466 ns, At safepoint: 30967 ns, Total: 90577 ns
[2025-03-03T16:06:08.814+0000][7][safepoint   ] Safepoint "Cleanup", Time since last: 1000836563 ns, Reaching safepoint: 35447 ns, Cleanup: 10079 ns, At safepoint: 27703 ns, Total: 73229 ns
[2025-03-03T16:06:12.819+0000][7][safepoint   ] Safepoint "Cleanup", Time since last: 4003943922 ns, Reaching safepoint: 956496 ns, Cleanup: 13087 ns, At safepoint: 58689 ns, Total: 1028272 ns
[2025-03-03T16:06:16.824+0000][7][safepoint   ] Safepoint "Cleanup", Time since last: 4004025221 ns, Reaching safepoint: 18321 ns, Cleanup: 12086 ns, At safepoint: 6153 ns, Total: 36560 ns
[2025-03-03T16:06:19.822+0000][7][safepoint   ] Safepoint "Cleanup", Time since last: 3003002876 ns, Reaching safepoint: 63911 ns, Cleanup: 13768 ns, At safepoint: 75399 ns, Total: 153078 ns
[2025-03-03T16:06:21.824+0000][7][safepoint   ] Safepoint "Cleanup", Time since last: 2001893017 ns, Reaching safepoint: 52168 ns, Cleanup: 11931 ns, At safepoint: 34694 ns, Total: 98793 ns
[2025-03-03T16:06:22.826+0000][7][safepoint   ] Safepoint "Cleanup", Time since last: 1001868218 ns, Reaching safepoint: 27432 ns, Cleanup: 14113 ns, At safepoint: 11317 ns, Total: 52862 ns
[2025-03-03T16:06:31.840+0000][7][safepoint   ] Safepoint "Cleanup", Time since last: 9013095713 ns, Reaching safepoint: 797541 ns, Cleanup: 11743 ns, At safepoint: 54466 ns, Total: 863750 ns
[2025-03-03T16:06:34.844+0000][7][safepoint   ] Safepoint "Cleanup", Time since last: 3004098098 ns, Reaching safepoint: 67904 ns, Cleanup: 44020 ns, At safepoint: 23697 ns, Total: 135621 ns
[2025-03-03T16:06:37.849+0000][7][safepoint   ] Safepoint "Cleanup", Time since last: 3003828591 ns, Reaching safepoint: 758861 ns, Cleanup: 52553 ns, At safepoint: 109017 ns, Total: 920431 ns
[2025-03-03T16:06:51.861+0000][7][safepoint   ] Safepoint "Cleanup", Time since last: 14013990996 ns, Reaching safepoint: 21388 ns, Cleanup: 12654 ns, At safepoint: 7808 ns, Total: 41850 ns
[2025-03-03T16:06:55.865+0000][7][safepoint   ] Safepoint "Cleanup", Time since last: 4003933995 ns, Reaching safepoint: 189788 ns, Cleanup: 42400 ns, At safepoint: 12386 ns, Total: 244574 ns
[2025-03-03T16:06:57.807+0000][7][safepoint   ] Safepoint "Cleanup", Time since last: 1941770079 ns, Reaching safepoint: 29798 ns, Cleanup: 14233 ns, At safepoint: 8862 ns, Total: 52893 ns
[2025-03-03T16:07:01.811+0000][7][safepoint   ] Safepoint "Cleanup", Time since last: 4003820772 ns, Reaching safepoint: 25650 ns, Cleanup: 18800 ns, At safepoint: 12001 ns, Total: 56451 ns
[2025-03-03T16:07:07.817+0000][7][safepoint   ] Safepoint "Cleanup", Time since last: 6006056125 ns, Reaching safepoint: 21303 ns, Cleanup: 11577 ns, At safepoint: 8433 ns, Total: 41313 ns
[2025-03-03T16:07:13.823+0000][7][safepoint   ] Safepoint "Cleanup", Time since last: 6005909398 ns, Reaching safepoint: 31174 ns, Cleanup: 17593 ns, At safepoint: 38212 ns, Total: 86979 ns
[2025-03-03T16:07:26.926+0000][7][safepoint   ] Safepoint "Cleanup", Time since last: 13012889669 ns, Reaching safepoint: 22292 ns, Cleanup: 21679 ns, At safepoint: 7868 ns, Total: 51839 ns
[2025-03-03T16:07:33.934+0000][7][safepoint   ] Safepoint "Cleanup", Time since last: 7007948445 ns, Reaching safepoint: 24049 ns, Cleanup: 23155 ns, At safepoint: 9469 ns, Total: 56673 ns
[2025-03-03T16:07:37.938+0000][7][safepoint   ] Safepoint "Cleanup", Time since last: 4003980909 ns, Reaching safepoint: 40664 ns, Cleanup: 18219 ns, At safepoint: 14731 ns, Total: 73614 ns
[2025-03-03T16:07:43.943+0000][7][safepoint   ] Safepoint "Cleanup", Time since last: 6005008902 ns, Reaching safepoint: 28110 ns, Cleanup: 16607 ns, At safepoint: 13376 ns, Total: 58093 ns
[2025-03-03T16:07:46.946+0000][7][safepoint   ] Safepoint "Cleanup", Time since last: 3002803989 ns, Reaching safepoint: 30915 ns, Cleanup: 21445 ns, At safepoint: 12706 ns, Total: 65066 ns
[2025-03-03T16:07:49.950+0000][7][safepoint   ] Safepoint "Cleanup", Time since last: 3003036129 ns, Reaching safepoint: 23880 ns, Cleanup: 15387 ns, At safepoint: 8884 ns, Total: 48151 ns
[2025-03-03T16:07:52.953+0000][7][safepoint   ] Safepoint "Cleanup", Time since last: 3002822966 ns, Reaching safepoint: 18288 ns, Cleanup: 13232 ns, At safepoint: 7678 ns, Total: 39198 ns
[2025-03-03T16:07:56.957+0000][7][safepoint   ] Safepoint "Cleanup", Time since last: 4004212550 ns, Reaching safepoint: 39858 ns, Cleanup: 11260 ns, At safepoint: 6583 ns, Total: 57701 ns
[2025-03-03T16:08:02.137+0000][7][safepoint   ] Safepoint "Cleanup", Time since last: 5179813416 ns, Reaching safepoint: 36905 ns, Cleanup: 12686 ns, At safepoint: 7416 ns, Total: 57007 ns
[2025-03-03T16:08:14.148+0000][7][safepoint   ] Safepoint "Cleanup", Time since last: 12010852592 ns, Reaching safepoint: 96619 ns, Cleanup: 47076 ns, At safepoint: 49604 ns, Total: 193299 ns
[2025-03-03T16:08:26.160+0000][7][safepoint   ] Safepoint "Cleanup", Time since last: 12010823645 ns, Reaching safepoint: 51248 ns, Cleanup: 12382 ns, At safepoint: 42170 ns, Total: 105800 ns
[2025-03-03T16:08:30.164+0000][7][safepoint   ] Safepoint "Cleanup", Time since last: 4003984871 ns, Reaching safepoint: 25306 ns, Cleanup: 23415 ns, At safepoint: 13310 ns, Total: 62031 ns
[2025-03-03T16:08:31.165+0000][7][safepoint   ] Safepoint "Cleanup", Time since last: 1000803827 ns, Reaching safepoint: 18486 ns, Cleanup: 10434 ns, At safepoint: 7493 ns, Total: 36413 ns
[2025-03-03T16:08:38.171+0000][7][safepoint   ] Safepoint "Cleanup", Time since last: 7005970315 ns, Reaching safepoint: 19774 ns, Cleanup: 10833 ns, At safepoint: 7779 ns, Total: 38386 ns
[2025-03-03T16:08:40.173+0000][7][safepoint   ] Safepoint "Cleanup", Time since last: 2002140207 ns, Reaching safepoint: 20547 ns, Cleanup: 11067 ns, At safepoint: 7746 ns, Total: 39360 ns
[2025-03-03T16:08:44.177+0000][7][safepoint   ] Safepoint "Cleanup", Time since last: 4003796257 ns, Reaching safepoint: 21358 ns, Cleanup: 12757 ns, At safepoint: 9612 ns, Total: 43727 ns
[2025-03-03T16:08:49.183+0000][7][safepoint   ] Safepoint "Cleanup", Time since last: 5004942645 ns, Reaching safepoint: 34318 ns, Cleanup: 17582 ns, At safepoint: 8877 ns, Total: 60777 ns
[2025-03-03T16:08:55.189+0000][7][safepoint   ] Safepoint "Cleanup", Time since last: 6006003017 ns, Reaching safepoint: 39469 ns, Cleanup: 12551 ns, At safepoint: 10466 ns, Total: 62486 ns
[2025-03-03T16:09:01.375+0000][7][safepoint   ] Safepoint "Cleanup", Time since last: 6185920828 ns, Reaching safepoint: 21211 ns, Cleanup: 13032 ns, At safepoint: 34105 ns, Total: 68348 ns
[2025-03-03T16:09:14.388+0000][7][safepoint   ] Safepoint "Cleanup", Time since last: 13013103961 ns, Reaching safepoint: 21008 ns, Cleanup: 11869 ns, At safepoint: 7876 ns, Total: 40753 ns
[2025-03-03T16:09:22.398+0000][7][safepoint   ] Safepoint "Cleanup", Time since last: 8008849179 ns, Reaching safepoint: 20177 ns, Cleanup: 12309 ns, At safepoint: 7503 ns, Total: 39989 ns
[2025-03-03T16:09:25.401+0000][7][safepoint   ] Safepoint "Cleanup", Time since last: 3002998511 ns, Reaching safepoint: 21004 ns, Cleanup: 15513 ns, At safepoint: 8606 ns, Total: 45123 ns
[2025-03-03T16:09:26.402+0000][7][safepoint   ] Safepoint "Cleanup", Time since last: 1001047715 ns, Reaching safepoint: 54850 ns, Cleanup: 27960 ns, At safepoint: 13996 ns, Total: 96806 ns
[2025-03-03T16:09:27.404+0000][7][safepoint   ] Safepoint "Cleanup", Time since last: 1001615049 ns, Reaching safepoint: 19230 ns, Cleanup: 11342 ns, At safepoint: 8146 ns, Total: 38718 ns
[2025-03-03T16:09:31.408+0000][7][safepoint   ] Safepoint "Cleanup", Time since last: 4004142327 ns, Reaching safepoint: 20221 ns, Cleanup: 12679 ns, At safepoint: 8980 ns, Total: 41880 ns
[2025-03-03T16:09:32.409+0000][7][safepoint   ] Safepoint "Cleanup", Time since last: 1000788027 ns, Reaching safepoint: 27712 ns, Cleanup: 16258 ns, At safepoint: 10412 ns, Total: 54382 ns
[2025-03-03T16:09:44.420+0000][7][safepoint   ] Safepoint "Cleanup", Time since last: 12011229331 ns, Reaching safepoint: 21671 ns, Cleanup: 10762 ns, At safepoint: 7712 ns, Total: 40145 ns
[2025-03-03T16:09:50.427+0000][7][safepoint   ] Safepoint "Cleanup", Time since last: 6005775855 ns, Reaching safepoint: 19353 ns, Cleanup: 12517 ns, At safepoint: 6371 ns, Total: 38241 ns
[2025-03-03T16:09:52.429+0000][7][safepoint   ] Safepoint "Cleanup", Time since last: 2002026528 ns, Reaching safepoint: 22226 ns, Cleanup: 12076 ns, At safepoint: 7714 ns, Total: 42016 ns
[2025-03-03T16:09:55.432+0000][7][safepoint   ] Safepoint "Cleanup", Time since last: 3002980709 ns, Reaching safepoint: 21736 ns, Cleanup: 18110 ns, At safepoint: 7604 ns, Total: 47450 ns
[2025-03-03T16:10:08.618+0000][7][safepoint   ] Safepoint "Cleanup", Time since last: 13185851201 ns, Reaching safepoint: 21314 ns, Cleanup: 12073 ns, At safepoint: 7986 ns, Total: 41373 ns
[2025-03-03T16:10:14.624+0000][7][safepoint   ] Safepoint "Cleanup", Time since last: 6005992863 ns, Reaching safepoint: 38934 ns, Cleanup: 11511 ns, At safepoint: 7263 ns, Total: 57708 ns
[2025-03-03T16:10:19.629+0000][7][safepoint   ] Safepoint "Cleanup", Time since last: 5004900425 ns, Reaching safepoint: 20243 ns, Cleanup: 15627 ns, At safepoint: 6629 ns, Total: 42499 ns
[2025-03-03T16:10:25.636+0000][7][safepoint   ] Safepoint "Cleanup", Time since last: 6006036923 ns, Reaching safepoint: 53120 ns, Cleanup: 25524 ns, At safepoint: 12765 ns, Total: 91409 ns
[2025-03-03T16:10:33.675+0000][7][safepoint   ] Safepoint "Cleanup", Time since last: 8038783310 ns, Reaching safepoint: 961463 ns, Cleanup: 26742 ns, At safepoint: 56749 ns, Total: 1044954 ns
[2025-03-03T16:10:37.681+0000][7][safepoint   ] Safepoint "Cleanup", Time since last: 4005062693 ns, Reaching safepoint: 16878 ns, Cleanup: 10630 ns, At safepoint: 6919 ns, Total: 34427 ns
[2025-03-03T16:10:43.686+0000][7][safepoint   ] Safepoint "Cleanup", Time since last: 6005877016 ns, Reaching safepoint: 40194 ns, Cleanup: 15778 ns, At safepoint: 9819 ns, Total: 65791 ns
[2025-03-03T16:10:55.698+0000][7][safepoint   ] Safepoint "Cleanup", Time since last: 12010847789 ns, Reaching safepoint: 17759 ns, Cleanup: 12264 ns, At safepoint: 30043 ns, Total: 60066 ns
[2025-03-03T16:10:56.060+0000][7][gc,start    ] GC(16) Pause Young (Normal) (G1 Evacuation Pause)
[2025-03-03T16:10:56.060+0000][7][gc,task     ] GC(16) Using 13 workers of 13 for evacuation
[2025-03-03T16:10:56.060+0000][7][gc,age      ] GC(16) Desired survivor size 81788928 bytes, new threshold 15 (max threshold 15)
[2025-03-03T16:10:56.086+0000][7][gc,phases   ] GC(16)   Pre Evacuate Collection Set: 0.59ms
[2025-03-03T16:10:56.086+0000][7][gc,phases   ] GC(16)   Merge Heap Roots: 0.55ms
[2025-03-03T16:10:56.086+0000][7][gc,phases   ] GC(16)   Evacuate Collection Set: 19.92ms
[2025-03-03T16:10:56.087+0000][7][gc,phases   ] GC(16)   Post Evacuate Collection Set: 4.40ms
[2025-03-03T16:10:56.087+0000][7][gc,phases   ] GC(16)   Other: 0.37ms
[2025-03-03T16:10:56.087+0000][7][gc,age      ] GC(16) Age table with threshold 15 (max threshold 15)
[2025-03-03T16:10:56.087+0000][7][gc,age      ] GC(16) - age   1:    1411448 bytes,    1411448 total
[2025-03-03T16:10:56.087+0000][7][gc,age      ] GC(16) - age   2:     215992 bytes,    1627440 total
[2025-03-03T16:10:56.088+0000][7][gc,age      ] GC(16) - age   3:     380680 bytes,    2008120 total
[2025-03-03T16:10:56.088+0000][7][gc,age      ] GC(16) - age   4:    1478072 bytes,    3486192 total
[2025-03-03T16:10:56.088+0000][7][gc,age      ] GC(16) - age   5:   64519944 bytes,   68006136 total
[2025-03-03T16:10:56.088+0000][7][gc,heap     ] GC(16) Eden regions: 289->0(289)
[2025-03-03T16:10:56.088+0000][7][gc,heap     ] GC(16) Survivor regions: 18->18(39)
[2025-03-03T16:10:56.089+0000][7][gc,heap     ] GC(16) Old regions: 15->15
[2025-03-03T16:10:56.089+0000][7][gc,heap     ] GC(16) Humongous regions: 2->2
[2025-03-03T16:10:56.089+0000][7][gc,metaspace] GC(16) Metaspace: 108149K(111040K)->108149K(111040K) NonClass: 93287K(94912K)->93287K(94912K) Class: 14862K(16128K)->14862K(16128K)
[2025-03-03T16:10:56.089+0000][7][gc          ] GC(16) Pause Young (Normal) (G1 Evacuation Pause) 1294M->138M(2048M) 29.403ms
[2025-03-03T16:10:56.090+0000][7][gc,cpu      ] GC(16) User=0.22s Sys=0.02s Real=0.03s
[2025-03-03T16:10:56.090+0000][7][safepoint   ] Safepoint "G1CollectForAllocation", Time since last: 361771103 ns, Reaching safepoint: 17659 ns, Cleanup: 4072 ns, At safepoint: 30513988 ns, Total: 30535719 ns
[2025-03-03T16:11:02.848+0000][7][safepoint   ] Safepoint "Cleanup", Time since last: 6757938834 ns, Reaching safepoint: 52189 ns, Cleanup: 12068 ns, At safepoint: 6949 ns, Total: 71206 ns
[2025-03-03T16:11:20.866+0000][7][safepoint   ] Safepoint "Cleanup", Time since last: 18016883243 ns, Reaching safepoint: 28483 ns, Cleanup: 16442 ns, At safepoint: 10457 ns, Total: 55382 ns
[2025-03-03T16:11:24.871+0000][7][safepoint   ] Safepoint "Cleanup", Time since last: 4004769141 ns, Reaching safepoint: 26729 ns, Cleanup: 14138 ns, At safepoint: 8693 ns, Total: 49560 ns
[2025-03-03T16:11:25.872+0000][7][safepoint   ] Safepoint "Cleanup", Time since last: 1001014364 ns, Reaching safepoint: 32488 ns, Cleanup: 16412 ns, At safepoint: 9750 ns, Total: 58650 ns
[2025-03-03T16:11:31.878+0000][7][safepoint   ] Safepoint "Cleanup", Time since last: 6005902599 ns, Reaching safepoint: 19965 ns, Cleanup: 10739 ns, At safepoint: 7266 ns, Total: 37970 ns
[2025-03-03T16:11:33.880+0000][7][safepoint   ] Safepoint "Cleanup", Time since last: 2002056630 ns, Reaching safepoint: 41681 ns, Cleanup: 22328 ns, At safepoint: 16612 ns, Total: 80621 ns
[2025-03-03T16:11:38.885+0000][7][safepoint   ] Safepoint "Cleanup", Time since last: 5004905236 ns, Reaching safepoint: 25849 ns, Cleanup: 18749 ns, At safepoint: 9242 ns, Total: 53840 ns
[2025-03-03T16:11:49.914+0000][7][safepoint   ] Safepoint "Cleanup", Time since last: 11026960982 ns, Reaching safepoint: 21440 ns, Cleanup: 11677 ns, At safepoint: 8571 ns, Total: 41688 ns
[2025-03-03T16:11:50.915+0000][7][safepoint   ] Safepoint "Cleanup", Time since last: 1000885063 ns, Reaching safepoint: 22637 ns, Cleanup: 13656 ns, At safepoint: 10109 ns, Total: 46402 ns
[2025-03-03T16:11:55.920+0000][7][safepoint   ] Safepoint "Cleanup", Time since last: 5004977803 ns, Reaching safepoint: 22540 ns, Cleanup: 20556 ns, At safepoint: 7508 ns, Total: 50604 ns
[2025-03-03T16:11:56.920+0000][7][safepoint   ] Safepoint "Cleanup", Time since last: 1000867793 ns, Reaching safepoint: 20436 ns, Cleanup: 16793 ns, At safepoint: 8859 ns, Total: 46088 ns
[2025-03-03T16:12:08.099+0000][7][safepoint   ] Safepoint "Cleanup", Time since last: 11178944754 ns, Reaching safepoint: 28776 ns, Cleanup: 12886 ns, At safepoint: 8551 ns, Total: 50213 ns
[2025-03-03T16:12:14.107+0000][7][safepoint   ] Safepoint "Cleanup", Time since last: 6007203862 ns, Reaching safepoint: 63918 ns, Cleanup: 50376 ns, At safepoint: 16796 ns, Total: 131090 ns
[2025-03-03T16:12:19.113+0000][7][safepoint   ] Safepoint "Cleanup", Time since last: 5005800949 ns, Reaching safepoint: 25666 ns, Cleanup: 17768 ns, At safepoint: 9156 ns, Total: 52590 ns
[2025-03-03T16:12:32.129+0000][7][safepoint   ] Safepoint "Cleanup", Time since last: 13015811181 ns, Reaching safepoint: 34161 ns, Cleanup: 8853 ns, At safepoint: 6867 ns, Total: 49881 ns
[2025-03-03T16:12:35.135+0000][7][safepoint   ] Safepoint "Cleanup", Time since last: 3005927524 ns, Reaching safepoint: 50018 ns, Cleanup: 59998 ns, At safepoint: 16285 ns, Total: 126301 ns
[2025-03-03T16:12:38.138+0000][7][safepoint   ] Safepoint "Cleanup", Time since last: 3002948267 ns, Reaching safepoint: 22135 ns, Cleanup: 13115 ns, At safepoint: 7480 ns, Total: 42730 ns
[2025-03-03T16:12:44.144+0000][7][safepoint   ] Safepoint "Cleanup", Time since last: 6005970909 ns, Reaching safepoint: 36242 ns, Cleanup: 22761 ns, At safepoint: 15796 ns, Total: 74799 ns
[2025-03-03T16:12:45.145+0000][7][safepoint   ] Safepoint "Cleanup", Time since last: 1000793079 ns, Reaching safepoint: 25272 ns, Cleanup: 14359 ns, At safepoint: 8771 ns, Total: 48402 ns
[2025-03-03T16:12:56.157+0000][7][safepoint   ] Safepoint "Cleanup", Time since last: 11011252378 ns, Reaching safepoint: 87718 ns, Cleanup: 43284 ns, At safepoint: 21973 ns, Total: 152975 ns
[2025-03-03T16:13:01.335+0000][7][safepoint   ] Safepoint "Cleanup", Time since last: 5177565205 ns, Reaching safepoint: 103372 ns, Cleanup: 24879 ns, At safepoint: 14744 ns, Total: 142995 ns
[2025-03-03T16:13:02.337+0000][7][safepoint   ] Safepoint "Cleanup", Time since last: 1001797799 ns, Reaching safepoint: 19590 ns, Cleanup: 13990 ns, At safepoint: 6986 ns, Total: 40566 ns
[2025-03-03T16:13:08.343+0000][7][safepoint   ] Safepoint "Cleanup", Time since last: 6006064388 ns, Reaching safepoint: 29689 ns, Cleanup: 14908 ns, At safepoint: 11408 ns, Total: 56005 ns
[2025-03-03T16:13:14.366+0000][7][safepoint   ] Safepoint "Cleanup", Time since last: 6022583266 ns, Reaching safepoint: 46118 ns, Cleanup: 18654 ns, At safepoint: 10865 ns, Total: 75637 ns
[2025-03-03T16:13:25.378+0000][7][safepoint   ] Safepoint "Cleanup", Time since last: 11011216545 ns, Reaching safepoint: 21354 ns, Cleanup: 11608 ns, At safepoint: 8493 ns, Total: 41455 ns
[2025-03-03T16:13:26.379+0000][7][safepoint   ] Safepoint "Cleanup", Time since last: 1001052420 ns, Reaching safepoint: 34825 ns, Cleanup: 20751 ns, At safepoint: 15573 ns, Total: 71149 ns
[2025-03-03T16:13:31.384+0000][7][safepoint   ] Safepoint "Cleanup", Time since last: 5004892330 ns, Reaching safepoint: 21235 ns, Cleanup: 13940 ns, At safepoint: 7935 ns, Total: 43110 ns
[2025-03-03T16:13:33.386+0000][7][safepoint   ] Safepoint "Cleanup", Time since last: 2001949330 ns, Reaching safepoint: 23770 ns, Cleanup: 14536 ns, At safepoint: 54571 ns, Total: 92877 ns
[2025-03-03T16:13:34.387+0000][7][safepoint   ] Safepoint "Cleanup", Time since last: 1000912970 ns, Reaching safepoint: 52035 ns, Cleanup: 20192 ns, At safepoint: 17723 ns, Total: 89950 ns
[2025-03-03T16:13:39.392+0000][7][safepoint   ] Safepoint "Cleanup", Time since last: 5004913890 ns, Reaching safepoint: 24124 ns, Cleanup: 12757 ns, At safepoint: 8230 ns, Total: 45111 ns
[2025-03-03T16:13:52.406+0000][7][safepoint   ] Safepoint "Cleanup", Time since last: 13013002782 ns, Reaching safepoint: 21965 ns, Cleanup: 12096 ns, At safepoint: 7923 ns, Total: 41984 ns
[2025-03-03T16:13:56.411+0000][7][safepoint   ] Safepoint "Cleanup", Time since last: 4004195856 ns, Reaching safepoint: 35934 ns, Cleanup: 26241 ns, At safepoint: 22061 ns, Total: 84236 ns
[2025-03-03T16:14:01.581+0000][7][safepoint   ] Safepoint "Cleanup", Time since last: 5169848423 ns, Reaching safepoint: 46790 ns, Cleanup: 22033 ns, At safepoint: 45902 ns, Total: 114725 ns
[2025-03-03T16:14:02.257+0000][7][gc,heap,exit] Heap
[2025-03-03T16:14:02.257+0000][7][gc,heap,exit]  garbage-first heap   total reserved 2097152K, committed 2097152K, used 719429K [0x0000000080000000, 0x0000000100000000)
[2025-03-03T16:14:02.258+0000][7][gc,heap,exit]   region size 4096K, 160 young (655360K), 18 survivors (73728K)
[2025-03-03T16:14:02.258+0000][7][gc,heap,exit]  Metaspace       used 108539K, committed 111424K, reserved 1179648K
[2025-03-03T16:14:02.258+0000][7][gc,heap,exit]   class space    used 14911K, committed 16192K, reserved 1048576K
